--------- beginning of main
12-17 17:05:38.941 23310 23344 D DetoxWSClient: Received action 'invoke' (ID #14, params={"target":{"type":"Class","value":"com.wix.detox.espresso.EspressoDetox"},"method":"perform","args":[{"type":"Invocation","value":{"target":{"type":"Class","value":"com.wix.detox.espresso.DetoxMatcher"},"method":"matcherForTestId","args":["details-tab",{"type":"boolean","value":false}]}},{"type":"Invocation","value":{"target":{"type":"Class","value":"com.wix.detox.espresso.DetoxViewActions"},"method":"click","args":[]}}]})
12-17 17:05:38.943 23310 23340 I DetoxDispatcher: Handling action 'invoke' (ID #14)...
12-17 17:05:38.943 23310 23340 D Detox   : class com.wix.detox.espresso.DetoxMatcher, matcherForTestId, [details-tab, false]
12-17 17:05:38.945 23310 23340 D Detox   : class com.wix.detox.espresso.DetoxViewActions, click, []
12-17 17:05:38.946 23310 23340 D Detox   : class com.wix.detox.espresso.EspressoDetox, perform, [(view.getTag() is "details-tab" and view has effective visibility <VISIBLE>), com.wix.detox.espresso.action.RNClickAction@c03d70]
12-17 17:05:38.989 23310 23310 I ViewInteraction: Performing 'com.wix.detox.espresso.action.detoxsingletap@93278e9 click' action on view (view.getTag() is "details-tab" and view has effective visibility <VISIBLE>)
12-17 17:05:39.126 23310 23433 I OpenGLRenderer: Davey! duration=9223301551221ms; Flags=0, FrameTimelineVsyncId=2166007, IntendedVsync=70485633195797, Vsync=70485641529130, InputEventId=0, HandleInputStart=70485646593241, AnimationStart=70485646594908, PerformTraversalsStart=70485647161471, DrawStart=70485647307043, FrameDeadline=70485657195796, FrameInterval=70485646590064, FrameStartTime=8333333, SyncQueued=70485647328450, SyncStart=70485647374543, IssueDrawCommandsStart=70485647453241, SwapBuffers=70485648139544, FrameCompleted=9223372036854775807, DequeueBufferDuration=15416, QueueBufferDuration=644011, GpuCompleted=9223372036854775807, SwapBuffersCompleted=70485649080429, DisplayPresentTime=0, 
12-17 17:05:39.739 23310 23340 I DetoxWSClient: Sending out action 'invokeResult' (ID #14)
12-17 17:05:39.740 23310 23340 I DetoxDispatcher: Done with action 'invoke'
12-17 17:05:40.752 23310 23344 D DetoxWSClient: Received action 'invoke' (ID #15, params={"target":{"type":"Class","value":"com.wix.detox.espresso.EspressoDetox"},"method":"perform","args":[{"type":"Invocation","value":{"target":{"type":"Class","value":"com.wix.detox.espresso.DetoxMatcher"},"method":"matcherForTestId","args":["profile-tab",{"type":"boolean","value":false}]}},{"type":"Invocation","value":{"target":{"type":"Class","value":"com.wix.detox.espresso.DetoxViewActions"},"method":"click","args":[]}}]})
12-17 17:05:40.754 23310 23340 I DetoxDispatcher: Handling action 'invoke' (ID #15)...
12-17 17:05:40.755 23310 23340 D Detox   : class com.wix.detox.espresso.DetoxMatcher, matcherForTestId, [profile-tab, false]
12-17 17:05:40.758 23310 23340 D Detox   : class com.wix.detox.espresso.DetoxViewActions, click, []
12-17 17:05:40.760 23310 23340 D Detox   : class com.wix.detox.espresso.EspressoDetox, perform, [(view.getTag() is "profile-tab" and view has effective visibility <VISIBLE>), com.wix.detox.espresso.action.RNClickAction@482efa3]
12-17 17:05:40.787 23310 23310 I ViewInteraction: Performing 'com.wix.detox.espresso.action.detoxsingletap@bd5e2a0 click' action on view (view.getTag() is "profile-tab" and view has effective visibility <VISIBLE>)
12-17 17:05:41.772 23310 23340 I DetoxWSClient: Sending out action 'invokeResult' (ID #15)
12-17 17:05:41.773 23310 23340 I DetoxDispatcher: Done with action 'invoke'
12-17 17:05:43.287 23310 23344 D DetoxWSClient: Received action 'invoke' (ID #16, params={"target":{"type":"Class","value":"com.wix.detox.espresso.DetoxAssertion"},"method":"assertMatcher","args":[{"type":"Invocation","value":{"target":{"type":"Class","value":"androidx.test.espresso.Espresso"},"method":"onView","args":[{"type":"Invocation","value":{"target":{"type":"Class","value":"com.wix.detox.espresso.DetoxMatcher"},"method":"matcherForTestId","args":["profile-screen-root",{"type":"boolean","value":false}]}}]}},{"type":"Invocation","value":{"target":{"type":"Class","value":"com.wix.detox.espresso.DetoxMatcher"},"method":"matcherForSufficientlyVisible","args":[{"type":"Integer","value":75}]}}]})
12-17 17:05:43.289 23310 23340 I DetoxDispatcher: Handling action 'invoke' (ID #16)...
12-17 17:05:43.291 23310 23340 D Detox   : class com.wix.detox.espresso.DetoxMatcher, matcherForTestId, [profile-screen-root, false]
12-17 17:05:43.294 23310 23340 D Detox   : class androidx.test.espresso.Espresso, onView, [(view.getTag() is "profile-screen-root" and view has effective visibility <VISIBLE>)]
12-17 17:05:43.300 23310 23340 D Detox   : class com.wix.detox.espresso.DetoxMatcher, matcherForSufficientlyVisible, [75]
12-17 17:05:43.302 23310 23340 D Detox   : class com.wix.detox.espresso.DetoxAssertion, assertMatcher, [androidx.test.espresso.ViewInteraction@3cc5601, (view has effective visibility <VISIBLE> and view.getGlobalVisibleRect() covers at least <75> percent of the view's area)]
12-17 17:05:43.328 23310 23310 I ViewInteraction: Checking 'MatchesViewAssertion(Detox){viewMatcher=(view has effective visibility <VISIBLE> and view.getGlobalVisibleRect() covers at least <75> percent of the view's area)}' assertion on view (view.getTag() is "profile-screen-root" and view has effective visibility <VISIBLE>)
12-17 17:05:43.337 23310 23340 I DetoxWSClient: Sending out action 'invokeResult' (ID #16)
12-17 17:05:43.338 23310 23340 I DetoxDispatcher: Done with action 'invoke'
12-17 17:05:43.346 23310 23344 D DetoxWSClient: Received action 'invoke' (ID #17, params={"target":{"type":"Class","value":"com.wix.detox.espresso.DetoxAssertion"},"method":"assertMatcher","args":[{"type":"Invocation","value":{"target":{"type":"Class","value":"androidx.test.espresso.Espresso"},"method":"onView","args":[{"type":"Invocation","value":{"target":{"type":"Class","value":"com.wix.detox.espresso.DetoxMatcher"},"method":"matcherForTestId","args":["profile-title",{"type":"boolean","value":false}]}}]}},{"type":"Invocation","value":{"target":{"type":"Class","value":"com.wix.detox.espresso.DetoxMatcher"},"method":"matcherForSufficientlyVisible","args":[{"type":"Integer","value":75}]}}]})
12-17 17:05:43.347 23310 23340 I DetoxDispatcher: Handling action 'invoke' (ID #17)...
12-17 17:05:43.348 23310 23340 D Detox   : class com.wix.detox.espresso.DetoxMatcher, matcherForTestId, [profile-title, false]
12-17 17:05:43.350 23310 23340 D Detox   : class androidx.test.espresso.Espresso, onView, [(view.getTag() is "profile-title" and view has effective visibility <VISIBLE>)]
12-17 17:05:43.353 23310 23340 D Detox   : class com.wix.detox.espresso.DetoxMatcher, matcherForSufficientlyVisible, [75]
12-17 17:05:43.355 23310 23340 D Detox   : class com.wix.detox.espresso.DetoxAssertion, assertMatcher, [androidx.test.espresso.ViewInteraction@d09f6e7, (view has effective visibility <VISIBLE> and view.getGlobalVisibleRect() covers at least <75> percent of the view's area)]
12-17 17:05:43.373 23310 23310 I ViewInteraction: Checking 'MatchesViewAssertion(Detox){viewMatcher=(view has effective visibility <VISIBLE> and view.getGlobalVisibleRect() covers at least <75> percent of the view's area)}' assertion on view (view.getTag() is "profile-title" and view has effective visibility <VISIBLE>)
12-17 17:05:43.383 23310 23340 I DetoxWSClient: Sending out action 'invokeResult' (ID #17)
12-17 17:05:43.383 23310 23340 I DetoxDispatcher: Done with action 'invoke'
12-17 17:05:43.390 23310 23344 D DetoxWSClient: Received action 'invoke' (ID #18, params={"target":{"type":"Class","value":"com.wix.detox.espresso.DetoxAssertion"},"method":"assertMatcher","args":[{"type":"Invocation","value":{"target":{"type":"Class","value":"androidx.test.espresso.Espresso"},"method":"onView","args":[{"type":"Invocation","value":{"target":{"type":"Class","value":"com.wix.detox.espresso.DetoxMatcher"},"method":"matcherForTestId","args":["profile-user-name",{"type":"boolean","value":false}]}}]}},{"type":"Invocation","value":{"target":{"type":"Class","value":"com.wix.detox.espresso.DetoxMatcher"},"method":"matcherForSufficientlyVisible","args":[{"type":"Integer","value":75}]}}]})
12-17 17:05:43.391 23310 23340 I DetoxDispatcher: Handling action 'invoke' (ID #18)...
12-17 17:05:43.392 23310 23340 D Detox   : class com.wix.detox.espresso.DetoxMatcher, matcherForTestId, [profile-user-name, false]
12-17 17:05:43.394 23310 23340 D Detox   : class androidx.test.espresso.Espresso, onView, [(view.getTag() is "profile-user-name" and view has effective visibility <VISIBLE>)]
12-17 17:05:43.397 23310 23340 D Detox   : class com.wix.detox.espresso.DetoxMatcher, matcherForSufficientlyVisible, [75]
12-17 17:05:43.399 23310 23340 D Detox   : class com.wix.detox.espresso.DetoxAssertion, assertMatcher, [androidx.test.espresso.ViewInteraction@7a7513d, (view has effective visibility <VISIBLE> and view.getGlobalVisibleRect() covers at least <75> percent of the view's area)]
12-17 17:05:43.419 23310 23310 I ViewInteraction: Checking 'MatchesViewAssertion(Detox){viewMatcher=(view has effective visibility <VISIBLE> and view.getGlobalVisibleRect() covers at least <75> percent of the view's area)}' assertion on view (view.getTag() is "profile-user-name" and view has effective visibility <VISIBLE>)
12-17 17:05:43.430 23310 23340 I DetoxWSClient: Sending out action 'invokeResult' (ID #18)
12-17 17:05:43.431 23310 23340 I DetoxDispatcher: Done with action 'invoke'
