--------- beginning of main
12-17 17:25:21.848 30219 30219 I com.detoxtest: Late-enabling -Xcheck:jni
12-17 17:25:21.874 30219 30219 I com.detoxtest: Using CollectorTypeCC GC.
12-17 17:25:21.886 30219 30219 D ProcessState: Binder ioctl to enable oneway spam detection failed: Invalid argument
12-17 17:25:21.945 30219 30219 I ActivityThread: Relaunch all activities: onCoreSettingsChange
12-17 17:25:21.946 30219 30219 D CompatibilityChangeReporter: Compat change id reported: 171979766; UID 10954; state: ENABLED
--------- beginning of system
12-17 17:25:21.957 30219 30219 W ActivityThread: Package uses different ABI(s) than its instrumentation: package[com.detoxtest]: arm64-v8a, null instrumentation[com.detoxtest.test]: null, null
12-17 17:25:22.566 30219 30219 D nativeloader: Configuring clns-4 for other apk /system/framework/android.test.runner.jar:/system/framework/android.test.mock.jar:/system/framework/android.test.base.jar:/data/app/~~42LnRYGbFhpFvPsZrRS45g==/com.detoxtest.test-6B_pwdfmZRDod72mmG0LnQ==/base.apk:/data/app/~~g4JwW7vSiW_sKgbdSRMRNg==/com.detoxtest-gPPUxClrRJ45z6ZBHfKfjQ==/base.apk. target_sdk_version=35, uses_libraries=, library_path=/data/app/~~42LnRYGbFhpFvPsZrRS45g==/com.detoxtest.test-6B_pwdfmZRDod72mmG0LnQ==/lib/arm64:/data/app/~~g4JwW7vSiW_sKgbdSRMRNg==/com.detoxtest-gPPUxClrRJ45z6ZBHfKfjQ==/lib/arm64:/data/app/~~42LnRYGbFhpFvPsZrRS45g==/com.detoxtest.test-6B_pwdfmZRDod72mmG0LnQ==/base.apk!/lib/arm64-v8a:/data/app/~~g4JwW7vSiW_sKgbdSRMRNg==/com.detoxtest-gPPUxClrRJ45z6ZBHfKfjQ==/base.apk!/lib/arm64-v8a, permitted_path=/data:/mnt/expand:/data/user/0/com.detoxtest
12-17 17:25:22.593 30219 30219 V GraphicsEnvironment: ANGLE Developer option for 'com.detoxtest' set to: 'default'
12-17 17:25:22.594 30219 30219 V GraphicsEnvironment: ANGLE GameManagerService for com.detoxtest: false
12-17 17:25:22.594 30219 30219 V GraphicsEnvironment: Updatable production driver is not supported on the device.
12-17 17:25:22.597 30219 30219 D ApplicationLoaders: Returning zygote-cached class loader: /system/framework/android.test.base.jar
12-17 17:25:22.599 30219 30219 D nativeloader: Configuring clns-5 for other apk /system/framework/android.test.mock.jar. target_sdk_version=35, uses_libraries=ALL, library_path=/data/app/~~42LnRYGbFhpFvPsZrRS45g==/com.detoxtest.test-6B_pwdfmZRDod72mmG0LnQ==/lib/arm64:/data/app/~~g4JwW7vSiW_sKgbdSRMRNg==/com.detoxtest-gPPUxClrRJ45z6ZBHfKfjQ==/lib/arm64, permitted_path=/data:/mnt/expand
12-17 17:25:22.599 30219 30219 D nativeloader: Extending system_exposed_libraries: libvraudio_client.qti.so:libbinauralrenderer_wrapper.qti.so:libhoaeffects.qti.so:libjni_helper.motocameradesktop.so:libimgTuner_jni.motoimagetuner.so:libmcf_native_window_helper.motocamera.so:libupdateprof.qti.so:libdiag_system.qti.so:libqape.qti.so:libqesdk_ndk_platform.qti.so:liblistenjni.qti.so
12-17 17:25:22.600 30219 30219 D ApplicationLoaders: Returning zygote-cached class loader: /system/framework/android.test.base.jar
12-17 17:25:22.608 30219 30219 D nativeloader: Configuring clns-6 for other apk /system/framework/android.test.runner.jar. target_sdk_version=35, uses_libraries=ALL, library_path=/data/app/~~42LnRYGbFhpFvPsZrRS45g==/com.detoxtest.test-6B_pwdfmZRDod72mmG0LnQ==/lib/arm64:/data/app/~~g4JwW7vSiW_sKgbdSRMRNg==/com.detoxtest-gPPUxClrRJ45z6ZBHfKfjQ==/lib/arm64, permitted_path=/data:/mnt/expand
12-17 17:25:22.608 30219 30219 D nativeloader: Extending system_exposed_libraries: libvraudio_client.qti.so:libbinauralrenderer_wrapper.qti.so:libhoaeffects.qti.so:libjni_helper.motocameradesktop.so:libimgTuner_jni.motoimagetuner.so:libmcf_native_window_helper.motocamera.so:libupdateprof.qti.so:libdiag_system.qti.so:libqape.qti.so:libqesdk_ndk_platform.qti.so:liblistenjni.qti.so
12-17 17:25:22.954 30219 30219 D NetworkSecurityConfig: Using Network Security Config from resource network_security_config debugBuild: true
12-17 17:25:22.961 30219 30219 D NetworkSecurityConfig: Using Network Security Config from resource network_security_config debugBuild: true
12-17 17:25:22.961 30219 30219 I AndroidJUnitRunner: newApplication com.detoxtest.MainApplication
12-17 17:25:22.987 30219 30219 I AndroidJUnitRunner: onCreate Bundle[mParcelledData.dataSize=240]
12-17 17:25:22.988 30219 30219 D AndroidJUnitRunner: Use the raw file system for managing file I/O.
12-17 17:25:23.040 30219 30219 V TestEventClient: No service name argument was given (testDiscoveryService, testRunEventService or orchestratorService)
12-17 17:25:23.043 30219 30219 W SoLoader: Initializing SoLoader: 0
12-17 17:25:23.045 30219 30219 W SoLoader: Recording new base apk path: /data/app/~~g4JwW7vSiW_sKgbdSRMRNg==/com.detoxtest-gPPUxClrRJ45z6ZBHfKfjQ==/base.apk
12-17 17:25:23.045 30219 30219 W SoLoader: Previously recorded 0 base apk paths.
12-17 17:25:23.047 30219 30219 I SoLoader: Preparing SO source: DirectorySoSource[root = /vendor/lib64 flags = 2]
12-17 17:25:23.047 30219 30219 I SoLoader: Preparing SO source: DirectorySoSource[root = /system/lib64 flags = 2]
12-17 17:25:23.047 30219 30219 I SoLoader: Preparing SO source: DirectApkSoSource[root = [/data/app/~~g4JwW7vSiW_sKgbdSRMRNg==/com.detoxtest-gPPUxClrRJ45z6ZBHfKfjQ==/base.apk!/lib/arm64-v8a]]
12-17 17:25:23.048 30219 30325 D AndroidJUnitRunner: onStart is called.
12-17 17:25:23.068 30219 30219 I SoLoader: Preparing SO source: ApplicationSoSource[DirectorySoSource[root = /data/app/~~g4JwW7vSiW_sKgbdSRMRNg==/com.detoxtest-gPPUxClrRJ45z6ZBHfKfjQ==/lib/arm64 flags = 0]]
12-17 17:25:23.068 30219 30219 I SoLoader: init finish: 4 SO sources prepared
12-17 17:25:23.068 30219 30219 W SoLoader: SoLoader initialized: 8
12-17 17:25:23.096 30219 30219 D nativeloader: Load /data/app/~~g4JwW7vSiW_sKgbdSRMRNg==/com.detoxtest-gPPUxClrRJ45z6ZBHfKfjQ==/base.apk!/lib/arm64-v8a/libc++_shared.so using class loader ns clns-4 (caller=/data/app/~~g4JwW7vSiW_sKgbdSRMRNg==/com.detoxtest-gPPUxClrRJ45z6ZBHfKfjQ==/base.apk): ok
12-17 17:25:23.139 30219 30219 D nativeloader: Load /data/app/~~g4JwW7vSiW_sKgbdSRMRNg==/com.detoxtest-gPPUxClrRJ45z6ZBHfKfjQ==/base.apk!/lib/arm64-v8a/libjsi.so using class loader ns clns-4 (caller=/data/app/~~g4JwW7vSiW_sKgbdSRMRNg==/com.detoxtest-gPPUxClrRJ45z6ZBHfKfjQ==/base.apk): ok
12-17 17:25:23.143 30219 30219 D nativeloader: Load /data/app/~~g4JwW7vSiW_sKgbdSRMRNg==/com.detoxtest-gPPUxClrRJ45z6ZBHfKfjQ==/base.apk!/lib/arm64-v8a/libfbjni.so using class loader ns clns-4 (caller=/data/app/~~g4JwW7vSiW_sKgbdSRMRNg==/com.detoxtest-gPPUxClrRJ45z6ZBHfKfjQ==/base.apk): ok
12-17 17:25:23.264 30219 30219 D nativeloader: Load /data/app/~~g4JwW7vSiW_sKgbdSRMRNg==/com.detoxtest-gPPUxClrRJ45z6ZBHfKfjQ==/base.apk!/lib/arm64-v8a/libreactnative.so using class loader ns clns-4 (caller=/data/app/~~g4JwW7vSiW_sKgbdSRMRNg==/com.detoxtest-gPPUxClrRJ45z6ZBHfKfjQ==/base.apk): ok
12-17 17:25:23.270 30219 30219 D jni_lib_merge: Entering merged library JNI_OnLoad.
12-17 17:25:23.270 30219 30219 D jni_lib_merge: Preparing 12 pre-merged libs (including stub)
12-17 17:25:23.270 30219 30219 D jni_lib_merge: Preparing to register libfabricjni_so.  onload_func: 0x74c589e948
12-17 17:25:23.270 30219 30219 D jni_lib_merge: Preparing to register libreact_devsupportjni_so.  onload_func: 0x74c5ab42a4
12-17 17:25:23.270 30219 30219 D jni_lib_merge: Preparing to register libreact_featureflagsjni_so.  onload_func: 0x74c5abff10
12-17 17:25:23.270 30219 30219 D jni_lib_merge: Preparing to register libreact_newarchdefaults_so.  onload_func: 0x74c5b28eac
12-17 17:25:23.270 30219 30219 D jni_lib_merge: Preparing to register libreactnativeblob_so.  onload_func: 0x74c5d1995c
12-17 17:25:23.270 30219 30219 D jni_lib_merge: Preparing to register libreactnativejni_so.  onload_func: 0x74c5d67114
12-17 17:25:23.270 30219 30219 D jni_lib_merge: Preparing to register libreactnativejni_common_so.  onload_func: 0x74c5d77a9c
12-17 17:25:23.270 30219 30219 D jni_lib_merge: Preparing to register librninstance_so.  onload_func: 0x74c5dae250
12-17 17:25:23.270 30219 30219 D jni_lib_merge: Preparing to register libturbomodulejsijni_so.  onload_func: 0x74c5ec5a24
12-17 17:25:23.270 30219 30219 D jni_lib_merge: Preparing to register libuimanagerjni_so.  onload_func: 0x74c5edea74
12-17 17:25:23.270 30219 30219 D jni_lib_merge: Preparing to register libyoga_so.  onload_func: 0x74c5eee4f8
12-17 17:25:23.270 30219 30219 D jni_lib_merge: About to register 11 actual methods.
12-17 17:25:23.381 30219 30219 D nativeloader: Load /data/app/~~g4JwW7vSiW_sKgbdSRMRNg==/com.detoxtest-gPPUxClrRJ45z6ZBHfKfjQ==/base.apk!/lib/arm64-v8a/libreact_codegen_rnscreens.so using class loader ns clns-4 (caller=/data/app/~~g4JwW7vSiW_sKgbdSRMRNg==/com.detoxtest-gPPUxClrRJ45z6ZBHfKfjQ==/base.apk): ok
12-17 17:25:23.381 30219 30219 D jni_lib_merge: Entering merged library JNI_OnLoad.
12-17 17:25:23.381 30219 30219 D jni_lib_merge: Preparing 12 pre-merged libs (including stub)
12-17 17:25:23.381 30219 30219 D jni_lib_merge: Preparing to register libfabricjni_so.  onload_func: 0x74c589e948
12-17 17:25:23.381 30219 30219 D jni_lib_merge: Preparing to register libreact_devsupportjni_so.  onload_func: 0x74c5ab42a4
12-17 17:25:23.381 30219 30219 D jni_lib_merge: Preparing to register libreact_featureflagsjni_so.  onload_func: 0x74c5abff10
12-17 17:25:23.381 30219 30219 D jni_lib_merge: Preparing to register libreact_newarchdefaults_so.  onload_func: 0x74c5b28eac
12-17 17:25:23.381 30219 30219 D jni_lib_merge: Preparing to register libreactnativeblob_so.  onload_func: 0x74c5d1995c
12-17 17:25:23.381 30219 30219 D jni_lib_merge: Preparing to register libreactnativejni_so.  onload_func: 0x74c5d67114
12-17 17:25:23.382 30219 30219 D jni_lib_merge: Preparing to register libreactnativejni_common_so.  onload_func: 0x74c5d77a9c
12-17 17:25:23.382 30219 30219 D jni_lib_merge: Preparing to register librninstance_so.  onload_func: 0x74c5dae250
12-17 17:25:23.382 30219 30219 D jni_lib_merge: Preparing to register libturbomodulejsijni_so.  onload_func: 0x74c5ec5a24
12-17 17:25:23.382 30219 30219 D jni_lib_merge: Preparing to register libuimanagerjni_so.  onload_func: 0x74c5edea74
12-17 17:25:23.382 30219 30219 D jni_lib_merge: Preparing to register libyoga_so.  onload_func: 0x74c5eee4f8
12-17 17:25:23.382 30219 30219 D jni_lib_merge: About to register 11 actual methods.
12-17 17:25:23.388 30219 30219 D nativeloader: Load /data/app/~~g4JwW7vSiW_sKgbdSRMRNg==/com.detoxtest-gPPUxClrRJ45z6ZBHfKfjQ==/base.apk!/lib/arm64-v8a/libreact_codegen_safeareacontext.so using class loader ns clns-4 (caller=/data/app/~~g4JwW7vSiW_sKgbdSRMRNg==/com.detoxtest-gPPUxClrRJ45z6ZBHfKfjQ==/base.apk): ok
12-17 17:25:23.424 30219 30219 D nativeloader: Load /data/app/~~g4JwW7vSiW_sKgbdSRMRNg==/com.detoxtest-gPPUxClrRJ45z6ZBHfKfjQ==/base.apk!/lib/arm64-v8a/libappmodules.so using class loader ns clns-4 (caller=/data/app/~~g4JwW7vSiW_sKgbdSRMRNg==/com.detoxtest-gPPUxClrRJ45z6ZBHfKfjQ==/base.apk): ok
12-17 17:25:23.430 30219 30219 I Choreographer: Skipped 52 frames!  The application may be doing too much work on its main thread.
12-17 17:25:23.468 30219 30325 D TestRequestBuilder: Using class path scanning to discover tests
12-17 17:25:23.469 30219 30325 I TestRequestBuilder: Scanning classpath to find tests in paths [/data/app/~~42LnRYGbFhpFvPsZrRS45g==/com.detoxtest.test-6B_pwdfmZRDod72mmG0LnQ==/base.apk]
12-17 17:25:23.469 30219 30325 W com.detoxtest: Opening an oat file without a class loader. Are you using the deprecated DexFile APIs?
12-17 17:25:24.085 30219 30325 I TestRunner: run started: 1 tests
12-17 17:25:24.086 30219 30325 I TestRunner: started: runDetoxTests(com.detoxtest.DetoxTest)
12-17 17:25:24.110 30219 30325 I Detox   : Detox server connection details: url=ws://localhost:56078, sessionId=50064cea-3c4d-84b0-93eb-c2ee74fa9c5d
12-17 17:25:24.119 30219 30325 W FileTestStorage: Output properties is not supported.
12-17 17:25:24.120 30219 30325 I Tracing : Tracer added: class androidx.test.platform.tracing.AndroidXTracer
12-17 17:25:24.133 30219 30325 D EventInjectionStrategy: Creating injection strategy with input manager.
12-17 17:25:24.133 30219 30325 I com.detoxtest: hiddenapi: Accessing hidden method Landroid/hardware/input/InputManager;->getInstance()Landroid/hardware/input/InputManager; (runtime_flags=0, domain=platform, api=unsupported) from Landroidx/test/espresso/base/InputManagerEventInjectionStrategy; (domain=app) using reflection: allowed
12-17 17:25:24.134 30219 30325 I com.detoxtest: hiddenapi: Accessing hidden method Landroid/hardware/input/InputManager;->injectInputEvent(Landroid/view/InputEvent;I)Z (runtime_flags=0, domain=platform, api=unsupported) from Landroidx/test/espresso/base/InputManagerEventInjectionStrategy; (domain=app) using reflection: allowed
12-17 17:25:24.134 30219 30325 I com.detoxtest: hiddenapi: Accessing hidden field Landroid/hardware/input/InputManager;->INJECT_INPUT_EVENT_MODE_WAIT_FOR_FINISH:I (runtime_flags=0, domain=platform, api=unsupported) from Landroidx/test/espresso/base/InputManagerEventInjectionStrategy; (domain=app) using reflection: allowed
12-17 17:25:24.143 30219 30325 I com.detoxtest: hiddenapi: Accessing hidden field Ljava/lang/reflect/Field;->accessFlags:I (runtime_flags=0, domain=core-platform, api=unsupported) from Lorg/joor/Reflect; (domain=app) using reflection: allowed
12-17 17:25:24.146 30219 30325 I Detox   : Connecting to server...
12-17 17:25:24.146 30219 30325 I DetoxWSClient: At connectToServer
12-17 17:25:24.261 30219 30384 D DetoxWSClient: At onOpen
12-17 17:25:24.261 30219 30384 I DetoxWSClient: Sending out action 'login' (ID #0)
12-17 17:25:24.261 30219 30384 I Detox   : Connected to server!
12-17 17:25:24.269 30219 30384 D DetoxWSClient: Received action 'loginSuccess' (ID #0, params={"testerConnected":true,"appConnected":true})
12-17 17:25:24.269 30219 30360 I DetoxDispatcher: Handling action 'loginSuccess' (ID #0)...
12-17 17:25:24.270 30219 30360 I DetoxDispatcher: Done with action 'loginSuccess'
12-17 17:25:24.270 30219 30325 I Detox   : Launching the tested activity!
12-17 17:25:24.305 30219 30384 D DetoxWSClient: Received action 'isReady' (ID #-1000, params={})
12-17 17:25:24.308 30219 30360 I DetoxDispatcher: Handling action 'isReady' (ID #-1000)...
12-17 17:25:24.500 30219 30219 D AppCompatDelegate: Checking for metadata for AppLocalesMetadataHolderService : Service not found
12-17 17:25:24.523 30219 30219 D LifecycleMonitor: Lifecycle status change: com.detoxtest.MainActivity@46a8a61 in: PRE_ON_CREATE
12-17 17:25:24.622 30219 30219 D nativeloader: Load /data/app/~~g4JwW7vSiW_sKgbdSRMRNg==/com.detoxtest-gPPUxClrRJ45z6ZBHfKfjQ==/base.apk!/lib/arm64-v8a/libhermes.so using class loader ns clns-4 (caller=/data/app/~~g4JwW7vSiW_sKgbdSRMRNg==/com.detoxtest-gPPUxClrRJ45z6ZBHfKfjQ==/base.apk): ok
12-17 17:25:24.631 30219 30219 D nativeloader: Load /data/app/~~g4JwW7vSiW_sKgbdSRMRNg==/com.detoxtest-gPPUxClrRJ45z6ZBHfKfjQ==/base.apk!/lib/arm64-v8a/libhermestooling.so using class loader ns clns-4 (caller=/data/app/~~g4JwW7vSiW_sKgbdSRMRNg==/com.detoxtest-gPPUxClrRJ45z6ZBHfKfjQ==/base.apk): ok
12-17 17:25:24.631 30219 30219 D jni_lib_merge: Entering merged library JNI_OnLoad.
12-17 17:25:24.632 30219 30219 D jni_lib_merge: Preparing 4 pre-merged libs (including stub)
12-17 17:25:24.632 30219 30219 D jni_lib_merge: Preparing to register libhermes_executor_so.  onload_func: 0x74b57ad9d4
12-17 17:25:24.632 30219 30219 D jni_lib_merge: Preparing to register libhermesinstancejni_so.  onload_func: 0x74b57e278c
12-17 17:25:24.632 30219 30219 D jni_lib_merge: Preparing to register libjsijniprofiler_so.  onload_func: 0x74b57e4788
12-17 17:25:24.632 30219 30219 D jni_lib_merge: About to register 3 actual methods.
12-17 17:25:24.952 30219 30219 E com.detoxtest: Invalid ID 0x00000000.
12-17 17:25:24.968 30219 30219 W unknown:BridgelessReact: ReactHost{0}.startSurface(surfaceId = 0): Schedule
12-17 17:25:24.969 30219 30219 W unknown:BridgelessReact: ReactHost{0}.attachSurface(surfaceId = 0)
12-17 17:25:24.969 30219 30499 W unknown:BridgelessReact: ReactHost{0}.getOrCreateReactInstanceTask()
12-17 17:25:24.969 30219 30499 W unknown:BridgelessReact: ReactHost{0}.getOrCreateReactInstanceTask(): Start
12-17 17:25:24.969 30219 30499 D Detox.RNMarker: REACT_BRIDGELESS_LOADING_START (null)
12-17 17:25:24.970 30219 30499 W unknown:BridgelessReact: ReactHost{0}.getJSBundleLoader()
12-17 17:25:24.970 30219 30499 W unknown:BridgelessReact: ReactHost{0}.isMetroRunning()
12-17 17:25:24.982 30219 30500 W unknown:BridgelessReact: ReactHost{0}.isMetroRunning(): Async result = true
12-17 17:25:25.016 30219 30499 W unknown:BridgelessReact: ReactHost{0}.loadJSBundleFromMetro()
12-17 17:25:25.028 30219 30499 D Detox.RNMarker: DOWNLOAD_START (null)
12-17 17:25:25.082 30219 30219 I com.detoxtest: hiddenapi: Accessing hidden method Landroid/view/ViewGroup;->makeOptionalFitsSystemWindows()V (runtime_flags=0, domain=platform, api=unsupported) from Landroidx/appcompat/widget/ViewUtils; (domain=app) using reflection: allowed
12-17 17:25:25.089 30219 30219 D LifecycleMonitor: Lifecycle status change: com.detoxtest.MainActivity@46a8a61 in: CREATED
12-17 17:25:25.091 30219 30219 D LifecycleMonitor: Lifecycle status change: com.detoxtest.MainActivity@46a8a61 in: STARTED
12-17 17:25:25.093 30219 30219 W unknown:BridgelessReact: ReactHost{0}.onHostResume(activity)
12-17 17:25:25.093 30219 30219 W unknown:ReactNative: Packager connection already open, nooping.
12-17 17:25:25.094 30219 30219 D LifecycleMonitor: Lifecycle status change: com.detoxtest.MainActivity@46a8a61 in: RESUMED
12-17 17:25:25.208 30219 30219 E unknown:ReactNative: Unable to display loading message because react activity isn't active, message: Loading from localhost:8081…
12-17 17:25:25.223 30219 30219 E unknown:ReactNative: Unable to display loading message because react activity isn't active, message: Reloading...
12-17 17:25:25.253 30219 30427 I AdrenoGLES-0: QUALCOMM build                   : 223000e821, I12e4aa4c5c
12-17 17:25:25.253 30219 30427 I AdrenoGLES-0: Build Date                       : 01/22/22
12-17 17:25:25.253 30219 30427 I AdrenoGLES-0: OpenGL ES Shader Compiler Version: EV031.32.02.17
12-17 17:25:25.253 30219 30427 I AdrenoGLES-0: Local Branch                     : 
12-17 17:25:25.253 30219 30427 I AdrenoGLES-0: Remote Branch                    : 
12-17 17:25:25.253 30219 30427 I AdrenoGLES-0: Remote Branch                    : 
12-17 17:25:25.253 30219 30427 I AdrenoGLES-0: Reconstruct Branch               : 
12-17 17:25:25.253 30219 30427 I AdrenoGLES-0: Build Config                     : S P 10.0.7 AArch64
12-17 17:25:25.253 30219 30427 I AdrenoGLES-0: Driver Path                      : /vendor/lib64/egl/libGLESv2_adreno.so
12-17 17:25:25.299 30219 30427 I AdrenoGLES-0: PFP: 0x016ee190, ME: 0x00000000
12-17 17:25:25.383 30219 30500 D Detox.RNMarker: DOWNLOAD_END ({"url":"http:\/\/localhost:8081\/index.bundle?platform=android&dev=true&lazy=true&minify=false&app=com.detoxtest&modulesOnly=false&runModule=true&excludeSource=true&sourcePaths=url-server","filesChangedCount":0})
12-17 17:25:25.383 30219 30500 W unknown:BridgelessReact: ReactHost{0}.loadJSBundleFromMetro(): Creating BundleLoader
12-17 17:25:25.387 30219 30499 W unknown:BridgelessReact: ReactHost{0}.getOrCreateReactContext(): Creating BridgelessReactContext
12-17 17:25:25.392 30219 30499 W unknown:BridgelessReact: ReactHost{0}.getOrCreateReactInstanceTask(): Creating ReactInstance
12-17 17:25:25.571 30219 30427 D hw-ProcessState: Binder ioctl to enable oneway spam detection failed: Invalid argument
12-17 17:25:25.760 30219 30499 W unknown:BridgelessReact: ReactHost{0}.getOrCreateReactInstanceTask(): Loading JS Bundle
12-17 17:25:25.761 30219 30499 W unknown:BridgelessReact: ReactHost{0}.getOrCreateReactInstanceTask(): Calling DevSupportManagerBase.onNewReactContextCreated(reactContext)
12-17 17:25:25.770 30219 30499 W unknown:BridgelessReact: ReactHost{0}.startSurface(surfaceId = 0): Execute
12-17 17:25:25.772 30219 30516 D Detox.RNMarker: REACT_BRIDGELESS_LOADING_END (null)
12-17 17:25:25.839 30219 30219 W unknown:ReactNative: Packager connection already open, nooping.
12-17 17:25:25.840 30219 30219 W unknown:BridgelessReact: ReactContext.onHostResume()
12-17 17:25:25.840 30219 30219 W unknown:BridgelessReact: ReactHost{0}.getOrCreateReactInstanceTask(): Executing ReactInstanceEventListeners
12-17 17:25:25.843 30219 30516 D Detox.RNMarker: RUN_JS_BUNDLE_START (/index.bundle?platform=android&dev=true&lazy=true&minify=false&app=com.detoxtest&modulesOnly=false&runModule=true&excludeSource=true&sourcePaths=url-server)
12-17 17:25:25.863 30219 30219 D DetoxRNLoading: Got new RN-context directly and immediately
12-17 17:25:25.890 30219 30325 I DetoxRNIdleRes: Setting up Espresso Idling Resources for React Native
12-17 17:25:25.898 30219 30517 I com.detoxtest: hiddenapi: Accessing hidden method Landroid/os/MessageQueue;->next()Landroid/os/Message; (runtime_flags=0, domain=platform, api=unsupported) from Landroidx/test/espresso/base/Interrogator; (domain=app) using reflection: allowed
12-17 17:25:25.898 30219 30517 I com.detoxtest: hiddenapi: Accessing hidden field Landroid/os/MessageQueue;->mMessages:Landroid/os/Message; (runtime_flags=0, domain=platform, api=unsupported) from Landroidx/test/espresso/base/Interrogator; (domain=app) using reflection: allowed
12-17 17:25:25.898 30219 30517 I com.detoxtest: hiddenapi: Accessing hidden method Landroid/os/Message;->recycleUnchecked()V (runtime_flags=0, domain=platform, api=unsupported) from Landroidx/test/espresso/base/Interrogator; (domain=app) using reflection: allowed
12-17 17:25:25.916 30219 30219 D DetoxRNHelpers: Native RN module resolution (class com.reactnativecommunity.asyncstorage.AsyncStorageModule): no registered module found
12-17 17:25:25.917 30219 30325 D IdlingRegistry: Registering idling resources: [com.wix.detox.reactnative.idlingresources.uimodule.fabric.FabricUIManagerIdlingResources@f1bc82e]
12-17 17:25:25.918 30219 30325 D IdlingRegistry: Registering idling resources: [com.wix.detox.reactnative.idlingresources.animations.AnimatedModuleIdlingResource@7666fcf]
12-17 17:25:25.918 30219 30325 D IdlingRegistry: Registering idling resources: [com.wix.detox.reactnative.idlingresources.timers.FabricTimersIdlingResource@5c8dd5c]
12-17 17:25:25.921 30219 30325 D IdlingRegistry: Registering idling resources: [com.wix.detox.reactnative.idlingresources.network.NetworkIdlingResource@b207865]
12-17 17:25:25.921 30219 30325 D IdlingRegistry: Registering idling resources: [com.wix.detox.reactnative.idlingresources.StabilizedIdlingResource@4a0393a]
12-17 17:25:26.585 30219 30517 I WebViewFactory: Loading com.google.android.webview version 143.0.7499.34 (code 749903433)
12-17 17:25:26.617 30219 30517 W com.detoxtest: Failed to find entry 'classes.dex': Entry not found
12-17 17:25:26.632 30219 30517 D nativeloader: Configuring clns-7 for other apk /data/app/~~RM1xaf5lo_QNw0WyFScwIQ==/com.google.android.trichromelibrary_749903433-L3I5A1EXlje8GYKm1jievg==/base.apk. target_sdk_version=36, uses_libraries=ALL, library_path=/data/app/~~5IHqvyW9MQDFVnFw1IuOJQ==/com.google.android.webview-vVFb-bX0AFCWRdqglOA3mQ==/lib/arm64:/data/app/~~5IHqvyW9MQDFVnFw1IuOJQ==/com.google.android.webview-vVFb-bX0AFCWRdqglOA3mQ==/base.apk!/lib/arm64-v8a:/data/app/~~RM1xaf5lo_QNw0WyFScwIQ==/com.google.android.trichromelibrary_749903433-L3I5A1EXlje8GYKm1jievg==/base.apk!/lib/arm64-v8a, permitted_path=/data:/mnt/expand
12-17 17:25:26.633 30219 30517 D nativeloader: Extending system_exposed_libraries: libvraudio_client.qti.so:libbinauralrenderer_wrapper.qti.so:libhoaeffects.qti.so:libjni_helper.motocameradesktop.so:libimgTuner_jni.motoimagetuner.so:libmcf_native_window_helper.motocamera.so:libupdateprof.qti.so:libdiag_system.qti.so:libqape.qti.so:libqesdk_ndk_platform.qti.so:liblistenjni.qti.so
12-17 17:25:26.639 30219 30219 D DetoxRNHelpers: Native RN module resolution (class com.reactnativecommunity.asyncstorage.AsyncStorageModule): no registered module found
12-17 17:25:26.645 30219 30219 I Choreographer: Skipped 86 frames!  The application may be doing too much work on its main thread.
12-17 17:25:26.669 30219 30517 D nativeloader: Configuring clns-8 for other apk /apex/com.android.extservices/javalib/android.ext.adservices.jar. target_sdk_version=36, uses_libraries=ALL, library_path=/data/app/~~5IHqvyW9MQDFVnFw1IuOJQ==/com.google.android.webview-vVFb-bX0AFCWRdqglOA3mQ==/lib/arm64:/data/app/~~5IHqvyW9MQDFVnFw1IuOJQ==/com.google.android.webview-vVFb-bX0AFCWRdqglOA3mQ==/base.apk!/lib/arm64-v8a:/data/app/~~RM1xaf5lo_QNw0WyFScwIQ==/com.google.android.trichromelibrary_749903433-L3I5A1EXlje8GYKm1jievg==/base.apk!/lib/arm64-v8a, permitted_path=/data:/mnt/expand
12-17 17:25:26.669 30219 30517 D nativeloader: Extending system_exposed_libraries: libvraudio_client.qti.so:libbinauralrenderer_wrapper.qti.so:libhoaeffects.qti.so:libjni_helper.motocameradesktop.so:libimgTuner_jni.motoimagetuner.so:libmcf_native_window_helper.motocamera.so:libupdateprof.qti.so:libdiag_system.qti.so:libqape.qti.so:libqesdk_ndk_platform.qti.so:liblistenjni.qti.so
12-17 17:25:26.671 30219 30517 D nativeloader: InitApexLibraries:
12-17 17:25:26.671 30219 30517 D nativeloader:   com_android_appsearch: libicing.so
12-17 17:25:26.671 30219 30517 D nativeloader:   com_android_art: libartservice.so
12-17 17:25:26.671 30219 30517 D nativeloader:   com_android_conscrypt: libjavacrypto.so
12-17 17:25:26.671 30219 30517 D nativeloader:   com_android_extservices: libtflite_support_classifiers_native.so
12-17 17:25:26.671 30219 30517 D nativeloader:   com_android_os_statsd: libstats_jni.so
12-17 17:25:26.671 30219 30517 D nativeloader:   com_android_tethering: libandroid_net_connectivity_com_android_net_module_util_jni.so:libframework-connectivity-jni.so:libframework-connectivity-tiramisu-jni.so:libmainlinecronet.139.0.7205.3.so:libservice-connectivity.so:libservice-thread-jni.so:stable_cronet_libcrypto.so:stable_cronet_libssl.so
12-17 17:25:26.671 30219 30517 D nativeloader:   com_android_wifi: libservice-wifi-jni.so
12-17 17:25:26.712 30219 30517 D nativeloader: Configuring clns-9 for other apk /data/app/~~5IHqvyW9MQDFVnFw1IuOJQ==/com.google.android.webview-vVFb-bX0AFCWRdqglOA3mQ==/base.apk. target_sdk_version=36, uses_libraries=, library_path=/data/app/~~5IHqvyW9MQDFVnFw1IuOJQ==/com.google.android.webview-vVFb-bX0AFCWRdqglOA3mQ==/lib/arm64:/data/app/~~5IHqvyW9MQDFVnFw1IuOJQ==/com.google.android.webview-vVFb-bX0AFCWRdqglOA3mQ==/base.apk!/lib/arm64-v8a:/data/app/~~RM1xaf5lo_QNw0WyFScwIQ==/com.google.android.trichromelibrary_749903433-L3I5A1EXlje8GYKm1jievg==/base.apk!/lib/arm64-v8a, permitted_path=/data:/mnt/expand
12-17 17:25:26.767 30219 30516 W unknown:ViewManagerPropertyUpdater: Could not find generated setter for class com.th3rdwave.safeareacontext.SafeAreaProviderManager
12-17 17:25:26.772 30219 30516 W unknown:ViewManagerPropertyUpdater: Could not find generated setter for class com.facebook.react.uimanager.LayoutShadowNode
12-17 17:25:26.776 30219 30516 W unknown:ViewManagerPropertyUpdater: Could not find generated setter for class com.swmansion.rnscreens.SearchBarManager
12-17 17:25:26.777 30219 30516 W unknown:ViewManagerPropertyUpdater: Could not find generated setter for class com.swmansion.rnscreens.ScreenFooterManager
12-17 17:25:26.779 30219 30516 W unknown:ViewManagerPropertyUpdater: Could not find generated setter for class com.swmansion.rnscreens.gamma.tabs.TabScreenViewManager
12-17 17:25:26.780 30219 30516 W unknown:ViewManagerPropertyUpdater: Could not find generated setter for class com.swmansion.rnscreens.ScreenContainerViewManager
12-17 17:25:26.781 30219 30516 W unknown:ViewManagerPropertyUpdater: Could not find generated setter for class com.swmansion.rnscreens.gamma.tabs.TabsHostViewManager
12-17 17:25:26.789 30219 30516 W unknown:ViewManagerPropertyUpdater: Could not find generated setter for class com.swmansion.rnscreens.ModalScreenViewManager
12-17 17:25:26.791 30219 30516 W unknown:ViewManagerPropertyUpdater: Could not find generated setter for class com.swmansion.rnscreens.ScreenStackHeaderConfigViewManager
12-17 17:25:26.792 30219 30516 W unknown:ViewManagerPropertyUpdater: Could not find generated setter for class com.swmansion.rnscreens.ScreenContentWrapperManager
12-17 17:25:26.793 30219 30516 W unknown:ViewManagerPropertyUpdater: Could not find generated setter for class com.th3rdwave.safeareacontext.SafeAreaViewManager
12-17 17:25:26.795 30219 30516 W unknown:ViewManagerPropertyUpdater: Could not find generated setter for class com.th3rdwave.safeareacontext.SafeAreaViewShadowNode
12-17 17:25:26.796 30219 30516 W unknown:ViewManagerPropertyUpdater: Could not find generated setter for class com.swmansion.rnscreens.safearea.SafeAreaViewManager
12-17 17:25:26.796 30219 30516 W unknown:ViewManagerPropertyUpdater: Could not find generated setter for class com.swmansion.rnscreens.safearea.paper.SafeAreaViewShadowNode
12-17 17:25:26.797 30219 30516 W unknown:ViewManagerPropertyUpdater: Could not find generated setter for class com.swmansion.rnscreens.ScreenViewManager
12-17 17:25:26.798 30219 30516 W unknown:ViewManagerPropertyUpdater: Could not find generated setter for class com.swmansion.rnscreens.ScreenStackHeaderSubviewManager
12-17 17:25:26.798 30219 30516 W unknown:ViewManagerPropertyUpdater: Could not find generated setter for class com.swmansion.rnscreens.ScreenStackViewManager
12-17 17:25:26.887 30219 30516 W unknown:ViewManagerPropertyUpdater: Could not find generated setter for class com.facebook.react.views.debuggingoverlay.DebuggingOverlayManager
12-17 17:25:26.896 30219 30516 W unknown:ViewManagerPropertyUpdater: Could not find generated setter for class com.swmansion.gesturehandler.react.RNGestureHandlerButtonViewManager
12-17 17:25:26.903 30219 30516 W unknown:ViewManagerPropertyUpdater: Could not find generated setter for class com.facebook.react.views.safeareaview.ReactSafeAreaViewManager
12-17 17:25:26.905 30219 30516 W unknown:ViewManagerPropertyUpdater: Could not find generated setter for class com.facebook.react.views.safeareaview.ReactSafeAreaViewShadowNode
12-17 17:25:26.911 30219 30516 W unknown:ViewManagerPropertyUpdater: Could not find generated setter for class com.facebook.react.views.modal.ReactModalHostManager
12-17 17:25:26.918 30219 30516 W unknown:ViewManagerPropertyUpdater: Could not find generated setter for class com.facebook.react.views.text.frescosupport.FrescoBasedReactTextInlineImageViewManager
12-17 17:25:26.918 30219 30516 W unknown:ViewManagerPropertyUpdater: Could not find generated setter for class com.facebook.react.views.text.frescosupport.FrescoBasedReactTextInlineImageShadowNode
12-17 17:25:26.920 30219 30517 I cr_WVCFactoryProvider: version=143.0.7499.34 (749903433) minSdkVersion=29 multiprocess=true packageId=127 splits=<none>
12-17 17:25:26.925 30219 30516 W unknown:ViewManagerPropertyUpdater: Could not find generated setter for class com.facebook.react.views.progressbar.ReactProgressBarViewManager
12-17 17:25:26.926 30219 30516 W unknown:ViewManagerPropertyUpdater: Could not find generated setter for class com.facebook.react.views.progressbar.ProgressBarShadowNode
12-17 17:25:26.931 30219 30517 D nativeloader: Load /data/app/~~RM1xaf5lo_QNw0WyFScwIQ==/com.google.android.trichromelibrary_749903433-L3I5A1EXlje8GYKm1jievg==/base.apk!/lib/arm64-v8a/libmonochrome_64.so using class loader ns clns-9 (caller=/data/app/~~5IHqvyW9MQDFVnFw1IuOJQ==/com.google.android.webview-vVFb-bX0AFCWRdqglOA3mQ==/base.apk): ok
12-17 17:25:26.934 30219 30516 W unknown:ViewManagerPropertyUpdater: Could not find generated setter for class com.facebook.react.views.scroll.ReactHorizontalScrollViewManager
12-17 17:25:26.942 30219 30516 W unknown:ViewManagerPropertyUpdater: Could not find generated setter for class com.facebook.react.views.image.ReactImageManager
12-17 17:25:26.951 30219 30516 W unknown:ViewManagerPropertyUpdater: Could not find generated setter for class com.facebook.react.views.text.ReactTextViewManager
12-17 17:25:26.952 30219 30516 W unknown:ViewManagerPropertyUpdater: Could not find generated setter for class com.facebook.react.views.text.ReactTextShadowNode
12-17 17:25:26.955 30219 30517 D nativeloader: Load /system/lib64/libwebviewchromium_plat_support.so using class loader ns clns-9 (caller=/data/app/~~5IHqvyW9MQDFVnFw1IuOJQ==/com.google.android.webview-vVFb-bX0AFCWRdqglOA3mQ==/base.apk): ok
12-17 17:25:26.960 30219 30516 W unknown:ViewManagerPropertyUpdater: Could not find generated setter for class com.facebook.react.views.scroll.ReactHorizontalScrollContainerViewManager
12-17 17:25:26.968 30219 30516 W unknown:ViewManagerPropertyUpdater: Could not find generated setter for class com.facebook.react.views.unimplementedview.ReactUnimplementedViewManager
12-17 17:25:26.975 30219 30516 W unknown:ViewManagerPropertyUpdater: Could not find generated setter for class com.facebook.react.views.scroll.ReactScrollViewManager
12-17 17:25:26.983 30219 30516 W unknown:ViewManagerPropertyUpdater: Could not find generated setter for class com.facebook.react.views.view.ReactViewManager
12-17 17:25:26.991 30219 30516 W unknown:ViewManagerPropertyUpdater: Could not find generated setter for class com.facebook.react.views.drawer.ReactDrawerLayoutManager
12-17 17:25:26.999 30219 30516 W unknown:ViewManagerPropertyUpdater: Could not find generated setter for class com.facebook.react.views.switchview.ReactSwitchManager
12-17 17:25:27.000 30219 30516 W unknown:ViewManagerPropertyUpdater: Could not find generated setter for class com.facebook.react.views.switchview.ReactSwitchShadowNode
12-17 17:25:27.002 30219 30648 I chromium: [1217/172526.982573:INFO:android_webview/browser/variations/variations_seed_loader.cc:67] Failed to open file for reading.: No such file or directory (2)
12-17 17:25:27.006 30219 30516 W unknown:ViewManagerPropertyUpdater: Could not find generated setter for class com.facebook.react.views.text.ReactVirtualTextViewManager
12-17 17:25:27.007 30219 30516 W unknown:ViewManagerPropertyUpdater: Could not find generated setter for class com.facebook.react.views.text.ReactVirtualTextShadowNode
12-17 17:25:27.012 30219 30648 I chromium: [1217/172527.012846:INFO:android_webview/browser/variations/variations_seed_loader.cc:67] Failed to open file for reading.: No such file or directory (2)
12-17 17:25:27.015 30219 30516 W unknown:ViewManagerPropertyUpdater: Could not find generated setter for class com.facebook.react.views.swiperefresh.SwipeRefreshLayoutManager
12-17 17:25:27.021 30219 30516 W unknown:ViewManagerPropertyUpdater: Could not find generated setter for class com.facebook.react.views.text.ReactRawTextManager
12-17 17:25:27.022 30219 30516 W unknown:ViewManagerPropertyUpdater: Could not find generated setter for class com.facebook.react.views.text.ReactRawTextShadowNode
12-17 17:25:27.026 30219 30516 W unknown:ViewManagerPropertyUpdater: Could not find generated setter for class com.facebook.react.views.textinput.ReactTextInputManager
12-17 17:25:27.029 30219 30516 W unknown:ViewManagerPropertyUpdater: Could not find generated setter for class com.facebook.react.views.textinput.ReactTextInputShadowNode
12-17 17:25:27.039 30219 30516 W unknown:ViewManagerPropertyUpdater: Could not find generated setter for class com.swmansion.gesturehandler.react.RNGestureHandlerRootViewManager
12-17 17:25:27.146 30219 30517 I cr_LibraryLoader: Successfully loaded native library
12-17 17:25:27.183 30219 30517 I cr_CachingUmaRecorder: Flushed 16 samples from 16 histograms, 0 samples were dropped.
12-17 17:25:27.271 30219 30516 D Detox.RNMarker: RUN_JS_BUNDLE_END (/index.bundle?platform=android&dev=true&lazy=true&minify=false&app=com.detoxtest&modulesOnly=false&runModule=true&excludeSource=true&sourcePaths=url-server)
12-17 17:25:27.283 30219 30516 I ReactNativeJS: Running "DetoxTest" with {"rootTag":11,"initialProps":{},"fabric":true}
12-17 17:25:27.433 30219 30219 W UiControllerImpl: Waiting for: DYNAMIC_TASKS_HAVE_IDLED for 100 iterations.
12-17 17:25:27.631 30219 30516 V AsyncStorageExpoMigration: No scoped database found
12-17 17:25:28.184 30219 30219 D Detox.RNMarker: CONTENT_APPEARED (DetoxTest)
12-17 17:25:28.226 30219 30516 I ReactNativeJS: Store rehydrated successfully
12-17 17:25:28.229 30219 30219 W UiControllerImpl: Waiting for: DYNAMIC_TASKS_HAVE_IDLED for 200 iterations.
12-17 17:25:28.563 30219 30516 D nativeloader: Load /data/app/~~g4JwW7vSiW_sKgbdSRMRNg==/com.detoxtest-gPPUxClrRJ45z6ZBHfKfjQ==/base.apk!/lib/arm64-v8a/librnscreens.so using class loader ns clns-4 (caller=/data/app/~~g4JwW7vSiW_sKgbdSRMRNg==/com.detoxtest-gPPUxClrRJ45z6ZBHfKfjQ==/base.apk!classes14.dex): ok
12-17 17:25:28.975 30219 30219 W UiControllerImpl: Waiting for: DYNAMIC_TASKS_HAVE_IDLED for 300 iterations.
12-17 17:25:29.004 30219 30853 D ProfileInstaller: Installing profile for com.detoxtest
12-17 17:25:29.248 30219 30231 I com.detoxtest: NativeAlloc concurrent copying GC freed 24MB AllocSpace bytes, 11(544KB) LOS objects, 49% free, 8598KB/16MB, paused 198us,611us total 101.938ms
12-17 17:25:29.277 30219 30219 D CompatibilityChangeReporter: Compat change id reported: 171228096; UID 10954; state: ENABLED
12-17 17:25:29.278 30219 30219 I com.detoxtest: hiddenapi: Accessing hidden field Landroid/widget/ScrollView;->mScroller:Landroid/widget/OverScroller; (runtime_flags=0, domain=platform, api=unsupported) from Lcom/facebook/react/views/scroll/ReactScrollView; (domain=app) using reflection: allowed
12-17 17:25:29.497 30219 30219 I ReactNative: [GESTURE HANDLER] Initialize gesture handler for root view com.facebook.react.runtime.ReactSurfaceView{efd77cd V.E...... ......ID 0,0-1080,2225 #b}
12-17 17:25:29.611 30219 30516 D nativeloader: Load /data/app/~~g4JwW7vSiW_sKgbdSRMRNg==/com.detoxtest-gPPUxClrRJ45z6ZBHfKfjQ==/base.apk!/lib/arm64-v8a/libgesturehandler.so using class loader ns clns-4 (caller=/data/app/~~g4JwW7vSiW_sKgbdSRMRNg==/com.detoxtest-gPPUxClrRJ45z6ZBHfKfjQ==/base.apk): ok
12-17 17:25:29.618 30219 30516 D jni_lib_merge: Entering merged library JNI_OnLoad.
12-17 17:25:29.618 30219 30516 D jni_lib_merge: Preparing 12 pre-merged libs (including stub)
12-17 17:25:29.618 30219 30516 D jni_lib_merge: Preparing to register libfabricjni_so.  onload_func: 0x74c589e948
12-17 17:25:29.618 30219 30516 D jni_lib_merge: Preparing to register libreact_devsupportjni_so.  onload_func: 0x74c5ab42a4
12-17 17:25:29.618 30219 30516 D jni_lib_merge: Preparing to register libreact_featureflagsjni_so.  onload_func: 0x74c5abff10
12-17 17:25:29.618 30219 30516 D jni_lib_merge: Preparing to register libreact_newarchdefaults_so.  onload_func: 0x74c5b28eac
12-17 17:25:29.618 30219 30516 D jni_lib_merge: Preparing to register libreactnativeblob_so.  onload_func: 0x74c5d1995c
12-17 17:25:29.618 30219 30516 D jni_lib_merge: Preparing to register libreactnativejni_so.  onload_func: 0x74c5d67114
12-17 17:25:29.618 30219 30516 D jni_lib_merge: Preparing to register libreactnativejni_common_so.  onload_func: 0x74c5d77a9c
12-17 17:25:29.618 30219 30516 D jni_lib_merge: Preparing to register librninstance_so.  onload_func: 0x74c5dae250
12-17 17:25:29.618 30219 30516 D jni_lib_merge: Preparing to register libturbomodulejsijni_so.  onload_func: 0x74c5ec5a24
12-17 17:25:29.618 30219 30516 D jni_lib_merge: Preparing to register libuimanagerjni_so.  onload_func: 0x74c5edea74
12-17 17:25:29.618 30219 30516 D jni_lib_merge: Preparing to register libyoga_so.  onload_func: 0x74c5eee4f8
12-17 17:25:29.618 30219 30516 D jni_lib_merge: About to register 11 actual methods.
12-17 17:25:29.787 30219 31060 D nativeloader: Load /data/app/~~g4JwW7vSiW_sKgbdSRMRNg==/com.detoxtest-gPPUxClrRJ45z6ZBHfKfjQ==/base.apk!/lib/arm64-v8a/libimagepipeline.so using class loader ns clns-4 (caller=/data/app/~~g4JwW7vSiW_sKgbdSRMRNg==/com.detoxtest-gPPUxClrRJ45z6ZBHfKfjQ==/base.apk): ok
12-17 17:25:29.822 30219 30235 I OpenGLRenderer: Davey! duration=9223300360860ms; Flags=0, FrameTimelineVsyncId=2223288, IntendedVsync=71675994439209, Vsync=71676011105875, InputEventId=0, HandleInputStart=71676014201355, AnimationStart=71676014203126, PerformTraversalsStart=71676160430641, DrawStart=71676174602413, FrameDeadline=71676010105875, FrameInterval=71676014197449, FrameStartTime=8333333, SyncQueued=71676183755903, SyncStart=71676183817830, IssueDrawCommandsStart=71676183968768, SwapBuffers=71676323346646, FrameCompleted=9223372036854775807, DequeueBufferDuration=22396, QueueBufferDuration=1101094, GpuCompleted=9223372036854775807, SwapBuffersCompleted=71676324840553, DisplayPresentTime=0, 
12-17 17:25:30.468 30219 30219 W UiControllerImpl: Waiting for: DYNAMIC_TASKS_HAVE_IDLED for 500 iterations.
12-17 17:25:31.301 30219 30219 W UiControllerImpl: Waiting for: DYNAMIC_TASKS_HAVE_IDLED for 600 iterations.
12-17 17:25:31.670 30219 30219 I Detox   : Wait is over: App is now idle!
12-17 17:25:31.671 30219 30360 I DetoxWSClient: Sending out action 'ready' (ID #-1000)
12-17 17:25:31.672 30219 30360 I DetoxDispatcher: Done with action 'isReady'
