--------- beginning of main
12-16 15:35:20.235 29545 29586 D DetoxWSClient: Received action 'invoke' (ID #13, params={"target":{"type":"Class","value":"com.wix.detox.espresso.DetoxAssertion"},"method":"waitForAssertMatcher","args":[{"type":"Invocation","value":{"target":{"type":"Class","value":"androidx.test.espresso.Espresso"},"method":"onView","args":[{"type":"Invocation","value":{"target":{"type":"Class","value":"com.wix.detox.espresso.DetoxMatcher"},"method":"matcherForTestId","args":["home-tab-root",{"type":"boolean","value":false}]}}]}},{"type":"Invocation","value":{"target":{"type":"Class","value":"com.wix.detox.espresso.DetoxMatcher"},"method":"matcherForSufficientlyVisible","args":[{"type":"Integer","value":75}]}},{"type":"Double","value":15}]})
12-16 15:35:20.251 29545 29577 I DetoxDispatcher: Handling action 'invoke' (ID #13)...
12-16 15:35:20.275 29545 29577 D Detox   : class com.wix.detox.espresso.DetoxMatcher, matcherForTestId, [home-tab-root, false]
12-16 15:35:20.302 29545 29577 D Detox   : class androidx.test.espresso.Espresso, onView, [(view.getTag() is "home-tab-root" and view has effective visibility <VISIBLE>)]
12-16 15:35:20.311 29545 29577 D Detox   : class com.wix.detox.espresso.DetoxMatcher, matcherForSufficientlyVisible, [75]
12-16 15:35:20.313 29545 29577 D Detox   : class com.wix.detox.espresso.DetoxAssertion, waitForAssertMatcher, [androidx.test.espresso.ViewInteraction@3991ba0, (view has effective visibility <VISIBLE> and view.getGlobalVisibleRect() covers at least <75> percent of the view's area), 15.0]
12-16 15:35:20.380 29545 29545 I ViewInteraction: Checking 'MatchesViewAssertion(Detox){viewMatcher=(view has effective visibility <VISIBLE> and view.getGlobalVisibleRect() covers at least <75> percent of the view's area)}' assertion on view (view.getTag() is "home-tab-root" and view has effective visibility <VISIBLE>)
12-16 15:35:20.383 29545 29577 I DetoxWSClient: Sending out action 'invokeResult' (ID #13)
12-16 15:35:20.384 29545 29577 I DetoxDispatcher: Done with action 'invoke'
12-16 15:35:20.884 29545 29586 D DetoxWSClient: Received action 'invoke' (ID #14, params={"target":{"type":"Class","value":"com.wix.detox.espresso.DetoxAssertion"},"method":"assertMatcher","args":[{"type":"Invocation","value":{"target":{"type":"Class","value":"androidx.test.espresso.Espresso"},"method":"onView","args":[{"type":"Invocation","value":{"target":{"type":"Class","value":"com.wix.detox.espresso.DetoxMatcher"},"method":"matcherForTestId","args":["home-tab-root",{"type":"boolean","value":false}]}}]}},{"type":"Invocation","value":{"target":{"type":"Class","value":"com.wix.detox.espresso.DetoxMatcher"},"method":"matcherForSufficientlyVisible","args":[{"type":"Integer","value":75}]}}]})
12-16 15:35:20.924 29545 29577 I DetoxDispatcher: Handling action 'invoke' (ID #14)...
12-16 15:35:20.931 29545 29577 D Detox   : class com.wix.detox.espresso.DetoxMatcher, matcherForTestId, [home-tab-root, false]
12-16 15:35:20.931 29545 29577 D Detox   : class androidx.test.espresso.Espresso, onView, [(view.getTag() is "home-tab-root" and view has effective visibility <VISIBLE>)]
12-16 15:35:20.931 29545 29577 D Detox   : class com.wix.detox.espresso.DetoxMatcher, matcherForSufficientlyVisible, [75]
12-16 15:35:20.932 29545 29577 D Detox   : class com.wix.detox.espresso.DetoxAssertion, assertMatcher, [androidx.test.espresso.ViewInteraction@386ab1e, (view has effective visibility <VISIBLE> and view.getGlobalVisibleRect() covers at least <75> percent of the view's area)]
12-16 15:35:20.946 29545 29545 I ViewInteraction: Checking 'MatchesViewAssertion(Detox){viewMatcher=(view has effective visibility <VISIBLE> and view.getGlobalVisibleRect() covers at least <75> percent of the view's area)}' assertion on view (view.getTag() is "home-tab-root" and view has effective visibility <VISIBLE>)
12-16 15:35:20.950 29545 29577 I DetoxWSClient: Sending out action 'invokeResult' (ID #14)
12-16 15:35:20.950 29545 29577 I DetoxDispatcher: Done with action 'invoke'
12-16 15:35:21.143 29545 29586 D DetoxWSClient: Received action 'invoke' (ID #15, params={"target":{"type":"Class","value":"com.wix.detox.espresso.EspressoDetox"},"method":"perform","args":[{"type":"Invocation","value":{"target":{"type":"Class","value":"com.wix.detox.espresso.DetoxMatcher"},"method":"matcherForTestId","args":["details-tab",{"type":"boolean","value":false}]}},{"type":"Invocation","value":{"target":{"type":"Class","value":"com.wix.detox.espresso.DetoxViewActions"},"method":"click","args":[]}}]})
12-16 15:35:21.172 29545 29577 I DetoxDispatcher: Handling action 'invoke' (ID #15)...
12-16 15:35:21.172 29545 29577 D Detox   : class com.wix.detox.espresso.DetoxMatcher, matcherForTestId, [details-tab, false]
12-16 15:35:21.173 29545 29577 D Detox   : class com.wix.detox.espresso.DetoxViewActions, click, []
12-16 15:35:21.173 29545 29577 D Detox   : class com.wix.detox.espresso.EspressoDetox, perform, [(view.getTag() is "details-tab" and view has effective visibility <VISIBLE>), com.wix.detox.espresso.action.RNClickAction@fae2fff]
12-16 15:35:21.179 29545 29545 I ViewInteraction: Performing 'com.wix.detox.espresso.action.detoxsingletap@e0451cc click' action on view (view.getTag() is "details-tab" and view has effective visibility <VISIBLE>)
12-16 15:35:23.393 29545 29598 I OpenGLRenderer: Davey! duration=963ms; Flags=0, IntendedVsync=20784755230947, Vsync=20784755230947, OldestInputEvent=9223372036854775807, NewestInputEvent=0, HandleInputStart=20784767369002, AnimationStart=20784767371958, PerformTraversalsStart=20785659900559, DrawStart=20785662026953, SyncQueued=20785687071311, SyncStart=20785688315669, IssueDrawCommandsStart=20785688530920, SwapBuffers=20785705375695, FrameCompleted=20785720084925, DequeueBufferDuration=204596, QueueBufferDuration=11535589, GpuCompleted=632200975479999011, 
12-16 15:35:25.258 29545 29577 I DetoxWSClient: Sending out action 'invokeResult' (ID #15)
12-16 15:35:25.279 29545 29577 I DetoxDispatcher: Done with action 'invoke'
12-16 15:35:25.303 29545 29586 D DetoxWSClient: Received action 'currentStatus' (ID #16, params={})
12-16 15:35:25.333 29545 29578 I DetoxDispatcher: Handling action 'currentStatus' (ID #16)...
12-16 15:35:25.351 29545 29578 I DetoxWSClient: Sending out action 'currentStatusResult' (ID #16)
12-16 15:35:25.551 29545 29578 I DetoxDispatcher: Done with action 'currentStatus'
12-16 15:35:26.792 29545 29586 D DetoxWSClient: Received action 'invoke' (ID #17, params={"target":{"type":"Class","value":"com.wix.detox.espresso.DetoxAssertion"},"method":"assertMatcher","args":[{"type":"Invocation","value":{"target":{"type":"Class","value":"androidx.test.espresso.Espresso"},"method":"onView","args":[{"type":"Invocation","value":{"target":{"type":"Class","value":"com.wix.detox.espresso.DetoxMatcher"},"method":"matcherForTestId","args":["details-screen-root",{"type":"boolean","value":false}]}}]}},{"type":"Invocation","value":{"target":{"type":"Class","value":"com.wix.detox.espresso.DetoxMatcher"},"method":"matcherForSufficientlyVisible","args":[{"type":"Integer","value":75}]}}]})
12-16 15:35:26.792 29545 29577 I DetoxDispatcher: Handling action 'invoke' (ID #17)...
12-16 15:35:26.793 29545 29577 D Detox   : class com.wix.detox.espresso.DetoxMatcher, matcherForTestId, [details-screen-root, false]
12-16 15:35:26.793 29545 29577 D Detox   : class androidx.test.espresso.Espresso, onView, [(view.getTag() is "details-screen-root" and view has effective visibility <VISIBLE>)]
12-16 15:35:26.794 29545 29577 D Detox   : class com.wix.detox.espresso.DetoxMatcher, matcherForSufficientlyVisible, [75]
12-16 15:35:26.795 29545 29577 D Detox   : class com.wix.detox.espresso.DetoxAssertion, assertMatcher, [androidx.test.espresso.ViewInteraction@ac25eec, (view has effective visibility <VISIBLE> and view.getGlobalVisibleRect() covers at least <75> percent of the view's area)]
12-16 15:35:26.800 29545 29545 I ViewInteraction: Checking 'MatchesViewAssertion(Detox){viewMatcher=(view has effective visibility <VISIBLE> and view.getGlobalVisibleRect() covers at least <75> percent of the view's area)}' assertion on view (view.getTag() is "details-screen-root" and view has effective visibility <VISIBLE>)
12-16 15:35:26.803 29545 29577 I DetoxWSClient: Sending out action 'invokeResult' (ID #17)
12-16 15:35:26.803 29545 29577 I DetoxDispatcher: Done with action 'invoke'
12-16 15:35:26.817 29545 29586 D DetoxWSClient: Received action 'invoke' (ID #18, params={"target":{"type":"Class","value":"com.wix.detox.espresso.DetoxAssertion"},"method":"assertMatcher","args":[{"type":"Invocation","value":{"target":{"type":"Class","value":"androidx.test.espresso.Espresso"},"method":"onView","args":[{"type":"Invocation","value":{"target":{"type":"Class","value":"com.wix.detox.espresso.DetoxMatcher"},"method":"matcherForTestId","args":["details-title",{"type":"boolean","value":false}]}}]}},{"type":"Invocation","value":{"target":{"type":"Class","value":"com.wix.detox.espresso.DetoxMatcher"},"method":"matcherForSufficientlyVisible","args":[{"type":"Integer","value":75}]}}]})
12-16 15:35:26.818 29545 29577 I DetoxDispatcher: Handling action 'invoke' (ID #18)...
12-16 15:35:26.819 29545 29577 D Detox   : class com.wix.detox.espresso.DetoxMatcher, matcherForTestId, [details-title, false]
12-16 15:35:26.820 29545 29577 D Detox   : class androidx.test.espresso.Espresso, onView, [(view.getTag() is "details-title" and view has effective visibility <VISIBLE>)]
12-16 15:35:26.820 29545 29577 D Detox   : class com.wix.detox.espresso.DetoxMatcher, matcherForSufficientlyVisible, [75]
12-16 15:35:26.821 29545 29577 D Detox   : class com.wix.detox.espresso.DetoxAssertion, assertMatcher, [androidx.test.espresso.ViewInteraction@406fd4a, (view has effective visibility <VISIBLE> and view.getGlobalVisibleRect() covers at least <75> percent of the view's area)]
12-16 15:35:26.824 29545 29545 I ViewInteraction: Checking 'MatchesViewAssertion(Detox){viewMatcher=(view has effective visibility <VISIBLE> and view.getGlobalVisibleRect() covers at least <75> percent of the view's area)}' assertion on view (view.getTag() is "details-title" and view has effective visibility <VISIBLE>)
12-16 15:35:26.829 29545 29577 I DetoxWSClient: Sending out action 'invokeResult' (ID #18)
12-16 15:35:26.829 29545 29577 I DetoxDispatcher: Done with action 'invoke'
12-16 15:35:26.956 29545 29557 I com.detoxtest: NativeAlloc concurrent copying GC freed 96660(4787KB) AllocSpace objects, 5(100KB) LOS objects, 49% free, 7127KB/13MB, paused 28us total 162.045ms
