--------- beginning of main
12-17 16:58:37.437 19795 19795 I com.detoxtest: Late-enabling -Xcheck:jni
12-17 16:58:37.462 19795 19795 I com.detoxtest: Using CollectorTypeCC GC.
12-17 16:58:37.477 19795 19795 D ProcessState: Binder ioctl to enable oneway spam detection failed: Invalid argument
12-17 16:58:37.503 19795 19795 I ActivityThread: Relaunch all activities: onCoreSettingsChange
12-17 16:58:37.505 19795 19795 D CompatibilityChangeReporter: Compat change id reported: 171979766; UID 10942; state: ENABLED
--------- beginning of system
12-17 16:58:37.514 19795 19795 W ActivityThread: Package uses different ABI(s) than its instrumentation: package[com.detoxtest]: arm64-v8a, null instrumentation[com.detoxtest.test]: null, null
12-17 16:58:37.867 19795 19795 D nativeloader: Configuring clns-4 for other apk /system/framework/android.test.runner.jar:/system/framework/android.test.mock.jar:/system/framework/android.test.base.jar:/data/app/~~aLCwbSplRwULxECVxQcEwg==/com.detoxtest.test-UXnzehXvXFBhnkN54UeRsw==/base.apk:/data/app/~~ahMRWPdz5igw2lUg7DnrZA==/com.detoxtest-JHB8Tyz4kU-UI-sVw72ZWQ==/base.apk. target_sdk_version=35, uses_libraries=, library_path=/data/app/~~aLCwbSplRwULxECVxQcEwg==/com.detoxtest.test-UXnzehXvXFBhnkN54UeRsw==/lib/arm64:/data/app/~~ahMRWPdz5igw2lUg7DnrZA==/com.detoxtest-JHB8Tyz4kU-UI-sVw72ZWQ==/lib/arm64:/data/app/~~aLCwbSplRwULxECVxQcEwg==/com.detoxtest.test-UXnzehXvXFBhnkN54UeRsw==/base.apk!/lib/arm64-v8a:/data/app/~~ahMRWPdz5igw2lUg7DnrZA==/com.detoxtest-JHB8Tyz4kU-UI-sVw72ZWQ==/base.apk!/lib/arm64-v8a, permitted_path=/data:/mnt/expand:/data/user/0/com.detoxtest
12-17 16:58:37.877 19795 19795 V GraphicsEnvironment: ANGLE Developer option for 'com.detoxtest' set to: 'default'
12-17 16:58:37.878 19795 19795 V GraphicsEnvironment: ANGLE GameManagerService for com.detoxtest: false
12-17 16:58:37.879 19795 19795 V GraphicsEnvironment: Updatable production driver is not supported on the device.
12-17 16:58:37.881 19795 19795 D ApplicationLoaders: Returning zygote-cached class loader: /system/framework/android.test.base.jar
12-17 16:58:37.883 19795 19795 D nativeloader: Configuring clns-5 for other apk /system/framework/android.test.mock.jar. target_sdk_version=35, uses_libraries=ALL, library_path=/data/app/~~aLCwbSplRwULxECVxQcEwg==/com.detoxtest.test-UXnzehXvXFBhnkN54UeRsw==/lib/arm64:/data/app/~~ahMRWPdz5igw2lUg7DnrZA==/com.detoxtest-JHB8Tyz4kU-UI-sVw72ZWQ==/lib/arm64, permitted_path=/data:/mnt/expand
12-17 16:58:37.883 19795 19795 D nativeloader: Extending system_exposed_libraries: libvraudio_client.qti.so:libbinauralrenderer_wrapper.qti.so:libhoaeffects.qti.so:libjni_helper.motocameradesktop.so:libimgTuner_jni.motoimagetuner.so:libmcf_native_window_helper.motocamera.so:libupdateprof.qti.so:libdiag_system.qti.so:libqape.qti.so:libqesdk_ndk_platform.qti.so:liblistenjni.qti.so
12-17 16:58:37.885 19795 19795 D ApplicationLoaders: Returning zygote-cached class loader: /system/framework/android.test.base.jar
12-17 16:58:37.887 19795 19795 D nativeloader: Configuring clns-6 for other apk /system/framework/android.test.runner.jar. target_sdk_version=35, uses_libraries=ALL, library_path=/data/app/~~aLCwbSplRwULxECVxQcEwg==/com.detoxtest.test-UXnzehXvXFBhnkN54UeRsw==/lib/arm64:/data/app/~~ahMRWPdz5igw2lUg7DnrZA==/com.detoxtest-JHB8Tyz4kU-UI-sVw72ZWQ==/lib/arm64, permitted_path=/data:/mnt/expand
12-17 16:58:37.887 19795 19795 D nativeloader: Extending system_exposed_libraries: libvraudio_client.qti.so:libbinauralrenderer_wrapper.qti.so:libhoaeffects.qti.so:libjni_helper.motocameradesktop.so:libimgTuner_jni.motoimagetuner.so:libmcf_native_window_helper.motocamera.so:libupdateprof.qti.so:libdiag_system.qti.so:libqape.qti.so:libqesdk_ndk_platform.qti.so:liblistenjni.qti.so
12-17 16:58:38.216 19795 19795 D NetworkSecurityConfig: Using Network Security Config from resource network_security_config debugBuild: true
12-17 16:58:38.218 19795 19795 D NetworkSecurityConfig: Using Network Security Config from resource network_security_config debugBuild: true
12-17 16:58:38.219 19795 19795 I AndroidJUnitRunner: newApplication com.detoxtest.MainApplication
12-17 16:58:38.245 19795 19795 I AndroidJUnitRunner: onCreate Bundle[mParcelledData.dataSize=240]
12-17 16:58:38.247 19795 19795 D AndroidJUnitRunner: Use the raw file system for managing file I/O.
12-17 16:58:38.295 19795 19795 V TestEventClient: No service name argument was given (testDiscoveryService, testRunEventService or orchestratorService)
12-17 16:58:38.296 19795 19824 D AndroidJUnitRunner: onStart is called.
12-17 16:58:38.300 19795 19795 W SoLoader: Initializing SoLoader: 0
12-17 16:58:38.302 19795 19795 W SoLoader: Recording new base apk path: /data/app/~~ahMRWPdz5igw2lUg7DnrZA==/com.detoxtest-JHB8Tyz4kU-UI-sVw72ZWQ==/base.apk
12-17 16:58:38.302 19795 19795 W SoLoader: Previously recorded 0 base apk paths.
12-17 16:58:38.303 19795 19795 I SoLoader: Preparing SO source: DirectorySoSource[root = /vendor/lib64 flags = 2]
12-17 16:58:38.304 19795 19795 I SoLoader: Preparing SO source: DirectorySoSource[root = /system/lib64 flags = 2]
12-17 16:58:38.304 19795 19795 I SoLoader: Preparing SO source: DirectApkSoSource[root = [/data/app/~~ahMRWPdz5igw2lUg7DnrZA==/com.detoxtest-JHB8Tyz4kU-UI-sVw72ZWQ==/base.apk!/lib/arm64-v8a]]
12-17 16:58:38.324 19795 19795 I SoLoader: Preparing SO source: ApplicationSoSource[DirectorySoSource[root = /data/app/~~ahMRWPdz5igw2lUg7DnrZA==/com.detoxtest-JHB8Tyz4kU-UI-sVw72ZWQ==/lib/arm64 flags = 0]]
12-17 16:58:38.324 19795 19795 I SoLoader: init finish: 4 SO sources prepared
12-17 16:58:38.324 19795 19795 W SoLoader: SoLoader initialized: 8
12-17 16:58:38.337 19795 19795 D nativeloader: Load /data/app/~~ahMRWPdz5igw2lUg7DnrZA==/com.detoxtest-JHB8Tyz4kU-UI-sVw72ZWQ==/base.apk!/lib/arm64-v8a/libc++_shared.so using class loader ns clns-4 (caller=/data/app/~~ahMRWPdz5igw2lUg7DnrZA==/com.detoxtest-JHB8Tyz4kU-UI-sVw72ZWQ==/base.apk): ok
12-17 16:58:38.342 19795 19795 D nativeloader: Load /data/app/~~ahMRWPdz5igw2lUg7DnrZA==/com.detoxtest-JHB8Tyz4kU-UI-sVw72ZWQ==/base.apk!/lib/arm64-v8a/libjsi.so using class loader ns clns-4 (caller=/data/app/~~ahMRWPdz5igw2lUg7DnrZA==/com.detoxtest-JHB8Tyz4kU-UI-sVw72ZWQ==/base.apk): ok
12-17 16:58:38.346 19795 19795 D nativeloader: Load /data/app/~~ahMRWPdz5igw2lUg7DnrZA==/com.detoxtest-JHB8Tyz4kU-UI-sVw72ZWQ==/base.apk!/lib/arm64-v8a/libfbjni.so using class loader ns clns-4 (caller=/data/app/~~ahMRWPdz5igw2lUg7DnrZA==/com.detoxtest-JHB8Tyz4kU-UI-sVw72ZWQ==/base.apk): ok
12-17 16:58:38.355 19795 19795 D nativeloader: Load /data/app/~~ahMRWPdz5igw2lUg7DnrZA==/com.detoxtest-JHB8Tyz4kU-UI-sVw72ZWQ==/base.apk!/lib/arm64-v8a/libreactnative.so using class loader ns clns-4 (caller=/data/app/~~ahMRWPdz5igw2lUg7DnrZA==/com.detoxtest-JHB8Tyz4kU-UI-sVw72ZWQ==/base.apk): ok
12-17 16:58:38.355 19795 19795 D jni_lib_merge: Entering merged library JNI_OnLoad.
12-17 16:58:38.355 19795 19795 D jni_lib_merge: Preparing 12 pre-merged libs (including stub)
12-17 16:58:38.355 19795 19795 D jni_lib_merge: Preparing to register libfabricjni_so.  onload_func: 0x74c7876948
12-17 16:58:38.355 19795 19795 D jni_lib_merge: Preparing to register libreact_devsupportjni_so.  onload_func: 0x74c7a8c2a4
12-17 16:58:38.355 19795 19795 D jni_lib_merge: Preparing to register libreact_featureflagsjni_so.  onload_func: 0x74c7a97f10
12-17 16:58:38.355 19795 19795 D jni_lib_merge: Preparing to register libreact_newarchdefaults_so.  onload_func: 0x74c7b00eac
12-17 16:58:38.355 19795 19795 D jni_lib_merge: Preparing to register libreactnativeblob_so.  onload_func: 0x74c7cf195c
12-17 16:58:38.355 19795 19795 D jni_lib_merge: Preparing to register libreactnativejni_so.  onload_func: 0x74c7d3f114
12-17 16:58:38.355 19795 19795 D jni_lib_merge: Preparing to register libreactnativejni_common_so.  onload_func: 0x74c7d4fa9c
12-17 16:58:38.355 19795 19795 D jni_lib_merge: Preparing to register librninstance_so.  onload_func: 0x74c7d86250
12-17 16:58:38.355 19795 19795 D jni_lib_merge: Preparing to register libturbomodulejsijni_so.  onload_func: 0x74c7e9da24
12-17 16:58:38.355 19795 19795 D jni_lib_merge: Preparing to register libuimanagerjni_so.  onload_func: 0x74c7eb6a74
12-17 16:58:38.355 19795 19795 D jni_lib_merge: Preparing to register libyoga_so.  onload_func: 0x74c7ec64f8
12-17 16:58:38.355 19795 19795 D jni_lib_merge: About to register 11 actual methods.
12-17 16:58:38.365 19795 19795 D nativeloader: Load /data/app/~~ahMRWPdz5igw2lUg7DnrZA==/com.detoxtest-JHB8Tyz4kU-UI-sVw72ZWQ==/base.apk!/lib/arm64-v8a/libreact_codegen_rnscreens.so using class loader ns clns-4 (caller=/data/app/~~ahMRWPdz5igw2lUg7DnrZA==/com.detoxtest-JHB8Tyz4kU-UI-sVw72ZWQ==/base.apk): ok
12-17 16:58:38.365 19795 19795 D jni_lib_merge: Entering merged library JNI_OnLoad.
12-17 16:58:38.365 19795 19795 D jni_lib_merge: Preparing 12 pre-merged libs (including stub)
12-17 16:58:38.365 19795 19795 D jni_lib_merge: Preparing to register libfabricjni_so.  onload_func: 0x74c7876948
12-17 16:58:38.365 19795 19795 D jni_lib_merge: Preparing to register libreact_devsupportjni_so.  onload_func: 0x74c7a8c2a4
12-17 16:58:38.365 19795 19795 D jni_lib_merge: Preparing to register libreact_featureflagsjni_so.  onload_func: 0x74c7a97f10
12-17 16:58:38.365 19795 19795 D jni_lib_merge: Preparing to register libreact_newarchdefaults_so.  onload_func: 0x74c7b00eac
12-17 16:58:38.365 19795 19795 D jni_lib_merge: Preparing to register libreactnativeblob_so.  onload_func: 0x74c7cf195c
12-17 16:58:38.365 19795 19795 D jni_lib_merge: Preparing to register libreactnativejni_so.  onload_func: 0x74c7d3f114
12-17 16:58:38.365 19795 19795 D jni_lib_merge: Preparing to register libreactnativejni_common_so.  onload_func: 0x74c7d4fa9c
12-17 16:58:38.365 19795 19795 D jni_lib_merge: Preparing to register librninstance_so.  onload_func: 0x74c7d86250
12-17 16:58:38.365 19795 19795 D jni_lib_merge: Preparing to register libturbomodulejsijni_so.  onload_func: 0x74c7e9da24
12-17 16:58:38.365 19795 19795 D jni_lib_merge: Preparing to register libuimanagerjni_so.  onload_func: 0x74c7eb6a74
12-17 16:58:38.365 19795 19795 D jni_lib_merge: Preparing to register libyoga_so.  onload_func: 0x74c7ec64f8
12-17 16:58:38.365 19795 19795 D jni_lib_merge: About to register 11 actual methods.
12-17 16:58:38.370 19795 19795 D nativeloader: Load /data/app/~~ahMRWPdz5igw2lUg7DnrZA==/com.detoxtest-JHB8Tyz4kU-UI-sVw72ZWQ==/base.apk!/lib/arm64-v8a/libreact_codegen_safeareacontext.so using class loader ns clns-4 (caller=/data/app/~~ahMRWPdz5igw2lUg7DnrZA==/com.detoxtest-JHB8Tyz4kU-UI-sVw72ZWQ==/base.apk): ok
12-17 16:58:38.373 19795 19795 D nativeloader: Load /data/app/~~ahMRWPdz5igw2lUg7DnrZA==/com.detoxtest-JHB8Tyz4kU-UI-sVw72ZWQ==/base.apk!/lib/arm64-v8a/libappmodules.so using class loader ns clns-4 (caller=/data/app/~~ahMRWPdz5igw2lUg7DnrZA==/com.detoxtest-JHB8Tyz4kU-UI-sVw72ZWQ==/base.apk): ok
12-17 16:58:38.399 19795 19824 D TestRequestBuilder: Using class path scanning to discover tests
12-17 16:58:38.399 19795 19824 I TestRequestBuilder: Scanning classpath to find tests in paths [/data/app/~~aLCwbSplRwULxECVxQcEwg==/com.detoxtest.test-UXnzehXvXFBhnkN54UeRsw==/base.apk]
12-17 16:58:38.401 19795 19824 W com.detoxtest: Opening an oat file without a class loader. Are you using the deprecated DexFile APIs?
12-17 16:58:38.950 19795 19824 I TestRunner: run started: 1 tests
12-17 16:58:38.951 19795 19824 I TestRunner: started: runDetoxTests(com.detoxtest.DetoxTest)
12-17 16:58:38.959 19795 19824 I Detox   : Detox server connection details: url=ws://localhost:51959, sessionId=16f1b005-1e48-ad8d-f234-e08193df1d4c
12-17 16:58:38.966 19795 19824 W FileTestStorage: Output properties is not supported.
12-17 16:58:38.966 19795 19824 I Tracing : Tracer added: class androidx.test.platform.tracing.AndroidXTracer
12-17 16:58:38.974 19795 19824 D EventInjectionStrategy: Creating injection strategy with input manager.
12-17 16:58:38.974 19795 19824 I com.detoxtest: hiddenapi: Accessing hidden method Landroid/hardware/input/InputManager;->getInstance()Landroid/hardware/input/InputManager; (runtime_flags=0, domain=platform, api=unsupported) from Landroidx/test/espresso/base/InputManagerEventInjectionStrategy; (domain=app) using reflection: allowed
12-17 16:58:38.974 19795 19824 I com.detoxtest: hiddenapi: Accessing hidden method Landroid/hardware/input/InputManager;->injectInputEvent(Landroid/view/InputEvent;I)Z (runtime_flags=0, domain=platform, api=unsupported) from Landroidx/test/espresso/base/InputManagerEventInjectionStrategy; (domain=app) using reflection: allowed
12-17 16:58:38.974 19795 19824 I com.detoxtest: hiddenapi: Accessing hidden field Landroid/hardware/input/InputManager;->INJECT_INPUT_EVENT_MODE_WAIT_FOR_FINISH:I (runtime_flags=0, domain=platform, api=unsupported) from Landroidx/test/espresso/base/InputManagerEventInjectionStrategy; (domain=app) using reflection: allowed
12-17 16:58:38.980 19795 19824 I com.detoxtest: hiddenapi: Accessing hidden field Ljava/lang/reflect/Field;->accessFlags:I (runtime_flags=0, domain=core-platform, api=unsupported) from Lorg/joor/Reflect; (domain=app) using reflection: allowed
12-17 16:58:38.982 19795 19824 I Detox   : Connecting to server...
12-17 16:58:38.982 19795 19824 I DetoxWSClient: At connectToServer
12-17 16:58:39.145 19795 19834 D DetoxWSClient: At onOpen
12-17 16:58:39.145 19795 19834 I DetoxWSClient: Sending out action 'login' (ID #0)
12-17 16:58:39.147 19795 19834 I Detox   : Connected to server!
12-17 16:58:39.182 19795 19834 D DetoxWSClient: Received action 'loginSuccess' (ID #0, params={"testerConnected":true,"appConnected":true})
12-17 16:58:39.183 19795 19829 I DetoxDispatcher: Handling action 'loginSuccess' (ID #0)...
12-17 16:58:39.183 19795 19829 I DetoxDispatcher: Done with action 'loginSuccess'
12-17 16:58:39.184 19795 19824 I Detox   : Launching the tested activity!
12-17 16:58:39.220 19795 19834 D DetoxWSClient: Received action 'isReady' (ID #-1000, params={})
12-17 16:58:39.221 19795 19829 I DetoxDispatcher: Handling action 'isReady' (ID #-1000)...
12-17 16:58:39.370 19795 19795 D AppCompatDelegate: Checking for metadata for AppLocalesMetadataHolderService : Service not found
12-17 16:58:39.392 19795 19795 D LifecycleMonitor: Lifecycle status change: com.detoxtest.MainActivity@46a8a61 in: PRE_ON_CREATE
12-17 16:58:39.424 19795 19795 D nativeloader: Load /data/app/~~ahMRWPdz5igw2lUg7DnrZA==/com.detoxtest-JHB8Tyz4kU-UI-sVw72ZWQ==/base.apk!/lib/arm64-v8a/libhermes.so using class loader ns clns-4 (caller=/data/app/~~ahMRWPdz5igw2lUg7DnrZA==/com.detoxtest-JHB8Tyz4kU-UI-sVw72ZWQ==/base.apk): ok
12-17 16:58:39.426 19795 19795 D nativeloader: Load /data/app/~~ahMRWPdz5igw2lUg7DnrZA==/com.detoxtest-JHB8Tyz4kU-UI-sVw72ZWQ==/base.apk!/lib/arm64-v8a/libhermestooling.so using class loader ns clns-4 (caller=/data/app/~~ahMRWPdz5igw2lUg7DnrZA==/com.detoxtest-JHB8Tyz4kU-UI-sVw72ZWQ==/base.apk): ok
12-17 16:58:39.426 19795 19795 D jni_lib_merge: Entering merged library JNI_OnLoad.
12-17 16:58:39.426 19795 19795 D jni_lib_merge: Preparing 4 pre-merged libs (including stub)
12-17 16:58:39.426 19795 19795 D jni_lib_merge: Preparing to register libhermes_executor_so.  onload_func: 0x74b47879d4
12-17 16:58:39.426 19795 19795 D jni_lib_merge: Preparing to register libhermesinstancejni_so.  onload_func: 0x74b47bc78c
12-17 16:58:39.426 19795 19795 D jni_lib_merge: Preparing to register libjsijniprofiler_so.  onload_func: 0x74b47be788
12-17 16:58:39.426 19795 19795 D jni_lib_merge: About to register 3 actual methods.
12-17 16:58:39.507 19795 19795 E com.detoxtest: Invalid ID 0x00000000.
12-17 16:58:39.512 19795 19795 W unknown:BridgelessReact: ReactHost{0}.startSurface(surfaceId = 0): Schedule
12-17 16:58:39.512 19795 19795 W unknown:BridgelessReact: ReactHost{0}.attachSurface(surfaceId = 0)
12-17 16:58:39.512 19795 19853 W unknown:BridgelessReact: ReactHost{0}.getOrCreateReactInstanceTask()
12-17 16:58:39.513 19795 19853 W unknown:BridgelessReact: ReactHost{0}.getOrCreateReactInstanceTask(): Start
12-17 16:58:39.513 19795 19853 D Detox.RNMarker: REACT_BRIDGELESS_LOADING_START (null)
12-17 16:58:39.513 19795 19853 W unknown:BridgelessReact: ReactHost{0}.getJSBundleLoader()
12-17 16:58:39.513 19795 19853 W unknown:BridgelessReact: ReactHost{0}.isMetroRunning()
12-17 16:58:39.548 19795 19854 W unknown:BridgelessReact: ReactHost{0}.isMetroRunning(): Async result = true
12-17 16:58:39.550 19795 19853 W unknown:BridgelessReact: ReactHost{0}.loadJSBundleFromMetro()
12-17 16:58:39.552 19795 19853 D Detox.RNMarker: DOWNLOAD_START (null)
12-17 16:58:39.562 19795 19795 I com.detoxtest: hiddenapi: Accessing hidden method Landroid/view/ViewGroup;->makeOptionalFitsSystemWindows()V (runtime_flags=0, domain=platform, api=unsupported) from Landroidx/appcompat/widget/ViewUtils; (domain=app) using reflection: allowed
12-17 16:58:39.571 19795 19795 D LifecycleMonitor: Lifecycle status change: com.detoxtest.MainActivity@46a8a61 in: CREATED
12-17 16:58:39.573 19795 19795 D LifecycleMonitor: Lifecycle status change: com.detoxtest.MainActivity@46a8a61 in: STARTED
12-17 16:58:39.575 19795 19795 W unknown:BridgelessReact: ReactHost{0}.onHostResume(activity)
12-17 16:58:39.575 19795 19795 W unknown:ReactNative: Packager connection already open, nooping.
12-17 16:58:39.575 19795 19795 D LifecycleMonitor: Lifecycle status change: com.detoxtest.MainActivity@46a8a61 in: RESUMED
12-17 16:58:39.613 19795 19795 E unknown:ReactNative: Unable to display loading message because react activity isn't active, message: Loading from localhost:8081…
12-17 16:58:39.621 19795 19795 E unknown:ReactNative: Unable to display loading message because react activity isn't active, message: Reloading...
12-17 16:58:39.641 19795 19841 I AdrenoGLES-0: QUALCOMM build                   : 223000e821, I12e4aa4c5c
12-17 16:58:39.641 19795 19841 I AdrenoGLES-0: Build Date                       : 01/22/22
12-17 16:58:39.641 19795 19841 I AdrenoGLES-0: OpenGL ES Shader Compiler Version: EV031.32.02.17
12-17 16:58:39.641 19795 19841 I AdrenoGLES-0: Local Branch                     : 
12-17 16:58:39.641 19795 19841 I AdrenoGLES-0: Remote Branch                    : 
12-17 16:58:39.641 19795 19841 I AdrenoGLES-0: Remote Branch                    : 
12-17 16:58:39.641 19795 19841 I AdrenoGLES-0: Reconstruct Branch               : 
12-17 16:58:39.641 19795 19841 I AdrenoGLES-0: Build Config                     : S P 10.0.7 AArch64
12-17 16:58:39.641 19795 19841 I AdrenoGLES-0: Driver Path                      : /vendor/lib64/egl/libGLESv2_adreno.so
12-17 16:58:39.702 19795 19841 I AdrenoGLES-0: PFP: 0x016ee190, ME: 0x00000000
12-17 16:58:39.782 19795 19841 D hw-ProcessState: Binder ioctl to enable oneway spam detection failed: Invalid argument
12-17 16:58:39.925 19795 19795 W unknown:BridgelessReact: ReactHost{0}.raiseSoftException(onWindowFocusChange(hasFocus = "true")): Tried to access onWindowFocusChange while context is not ready
12-17 16:58:39.932 19795 19795 E unknown:ReactHost: Unhandled SoftException
12-17 16:58:39.932 19795 19795 E unknown:ReactHost: com.facebook.react.bridge.ReactNoCrashSoftException: raiseSoftException(onWindowFocusChange(hasFocus = "true")): Tried to access onWindowFocusChange while context is not ready
12-17 16:58:39.932 19795 19795 E unknown:ReactHost: 	at com.facebook.react.runtime.ReactHostImpl.raiseSoftException(ReactHostImpl.java:1038)
12-17 16:58:39.932 19795 19795 E unknown:ReactHost: 	at com.facebook.react.runtime.ReactHostImpl.raiseSoftException(ReactHostImpl.java:1031)
12-17 16:58:39.932 19795 19795 E unknown:ReactHost: 	at com.facebook.react.runtime.ReactHostImpl.onWindowFocusChange(ReactHostImpl.java:790)
12-17 16:58:39.932 19795 19795 E unknown:ReactHost: 	at com.facebook.react.ReactDelegate.onWindowFocusChanged(ReactDelegate.java:199)
12-17 16:58:39.932 19795 19795 E unknown:ReactHost: 	at com.facebook.react.ReactActivityDelegate.onWindowFocusChanged(ReactActivityDelegate.java:216)
12-17 16:58:39.932 19795 19795 E unknown:ReactHost: 	at com.facebook.react.ReactActivity.onWindowFocusChanged(ReactActivity.java:158)
12-17 16:58:39.932 19795 19795 E unknown:ReactHost: 	at androidx.appcompat.view.WindowCallbackWrapper.onWindowFocusChanged(WindowCallbackWrapper.java:124)
12-17 16:58:39.932 19795 19795 E unknown:ReactHost: 	at com.android.internal.policy.DecorView.onWindowFocusChanged(DecorView.java:1826)
12-17 16:58:39.932 19795 19795 E unknown:ReactHost: 	at android.view.View.dispatchWindowFocusChanged(View.java:14898)
12-17 16:58:39.932 19795 19795 E unknown:ReactHost: 	at android.view.ViewGroup.dispatchWindowFocusChanged(ViewGroup.java:1507)
12-17 16:58:39.932 19795 19795 E unknown:ReactHost: 	at android.view.ViewRootImpl.handleWindowFocusChanged(ViewRootImpl.java:3656)
12-17 16:58:39.932 19795 19795 E unknown:ReactHost: 	at android.view.ViewRootImpl.access$1200(ViewRootImpl.java:230)
12-17 16:58:39.932 19795 19795 E unknown:ReactHost: 	at android.view.ViewRootImpl$ViewRootHandler.handleMessageImpl(ViewRootImpl.java:5592)
12-17 16:58:39.932 19795 19795 E unknown:ReactHost: 	at android.view.ViewRootImpl$ViewRootHandler.handleMessage(ViewRootImpl.java:5492)
12-17 16:58:39.932 19795 19795 E unknown:ReactHost: 	at android.os.Handler.dispatchMessage(Handler.java:111)
12-17 16:58:39.932 19795 19795 E unknown:ReactHost: 	at android.os.Looper.loopOnce(Looper.java:238)
12-17 16:58:39.932 19795 19795 E unknown:ReactHost: 	at android.os.Looper.loop(Looper.java:357)
12-17 16:58:39.932 19795 19795 E unknown:ReactHost: 	at android.app.ActivityThread.main(ActivityThread.java:8090)
12-17 16:58:39.932 19795 19795 E unknown:ReactHost: 	at java.lang.reflect.Method.invoke(Native Method)
12-17 16:58:39.932 19795 19795 E unknown:ReactHost: 	at com.android.internal.os.RuntimeInit$MethodAndArgsCaller.run(RuntimeInit.java:548)
12-17 16:58:39.932 19795 19795 E unknown:ReactHost: 	at com.android.internal.os.ZygoteInit.main(ZygoteInit.java:1026)
12-17 16:58:40.101 19795 19854 D Detox.RNMarker: DOWNLOAD_END ({"url":"http:\/\/localhost:8081\/index.bundle?platform=android&dev=true&lazy=true&minify=false&app=com.detoxtest&modulesOnly=false&runModule=true&excludeSource=true&sourcePaths=url-server","filesChangedCount":0})
12-17 16:58:40.101 19795 19854 W unknown:BridgelessReact: ReactHost{0}.loadJSBundleFromMetro(): Creating BundleLoader
12-17 16:58:40.101 19795 19853 W unknown:BridgelessReact: ReactHost{0}.getOrCreateReactContext(): Creating BridgelessReactContext
12-17 16:58:40.106 19795 19853 W unknown:BridgelessReact: ReactHost{0}.getOrCreateReactInstanceTask(): Creating ReactInstance
12-17 16:58:40.165 19795 19853 W unknown:BridgelessReact: ReactHost{0}.getOrCreateReactInstanceTask(): Loading JS Bundle
12-17 16:58:40.166 19795 19853 W unknown:BridgelessReact: ReactHost{0}.getOrCreateReactInstanceTask(): Calling DevSupportManagerBase.onNewReactContextCreated(reactContext)
12-17 16:58:40.166 19795 19867 D Detox.RNMarker: RUN_JS_BUNDLE_START (/index.bundle?platform=android&dev=true&lazy=true&minify=false&app=com.detoxtest&modulesOnly=false&runModule=true&excludeSource=true&sourcePaths=url-server)
12-17 16:58:40.171 19795 19853 W unknown:BridgelessReact: ReactHost{0}.startSurface(surfaceId = 0): Execute
12-17 16:58:40.171 19795 19795 W unknown:ReactNative: Packager connection already open, nooping.
12-17 16:58:40.171 19795 19795 W unknown:BridgelessReact: ReactContext.onHostResume()
12-17 16:58:40.172 19795 19795 W unknown:BridgelessReact: ReactHost{0}.getOrCreateReactInstanceTask(): Executing ReactInstanceEventListeners
12-17 16:58:40.172 19795 19795 I DetoxRNLoading: Got new RN-context through listener
12-17 16:58:40.193 19795 19824 I DetoxRNIdleRes: Setting up Espresso Idling Resources for React Native
12-17 16:58:40.202 19795 19868 I com.detoxtest: hiddenapi: Accessing hidden method Landroid/os/MessageQueue;->next()Landroid/os/Message; (runtime_flags=0, domain=platform, api=unsupported) from Landroidx/test/espresso/base/Interrogator; (domain=app) using reflection: allowed
12-17 16:58:40.202 19795 19868 I com.detoxtest: hiddenapi: Accessing hidden field Landroid/os/MessageQueue;->mMessages:Landroid/os/Message; (runtime_flags=0, domain=platform, api=unsupported) from Landroidx/test/espresso/base/Interrogator; (domain=app) using reflection: allowed
12-17 16:58:40.202 19795 19868 I com.detoxtest: hiddenapi: Accessing hidden method Landroid/os/Message;->recycleUnchecked()V (runtime_flags=0, domain=platform, api=unsupported) from Landroidx/test/espresso/base/Interrogator; (domain=app) using reflection: allowed
12-17 16:58:40.221 19795 19795 D DetoxRNHelpers: Native RN module resolution (class com.reactnativecommunity.asyncstorage.AsyncStorageModule): no registered module found
12-17 16:58:40.222 19795 19824 D IdlingRegistry: Registering idling resources: [com.wix.detox.reactnative.idlingresources.uimodule.fabric.FabricUIManagerIdlingResources@b207865]
12-17 16:58:40.222 19795 19824 D IdlingRegistry: Registering idling resources: [com.wix.detox.reactnative.idlingresources.animations.AnimatedModuleIdlingResource@4a0393a]
12-17 16:58:40.222 19795 19824 D IdlingRegistry: Registering idling resources: [com.wix.detox.reactnative.idlingresources.timers.FabricTimersIdlingResource@68439eb]
12-17 16:58:40.222 19795 19824 D IdlingRegistry: Registering idling resources: [com.wix.detox.reactnative.idlingresources.network.NetworkIdlingResource@6b47348]
12-17 16:58:40.223 19795 19824 D IdlingRegistry: Registering idling resources: [com.wix.detox.reactnative.idlingresources.StabilizedIdlingResource@7a535e1]
12-17 16:58:40.576 19795 19795 D DetoxRNHelpers: Native RN module resolution (class com.reactnativecommunity.asyncstorage.AsyncStorageModule): no registered module found
12-17 16:58:40.576 19795 19795 I Choreographer: Skipped 41 frames!  The application may be doing too much work on its main thread.
12-17 16:58:40.602 19795 19868 I WebViewFactory: Loading com.google.android.webview version 143.0.7499.34 (code 749903433)
12-17 16:58:40.617 19795 19868 W com.detoxtest: Failed to find entry 'classes.dex': Entry not found
12-17 16:58:40.620 19795 19868 D nativeloader: Configuring clns-7 for other apk /data/app/~~RM1xaf5lo_QNw0WyFScwIQ==/com.google.android.trichromelibrary_749903433-L3I5A1EXlje8GYKm1jievg==/base.apk. target_sdk_version=36, uses_libraries=ALL, library_path=/data/app/~~5IHqvyW9MQDFVnFw1IuOJQ==/com.google.android.webview-vVFb-bX0AFCWRdqglOA3mQ==/lib/arm64:/data/app/~~5IHqvyW9MQDFVnFw1IuOJQ==/com.google.android.webview-vVFb-bX0AFCWRdqglOA3mQ==/base.apk!/lib/arm64-v8a:/data/app/~~RM1xaf5lo_QNw0WyFScwIQ==/com.google.android.trichromelibrary_749903433-L3I5A1EXlje8GYKm1jievg==/base.apk!/lib/arm64-v8a, permitted_path=/data:/mnt/expand
12-17 16:58:40.620 19795 19868 D nativeloader: Extending system_exposed_libraries: libvraudio_client.qti.so:libbinauralrenderer_wrapper.qti.so:libhoaeffects.qti.so:libjni_helper.motocameradesktop.so:libimgTuner_jni.motoimagetuner.so:libmcf_native_window_helper.motocamera.so:libupdateprof.qti.so:libdiag_system.qti.so:libqape.qti.so:libqesdk_ndk_platform.qti.so:liblistenjni.qti.so
12-17 16:58:40.628 19795 19868 D nativeloader: Configuring clns-8 for other apk /apex/com.android.extservices/javalib/android.ext.adservices.jar. target_sdk_version=36, uses_libraries=ALL, library_path=/data/app/~~5IHqvyW9MQDFVnFw1IuOJQ==/com.google.android.webview-vVFb-bX0AFCWRdqglOA3mQ==/lib/arm64:/data/app/~~5IHqvyW9MQDFVnFw1IuOJQ==/com.google.android.webview-vVFb-bX0AFCWRdqglOA3mQ==/base.apk!/lib/arm64-v8a:/data/app/~~RM1xaf5lo_QNw0WyFScwIQ==/com.google.android.trichromelibrary_749903433-L3I5A1EXlje8GYKm1jievg==/base.apk!/lib/arm64-v8a, permitted_path=/data:/mnt/expand
12-17 16:58:40.628 19795 19868 D nativeloader: Extending system_exposed_libraries: libvraudio_client.qti.so:libbinauralrenderer_wrapper.qti.so:libhoaeffects.qti.so:libjni_helper.motocameradesktop.so:libimgTuner_jni.motoimagetuner.so:libmcf_native_window_helper.motocamera.so:libupdateprof.qti.so:libdiag_system.qti.so:libqape.qti.so:libqesdk_ndk_platform.qti.so:liblistenjni.qti.so
12-17 16:58:40.629 19795 19868 D nativeloader: InitApexLibraries:
12-17 16:58:40.629 19795 19868 D nativeloader:   com_android_appsearch: libicing.so
12-17 16:58:40.629 19795 19868 D nativeloader:   com_android_art: libartservice.so
12-17 16:58:40.629 19795 19868 D nativeloader:   com_android_conscrypt: libjavacrypto.so
12-17 16:58:40.629 19795 19868 D nativeloader:   com_android_extservices: libtflite_support_classifiers_native.so
12-17 16:58:40.629 19795 19868 D nativeloader:   com_android_os_statsd: libstats_jni.so
12-17 16:58:40.629 19795 19868 D nativeloader:   com_android_tethering: libandroid_net_connectivity_com_android_net_module_util_jni.so:libframework-connectivity-jni.so:libframework-connectivity-tiramisu-jni.so:libmainlinecronet.139.0.7205.3.so:libservice-connectivity.so:libservice-thread-jni.so:stable_cronet_libcrypto.so:stable_cronet_libssl.so
12-17 16:58:40.629 19795 19868 D nativeloader:   com_android_wifi: libservice-wifi-jni.so
12-17 16:58:40.646 19795 19868 D nativeloader: Configuring clns-9 for other apk /data/app/~~5IHqvyW9MQDFVnFw1IuOJQ==/com.google.android.webview-vVFb-bX0AFCWRdqglOA3mQ==/base.apk. target_sdk_version=36, uses_libraries=, library_path=/data/app/~~5IHqvyW9MQDFVnFw1IuOJQ==/com.google.android.webview-vVFb-bX0AFCWRdqglOA3mQ==/lib/arm64:/data/app/~~5IHqvyW9MQDFVnFw1IuOJQ==/com.google.android.webview-vVFb-bX0AFCWRdqglOA3mQ==/base.apk!/lib/arm64-v8a:/data/app/~~RM1xaf5lo_QNw0WyFScwIQ==/com.google.android.trichromelibrary_749903433-L3I5A1EXlje8GYKm1jievg==/base.apk!/lib/arm64-v8a, permitted_path=/data:/mnt/expand
12-17 16:58:40.679 19795 19867 W unknown:ViewManagerPropertyUpdater: Could not find generated setter for class com.th3rdwave.safeareacontext.SafeAreaProviderManager
12-17 16:58:40.682 19795 19867 W unknown:ViewManagerPropertyUpdater: Could not find generated setter for class com.facebook.react.uimanager.LayoutShadowNode
12-17 16:58:40.685 19795 19867 W unknown:ViewManagerPropertyUpdater: Could not find generated setter for class com.swmansion.rnscreens.SearchBarManager
12-17 16:58:40.686 19795 19867 W unknown:ViewManagerPropertyUpdater: Could not find generated setter for class com.swmansion.rnscreens.ScreenFooterManager
12-17 16:58:40.687 19795 19867 W unknown:ViewManagerPropertyUpdater: Could not find generated setter for class com.swmansion.rnscreens.gamma.tabs.TabScreenViewManager
12-17 16:58:40.688 19795 19867 W unknown:ViewManagerPropertyUpdater: Could not find generated setter for class com.swmansion.rnscreens.ScreenContainerViewManager
12-17 16:58:40.689 19795 19867 W unknown:ViewManagerPropertyUpdater: Could not find generated setter for class com.swmansion.rnscreens.gamma.tabs.TabsHostViewManager
12-17 16:58:40.690 19795 19867 W unknown:ViewManagerPropertyUpdater: Could not find generated setter for class com.swmansion.rnscreens.ModalScreenViewManager
12-17 16:58:40.692 19795 19867 W unknown:ViewManagerPropertyUpdater: Could not find generated setter for class com.swmansion.rnscreens.ScreenStackHeaderConfigViewManager
12-17 16:58:40.693 19795 19867 W unknown:ViewManagerPropertyUpdater: Could not find generated setter for class com.swmansion.rnscreens.ScreenContentWrapperManager
12-17 16:58:40.694 19795 19867 W unknown:ViewManagerPropertyUpdater: Could not find generated setter for class com.th3rdwave.safeareacontext.SafeAreaViewManager
12-17 16:58:40.695 19795 19867 W unknown:ViewManagerPropertyUpdater: Could not find generated setter for class com.th3rdwave.safeareacontext.SafeAreaViewShadowNode
12-17 16:58:40.696 19795 19867 W unknown:ViewManagerPropertyUpdater: Could not find generated setter for class com.swmansion.rnscreens.safearea.SafeAreaViewManager
12-17 16:58:40.697 19795 19867 W unknown:ViewManagerPropertyUpdater: Could not find generated setter for class com.swmansion.rnscreens.safearea.paper.SafeAreaViewShadowNode
12-17 16:58:40.698 19795 19867 W unknown:ViewManagerPropertyUpdater: Could not find generated setter for class com.swmansion.rnscreens.ScreenViewManager
12-17 16:58:40.698 19795 19867 W unknown:ViewManagerPropertyUpdater: Could not find generated setter for class com.swmansion.rnscreens.ScreenStackHeaderSubviewManager
12-17 16:58:40.699 19795 19867 W unknown:ViewManagerPropertyUpdater: Could not find generated setter for class com.swmansion.rnscreens.ScreenStackViewManager
12-17 16:58:40.726 19795 19868 I cr_WVCFactoryProvider: version=143.0.7499.34 (749903433) minSdkVersion=29 multiprocess=true packageId=127 splits=<none>
12-17 16:58:40.731 19795 19868 D nativeloader: Load /data/app/~~RM1xaf5lo_QNw0WyFScwIQ==/com.google.android.trichromelibrary_749903433-L3I5A1EXlje8GYKm1jievg==/base.apk!/lib/arm64-v8a/libmonochrome_64.so using class loader ns clns-9 (caller=/data/app/~~5IHqvyW9MQDFVnFw1IuOJQ==/com.google.android.webview-vVFb-bX0AFCWRdqglOA3mQ==/base.apk): ok
12-17 16:58:40.733 19795 19868 D nativeloader: Load /system/lib64/libwebviewchromium_plat_support.so using class loader ns clns-9 (caller=/data/app/~~5IHqvyW9MQDFVnFw1IuOJQ==/com.google.android.webview-vVFb-bX0AFCWRdqglOA3mQ==/base.apk): ok
12-17 16:58:40.743 19795 19868 I cr_LibraryLoader: Successfully loaded native library
12-17 16:58:40.743 19795 19880 I chromium: [1217/165840.739643:INFO:android_webview/browser/variations/variations_seed_loader.cc:67] Failed to open file for reading.: No such file or directory (2)
12-17 16:58:40.744 19795 19868 I cr_CachingUmaRecorder: Flushed 16 samples from 16 histograms, 0 samples were dropped.
12-17 16:58:40.746 19795 19880 I chromium: [INFO:android_webview/browser/variations/variations_seed_loader.cc:67] Failed to open file for reading.: No such file or directory (2)
12-17 16:58:40.760 19795 19867 W unknown:ViewManagerPropertyUpdater: Could not find generated setter for class com.facebook.react.views.debuggingoverlay.DebuggingOverlayManager
12-17 16:58:40.766 19795 19867 W unknown:ViewManagerPropertyUpdater: Could not find generated setter for class com.swmansion.gesturehandler.react.RNGestureHandlerButtonViewManager
12-17 16:58:40.772 19795 19867 W unknown:ViewManagerPropertyUpdater: Could not find generated setter for class com.facebook.react.views.safeareaview.ReactSafeAreaViewManager
12-17 16:58:40.773 19795 19867 W unknown:ViewManagerPropertyUpdater: Could not find generated setter for class com.facebook.react.views.safeareaview.ReactSafeAreaViewShadowNode
12-17 16:58:40.778 19795 19867 W unknown:ViewManagerPropertyUpdater: Could not find generated setter for class com.facebook.react.views.modal.ReactModalHostManager
12-17 16:58:40.784 19795 19867 W unknown:ViewManagerPropertyUpdater: Could not find generated setter for class com.facebook.react.views.text.frescosupport.FrescoBasedReactTextInlineImageViewManager
12-17 16:58:40.785 19795 19867 W unknown:ViewManagerPropertyUpdater: Could not find generated setter for class com.facebook.react.views.text.frescosupport.FrescoBasedReactTextInlineImageShadowNode
12-17 16:58:40.791 19795 19867 W unknown:ViewManagerPropertyUpdater: Could not find generated setter for class com.facebook.react.views.progressbar.ReactProgressBarViewManager
12-17 16:58:40.792 19795 19867 W unknown:ViewManagerPropertyUpdater: Could not find generated setter for class com.facebook.react.views.progressbar.ProgressBarShadowNode
12-17 16:58:40.798 19795 19867 W unknown:ViewManagerPropertyUpdater: Could not find generated setter for class com.facebook.react.views.scroll.ReactHorizontalScrollViewManager
12-17 16:58:40.806 19795 19867 W unknown:ViewManagerPropertyUpdater: Could not find generated setter for class com.facebook.react.views.image.ReactImageManager
12-17 16:58:40.813 19795 19867 W unknown:ViewManagerPropertyUpdater: Could not find generated setter for class com.facebook.react.views.text.ReactTextViewManager
12-17 16:58:40.815 19795 19867 W unknown:ViewManagerPropertyUpdater: Could not find generated setter for class com.facebook.react.views.text.ReactTextShadowNode
12-17 16:58:40.822 19795 19867 W unknown:ViewManagerPropertyUpdater: Could not find generated setter for class com.facebook.react.views.scroll.ReactHorizontalScrollContainerViewManager
12-17 16:58:40.828 19795 19867 W unknown:ViewManagerPropertyUpdater: Could not find generated setter for class com.facebook.react.views.unimplementedview.ReactUnimplementedViewManager
12-17 16:58:40.835 19795 19867 W unknown:ViewManagerPropertyUpdater: Could not find generated setter for class com.facebook.react.views.scroll.ReactScrollViewManager
12-17 16:58:40.841 19795 19867 W unknown:ViewManagerPropertyUpdater: Could not find generated setter for class com.facebook.react.views.view.ReactViewManager
12-17 16:58:40.847 19795 19867 W unknown:ViewManagerPropertyUpdater: Could not find generated setter for class com.facebook.react.views.drawer.ReactDrawerLayoutManager
12-17 16:58:40.854 19795 19867 W unknown:ViewManagerPropertyUpdater: Could not find generated setter for class com.facebook.react.views.switchview.ReactSwitchManager
12-17 16:58:40.855 19795 19867 W unknown:ViewManagerPropertyUpdater: Could not find generated setter for class com.facebook.react.views.switchview.ReactSwitchShadowNode
12-17 16:58:40.860 19795 19867 W unknown:ViewManagerPropertyUpdater: Could not find generated setter for class com.facebook.react.views.text.ReactVirtualTextViewManager
12-17 16:58:40.861 19795 19867 W unknown:ViewManagerPropertyUpdater: Could not find generated setter for class com.facebook.react.views.text.ReactVirtualTextShadowNode
12-17 16:58:40.867 19795 19867 W unknown:ViewManagerPropertyUpdater: Could not find generated setter for class com.facebook.react.views.swiperefresh.SwipeRefreshLayoutManager
12-17 16:58:40.872 19795 19867 W unknown:ViewManagerPropertyUpdater: Could not find generated setter for class com.facebook.react.views.text.ReactRawTextManager
12-17 16:58:40.873 19795 19867 W unknown:ViewManagerPropertyUpdater: Could not find generated setter for class com.facebook.react.views.text.ReactRawTextShadowNode
12-17 16:58:40.876 19795 19867 W unknown:ViewManagerPropertyUpdater: Could not find generated setter for class com.facebook.react.views.textinput.ReactTextInputManager
12-17 16:58:40.878 19795 19867 W unknown:ViewManagerPropertyUpdater: Could not find generated setter for class com.facebook.react.views.textinput.ReactTextInputShadowNode
12-17 16:58:40.886 19795 19867 W unknown:ViewManagerPropertyUpdater: Could not find generated setter for class com.swmansion.gesturehandler.react.RNGestureHandlerRootViewManager
12-17 16:58:41.013 19795 19867 D Detox.RNMarker: RUN_JS_BUNDLE_END (/index.bundle?platform=android&dev=true&lazy=true&minify=false&app=com.detoxtest&modulesOnly=false&runModule=true&excludeSource=true&sourcePaths=url-server)
12-17 16:58:41.018 19795 19867 I ReactNativeJS: Running "DetoxTest" with {"rootTag":11,"initialProps":{},"fabric":true}
12-17 16:58:41.237 19795 19867 V AsyncStorageExpoMigration: No scoped database found
12-17 16:58:41.300 19795 19795 W UiControllerImpl: Waiting for: DYNAMIC_TASKS_HAVE_IDLED for 100 iterations.
12-17 16:58:41.571 19795 19867 I ReactNativeJS: Store rehydrated successfully
12-17 16:58:41.573 19795 19795 D Detox.RNMarker: CONTENT_APPEARED (DetoxTest)
12-17 16:58:41.739 19795 19867 D nativeloader: Load /data/app/~~ahMRWPdz5igw2lUg7DnrZA==/com.detoxtest-JHB8Tyz4kU-UI-sVw72ZWQ==/base.apk!/lib/arm64-v8a/librnscreens.so using class loader ns clns-4 (caller=/data/app/~~ahMRWPdz5igw2lUg7DnrZA==/com.detoxtest-JHB8Tyz4kU-UI-sVw72ZWQ==/base.apk!classes14.dex): ok
12-17 16:58:42.067 19795 19795 D CompatibilityChangeReporter: Compat change id reported: 171228096; UID 10942; state: ENABLED
12-17 16:58:42.068 19795 19795 I com.detoxtest: hiddenapi: Accessing hidden field Landroid/widget/ScrollView;->mScroller:Landroid/widget/OverScroller; (runtime_flags=0, domain=platform, api=unsupported) from Lcom/facebook/react/views/scroll/ReactScrollView; (domain=app) using reflection: allowed
12-17 16:58:42.194 19795 19795 I ReactNative: [GESTURE HANDLER] Initialize gesture handler for root view com.facebook.react.runtime.ReactSurfaceView{efd77cd V.E...... ......ID 0,0-1080,2225 #b}
12-17 16:58:42.299 19795 19915 D nativeloader: Load /data/app/~~ahMRWPdz5igw2lUg7DnrZA==/com.detoxtest-JHB8Tyz4kU-UI-sVw72ZWQ==/base.apk!/lib/arm64-v8a/libimagepipeline.so using class loader ns clns-4 (caller=/data/app/~~ahMRWPdz5igw2lUg7DnrZA==/com.detoxtest-JHB8Tyz4kU-UI-sVw72ZWQ==/base.apk): ok
12-17 16:58:42.301 19795 19805 I OpenGLRenderer: Davey! duration=9223301968137ms; Flags=0, FrameTimelineVsyncId=2120414, IntendedVsync=70068716970346, Vsync=70068716970346, InputEventId=0, HandleInputStart=70068717346447, AnimationStart=70068717348062, PerformTraversalsStart=70068759425982, DrawStart=70068770526036, FrameDeadline=70068732637012, FrameInterval=70068717342593, FrameStartTime=8333333, SyncQueued=70068775801088, SyncStart=70068775876088, IssueDrawCommandsStart=70068775992390, SwapBuffers=70068821941926, FrameCompleted=9223372036854775807, DequeueBufferDuration=16354, QueueBufferDuration=712657, GpuCompleted=9223372036854775807, SwapBuffersCompleted=70068822989687, DisplayPresentTime=6323089069790254836, 
12-17 16:58:42.317 19795 19867 D Detox.RNMarker: REACT_BRIDGELESS_LOADING_END (null)
12-17 16:58:42.321 19795 19867 D nativeloader: Load /data/app/~~ahMRWPdz5igw2lUg7DnrZA==/com.detoxtest-JHB8Tyz4kU-UI-sVw72ZWQ==/base.apk!/lib/arm64-v8a/libgesturehandler.so using class loader ns clns-4 (caller=/data/app/~~ahMRWPdz5igw2lUg7DnrZA==/com.detoxtest-JHB8Tyz4kU-UI-sVw72ZWQ==/base.apk): ok
12-17 16:58:42.321 19795 19867 D jni_lib_merge: Entering merged library JNI_OnLoad.
12-17 16:58:42.321 19795 19867 D jni_lib_merge: Preparing 12 pre-merged libs (including stub)
12-17 16:58:42.321 19795 19867 D jni_lib_merge: Preparing to register libfabricjni_so.  onload_func: 0x74c7876948
12-17 16:58:42.321 19795 19867 D jni_lib_merge: Preparing to register libreact_devsupportjni_so.  onload_func: 0x74c7a8c2a4
12-17 16:58:42.321 19795 19867 D jni_lib_merge: Preparing to register libreact_featureflagsjni_so.  onload_func: 0x74c7a97f10
12-17 16:58:42.321 19795 19867 D jni_lib_merge: Preparing to register libreact_newarchdefaults_so.  onload_func: 0x74c7b00eac
12-17 16:58:42.321 19795 19867 D jni_lib_merge: Preparing to register libreactnativeblob_so.  onload_func: 0x74c7cf195c
12-17 16:58:42.321 19795 19867 D jni_lib_merge: Preparing to register libreactnativejni_so.  onload_func: 0x74c7d3f114
12-17 16:58:42.321 19795 19867 D jni_lib_merge: Preparing to register libreactnativejni_common_so.  onload_func: 0x74c7d4fa9c
12-17 16:58:42.321 19795 19867 D jni_lib_merge: Preparing to register librninstance_so.  onload_func: 0x74c7d86250
12-17 16:58:42.321 19795 19867 D jni_lib_merge: Preparing to register libturbomodulejsijni_so.  onload_func: 0x74c7e9da24
12-17 16:58:42.321 19795 19867 D jni_lib_merge: Preparing to register libuimanagerjni_so.  onload_func: 0x74c7eb6a74
12-17 16:58:42.321 19795 19867 D jni_lib_merge: Preparing to register libyoga_so.  onload_func: 0x74c7ec64f8
12-17 16:58:42.321 19795 19867 D jni_lib_merge: About to register 11 actual methods.
12-17 16:58:42.668 19795 19805 I OpenGLRenderer: Davey! duration=9223301967695ms; Flags=0, FrameTimelineVsyncId=2120515, IntendedVsync=70069158829667, Vsync=70069158829667, InputEventId=0, HandleInputStart=70069159984824, AnimationStart=70069159987741, PerformTraversalsStart=70069161956439, DrawStart=70069162339460, FrameDeadline=70069182829666, FrameInterval=70069159977429, FrameStartTime=8333333, SyncQueued=70069162822221, SyncStart=70069163334512, IssueDrawCommandsStart=70069163473523, SwapBuffers=70069188678369, FrameCompleted=9223372036854775807, DequeueBufferDuration=27448, QueueBufferDuration=1040573, GpuCompleted=9223372036854775807, SwapBuffersCompleted=70069190320348, DisplayPresentTime=-2467937402836969000, 
12-17 16:58:42.917 19795 19795 W UiControllerImpl: Waiting for: DYNAMIC_TASKS_HAVE_IDLED for 400 iterations.
12-17 16:58:43.400 19795 19918 D ProfileInstaller: Installing profile for com.detoxtest
12-17 16:58:43.725 19795 19795 W UiControllerImpl: Waiting for: DYNAMIC_TASKS_HAVE_IDLED for 500 iterations.
12-17 16:58:44.533 19795 19795 W UiControllerImpl: Waiting for: DYNAMIC_TASKS_HAVE_IDLED for 600 iterations.
12-17 16:58:45.366 19795 19795 W UiControllerImpl: Waiting for: DYNAMIC_TASKS_HAVE_IDLED for 700 iterations.
12-17 16:58:45.595 19795 19795 I Detox   : Wait is over: App is now idle!
12-17 16:58:45.596 19795 19829 I DetoxWSClient: Sending out action 'ready' (ID #-1000)
12-17 16:58:45.597 19795 19829 I DetoxDispatcher: Done with action 'isReady'
