--------- beginning of main
12-23 16:31:57.202 17790 17790 I com.detoxtest: Late-enabling -Xcheck:jni
12-23 16:31:57.227 17790 17790 I com.detoxtest: Unquickening 12 vdex files!
12-23 16:31:57.229 17790 17790 W com.detoxtest: Unexpected CPU variant for X86 using defaults: x86
--------- beginning of system
12-23 16:31:57.303 17790 17790 W ActivityThread: Package uses different ABI(s) than its instrumentation: package[com.detoxtest]: x86, null instrumentation[com.detoxtest.test]: null, null
12-23 16:31:57.306 17790 17790 I com.detoxtest: The ClassLoaderContext is a special shared library.
12-23 16:31:57.308 17790 17790 I chatty  : uid=10672(com.detoxtest) identical 1 line
12-23 16:31:57.313 17790 17790 I com.detoxtest: The ClassLoaderContext is a special shared library.
12-23 16:31:58.179 17790 17790 D ApplicationLoaders: Returning zygote-cached class loader: /system/framework/android.test.base.jar
12-23 16:31:58.180 17790 17790 D ApplicationLoaders: Returning zygote-cached class loader: /system/framework/android.test.base.jar
12-23 16:31:58.187 17790 17790 I com.detoxtest: The ClassLoaderContext is a special shared library.
12-23 16:31:58.189 17790 17790 D ApplicationLoaders: Returning zygote-cached class loader: /system/framework/android.test.base.jar
12-23 16:31:58.189 17790 17790 D ApplicationLoaders: Returning zygote-cached class loader: /system/framework/android.test.base.jar
12-23 16:31:58.192 17790 17790 I com.detoxtest: The ClassLoaderContext is a special shared library.
12-23 16:31:58.197 17790 17790 I chatty  : uid=10672(com.detoxtest) identical 2 lines
12-23 16:31:58.200 17790 17790 I com.detoxtest: The ClassLoaderContext is a special shared library.
12-23 16:31:59.122 17790 17790 W com.detoxtest: Accessing hidden method Landroid/app/Instrumentation;->execStartActivity(Landroid/content/Context;Landroid/os/IBinder;Landroid/os/IBinder;Landroid/app/Activity;Landroid/content/Intent;ILandroid/os/Bundle;)Landroid/app/Instrumentation$ActivityResult; (greylist, linking, allowed)
12-23 16:31:59.122 17790 17790 W com.detoxtest: Accessing hidden method Landroid/app/Instrumentation;->execStartActivity(Landroid/content/Context;Landroid/os/IBinder;Landroid/os/IBinder;Ljava/lang/String;Landroid/content/Intent;ILandroid/os/Bundle;)Landroid/app/Instrumentation$ActivityResult; (greylist, linking, allowed)
12-23 16:31:59.128 17790 17790 D NetworkSecurityConfig: Using Network Security Config from resource network_security_config debugBuild: true
12-23 16:31:59.129 17790 17790 D NetworkSecurityConfig: Using Network Security Config from resource network_security_config debugBuild: true
12-23 16:31:59.129 17790 17790 I AndroidJUnitRunner: newApplication com.detoxtest.MainApplication
12-23 16:31:59.164 17790 17790 I AndroidJUnitRunner: onCreate Bundle[mParcelledData.dataSize=240]
12-23 16:31:59.165 17790 17790 D AndroidJUnitRunner: Use the raw file system for managing file I/O.
12-23 16:31:59.181 17790 17790 V TestEventClient: No service name argument was given (testDiscoveryService, testRunEventService or orchestratorService)
12-23 16:31:59.183 17790 17820 D AndroidJUnitRunner: onStart is called.
12-23 16:31:59.186 17790 17790 W SoLoader: Initializing SoLoader: 0
12-23 16:31:59.191 17790 17790 W SoLoader: Recording new base apk path: /data/app/~~h-tDCHXnX2d1cnIRbJvCVg==/com.detoxtest-sMMSK42JVGEWt4oql1Rbuw==/base.apk
12-23 16:31:59.191 17790 17790 W SoLoader: Previously recorded 0 base apk paths.
12-23 16:31:59.194 17790 17790 I SoLoader: Preparing SO source: DirectorySoSource[root = /system/lib flags = 2]
12-23 16:31:59.195 17790 17790 I SoLoader: Preparing SO source: DirectorySoSource[root = /vendor/lib flags = 2]
12-23 16:31:59.195 17790 17790 I SoLoader: Preparing SO source: DirectApkSoSource[root = [/data/app/~~h-tDCHXnX2d1cnIRbJvCVg==/com.detoxtest-sMMSK42JVGEWt4oql1Rbuw==/base.apk!/lib/x86]]
12-23 16:31:59.296 17790 17790 I SoLoader: Preparing SO source: ApplicationSoSource[DirectorySoSource[root = /data/app/~~h-tDCHXnX2d1cnIRbJvCVg==/com.detoxtest-sMMSK42JVGEWt4oql1Rbuw==/lib/x86 flags = 0]]
12-23 16:31:59.296 17790 17790 I SoLoader: init finish: 4 SO sources prepared
12-23 16:31:59.296 17790 17790 W SoLoader: SoLoader initialized: 8
12-23 16:31:59.370 17790 17790 D jni_lib_merge: Entering merged library JNI_OnLoad.
12-23 16:31:59.372 17790 17790 D jni_lib_merge: Preparing 12 pre-merged libs (including stub)
12-23 16:31:59.372 17790 17790 D jni_lib_merge: Preparing to register libfabricjni_so.  onload_func: 0xbf2f0cf0
12-23 16:31:59.372 17790 17790 D jni_lib_merge: Preparing to register libreact_devsupportjni_so.  onload_func: 0xbf515a50
12-23 16:31:59.372 17790 17790 D jni_lib_merge: Preparing to register libreact_featureflagsjni_so.  onload_func: 0xbf521e50
12-23 16:31:59.372 17790 17790 D jni_lib_merge: Preparing to register libreact_newarchdefaults_so.  onload_func: 0xbf58fa40
12-23 16:31:59.372 17790 17790 D jni_lib_merge: Preparing to register libreactnativeblob_so.  onload_func: 0xbf78bc90
12-23 16:31:59.372 17790 17790 D jni_lib_merge: Preparing to register libreactnativejni_so.  onload_func: 0xbf7dc830
12-23 16:31:59.372 17790 17790 D jni_lib_merge: Preparing to register libreactnativejni_common_so.  onload_func: 0xbf7ee070
12-23 16:31:59.372 17790 17790 D jni_lib_merge: Preparing to register librninstance_so.  onload_func: 0xbf829320
12-23 16:31:59.372 17790 17790 D jni_lib_merge: Preparing to register libturbomodulejsijni_so.  onload_func: 0xbf95c5a0
12-23 16:31:59.372 17790 17790 D jni_lib_merge: Preparing to register libuimanagerjni_so.  onload_func: 0xbf976420
12-23 16:31:59.372 17790 17790 D jni_lib_merge: Preparing to register libyoga_so.  onload_func: 0xbf986840
12-23 16:31:59.372 17790 17790 D jni_lib_merge: About to register 11 actual methods.
12-23 16:31:59.416 17790 17790 D jni_lib_merge: Entering merged library JNI_OnLoad.
12-23 16:31:59.416 17790 17790 D jni_lib_merge: Preparing 12 pre-merged libs (including stub)
12-23 16:31:59.416 17790 17790 D jni_lib_merge: Preparing to register libfabricjni_so.  onload_func: 0xbf2f0cf0
12-23 16:31:59.416 17790 17790 D jni_lib_merge: Preparing to register libreact_devsupportjni_so.  onload_func: 0xbf515a50
12-23 16:31:59.416 17790 17790 D jni_lib_merge: Preparing to register libreact_featureflagsjni_so.  onload_func: 0xbf521e50
12-23 16:31:59.416 17790 17790 D jni_lib_merge: Preparing to register libreact_newarchdefaults_so.  onload_func: 0xbf58fa40
12-23 16:31:59.416 17790 17790 D jni_lib_merge: Preparing to register libreactnativeblob_so.  onload_func: 0xbf78bc90
12-23 16:31:59.416 17790 17790 D jni_lib_merge: Preparing to register libreactnativejni_so.  onload_func: 0xbf7dc830
12-23 16:31:59.417 17790 17790 D jni_lib_merge: Preparing to register libreactnativejni_common_so.  onload_func: 0xbf7ee070
12-23 16:31:59.417 17790 17790 D jni_lib_merge: Preparing to register librninstance_so.  onload_func: 0xbf829320
12-23 16:31:59.417 17790 17790 D jni_lib_merge: Preparing to register libturbomodulejsijni_so.  onload_func: 0xbf95c5a0
12-23 16:31:59.417 17790 17790 D jni_lib_merge: Preparing to register libuimanagerjni_so.  onload_func: 0xbf976420
12-23 16:31:59.417 17790 17790 D jni_lib_merge: Preparing to register libyoga_so.  onload_func: 0xbf986840
12-23 16:31:59.417 17790 17790 D jni_lib_merge: About to register 11 actual methods.
12-23 16:31:59.453 17790 17820 D TestRequestBuilder: Using class path scanning to discover tests
12-23 16:31:59.453 17790 17820 I TestRequestBuilder: Scanning classpath to find tests in paths [/data/app/~~MaqflHh_tnbRBwsuxlGYIw==/com.detoxtest.test-fn07Uy8VqYCoz3ZW5mAtGQ==/base.apk]
12-23 16:31:59.454 17790 17820 W com.detoxtest: Opening an oat file without a class loader. Are you using the deprecated DexFile APIs?
12-23 16:32:00.622 17790 17820 W ScanningTestLoader: Could not load class: kotlin.reflect.jvm.internal.ComputableClassValue
12-23 16:32:00.622 17790 17820 W ScanningTestLoader: java.lang.ClassNotFoundException: kotlin.reflect.jvm.internal.ComputableClassValue
12-23 16:32:00.622 17790 17820 W ScanningTestLoader: 	at java.lang.Class.classForName(Native Method)
12-23 16:32:00.622 17790 17820 W ScanningTestLoader: 	at java.lang.Class.forName(Class.java:454)
12-23 16:32:00.622 17790 17820 W ScanningTestLoader: 	at androidx.test.internal.runner.ScanningTestLoader.doCreateRunner(ScanningTestLoader.java:45)
12-23 16:32:00.622 17790 17820 W ScanningTestLoader: 	at androidx.test.internal.runner.TestLoader.getRunnersFor(TestLoader.java:64)
12-23 16:32:00.622 17790 17820 W ScanningTestLoader: 	at androidx.test.internal.runner.TestRequestBuilder.build(TestRequestBuilder.java:842)
12-23 16:32:00.622 17790 17820 W ScanningTestLoader: 	at androidx.test.runner.AndroidJUnitRunner.buildRequest(AndroidJUnitRunner.java:663)
12-23 16:32:00.622 17790 17820 W ScanningTestLoader: 	at androidx.test.runner.AndroidJUnitRunner.onStart(AndroidJUnitRunner.java:437)
12-23 16:32:00.622 17790 17820 W ScanningTestLoader: 	at android.app.Instrumentation$InstrumentationThread.run(Instrumentation.java:2205)
12-23 16:32:00.622 17790 17820 W ScanningTestLoader: Caused by: java.lang.ClassNotFoundException: kotlin.reflect.jvm.internal.ComputableClassValue
12-23 16:32:00.622 17790 17820 W ScanningTestLoader: 	at java.lang.VMClassLoader.findLoadedClass(Native Method)
12-23 16:32:00.622 17790 17820 W ScanningTestLoader: 	at java.lang.ClassLoader.findLoadedClass(ClassLoader.java:738)
12-23 16:32:00.622 17790 17820 W ScanningTestLoader: 	at java.lang.ClassLoader.loadClass(ClassLoader.java:363)
12-23 16:32:00.622 17790 17820 W ScanningTestLoader: 	at java.lang.ClassLoader.loadClass(ClassLoader.java:312)
12-23 16:32:00.622 17790 17820 W ScanningTestLoader: 	... 8 more
12-23 16:32:00.622 17790 17820 W ScanningTestLoader: Caused by: java.lang.NoClassDefFoundError: Failed resolution of: Ljava/lang/ClassValue;
12-23 16:32:00.622 17790 17820 W ScanningTestLoader: 	... 8 more
12-23 16:32:00.622 17790 17820 W ScanningTestLoader: Caused by: java.lang.ClassNotFoundException: Didn't find class "java.lang.ClassValue" on path: DexPathList[[zip file "/system/framework/android.test.runner.jar", zip file "/system/framework/android.test.mock.jar", zip file "/system/framework/android.test.base.jar", zip file "/data/app/~~MaqflHh_tnbRBwsuxlGYIw==/com.detoxtest.test-fn07Uy8VqYCoz3ZW5mAtGQ==/base.apk", zip file "/data/app/~~h-tDCHXnX2d1cnIRbJvCVg==/com.detoxtest-sMMSK42JVGEWt4oql1Rbuw==/base.apk"],nativeLibraryDirectories=[/data/app/~~MaqflHh_tnbRBwsuxlGYIw==/com.detoxtest.test-fn07Uy8VqYCoz3ZW5mAtGQ==/lib/x86, /data/app/~~h-tDCHXnX2d1cnIRbJvCVg==/com.detoxtest-sMMSK42JVGEWt4oql1Rbuw==/lib/x86, /data/app/~~MaqflHh_tnbRBwsuxlGYIw==/com.detoxtest.test-fn07Uy8VqYCoz3ZW5mAtGQ==/base.apk!/lib/x86, /data/app/~~h-tDCHXnX2d1cnIRbJvCVg==/com.detoxtest-sMMSK42JVGEWt4oql1Rbuw==/base.apk!/lib/x86, /system/lib, /system_ext/lib]]
12-23 16:32:00.622 17790 17820 W ScanningTestLoader: 	at dalvik.system.BaseDexClassLoader.findClass(BaseDexClassLoader.java:207)
12-23 16:32:00.622 17790 17820 W ScanningTestLoader: 	at java.lang.ClassLoader.loadClass(ClassLoader.java:379)
12-23 16:32:00.622 17790 17820 W ScanningTestLoader: 	at java.lang.ClassLoader.loadClass(ClassLoader.java:312)
12-23 16:32:00.622 17790 17820 W ScanningTestLoader: 	... 8 more
12-23 16:32:00.958 17790 17820 I TestRunner: run started: 1 tests
12-23 16:32:00.960 17790 17820 I TestRunner: started: runDetoxTests(com.detoxtest.DetoxTest)
12-23 16:32:00.969 17790 17820 I Detox   : Detox server connection details: url=ws://localhost:54133, sessionId=5126bb27-0c6c-f26a-a9ad-d7d73384e5e1
12-23 16:32:00.978 17790 17820 W FileTestStorage: Output properties is not supported.
12-23 16:32:00.979 17790 17820 W com.detoxtest: Accessing hidden method Landroid/os/Trace;->setAppTracingAllowed(Z)V (greylist, reflection, allowed)
12-23 16:32:00.979 17790 17820 I Tracing : Tracer added: class androidx.test.platform.tracing.AndroidXTracer
12-23 16:32:00.995 17790 17820 D EventInjectionStrategy: Creating injection strategy with input manager.
12-23 16:32:00.995 17790 17820 W com.detoxtest: Accessing hidden method Landroid/hardware/input/InputManager;->getInstance()Landroid/hardware/input/InputManager; (greylist, reflection, allowed)
12-23 16:32:00.996 17790 17820 W com.detoxtest: Accessing hidden method Landroid/hardware/input/InputManager;->injectInputEvent(Landroid/view/InputEvent;I)Z (greylist, reflection, allowed)
12-23 16:32:00.996 17790 17820 W com.detoxtest: Accessing hidden field Landroid/hardware/input/InputManager;->INJECT_INPUT_EVENT_MODE_WAIT_FOR_FINISH:I (greylist, reflection, allowed)
12-23 16:32:01.006 17790 17820 W com.detoxtest: Accessing hidden field Ljava/lang/reflect/Field;->accessFlags:I (greylist, reflection, allowed)
12-23 16:32:01.011 17790 17820 I Detox   : Connecting to server...
12-23 16:32:01.011 17790 17820 I DetoxWSClient: At connectToServer
12-23 16:32:01.154 17790 17826 D DetoxWSClient: At onOpen
12-23 16:32:01.155 17790 17826 I DetoxWSClient: Sending out action 'login' (ID #0)
12-23 16:32:01.156 17790 17826 I Detox   : Connected to server!
12-23 16:32:01.160 17790 17826 D DetoxWSClient: Received action 'loginSuccess' (ID #0, params={"testerConnected":true,"appConnected":true})
12-23 16:32:01.161 17790 17822 I DetoxDispatcher: Handling action 'loginSuccess' (ID #0)...
12-23 16:32:01.162 17790 17822 I DetoxDispatcher: Done with action 'loginSuccess'
12-23 16:32:01.162 17790 17820 I Detox   : Launching the tested activity!
12-23 16:32:01.168 17790 17826 D DetoxWSClient: Received action 'isReady' (ID #-1000, params={})
12-23 16:32:01.168 17790 17822 I DetoxDispatcher: Handling action 'isReady' (ID #-1000)...
12-23 16:32:01.362 17790 17841 D libEGL  : loaded /vendor/lib/egl/libEGL_emulation.so
12-23 16:32:01.386 17790 17790 D AppCompatDelegate: Checking for metadata for AppLocalesMetadataHolderService : Service not found
12-23 16:32:01.393 17790 17841 D libEGL  : loaded /vendor/lib/egl/libGLESv1_CM_emulation.so
12-23 16:32:01.400 17790 17841 D libEGL  : loaded /vendor/lib/egl/libGLESv2_emulation.so
12-23 16:32:01.406 17790 17790 D LifecycleMonitor: Lifecycle status change: com.detoxtest.MainActivity@cd92a4b in: PRE_ON_CREATE
12-23 16:32:01.464 17790 17790 D jni_lib_merge: Entering merged library JNI_OnLoad.
12-23 16:32:01.464 17790 17790 D jni_lib_merge: Preparing 4 pre-merged libs (including stub)
12-23 16:32:01.464 17790 17790 D jni_lib_merge: Preparing to register libhermes_executor_so.  onload_func: 0xbd02b510
12-23 16:32:01.464 17790 17790 D jni_lib_merge: Preparing to register libhermesinstancejni_so.  onload_func: 0xbd05f6c0
12-23 16:32:01.464 17790 17790 D jni_lib_merge: Preparing to register libjsijniprofiler_so.  onload_func: 0xbd061520
12-23 16:32:01.464 17790 17790 D jni_lib_merge: About to register 3 actual methods.
12-23 16:32:01.622 17790 17790 W unknown:BridgelessReact: ReactHost{0}.startSurface(surfaceId = 0): Schedule
12-23 16:32:01.622 17790 17790 W unknown:BridgelessReact: ReactHost{0}.attachSurface(surfaceId = 0)
12-23 16:32:01.624 17790 17849 W unknown:BridgelessReact: ReactHost{0}.getOrCreateReactInstanceTask()
12-23 16:32:01.625 17790 17849 W unknown:BridgelessReact: ReactHost{0}.getOrCreateReactInstanceTask(): Start
12-23 16:32:01.625 17790 17849 D Detox.RNMarker: REACT_BRIDGELESS_LOADING_START (null)
12-23 16:32:01.625 17790 17849 W unknown:BridgelessReact: ReactHost{0}.getJSBundleLoader()
12-23 16:32:01.625 17790 17849 W unknown:BridgelessReact: ReactHost{0}.isMetroRunning()
12-23 16:32:01.643 17790 17790 W com.detoxtest: Accessing hidden method Landroid/view/ViewGroup;->makeOptionalFitsSystemWindows()V (greylist, reflection, allowed)
12-23 16:32:01.650 17790 17790 D LifecycleMonitor: Lifecycle status change: com.detoxtest.MainActivity@cd92a4b in: CREATED
12-23 16:32:01.659 17790 17790 D LifecycleMonitor: Lifecycle status change: com.detoxtest.MainActivity@cd92a4b in: STARTED
12-23 16:32:01.660 17790 17790 W unknown:BridgelessReact: ReactHost{0}.onHostResume(activity)
12-23 16:32:01.660 17790 17790 W unknown:ReactNative: Packager connection already open, nooping.
12-23 16:32:01.660 17790 17790 D LifecycleMonitor: Lifecycle status change: com.detoxtest.MainActivity@cd92a4b in: RESUMED
12-23 16:32:01.675 17790 17850 W unknown:BridgelessReact: ReactHost{0}.isMetroRunning(): Async result = true
12-23 16:32:01.686 17790 17849 W unknown:BridgelessReact: ReactHost{0}.loadJSBundleFromMetro()
12-23 16:32:01.689 17790 17849 D Detox.RNMarker: DOWNLOAD_START (null)
12-23 16:32:01.752 17790 17839 D HostConnection: HostConnection::get() New Host Connection established 0xf2020c30, tid 17839
12-23 16:32:01.767 17790 17839 D HostConnection: HostComposition ext ANDROID_EMU_CHECKSUM_HELPER_v1 ANDROID_EMU_native_sync_v2 ANDROID_EMU_native_sync_v3 ANDROID_EMU_native_sync_v4 ANDROID_EMU_dma_v1 ANDROID_EMU_direct_mem ANDROID_EMU_YUV_Cache ANDROID_EMU_has_shared_slots_host_memory_allocator ANDROID_EMU_sync_buffer_data ANDROID_EMU_read_color_buffer_dma GL_OES_EGL_image_external_essl3 GL_OES_vertex_array_object GL_KHR_texture_compression_astc_ldr ANDROID_EMU_host_side_tracing ANDROID_EMU_gles_max_version_3_0 
12-23 16:32:01.831 17790 17839 W OpenGLRenderer: Failed to choose config with EGL_SWAP_BEHAVIOR_PRESERVED, retrying without...
12-23 16:32:01.832 17790 17839 D EGL_emulation: eglCreateContext: 0xf2020610: maj 3 min 0 rcv 3
12-23 16:32:01.844 17790 17839 D EGL_emulation: eglMakeCurrent: 0xf2020610: ver 3 0 (tinfo 0xf2360a50) (first time)
12-23 16:32:01.909 17790 17839 I Gralloc4: mapper 4.x is not supported
12-23 16:32:01.910 17790 17839 D HostConnection: createUnique: call
12-23 16:32:01.911 17790 17839 D HostConnection: HostConnection::get() New Host Connection established 0xf2021560, tid 17839
12-23 16:32:01.918 17790 17839 D HostConnection: HostComposition ext ANDROID_EMU_CHECKSUM_HELPER_v1 ANDROID_EMU_native_sync_v2 ANDROID_EMU_native_sync_v3 ANDROID_EMU_native_sync_v4 ANDROID_EMU_dma_v1 ANDROID_EMU_direct_mem ANDROID_EMU_YUV_Cache ANDROID_EMU_has_shared_slots_host_memory_allocator ANDROID_EMU_sync_buffer_data ANDROID_EMU_read_color_buffer_dma GL_OES_EGL_image_external_essl3 GL_OES_vertex_array_object GL_KHR_texture_compression_astc_ldr ANDROID_EMU_host_side_tracing ANDROID_EMU_gles_max_version_3_0 
12-23 16:32:02.189 17790 17790 W unknown:BridgelessReact: ReactHost{0}.raiseSoftException(onWindowFocusChange(hasFocus = "true")): Tried to access onWindowFocusChange while context is not ready
12-23 16:32:02.194 17790 17790 E unknown:ReactHost: Unhandled SoftException
12-23 16:32:02.194 17790 17790 E unknown:ReactHost: com.facebook.react.bridge.ReactNoCrashSoftException: raiseSoftException(onWindowFocusChange(hasFocus = "true")): Tried to access onWindowFocusChange while context is not ready
12-23 16:32:02.194 17790 17790 E unknown:ReactHost: 	at com.facebook.react.runtime.ReactHostImpl.raiseSoftException(ReactHostImpl.java:1038)
12-23 16:32:02.194 17790 17790 E unknown:ReactHost: 	at com.facebook.react.runtime.ReactHostImpl.raiseSoftException(ReactHostImpl.java:1031)
12-23 16:32:02.194 17790 17790 E unknown:ReactHost: 	at com.facebook.react.runtime.ReactHostImpl.onWindowFocusChange(ReactHostImpl.java:790)
12-23 16:32:02.194 17790 17790 E unknown:ReactHost: 	at com.facebook.react.ReactDelegate.onWindowFocusChanged(ReactDelegate.java:199)
12-23 16:32:02.194 17790 17790 E unknown:ReactHost: 	at com.facebook.react.ReactActivityDelegate.onWindowFocusChanged(ReactActivityDelegate.java:216)
12-23 16:32:02.194 17790 17790 E unknown:ReactHost: 	at com.facebook.react.ReactActivity.onWindowFocusChanged(ReactActivity.java:158)
12-23 16:32:02.194 17790 17790 E unknown:ReactHost: 	at androidx.appcompat.view.WindowCallbackWrapper.onWindowFocusChanged(WindowCallbackWrapper.java:124)
12-23 16:32:02.194 17790 17790 E unknown:ReactHost: 	at com.android.internal.policy.DecorView.onWindowFocusChanged(DecorView.java:1691)
12-23 16:32:02.194 17790 17790 E unknown:ReactHost: 	at android.view.View.dispatchWindowFocusChanged(View.java:14582)
12-23 16:32:02.194 17790 17790 E unknown:ReactHost: 	at android.view.ViewGroup.dispatchWindowFocusChanged(ViewGroup.java:1502)
12-23 16:32:02.194 17790 17790 E unknown:ReactHost: 	at android.view.ViewRootImpl.handleWindowFocusChanged(ViewRootImpl.java:3257)
12-23 16:32:02.194 17790 17790 E unknown:ReactHost: 	at android.view.ViewRootImpl.access$1100(ViewRootImpl.java:191)
12-23 16:32:02.194 17790 17790 E unknown:ReactHost: 	at android.view.ViewRootImpl$ViewRootHandler.handleMessage(ViewRootImpl.java:5047)
12-23 16:32:02.194 17790 17790 E unknown:ReactHost: 	at android.os.Handler.dispatchMessage(Handler.java:106)
12-23 16:32:02.194 17790 17790 E unknown:ReactHost: 	at android.os.Looper.loop(Looper.java:223)
12-23 16:32:02.194 17790 17790 E unknown:ReactHost: 	at android.app.ActivityThread.main(ActivityThread.java:7656)
12-23 16:32:02.194 17790 17790 E unknown:ReactHost: 	at java.lang.reflect.Method.invoke(Native Method)
12-23 16:32:02.194 17790 17790 E unknown:ReactHost: 	at com.android.internal.os.RuntimeInit$MethodAndArgsCaller.run(RuntimeInit.java:592)
12-23 16:32:02.194 17790 17790 E unknown:ReactHost: 	at com.android.internal.os.ZygoteInit.main(ZygoteInit.java:947)
12-23 16:32:03.076 17790 17850 D Detox.RNMarker: DOWNLOAD_END ({"url":"http:\/\/10.0.2.2:8081\/index.bundle?platform=android&dev=true&lazy=true&minify=false&app=com.detoxtest&modulesOnly=false&runModule=true&excludeSource=true&sourcePaths=url-server","filesChangedCount":0})
12-23 16:32:03.077 17790 17850 W unknown:BridgelessReact: ReactHost{0}.loadJSBundleFromMetro(): Creating BundleLoader
12-23 16:32:03.077 17790 17849 W unknown:BridgelessReact: ReactHost{0}.getOrCreateReactContext(): Creating BridgelessReactContext
12-23 16:32:03.079 17790 17849 W unknown:BridgelessReact: ReactHost{0}.getOrCreateReactInstanceTask(): Creating ReactInstance
12-23 16:32:03.168 17790 17816 I com.detoxtest: Waiting for a blocking GC ProfileSaver
12-23 16:32:03.184 17790 17816 I com.detoxtest: WaitForGcToComplete blocked ProfileSaver on RunEmptyCheckpoint for 15.647ms
12-23 16:32:03.239 17790 17849 W unknown:BridgelessReact: ReactHost{0}.getOrCreateReactInstanceTask(): Loading JS Bundle
12-23 16:32:03.240 17790 17849 W unknown:BridgelessReact: ReactHost{0}.getOrCreateReactInstanceTask(): Calling DevSupportManagerBase.onNewReactContextCreated(reactContext)
12-23 16:32:03.243 17790 17790 W unknown:ReactNative: Packager connection already open, nooping.
12-23 16:32:03.246 17790 17852 D Detox.RNMarker: RUN_JS_BUNDLE_START (/index.bundle?platform=android&dev=true&lazy=true&minify=false&app=com.detoxtest&modulesOnly=false&runModule=true&excludeSource=true&sourcePaths=url-server)
12-23 16:32:03.255 17790 17790 W unknown:BridgelessReact: ReactContext.onHostResume()
12-23 16:32:03.255 17790 17790 W unknown:BridgelessReact: ReactHost{0}.getOrCreateReactInstanceTask(): Executing ReactInstanceEventListeners
12-23 16:32:03.255 17790 17790 I DetoxRNLoading: Got new RN-context through listener
12-23 16:32:03.276 17790 17820 I DetoxRNIdleRes: Setting up Espresso Idling Resources for React Native
12-23 16:32:03.291 17790 17790 D DetoxRNHelpers: Native RN module resolution (class com.reactnativecommunity.asyncstorage.AsyncStorageModule): no registered module found
12-23 16:32:03.292 17790 17820 D IdlingRegistry: Registering idling resources: [com.wix.detox.reactnative.idlingresources.uimodule.fabric.FabricUIManagerIdlingResources@59a33db]
12-23 16:32:03.292 17790 17820 D IdlingRegistry: Registering idling resources: [com.wix.detox.reactnative.idlingresources.animations.AnimatedModuleIdlingResource@4d6fe78]
12-23 16:32:03.292 17790 17820 D IdlingRegistry: Registering idling resources: [com.wix.detox.reactnative.idlingresources.timers.FabricTimersIdlingResource@9e31951]
12-23 16:32:03.292 17790 17820 D IdlingRegistry: Registering idling resources: [com.wix.detox.reactnative.idlingresources.network.NetworkIdlingResource@d0ea5b6]
12-23 16:32:03.292 17790 17820 D IdlingRegistry: Registering idling resources: [com.wix.detox.reactnative.idlingresources.StabilizedIdlingResource@67e32b7]
12-23 16:32:03.331 17790 17849 W unknown:BridgelessReact: ReactHost{0}.startSurface(surfaceId = 0): Execute
12-23 16:32:03.470 17790 17853 W com.detoxtest: Accessing hidden method Landroid/os/MessageQueue;->next()Landroid/os/Message; (greylist, reflection, allowed)
12-23 16:32:03.470 17790 17853 W com.detoxtest: Accessing hidden field Landroid/os/MessageQueue;->mMessages:Landroid/os/Message; (greylist, reflection, allowed)
12-23 16:32:03.470 17790 17853 W com.detoxtest: Accessing hidden method Landroid/os/Message;->recycleUnchecked()V (greylist, reflection, allowed)
12-23 16:32:03.823 17790 17802 I com.detoxtest: Background concurrent copying GC freed 256118(21MB) AllocSpace objects, 2(40KB) LOS objects, 49% free, 6701KB/13MB, paused 29us total 390.442ms
12-23 16:32:03.906 17790 17790 D DetoxRNHelpers: Native RN module resolution (class com.reactnativecommunity.asyncstorage.AsyncStorageModule): no registered module found
12-23 16:32:03.907 17790 17822 W com.detoxtest: Long monitor contention with owner Instr: androidx.test.runner.AndroidJUnitRunner (17820) at void com.wix.detox.DetoxMain.launchActivityOnCue(android.content.Context, com.wix.detox.ActivityLaunchHelper)(DetoxMain.kt:53) waiters=0 in void com.wix.detox.DetoxMain$setupActionHandlers$SynchronizedActionHandler.handle(java.lang.String, long) for 2.739s
12-23 16:32:03.907 17790 17790 I Choreographer: Skipped 36 frames!  The application may be doing too much work on its main thread.
12-23 16:32:03.994 17790 17853 I WebViewFactory: Loading com.google.android.webview version 83.0.4103.106 (code 410410681)
12-23 16:32:03.998 17790 17853 I com.detoxtest: The ClassLoaderContext is a special shared library.
12-23 16:32:04.000 17790 17853 D nativeloader: classloader namespace configured for unbundled product apk. library_path=/product/app/WebViewGoogle/lib/x86:/product/app/WebViewGoogle/WebViewGoogle.apk!/lib/x86:/product/app/TrichromeLibrary/TrichromeLibrary.apk!/lib/x86:/product/lib:/system/product/lib
12-23 16:32:04.032 17790 17853 I com.detoxtest: The ClassLoaderContext is a special shared library.
12-23 16:32:04.034 17790 17853 D nativeloader: classloader namespace configured for unbundled product apk. library_path=/product/app/WebViewGoogle/lib/x86:/product/app/WebViewGoogle/WebViewGoogle.apk!/lib/x86:/product/app/TrichromeLibrary/TrichromeLibrary.apk!/lib/x86:/product/lib:/system/product/lib
12-23 16:32:04.059 17790 17853 I cr_LibraryLoader: Loaded native library version number "83.0.4103.106"
12-23 16:32:04.059 17790 17853 I cr_CachingUmaRecorder: Flushed 3 samples from 3 histograms.
12-23 16:32:04.060 17790 17860 I cr_VariationsUtils: Requesting new seed from IVariationsSeedServer
12-23 16:32:04.101 17790 17852 W unknown:ViewManagerPropertyUpdater: Could not find generated setter for class com.th3rdwave.safeareacontext.SafeAreaProviderManager
12-23 16:32:04.105 17790 17852 W unknown:ViewManagerPropertyUpdater: Could not find generated setter for class com.facebook.react.uimanager.LayoutShadowNode
12-23 16:32:04.108 17790 17852 W unknown:ViewManagerPropertyUpdater: Could not find generated setter for class com.swmansion.rnscreens.SearchBarManager
12-23 16:32:04.110 17790 17852 W unknown:ViewManagerPropertyUpdater: Could not find generated setter for class com.swmansion.rnscreens.ScreenFooterManager
12-23 16:32:04.111 17790 17852 W unknown:ViewManagerPropertyUpdater: Could not find generated setter for class com.swmansion.rnscreens.gamma.tabs.TabScreenViewManager
12-23 16:32:04.113 17790 17852 W unknown:ViewManagerPropertyUpdater: Could not find generated setter for class com.swmansion.rnscreens.ScreenContainerViewManager
12-23 16:32:04.113 17790 17852 W unknown:ViewManagerPropertyUpdater: Could not find generated setter for class com.swmansion.rnscreens.gamma.tabs.TabsHostViewManager
12-23 16:32:04.118 17790 17852 W unknown:ViewManagerPropertyUpdater: Could not find generated setter for class com.swmansion.rnscreens.ModalScreenViewManager
12-23 16:32:04.120 17790 17852 W unknown:ViewManagerPropertyUpdater: Could not find generated setter for class com.swmansion.rnscreens.ScreenStackHeaderConfigViewManager
12-23 16:32:04.121 17790 17852 W unknown:ViewManagerPropertyUpdater: Could not find generated setter for class com.swmansion.rnscreens.ScreenContentWrapperManager
12-23 16:32:04.122 17790 17852 W unknown:ViewManagerPropertyUpdater: Could not find generated setter for class com.th3rdwave.safeareacontext.SafeAreaViewManager
12-23 16:32:04.124 17790 17852 W unknown:ViewManagerPropertyUpdater: Could not find generated setter for class com.th3rdwave.safeareacontext.SafeAreaViewShadowNode
12-23 16:32:04.125 17790 17852 W unknown:ViewManagerPropertyUpdater: Could not find generated setter for class com.swmansion.rnscreens.safearea.SafeAreaViewManager
12-23 16:32:04.126 17790 17852 W unknown:ViewManagerPropertyUpdater: Could not find generated setter for class com.swmansion.rnscreens.safearea.paper.SafeAreaViewShadowNode
12-23 16:32:04.127 17790 17852 W unknown:ViewManagerPropertyUpdater: Could not find generated setter for class com.swmansion.rnscreens.ScreenViewManager
12-23 16:32:04.128 17790 17852 W unknown:ViewManagerPropertyUpdater: Could not find generated setter for class com.swmansion.rnscreens.ScreenStackHeaderSubviewManager
12-23 16:32:04.128 17790 17852 W unknown:ViewManagerPropertyUpdater: Could not find generated setter for class com.swmansion.rnscreens.ScreenStackViewManager
12-23 16:32:04.207 17790 17852 W unknown:ViewManagerPropertyUpdater: Could not find generated setter for class com.facebook.react.views.debuggingoverlay.DebuggingOverlayManager
12-23 16:32:04.213 17790 17852 W unknown:ViewManagerPropertyUpdater: Could not find generated setter for class com.swmansion.gesturehandler.react.RNGestureHandlerButtonViewManager
12-23 16:32:04.225 17790 17852 W unknown:ViewManagerPropertyUpdater: Could not find generated setter for class com.facebook.react.views.safeareaview.ReactSafeAreaViewManager
12-23 16:32:04.225 17790 17852 W unknown:ViewManagerPropertyUpdater: Could not find generated setter for class com.facebook.react.views.safeareaview.ReactSafeAreaViewShadowNode
12-23 16:32:04.231 17790 17852 W unknown:ViewManagerPropertyUpdater: Could not find generated setter for class com.facebook.react.views.modal.ReactModalHostManager
12-23 16:32:04.238 17790 17852 W unknown:ViewManagerPropertyUpdater: Could not find generated setter for class com.facebook.react.views.text.frescosupport.FrescoBasedReactTextInlineImageViewManager
12-23 16:32:04.238 17790 17852 W unknown:ViewManagerPropertyUpdater: Could not find generated setter for class com.facebook.react.views.text.frescosupport.FrescoBasedReactTextInlineImageShadowNode
12-23 16:32:04.245 17790 17852 W unknown:ViewManagerPropertyUpdater: Could not find generated setter for class com.facebook.react.views.progressbar.ReactProgressBarViewManager
12-23 16:32:04.246 17790 17852 W unknown:ViewManagerPropertyUpdater: Could not find generated setter for class com.facebook.react.views.progressbar.ProgressBarShadowNode
12-23 16:32:04.253 17790 17852 W unknown:ViewManagerPropertyUpdater: Could not find generated setter for class com.facebook.react.views.scroll.ReactHorizontalScrollViewManager
12-23 16:32:04.265 17790 17852 W unknown:ViewManagerPropertyUpdater: Could not find generated setter for class com.facebook.react.views.image.ReactImageManager
12-23 16:32:04.274 17790 17852 W unknown:ViewManagerPropertyUpdater: Could not find generated setter for class com.facebook.react.views.text.ReactTextViewManager
12-23 16:32:04.275 17790 17852 W unknown:ViewManagerPropertyUpdater: Could not find generated setter for class com.facebook.react.views.text.ReactTextShadowNode
12-23 16:32:04.283 17790 17852 W unknown:ViewManagerPropertyUpdater: Could not find generated setter for class com.facebook.react.views.scroll.ReactHorizontalScrollContainerViewManager
12-23 16:32:04.289 17790 17852 W unknown:ViewManagerPropertyUpdater: Could not find generated setter for class com.facebook.react.views.unimplementedview.ReactUnimplementedViewManager
12-23 16:32:04.297 17790 17852 W unknown:ViewManagerPropertyUpdater: Could not find generated setter for class com.facebook.react.views.scroll.ReactScrollViewManager
12-23 16:32:04.305 17790 17852 W unknown:ViewManagerPropertyUpdater: Could not find generated setter for class com.facebook.react.views.view.ReactViewManager
12-23 16:32:04.312 17790 17852 W unknown:ViewManagerPropertyUpdater: Could not find generated setter for class com.facebook.react.views.drawer.ReactDrawerLayoutManager
12-23 16:32:04.321 17790 17852 W unknown:ViewManagerPropertyUpdater: Could not find generated setter for class com.facebook.react.views.switchview.ReactSwitchManager
12-23 16:32:04.322 17790 17852 W unknown:ViewManagerPropertyUpdater: Could not find generated setter for class com.facebook.react.views.switchview.ReactSwitchShadowNode
12-23 16:32:04.330 17790 17852 W unknown:ViewManagerPropertyUpdater: Could not find generated setter for class com.facebook.react.views.text.ReactVirtualTextViewManager
12-23 16:32:04.331 17790 17852 W unknown:ViewManagerPropertyUpdater: Could not find generated setter for class com.facebook.react.views.text.ReactVirtualTextShadowNode
12-23 16:32:04.338 17790 17852 W unknown:ViewManagerPropertyUpdater: Could not find generated setter for class com.facebook.react.views.swiperefresh.SwipeRefreshLayoutManager
12-23 16:32:04.345 17790 17852 W unknown:ViewManagerPropertyUpdater: Could not find generated setter for class com.facebook.react.views.text.ReactRawTextManager
12-23 16:32:04.346 17790 17852 W unknown:ViewManagerPropertyUpdater: Could not find generated setter for class com.facebook.react.views.text.ReactRawTextShadowNode
12-23 16:32:04.350 17790 17852 W unknown:ViewManagerPropertyUpdater: Could not find generated setter for class com.facebook.react.views.textinput.ReactTextInputManager
12-23 16:32:04.352 17790 17852 W unknown:ViewManagerPropertyUpdater: Could not find generated setter for class com.facebook.react.views.textinput.ReactTextInputShadowNode
12-23 16:32:04.361 17790 17852 W unknown:ViewManagerPropertyUpdater: Could not find generated setter for class com.swmansion.gesturehandler.react.RNGestureHandlerRootViewManager
12-23 16:32:04.491 17790 17852 D Detox.RNMarker: RUN_JS_BUNDLE_END (/index.bundle?platform=android&dev=true&lazy=true&minify=false&app=com.detoxtest&modulesOnly=false&runModule=true&excludeSource=true&sourcePaths=url-server)
12-23 16:32:04.493 17790 17852 I ReactNativeJS: Running "DetoxTest" with {"rootTag":11,"initialProps":{},"fabric":true}
12-23 16:32:04.661 17790 17852 V AsyncStorageExpoMigration: No scoped database found
12-23 16:32:04.927 17790 17852 I ReactNativeJS: Store rehydrated successfully
12-23 16:32:04.937 17790 17790 D Detox.RNMarker: CONTENT_APPEARED (DetoxTest)
12-23 16:32:05.155 17790 17865 D ProfileInstaller: Installing profile for com.detoxtest
12-23 16:32:05.189 17790 17790 W UiControllerImpl: Waiting for: DYNAMIC_TASKS_HAVE_IDLED for 100 iterations.
12-23 16:32:05.549 17790 17790 W com.detoxtest: Accessing hidden field Landroid/widget/ScrollView;->mScroller:Landroid/widget/OverScroller; (greylist, reflection, allowed)
12-23 16:32:05.632 17790 17790 I ReactNative: [GESTURE HANDLER] Initialize gesture handler for root view com.facebook.react.runtime.ReactSurfaceView{76df098 V.E...... ......ID 0,0-1080,2138 #b}
12-23 16:32:05.684 17790 17852 D Detox.RNMarker: REACT_BRIDGELESS_LOADING_END (null)
12-23 16:32:05.689 17790 17852 D jni_lib_merge: Entering merged library JNI_OnLoad.
12-23 16:32:05.690 17790 17852 D jni_lib_merge: Preparing 12 pre-merged libs (including stub)
12-23 16:32:05.690 17790 17852 D jni_lib_merge: Preparing to register libfabricjni_so.  onload_func: 0xbf2f0cf0
12-23 16:32:05.690 17790 17852 D jni_lib_merge: Preparing to register libreact_devsupportjni_so.  onload_func: 0xbf515a50
12-23 16:32:05.690 17790 17852 D jni_lib_merge: Preparing to register libreact_featureflagsjni_so.  onload_func: 0xbf521e50
12-23 16:32:05.690 17790 17852 D jni_lib_merge: Preparing to register libreact_newarchdefaults_so.  onload_func: 0xbf58fa40
12-23 16:32:05.690 17790 17852 D jni_lib_merge: Preparing to register libreactnativeblob_so.  onload_func: 0xbf78bc90
12-23 16:32:05.690 17790 17852 D jni_lib_merge: Preparing to register libreactnativejni_so.  onload_func: 0xbf7dc830
12-23 16:32:05.690 17790 17852 D jni_lib_merge: Preparing to register libreactnativejni_common_so.  onload_func: 0xbf7ee070
12-23 16:32:05.690 17790 17852 D jni_lib_merge: Preparing to register librninstance_so.  onload_func: 0xbf829320
12-23 16:32:05.690 17790 17852 D jni_lib_merge: Preparing to register libturbomodulejsijni_so.  onload_func: 0xbf95c5a0
12-23 16:32:05.690 17790 17852 D jni_lib_merge: Preparing to register libuimanagerjni_so.  onload_func: 0xbf976420
12-23 16:32:05.690 17790 17852 D jni_lib_merge: Preparing to register libyoga_so.  onload_func: 0xbf986840
12-23 16:32:05.690 17790 17852 D jni_lib_merge: About to register 11 actual methods.
12-23 16:32:05.851 17790 17790 W UiControllerImpl: Waiting for: DYNAMIC_TASKS_HAVE_IDLED for 200 iterations.
12-23 16:32:06.807 17790 17790 W UiControllerImpl: Waiting for: DYNAMIC_TASKS_HAVE_IDLED for 300 iterations.
12-23 16:32:08.442 17790 17790 W UiControllerImpl: Waiting for: DYNAMIC_TASKS_HAVE_IDLED for 400 iterations.
12-23 16:32:08.912 17790 17790 I Detox   : Wait is over: App is now idle!
12-23 16:32:08.912 17790 17822 I DetoxWSClient: Sending out action 'ready' (ID #-1000)
12-23 16:32:08.912 17790 17822 I DetoxDispatcher: Done with action 'isReady'
12-23 16:32:08.921 17790 17826 D DetoxWSClient: Received action 'invoke' (ID #1, params={"target":{"type":"Class","value":"com.wix.detox.espresso.EspressoDetox"},"method":"setSynchronization","args":[{"type":"boolean","value":false}]})
12-23 16:32:08.922 17790 17822 I DetoxDispatcher: Handling action 'invoke' (ID #1)...
12-23 16:32:08.927 17790 17822 D Detox   : class com.wix.detox.espresso.EspressoDetox, setSynchronization, [false]
12-23 16:32:08.932 17790 17822 D IdlingRegistry: Unregistering idling resources: [com.wix.detox.reactnative.idlingresources.timers.FabricTimersIdlingResource@9e31951]
12-23 16:32:08.933 17790 17822 D IdlingRegistry: Unregistering idling resources: [com.wix.detox.reactnative.idlingresources.StabilizedIdlingResource@67e32b7]
12-23 16:32:08.933 17790 17822 D IdlingRegistry: Unregistering idling resources: [com.wix.detox.reactnative.idlingresources.uimodule.fabric.FabricUIManagerIdlingResources@59a33db]
12-23 16:32:08.933 17790 17822 D IdlingRegistry: Unregistering idling resources: [com.wix.detox.reactnative.idlingresources.animations.AnimatedModuleIdlingResource@4d6fe78]
12-23 16:32:08.933 17790 17822 D IdlingRegistry: Unregistering idling resources: [com.wix.detox.reactnative.idlingresources.network.NetworkIdlingResource@d0ea5b6]
12-23 16:32:08.933 17790 17822 I DetoxWSClient: Sending out action 'invokeResult' (ID #1)
12-23 16:32:08.939 17790 17822 I DetoxDispatcher: Done with action 'invoke'
12-23 16:32:11.947 17790 17826 D DetoxWSClient: Received action 'invoke' (ID #2, params={"target":{"type":"Class","value":"com.wix.detox.espresso.EspressoDetox"},"method":"setSynchronization","args":[{"type":"boolean","value":true}]})
12-23 16:32:11.947 17790 17822 I DetoxDispatcher: Handling action 'invoke' (ID #2)...
12-23 16:32:11.948 17790 17822 D Detox   : class com.wix.detox.espresso.EspressoDetox, setSynchronization, [true]
12-23 16:32:11.948 17790 17822 I DetoxRNIdleRes: Setting up Espresso Idling Resources for React Native
12-23 16:32:11.950 17790 17822 D IdlingRegistry: Registering idling resources: [com.wix.detox.reactnative.idlingresources.uimodule.fabric.FabricUIManagerIdlingResources@c9a45e2]
12-23 16:32:11.950 17790 17822 D IdlingRegistry: Registering idling resources: [com.wix.detox.reactnative.idlingresources.animations.AnimatedModuleIdlingResource@dc6cd73]
12-23 16:32:11.950 17790 17822 D IdlingRegistry: Registering idling resources: [com.wix.detox.reactnative.idlingresources.timers.FabricTimersIdlingResource@a30b430]
12-23 16:32:11.950 17790 17822 D IdlingRegistry: Registering idling resources: [com.wix.detox.reactnative.idlingresources.network.NetworkIdlingResource@ac388a9]
12-23 16:32:11.950 17790 17822 D IdlingRegistry: Registering idling resources: [com.wix.detox.reactnative.idlingresources.StabilizedIdlingResource@49ade2e]
12-23 16:32:11.952 17790 17822 I DetoxWSClient: Sending out action 'invokeResult' (ID #2)
12-23 16:32:11.952 17790 17822 I DetoxDispatcher: Done with action 'invoke'
12-23 16:32:11.958 17790 17826 D DetoxWSClient: Received action 'invoke' (ID #3, params={"target":{"type":"Class","value":"com.wix.detox.espresso.DetoxAssertion"},"method":"waitForAssertMatcher","args":[{"type":"Invocation","value":{"target":{"type":"Class","value":"androidx.test.espresso.Espresso"},"method":"onView","args":[{"type":"Invocation","value":{"target":{"type":"Class","value":"com.wix.detox.espresso.DetoxMatcher"},"method":"matcherForTestId","args":["login-root",{"type":"boolean","value":false}]}}]}},{"type":"Invocation","value":{"target":{"type":"Class","value":"com.wix.detox.espresso.DetoxMatcher"},"method":"matcherForSufficientlyVisible","args":[{"type":"Integer","value":75}]}},{"type":"Double","value":10}]})
12-23 16:32:11.959 17790 17822 I DetoxDispatcher: Handling action 'invoke' (ID #3)...
12-23 16:32:11.959 17790 17822 D Detox   : class com.wix.detox.espresso.DetoxMatcher, matcherForTestId, [login-root, false]
12-23 16:32:11.960 17790 17822 D Detox   : class androidx.test.espresso.Espresso, onView, [(view.getTag() is "login-root" and view has effective visibility <VISIBLE>)]
12-23 16:32:11.961 17790 17822 D Detox   : class com.wix.detox.espresso.DetoxMatcher, matcherForSufficientlyVisible, [75]
12-23 16:32:11.962 17790 17822 D Detox   : class com.wix.detox.espresso.DetoxAssertion, waitForAssertMatcher, [androidx.test.espresso.ViewInteraction@b36cdcf, (view has effective visibility <VISIBLE> and view.getGlobalVisibleRect() covers at least <75> percent of the view's area), 10.0]
12-23 16:32:13.424 17790 17790 W UiControllerImpl: Waiting for: DYNAMIC_TASKS_HAVE_IDLED for 100 iterations.
12-23 16:32:15.241 17790 17790 W UiControllerImpl: Waiting for: DYNAMIC_TASKS_HAVE_IDLED for 200 iterations.
12-23 16:32:16.972 17790 17790 I ViewInteraction: Checking 'MatchesViewAssertion(Detox){viewMatcher=(view has effective visibility <VISIBLE> and view.getGlobalVisibleRect() covers at least <75> percent of the view's area)}' assertion on view (view.getTag() is "login-root" and view has effective visibility <VISIBLE>)
12-23 16:32:16.982 17790 17822 I DetoxWSClient: Sending out action 'invokeResult' (ID #3)
12-23 16:32:16.982 17790 17822 I DetoxDispatcher: Done with action 'invoke'
12-23 16:32:16.994 17790 17826 D DetoxWSClient: Received action 'invoke' (ID #4, params={"target":{"type":"Class","value":"com.wix.detox.espresso.EspressoDetox"},"method":"perform","args":[{"type":"Invocation","value":{"target":{"type":"Class","value":"com.wix.detox.espresso.DetoxMatcher"},"method":"matcherForTestId","args":["email-input",{"type":"boolean","value":false}]}},{"type":"Invocation","value":{"target":{"type":"Class","value":"androidx.test.espresso.action.ViewActions"},"method":"replaceText","args":["john@gmail.com"]}}]})
12-23 16:32:16.995 17790 17822 I DetoxDispatcher: Handling action 'invoke' (ID #4)...
12-23 16:32:17.007 17790 17822 D Detox   : class com.wix.detox.espresso.DetoxMatcher, matcherForTestId, [email-input, false]
12-23 16:32:17.009 17790 17822 D Detox   : class androidx.test.espresso.action.ViewActions, replaceText, [john@gmail.com]
12-23 16:32:17.009 17790 17822 D Detox   : class com.wix.detox.espresso.EspressoDetox, perform, [(view.getTag() is "email-input" and view has effective visibility <VISIBLE>), androidx.test.espresso.action.ReplaceTextAction@928a7c7]
12-23 16:32:17.021 17790 17790 I ViewInteraction: Performing 'replace text(john@gmail.com)' action on view (view.getTag() is "email-input" and view has effective visibility <VISIBLE>)
12-23 16:32:17.040 17790 17822 I DetoxWSClient: Sending out action 'invokeResult' (ID #4)
12-23 16:32:17.040 17790 17822 I DetoxDispatcher: Done with action 'invoke'
12-23 16:32:17.048 17790 17826 D DetoxWSClient: Received action 'invoke' (ID #5, params={"target":{"type":"Class","value":"com.wix.detox.espresso.EspressoDetox"},"method":"perform","args":[{"type":"Invocation","value":{"target":{"type":"Class","value":"com.wix.detox.espresso.DetoxMatcher"},"method":"matcherForTestId","args":["password-input",{"type":"boolean","value":false}]}},{"type":"Invocation","value":{"target":{"type":"Class","value":"com.wix.detox.espresso.DetoxViewActions"},"method":"click","args":[]}}]})
12-23 16:32:17.048 17790 17822 I DetoxDispatcher: Handling action 'invoke' (ID #5)...
12-23 16:32:17.049 17790 17822 D Detox   : class com.wix.detox.espresso.DetoxMatcher, matcherForTestId, [password-input, false]
12-23 16:32:17.050 17790 17822 D Detox   : class com.wix.detox.espresso.DetoxViewActions, click, []
12-23 16:32:17.053 17790 17822 W com.detoxtest: Accessing hidden method Landroid/view/ViewConfiguration;->getDoubleTapMinTime()I (greylist, reflection, allowed)
12-23 16:32:17.054 17790 17822 D Detox   : class com.wix.detox.espresso.EspressoDetox, perform, [(view.getTag() is "password-input" and view has effective visibility <VISIBLE>), com.wix.detox.espresso.action.RNClickAction@fc964a]
12-23 16:32:17.072 17790 17790 I AssistStructure: Flattened final assist data: 2388 bytes, containing 1 windows, 12 views
12-23 16:32:17.172 17790 17790 I ViewInteraction: Performing 'com.wix.detox.espresso.action.detoxsingletap@892b9bb click' action on view (view.getTag() is "password-input" and view has effective visibility <VISIBLE>)
12-23 16:32:17.234 17790 17790 I AssistStructure: Flattened final assist data: 2428 bytes, containing 1 windows, 12 views
12-23 16:32:17.384 17790 17790 W unknown:ViewManagerPropertyUpdater: Could not find generated setter for class com.facebook.react.uimanager.RootViewManager
12-23 16:32:17.668 17790 17822 I DetoxWSClient: Sending out action 'invokeResult' (ID #5)
12-23 16:32:17.669 17790 17822 I DetoxDispatcher: Done with action 'invoke'
12-23 16:32:17.674 17790 17826 D DetoxWSClient: Received action 'invoke' (ID #6, params={"target":{"type":"Class","value":"com.wix.detox.espresso.EspressoDetox"},"method":"perform","args":[{"type":"Invocation","value":{"target":{"type":"Class","value":"com.wix.detox.espresso.DetoxMatcher"},"method":"matcherForTestId","args":["password-input",{"type":"boolean","value":false}]}},{"type":"Invocation","value":{"target":{"type":"Class","value":"androidx.test.espresso.action.ViewActions"},"method":"replaceText","args":["Password123!"]}}]})
12-23 16:32:17.675 17790 17822 I DetoxDispatcher: Handling action 'invoke' (ID #6)...
12-23 16:32:17.675 17790 17822 D Detox   : class com.wix.detox.espresso.DetoxMatcher, matcherForTestId, [password-input, false]
12-23 16:32:17.676 17790 17822 D Detox   : class androidx.test.espresso.action.ViewActions, replaceText, [Password123!]
12-23 16:32:17.676 17790 17822 D Detox   : class com.wix.detox.espresso.EspressoDetox, perform, [(view.getTag() is "password-input" and view has effective visibility <VISIBLE>), androidx.test.espresso.action.ReplaceTextAction@4448efe]
12-23 16:32:17.679 17790 17790 I ViewInteraction: Performing 'replace text(Password123!)' action on view (view.getTag() is "password-input" and view has effective visibility <VISIBLE>)
12-23 16:32:17.692 17790 17822 I DetoxWSClient: Sending out action 'invokeResult' (ID #6)
12-23 16:32:17.693 17790 17822 I DetoxDispatcher: Done with action 'invoke'
12-23 16:32:17.704 17790 17826 D DetoxWSClient: Received action 'invoke' (ID #7, params={"target":{"type":"Invocation","value":{"target":{"type":"Class","value":"com.wix.detox.uiautomator.UiAutomator"},"method":"uiDevice","args":[]}},"method":"pressBack","args":[]})
12-23 16:32:17.705 17790 17822 I DetoxDispatcher: Handling action 'invoke' (ID #7)...
12-23 16:32:17.705 17790 17822 D Detox   : class com.wix.detox.uiautomator.UiAutomator, uiDevice, []
12-23 16:32:17.756 17790 17884 V UiAutomation: Init UiAutomation@142d257[id=17, flags=0]
12-23 16:32:18.459 17790 17822 I DetoxWSClient: Sending out action 'invokeResult' (ID #7)
12-23 16:32:18.460 17790 17822 I DetoxDispatcher: Done with action 'invoke'
12-23 16:32:18.472 17790 17826 D DetoxWSClient: Received action 'invoke' (ID #8, params={"target":{"type":"Class","value":"com.wix.detox.espresso.EspressoDetox"},"method":"perform","args":[{"type":"Invocation","value":{"target":{"type":"Class","value":"com.wix.detox.espresso.DetoxMatcher"},"method":"matcherForTestId","args":["login-button",{"type":"boolean","value":false}]}},{"type":"Invocation","value":{"target":{"type":"Class","value":"com.wix.detox.espresso.DetoxViewActions"},"method":"click","args":[]}}]})
12-23 16:32:18.472 17790 17822 I DetoxDispatcher: Handling action 'invoke' (ID #8)...
12-23 16:32:18.473 17790 17822 D Detox   : class com.wix.detox.espresso.DetoxMatcher, matcherForTestId, [login-button, false]
12-23 16:32:18.473 17790 17822 D Detox   : class com.wix.detox.espresso.DetoxViewActions, click, []
12-23 16:32:18.474 17790 17822 D Detox   : class com.wix.detox.espresso.EspressoDetox, perform, [(view.getTag() is "login-button" and view has effective visibility <VISIBLE>), com.wix.detox.espresso.action.RNClickAction@50862e0]
12-23 16:32:18.580 17790 17790 E unknown:NativeAnimatedNodesManager: Native animation workaround, frame lost as result of race condition
12-23 16:32:18.580 17790 17790 E unknown:NativeAnimatedNodesManager: com.facebook.react.bridge.JSApplicationCausedNativeException: Illegal node ID set as an input for Animated.Add node
12-23 16:32:18.580 17790 17790 E unknown:NativeAnimatedNodesManager: 	at com.facebook.react.animated.AdditionAnimatedNode.update$ReactAndroid_debug(AdditionAnimatedNode.kt:44)
12-23 16:32:18.580 17790 17790 E unknown:NativeAnimatedNodesManager: 	at com.facebook.react.animated.NativeAnimatedNodesManager.updateNodes(NativeAnimatedNodesManager.kt:688)
12-23 16:32:18.580 17790 17790 E unknown:NativeAnimatedNodesManager: 	at com.facebook.react.animated.NativeAnimatedNodesManager.runUpdates(NativeAnimatedNodesManager.kt:570)
12-23 16:32:18.580 17790 17790 E unknown:NativeAnimatedNodesManager: 	at com.facebook.react.animated.NativeAnimatedModule$1.doFrameGuarded(NativeAnimatedModule.kt:383)
12-23 16:32:18.580 17790 17790 E unknown:NativeAnimatedNodesManager: 	at com.facebook.react.uimanager.GuardedFrameCallback.doFrame(GuardedFrameCallback.kt:25)
12-23 16:32:18.580 17790 17790 E unknown:NativeAnimatedNodesManager: 	at com.facebook.react.modules.core.ReactChoreographer.frameCallback$lambda$1(ReactChoreographer.kt:59)
12-23 16:32:18.580 17790 17790 E unknown:NativeAnimatedNodesManager: 	at com.facebook.react.modules.core.ReactChoreographer.$r8$lambda$nSkFhrr5T7rop_XKwzlLov4NLLw(Unknown Source:0)
12-23 16:32:18.580 17790 17790 E unknown:NativeAnimatedNodesManager: 	at com.facebook.react.modules.core.ReactChoreographer$$ExternalSyntheticLambda0.doFrame(D8$$SyntheticClass:0)
12-23 16:32:18.580 17790 17790 E unknown:NativeAnimatedNodesManager: 	at android.view.Choreographer$CallbackRecord.run(Choreographer.java:970)
12-23 16:32:18.580 17790 17790 E unknown:NativeAnimatedNodesManager: 	at android.view.Choreographer.doCallbacks(Choreographer.java:796)
12-23 16:32:18.580 17790 17790 E unknown:NativeAnimatedNodesManager: 	at android.view.Choreographer.doFrame(Choreographer.java:727)
12-23 16:32:18.580 17790 17790 E unknown:NativeAnimatedNodesManager: 	at android.view.Choreographer$FrameDisplayEventReceiver.run(Choreographer.java:957)
12-23 16:32:18.580 17790 17790 E unknown:NativeAnimatedNodesManager: 	at android.os.Handler.handleCallback(Handler.java:938)
12-23 16:32:18.580 17790 17790 E unknown:NativeAnimatedNodesManager: 	at android.os.Handler.dispatchMessage(Handler.java:99)
12-23 16:32:18.580 17790 17790 E unknown:NativeAnimatedNodesManager: 	at androidx.test.espresso.base.Interrogator.loopAndInterrogate(Interrogator.java:156)
12-23 16:32:18.580 17790 17790 E unknown:NativeAnimatedNodesManager: 	at androidx.test.espresso.base.UiControllerImpl.loopUntil(UiControllerImpl.java:510)
12-23 16:32:18.580 17790 17790 E unknown:NativeAnimatedNodesManager: 	at androidx.test.espresso.base.UiControllerImpl.loopMainThreadUntilIdle(UiControllerImpl.java:433)
12-23 16:32:18.580 17790 17790 E unknown:NativeAnimatedNodesManager: 	at androidx.test.espresso.ViewInteraction.doPerform(ViewInteraction.java:257)
12-23 16:32:18.580 17790 17790 E unknown:NativeAnimatedNodesManager: 	at androidx.test.espresso.ViewInteraction.access$300(ViewInteraction.java:70)
12-23 16:32:18.580 17790 17790 E unknown:NativeAnimatedNodesManager: 	at androidx.test.espresso.ViewInteraction$1.call(ViewInteraction.java:193)
12-23 16:32:18.580 17790 17790 E unknown:NativeAnimatedNodesManager: 	at androidx.test.espresso.ViewInteraction$1.call(ViewInteraction.java:182)
12-23 16:32:18.580 17790 17790 E unknown:NativeAnimatedNodesManager: 	at java.util.concurrent.FutureTask.run(FutureTask.java:266)
12-23 16:32:18.580 17790 17790 E unknown:NativeAnimatedNodesManager: 	at android.os.Handler.handleCallback(Handler.java:938)
12-23 16:32:18.580 17790 17790 E unknown:NativeAnimatedNodesManager: 	at android.os.Handler.dispatchMessage(Handler.java:99)
12-23 16:32:18.580 17790 17790 E unknown:NativeAnimatedNodesManager: 	at android.os.Looper.loop(Looper.java:223)
12-23 16:32:18.580 17790 17790 E unknown:NativeAnimatedNodesManager: 	at android.app.ActivityThread.main(ActivityThread.java:7656)
12-23 16:32:18.580 17790 17790 E unknown:NativeAnimatedNodesManager: 	at java.lang.reflect.Method.invoke(Native Method)
12-23 16:32:18.580 17790 17790 E unknown:NativeAnimatedNodesManager: 	at com.android.internal.os.RuntimeInit$MethodAndArgsCaller.run(RuntimeInit.java:592)
12-23 16:32:18.580 17790 17790 E unknown:NativeAnimatedNodesManager: 	at com.android.internal.os.ZygoteInit.main(ZygoteInit.java:947)
12-23 16:32:18.580 17790 17790 E unknown:NativeAnimatedNodesManager: Native animation workaround, frame lost as result of race condition
12-23 16:32:18.580 17790 17790 E unknown:NativeAnimatedNodesManager: com.facebook.react.bridge.JSApplicationCausedNativeException: Illegal node ID set as an input for Animated.multiply node
12-23 16:32:18.580 17790 17790 E unknown:NativeAnimatedNodesManager: 	at com.facebook.react.animated.MultiplicationAnimatedNode.update$ReactAndroid_debug(MultiplicationAnimatedNode.kt:41)
12-23 16:32:18.580 17790 17790 E unknown:NativeAnimatedNodesManager: 	at com.facebook.react.animated.NativeAnimatedNodesManager.updateNodes(NativeAnimatedNodesManager.kt:688)
12-23 16:32:18.580 17790 17790 E unknown:NativeAnimatedNodesManager: 	at com.facebook.react.animated.NativeAnimatedNodesManager.runUpdates(NativeAnimatedNodesManager.kt:570)
12-23 16:32:18.580 17790 17790 E unknown:NativeAnimatedNodesManager: 	at com.facebook.react.animated.NativeAnimatedModule$1.doFrameGuarded(NativeAnimatedModule.kt:383)
12-23 16:32:18.580 17790 17790 E unknown:NativeAnimatedNodesManager: 	at com.facebook.react.uimanager.GuardedFrameCallback.doFrame(GuardedFrameCallback.kt:25)
12-23 16:32:18.580 17790 17790 E unknown:NativeAnimatedNodesManager: 	at com.facebook.react.modules.core.ReactChoreographer.frameCallback$lambda$1(ReactChoreographer.kt:59)
12-23 16:32:18.580 17790 17790 E unknown:NativeAnimatedNodesManager: 	at com.facebook.react.modules.core.ReactChoreographer.$r8$lambda$nSkFhrr5T7rop_XKwzlLov4NLLw(Unknown Source:0)
12-23 16:32:18.580 17790 17790 E unknown:NativeAnimatedNodesManager: 	at com.facebook.react.modules.core.ReactChoreographer$$ExternalSyntheticLambda0.doFrame(D8$$SyntheticClass:0)
12-23 16:32:18.580 17790 17790 E unknown:NativeAnimatedNodesManager: 	at android.view.Choreographer$CallbackRecord.run(Choreographer.java:970)
12-23 16:32:18.580 17790 17790 E unknown:NativeAnimatedNodesManager: 	at android.view.Choreographer.doCallbacks(Choreographer.java:796)
12-23 16:32:18.580 17790 17790 E unknown:NativeAnimatedNodesManager: 	at android.view.Choreographer.doFrame(Choreographer.java:727)
12-23 16:32:18.580 17790 17790 E unknown:NativeAnimatedNodesManager: 	at android.view.Choreographer$FrameDisplayEventReceiver.run(Choreographer.java:957)
12-23 16:32:18.580 17790 17790 E unknown:NativeAnimatedNodesManager: 	at android.os.Handler.handleCallback(Handler.java:938)
12-23 16:32:18.580 17790 17790 E unknown:NativeAnimatedNodesManager: 	at android.os.Handler.dispatchMessage(Handler.java:99)
12-23 16:32:18.580 17790 17790 E unknown:NativeAnimatedNodesManager: 	at androidx.test.espresso.base.Interrogator.loopAndInterrogate(Interrogator.java:156)
12-23 16:32:18.580 17790 17790 E unknown:NativeAnimatedNodesManager: 	at androidx.test.espresso.base.UiControllerImpl.loopUntil(UiControllerImpl.java:510)
12-23 16:32:18.580 17790 17790 E unknown:NativeAnimatedNodesManager: 	at androidx.test.espresso.base.UiControllerImpl.loopMainThreadUntilIdle(UiControllerImpl.java:433)
12-23 16:32:18.580 17790 17790 E unknown:NativeAnimatedNodesManager: 	at androidx.test.espresso.ViewInteraction.doPerform(ViewInteraction.java:257)
12-23 16:32:18.580 17790 17790 E unknown:NativeAnimatedNodesManager: 	at androidx.test.espresso.ViewInteraction.access$300(ViewInteraction.java:70)
12-23 16:32:18.580 17790 17790 E unknown:NativeAnimatedNodesManager: 	at androidx.test.espresso.ViewInteraction$1.call(ViewInteraction.java:193)
12-23 16:32:18.580 17790 17790 E unknown:NativeAnimatedNodesManager: 	at androidx.test.espresso.ViewInteraction$1.call(ViewInteraction.java:182)
12-23 16:32:18.580 17790 17790 E unknown:NativeAnimatedNodesManager: 	at java.util.concurrent.FutureTask.run(FutureTask.java:266)
12-23 16:32:18.580 17790 17790 E unknown:NativeAnimatedNodesManager: 	at android.os.Handler.handleCallback(Handler.java:938)
12-23 16:32:18.580 17790 17790 E unknown:NativeAnimatedNodesManager: 	at android.os.Handler.dispatchMessage(Handler.java:99)
12-23 16:32:18.580 17790 17790 E unknown:NativeAnimatedNodesManager: 	at android.os.Looper.loop(Looper.java:223)
12-23 16:32:18.580 17790 17790 E unknown:NativeAnimatedNodesManager: 	at android.app.ActivityThread.main(ActivityThread.java:7656)
12-23 16:32:18.580 17790 17790 E unknown:NativeAnimatedNodesManager: 	at java.lang.reflect.Method.invoke(Native Method)
12-23 16:32:18.580 17790 17790 E unknown:NativeAnimatedNodesManager: 	at com.android.internal.os.RuntimeInit$MethodAndArgsCaller.run(RuntimeInit.java:592)
12-23 16:32:18.580 17790 17790 E unknown:NativeAnimatedNodesManager: 	at com.android.internal.os.ZygoteInit.main(ZygoteInit.java:947)
12-23 16:32:18.600 17790 17790 I ViewInteraction: Performing 'com.wix.detox.espresso.action.detoxsingletap@b592655 click' action on view (view.getTag() is "login-button" and view has effective visibility <VISIBLE>)
12-23 16:32:18.687 17790 17852 I ReactNativeJS: Starting login process...
12-23 16:32:18.776 17790 17790 I ReactNative: [GESTURE HANDLER] Tearing down gesture handler registered for root view com.facebook.react.runtime.ReactSurfaceView{76df098 V.E...... ......ID 0,0-1080,2138 #b}
12-23 16:32:18.782 17790 17790 D AutofillManager: Hidding UI when view 1073741824 became invisible
12-23 16:32:18.797 17790 17790 I Detox   : Network is busy, with 1 in-flight calls
12-23 16:32:19.675 17790 17790 I chatty  : uid=10672(com.detoxtest) identical 53 lines
12-23 16:32:19.691 17790 17790 I Detox   : Network is busy, with 1 in-flight calls
12-23 16:32:19.711 17790 17852 I ReactNativeJS: ' Network check failed but continuing:', 'Aborted'
12-23 16:32:20.727 17790 17852 I ReactNativeJS: Creating John Doe mock user for successful login
12-23 16:32:20.729 17790 17852 I ReactNativeJS: 'Login Successful!', 'Welcome back!'
12-23 16:32:23.174 17790 17790 W UiControllerImpl: Waiting for: DYNAMIC_TASKS_HAVE_IDLED for 100 iterations.
12-23 16:32:24.807 17790 17790 W UiControllerImpl: Waiting for: DYNAMIC_TASKS_HAVE_IDLED for 200 iterations.
12-23 16:32:26.407 17790 17790 W UiControllerImpl: Waiting for: DYNAMIC_TASKS_HAVE_IDLED for 300 iterations.
12-23 16:32:26.681 17790 17822 I DetoxWSClient: Sending out action 'invokeResult' (ID #8)
12-23 16:32:26.682 17790 17822 I DetoxDispatcher: Done with action 'invoke'
12-23 16:32:31.688 17790 17826 D DetoxWSClient: Received action 'invoke' (ID #9, params={"target":{"type":"Class","value":"com.wix.detox.espresso.DetoxAssertion"},"method":"waitForAssertMatcher","args":[{"type":"Invocation","value":{"target":{"type":"Class","value":"androidx.test.espresso.Espresso"},"method":"onView","args":[{"type":"Invocation","value":{"target":{"type":"Class","value":"com.wix.detox.espresso.DetoxMatcher"},"method":"matcherForTestId","args":["home-tab-root",{"type":"boolean","value":false}]}}]}},{"type":"Invocation","value":{"target":{"type":"Class","value":"com.wix.detox.espresso.DetoxMatcher"},"method":"matcherForSufficientlyVisible","args":[{"type":"Integer","value":75}]}},{"type":"Double","value":15}]})
12-23 16:32:31.688 17790 17822 I DetoxDispatcher: Handling action 'invoke' (ID #9)...
12-23 16:32:31.689 17790 17822 D Detox   : class com.wix.detox.espresso.DetoxMatcher, matcherForTestId, [home-tab-root, false]
12-23 16:32:31.689 17790 17822 D Detox   : class androidx.test.espresso.Espresso, onView, [(view.getTag() is "home-tab-root" and view has effective visibility <VISIBLE>)]
12-23 16:32:31.689 17790 17822 D Detox   : class com.wix.detox.espresso.DetoxMatcher, matcherForSufficientlyVisible, [75]
12-23 16:32:31.690 17790 17822 D Detox   : class com.wix.detox.espresso.DetoxAssertion, waitForAssertMatcher, [androidx.test.espresso.ViewInteraction@43e023, (view has effective visibility <VISIBLE> and view.getGlobalVisibleRect() covers at least <75> percent of the view's area), 15.0]
12-23 16:32:31.694 17790 17790 I ViewInteraction: Checking 'MatchesViewAssertion(Detox){viewMatcher=(view has effective visibility <VISIBLE> and view.getGlobalVisibleRect() covers at least <75> percent of the view's area)}' assertion on view (view.getTag() is "home-tab-root" and view has effective visibility <VISIBLE>)
12-23 16:32:31.696 17790 17822 I DetoxWSClient: Sending out action 'invokeResult' (ID #9)
12-23 16:32:31.696 17790 17822 I DetoxDispatcher: Done with action 'invoke'
