--------- beginning of main
12-17 16:58:45.366 19795 19795 W UiControllerImpl: Waiting for: DYNAMIC_TASKS_HAVE_IDLED for 700 iterations.
12-17 16:58:45.595 19795 19795 I Detox   : Wait is over: App is now idle!
12-17 16:58:45.596 19795 19829 I DetoxWSClient: Sending out action 'ready' (ID #-1000)
12-17 16:58:45.597 19795 19829 I DetoxDispatcher: Done with action 'isReady'
12-17 16:58:45.698 19795 19834 D DetoxWSClient: Received action 'reactNativeReload' (ID #-1000, params={})
12-17 16:58:45.698 19795 19829 I DetoxDispatcher: Handling action 'reactNativeReload' (ID #-1000)...
12-17 16:58:45.714 19795 19829 I DetoxRNExt: Reloading React Native
12-17 16:58:45.715 19795 19829 D IdlingRegistry: Unregistering idling resources: [com.wix.detox.reactnative.idlingresources.timers.FabricTimersIdlingResource@68439eb]
12-17 16:58:45.717 19795 19829 D IdlingRegistry: Unregistering idling resources: [com.wix.detox.reactnative.idlingresources.StabilizedIdlingResource@7a535e1]
12-17 16:58:45.717 19795 19829 D IdlingRegistry: Unregistering idling resources: [com.wix.detox.reactnative.idlingresources.uimodule.fabric.FabricUIManagerIdlingResources@b207865]
12-17 16:58:45.717 19795 19829 D IdlingRegistry: Unregistering idling resources: [com.wix.detox.reactnative.idlingresources.animations.AnimatedModuleIdlingResource@4a0393a]
12-17 16:58:45.717 19795 19829 D IdlingRegistry: Unregistering idling resources: [com.wix.detox.reactnative.idlingresources.network.NetworkIdlingResource@6b47348]
12-17 16:58:45.721 19795 19853 W unknown:BridgelessReact: ReactHost{0}.getOrCreateReloadTask()
12-17 16:58:45.721 19795 19853 W unknown:BridgelessReact: ReactHost{0}.raiseSoftException(getOrCreateReloadTask()): Detox
12-17 16:58:45.722 19795 19853 E unknown:ReactHost: Unhandled SoftException
12-17 16:58:45.722 19795 19853 E unknown:ReactHost: com.facebook.react.bridge.ReactNoCrashSoftException: raiseSoftException(getOrCreateReloadTask()): Detox
12-17 16:58:45.722 19795 19853 E unknown:ReactHost: 	at com.facebook.react.runtime.ReactHostImpl.raiseSoftException(ReactHostImpl.java:1038)
12-17 16:58:45.722 19795 19853 E unknown:ReactHost: 	at com.facebook.react.runtime.ReactHostImpl.raiseSoftException(ReactHostImpl.java:1031)
12-17 16:58:45.722 19795 19853 E unknown:ReactHost: 	at com.facebook.react.runtime.ReactHostImpl.getOrCreateReloadTask(ReactHostImpl.java:1478)
12-17 16:58:45.722 19795 19853 E unknown:ReactHost: 	at com.facebook.react.runtime.ReactHostImpl.lambda$reload$5(ReactHostImpl.java:502)
12-17 16:58:45.722 19795 19853 E unknown:ReactHost: 	at com.facebook.react.runtime.ReactHostImpl.$r8$lambda$pnssLYpRgj-ac0gqivuqyD-9TKQ(Unknown Source:0)
12-17 16:58:45.722 19795 19853 E unknown:ReactHost: 	at com.facebook.react.runtime.ReactHostImpl$$ExternalSyntheticLambda0.call(D8$$SyntheticClass:0)
12-17 16:58:45.722 19795 19853 E unknown:ReactHost: 	at com.facebook.react.runtime.internal.bolts.Task$Companion.call$lambda$2(Task.kt:315)
12-17 16:58:45.722 19795 19853 E unknown:ReactHost: 	at com.facebook.react.runtime.internal.bolts.Task$Companion.$r8$lambda$MFqd_-X5KhHmu0hvNE2Bec_4mJM(Unknown Source:0)
12-17 16:58:45.722 19795 19853 E unknown:ReactHost: 	at com.facebook.react.runtime.internal.bolts.Task$Companion$$ExternalSyntheticLambda1.run(D8$$SyntheticClass:0)
12-17 16:58:45.722 19795 19853 E unknown:ReactHost: 	at java.util.concurrent.ThreadPoolExecutor.runWorker(ThreadPoolExecutor.java:1156)
12-17 16:58:45.722 19795 19853 E unknown:ReactHost: 	at java.util.concurrent.ThreadPoolExecutor$Worker.run(ThreadPoolExecutor.java:651)
12-17 16:58:45.722 19795 19853 E unknown:ReactHost: 	at java.lang.Thread.run(Thread.java:1119)
12-17 16:58:45.722 19795 19853 W unknown:BridgelessReact: ReactHost{0}.getOrCreateReloadTask(): Resetting createReactInstance task ref
12-17 16:58:45.722 19795 19795 W unknown:BridgelessReact: ReactHost{0}.getOrCreateReloadTask(): Starting React Native reload
12-17 16:58:45.722 19795 19795 W unknown:BridgelessReact: ReactHost{0}.getOrCreateReloadTask(): Calling ReactContext.onHostPause()
12-17 16:58:45.723 19795 19795 W unknown:BridgelessReact: ReactHost{0}.raiseSoftException(callWithExistingReactInstance(callFunctionOnModule("RCTDeviceEventEmitter", "emit"))): Execute: reactInstance is null. Dropping work.
12-17 16:58:45.725 19795 19795 E unknown:ReactHost: Unhandled SoftException
12-17 16:58:45.725 19795 19795 E unknown:ReactHost: com.facebook.react.bridge.ReactNoCrashSoftException: raiseSoftException(callWithExistingReactInstance(callFunctionOnModule("RCTDeviceEventEmitter", "emit"))): Execute: reactInstance is null. Dropping work.
12-17 16:58:45.725 19795 19795 E unknown:ReactHost: 	at com.facebook.react.runtime.ReactHostImpl.raiseSoftException(ReactHostImpl.java:1038)
12-17 16:58:45.725 19795 19795 E unknown:ReactHost: 	at com.facebook.react.runtime.ReactHostImpl.raiseSoftException(ReactHostImpl.java:1031)
12-17 16:58:45.725 19795 19795 E unknown:ReactHost: 	at com.facebook.react.runtime.ReactHostImpl.lambda$callWithExistingReactInstance$16(ReactHostImpl.java:1059)
12-17 16:58:45.725 19795 19795 E unknown:ReactHost: 	at com.facebook.react.runtime.ReactHostImpl.$r8$lambda$v_wsWn1AM15FUeMv5__nLvaLvTQ(Unknown Source:0)
12-17 16:58:45.725 19795 19795 E unknown:ReactHost: 	at com.facebook.react.runtime.ReactHostImpl$$ExternalSyntheticLambda16.then(D8$$SyntheticClass:0)
12-17 16:58:45.725 19795 19795 E unknown:ReactHost: 	at com.facebook.react.runtime.internal.bolts.Task$Companion.completeImmediately$lambda$3(Task.kt:356)
12-17 16:58:45.725 19795 19795 E unknown:ReactHost: 	at com.facebook.react.runtime.internal.bolts.Task$Companion.$r8$lambda$b7MTC0ufkn_2TjF4BGcNqGR9qK0(Unknown Source:0)
12-17 16:58:45.725 19795 19795 E unknown:ReactHost: 	at com.facebook.react.runtime.internal.bolts.Task$Companion$$ExternalSyntheticLambda3.run(D8$$SyntheticClass:0)
12-17 16:58:45.725 19795 19795 E unknown:ReactHost: 	at com.facebook.react.runtime.internal.bolts.Executors$ImmediateExecutor.execute(Executors.kt:41)
12-17 16:58:45.725 19795 19795 E unknown:ReactHost: 	at com.facebook.react.runtime.internal.bolts.Task$Companion.completeImmediately(Task.kt:354)
12-17 16:58:45.725 19795 19795 E unknown:ReactHost: 	at com.facebook.react.runtime.internal.bolts.Task$Companion.access$completeImmediately(Task.kt:250)
12-17 16:58:45.725 19795 19795 E unknown:ReactHost: 	at com.facebook.react.runtime.internal.bolts.Task.continueWith(Task.kt:132)
12-17 16:58:45.725 19795 19795 E unknown:ReactHost: 	at com.facebook.react.runtime.internal.bolts.Task.continueWith$default(Task.kt:117)
12-17 16:58:45.725 19795 19795 E unknown:ReactHost: 	at com.facebook.react.runtime.internal.bolts.Task.onSuccess$lambda$12(Task.kt:174)
12-17 16:58:45.725 19795 19795 E unknown:ReactHost: 	at com.facebook.react.runtime.internal.bolts.Task.$r8$lambda$l0wwo5AvbHxlwfI1R7CH_codxoo(Unknown Source:0)
12-17 16:58:45.725 19795 19795 E unknown:ReactHost: 	at com.facebook.react.runtime.internal.bolts.Task$$ExternalSyntheticLambda2.then(D8$$SyntheticClass:0)
12-17 16:58:45.725 19795 19795 E unknown:ReactHost: 	at com.facebook.react.runtime.internal.bolts.Task$Companion.completeAfterTask$lambda$5(Task.kt:390)
12-17 16:58:45.725 19795 19795 E unknown:ReactHost: 	at com.facebook.react.runtime.internal.bolts.Task$Companion.$r8$lambda$IPpysnehFwANEiW061YzapkMdoE(Unknown Source:0)
12-17 16:58:45.725 19795 19795 E unknown:ReactHost: 	at com.facebook.react.runtime.internal.bolts.Task$Companion$$ExternalSyntheticLambda4.run(D8$$SyntheticClass:0)
12-17 16:58:45.725 19795 19795 E unknown:ReactHost: 	at com.facebook.react.runtime.internal.bolts.Executors$ImmediateExecutor.execute(Executors.kt:41)
12-17 16:58:45.725 19795 19795 E unknown:ReactHost: 	at com.facebook.react.runtime.internal.bolts.Task$Companion.completeAfterTask(Task.kt:388)
12-17 16:58:45.725 19795 19795 E unknown:ReactHost: 	at com.facebook.react.runtime.internal.bolts.Task$Companion.access$completeAfterTask(Task.kt:250)
12-17 16:58:45.725 19795 19795 E unknown:ReactHost: 	at com.facebook.react.runtime.internal.bolts.Task.continueWithTask(Task.kt:156)
12-17 16:58:45.725 19795 19795 E unknown:ReactHost: 	at com.facebook.react.runtime.internal.bolts.Task.onSuccess(Task.kt:169)
12-17 16:58:45.725 19795 19795 E unknown:ReactHost: 	at com.facebook.react.runtime.ReactHostImpl.callWithExistingReactInstance(ReactHostImpl.java:1055)
12-17 16:58:45.725 19795 19795 E unknown:ReactHost: 	at com.facebook.react.runtime.ReactHostImpl.callFunctionOnModule(ReactHostImpl.java:912)
12-17 16:58:45.725 19795 19795 E unknown:ReactHost: 	at com.facebook.react.runtime.BridgelessReactContext.emitDeviceEvent(BridgelessReactContext.kt:132)
12-17 16:58:45.725 19795 19795 E unknown:ReactHost: 	at com.facebook.react.modules.appstate.AppStateModule.sendEvent(AppStateModule.kt:71)
12-17 16:58:45.725 19795 19795 E unknown:ReactHost: 	at com.facebook.react.modules.appstate.AppStateModule.sendAppStateChangeEvent(AppStateModule.kt:75)
12-17 16:58:45.725 19795 19795 E unknown:ReactHost: 	at com.facebook.react.modules.appstate.AppStateModule.onHostPause(AppStateModule.kt:48)
12-17 16:58:45.725 19795 19795 E unknown:ReactHost: 	at com.facebook.react.bridge.ReactContext.onHostPause(ReactContext.java:302)
12-17 16:58:45.725 19795 19795 E unknown:ReactHost: 	at com.facebook.react.runtime.ReactHostImpl.lambda$getOrCreateReloadTask$29(ReactHostImpl.java:1507)
12-17 16:58:45.725 19795 19795 E unknown:ReactHost: 	at com.facebook.react.runtime.ReactHostImpl.$r8$lambda$3_hO2W0xswhzVpHPxbwcWlR35dM(Unknown Source:0)
12-17 16:58:45.725 19795 19795 E unknown:ReactHost: 	at com.facebook.react.runtime.ReactHostImpl$$ExternalSyntheticLambda9.then(D8$$SyntheticClass:0)
12-17 16:58:45.725 19795 19795 E unknown:ReactHost: 	at com.facebook.react.runtime.internal.bolts.Task$Companion.completeAfterTask$lambda$5(Task.kt:390)
12-17 16:58:45.725 19795 19795 E unknown:ReactHost: 	at com.facebook.react.runtime.internal.bolts.Task$Companion.$r8$lambda$IPpysnehFwANEiW061YzapkMdoE(Unknown Source:0)
12-17 16:58:45.725 19795 19795 E unknown:ReactHost: 	at com.facebook.react.runtime.internal.bolts.Task$Companion$$ExternalSyntheticLambda4.run(D8$$SyntheticClass:0)
12-17 16:58:45.725 19795 19795 E unknown:ReactHost: 	at android.os.Handler.handleCallback(Handler.java:978)
12-17 16:58:45.725 19795 19795 E unknown:ReactHost: 	at android.os.Handler.dispatchMessage(Handler.java:104)
12-17 16:58:45.725 19795 19795 E unknown:ReactHost: 	at android.os.Looper.loopOnce(Looper.java:238)
12-17 16:58:45.725 19795 19795 E unknown:ReactHost: 	at android.os.Looper.loop(Looper.java:357)
12-17 16:58:45.725 19795 19795 E unknown:ReactHost: 	at android.app.ActivityThread.main(ActivityThread.java:8090)
12-17 16:58:45.725 19795 19795 E unknown:ReactHost: 	at java.lang.reflect.Method.invoke(Native Method)
12-17 16:58:45.725 19795 19795 E unknown:ReactHost: 	at com.android.internal.os.RuntimeInit$MethodAndArgsCaller.run(RuntimeInit.java:548)
12-17 16:58:45.725 19795 19795 E unknown:ReactHost: 	at com.android.internal.os.ZygoteInit.main(ZygoteInit.java:1026)
12-17 16:58:45.727 19795 19853 W unknown:BridgelessReact: ReactHost{0}.getOrCreateReloadTask(): Stopping all React Native surfaces
12-17 16:58:45.727 19795 19853 E unknown:SurfaceMountingManager: Stopping surface [11]
12-17 16:58:45.730 19795 19795 I ReactNative: [GESTURE HANDLER] Tearing down gesture handler registered for root view com.facebook.react.runtime.ReactSurfaceView{efd77cd V.E...... ........ 0,0-1080,2225 #b}
12-17 16:58:45.731 19795 19795 E unknown:SurfaceMountingManager: Surface [11] was stopped on SurfaceMountingManager.
12-17 16:58:45.743 19795 19795 W unknown:BridgelessReact: ReactHost{0}.getOrCreateReloadTask(): Removing memory pressure listener
12-17 16:58:45.743 19795 19795 W unknown:BridgelessReact: ReactHost{0}.getOrCreateReloadTask(): Resetting ReactContext ref
12-17 16:58:45.743 19795 19795 W unknown:BridgelessReact: ReactHost{0}.getOrCreateReloadTask(): Destroying ReactContext
12-17 16:58:45.743 19795 19795 W unknown:BridgelessReact: ReactHost{0}.getOrCreateReloadTask(): Calling DevSupportManager.onReactInstanceDestroyed(reactContext)
12-17 16:58:45.743 19795 19795 W unknown:ReactNative: Packager connection already open, nooping.
12-17 16:58:45.793 19795 19795 I com.detoxtest: Explicit concurrent copying GC freed 2139KB AllocSpace bytes, 1(20KB) LOS objects, 49% free, 8698KB/16MB, paused 71us,31us total 49.352ms
12-17 16:58:45.794 19795 19853 W unknown:BridgelessReact: ReactHost{0}.getOrCreateReloadTask(): Resetting ReactInstance ptr
12-17 16:58:45.794 19795 19853 W unknown:BridgelessReact: ReactHost{0}.getOrCreateReloadTask(): Destroying ReactInstance
12-17 16:58:45.798 19795 19853 E unknown:ReactNative: Tried to remove non-existent frame callback
12-17 16:58:45.800 19795 19853 W unknown:ReactNative: Tried to enqueue runnable on already finished thread: 'v_native... dropping Runnable.
12-17 16:58:45.800 19795 19853 W unknown:ReactNative: Tried to enqueue runnable on already finished thread: 'v_native... dropping Runnable.
12-17 16:58:45.800 19795 19853 W unknown:ReactNative: Tried to enqueue runnable on already finished thread: 'v_native... dropping Runnable.
12-17 16:58:45.800 19795 19853 W unknown:ReactNative: Tried to enqueue runnable on already finished thread: 'v_native... dropping Runnable.
12-17 16:58:45.801 19795 19853 W unknown:ReactNative: Tried to enqueue runnable on already finished thread: 'v_native... dropping Runnable.
12-17 16:58:45.801 19795 19853 W unknown:ReactNative: Tried to enqueue runnable on already finished thread: 'v_native... dropping Runnable.
12-17 16:58:45.801 19795 19853 W unknown:ReactNative: Tried to enqueue runnable on already finished thread: 'v_native... dropping Runnable.
12-17 16:58:45.801 19795 19853 W unknown:ReactNative: Tried to enqueue runnable on already finished thread: 'v_native... dropping Runnable.
12-17 16:58:45.801 19795 19853 W unknown:ReactNative: Tried to enqueue runnable on already finished thread: 'v_native... dropping Runnable.
12-17 16:58:45.801 19795 19853 W unknown:ReactNative: Tried to enqueue runnable on already finished thread: 'v_native... dropping Runnable.
12-17 16:58:45.801 19795 19853 W unknown:ReactNative: Tried to enqueue runnable on already finished thread: 'v_native... dropping Runnable.
12-17 16:58:45.801 19795 19853 W unknown:ReactNative: Tried to enqueue runnable on already finished thread: 'v_native... dropping Runnable.
12-17 16:58:45.801 19795 19853 W unknown:ReactNative: Tried to enqueue runnable on already finished thread: 'v_native... dropping Runnable.
12-17 16:58:45.801 19795 19853 W unknown:ReactNative: Tried to enqueue runnable on already finished thread: 'v_native... dropping Runnable.
12-17 16:58:45.802 19795 19853 W unknown:ReactNative: Tried to enqueue runnable on already finished thread: 'v_native... dropping Runnable.
12-17 16:58:45.802 19795 19853 W unknown:ReactNative: Tried to enqueue runnable on already finished thread: 'v_native... dropping Runnable.
12-17 16:58:45.802 19795 19853 W unknown:ReactNative: Tried to enqueue runnable on already finished thread: 'v_native... dropping Runnable.
12-17 16:58:45.802 19795 19853 W unknown:ReactNative: Tried to enqueue runnable on already finished thread: 'v_native... dropping Runnable.
12-17 16:58:45.802 19795 19853 W unknown:ReactNative: Tried to enqueue runnable on already finished thread: 'v_native... dropping Runnable.
12-17 16:58:45.802 19795 19853 W unknown:ReactNative: Tried to enqueue runnable on already finished thread: 'v_native... dropping Runnable.
12-17 16:58:45.802 19795 19853 W unknown:ReactNative: Tried to enqueue runnable on already finished thread: 'v_native... dropping Runnable.
12-17 16:58:45.802 19795 19853 W unknown:ReactNative: Tried to enqueue runnable on already finished thread: 'v_native... dropping Runnable.
12-17 16:58:45.803 19795 19853 W unknown:ReactNative: Tried to enqueue runnable on already finished thread: 'v_native... dropping Runnable.
12-17 16:58:45.803 19795 19853 W unknown:ReactNative: Tried to enqueue runnable on already finished thread: 'v_native... dropping Runnable.
12-17 16:58:45.831 19795 19853 W unknown:BridgelessReact: ReactHost{0}.getOrCreateReloadTask(): Resetting start task ref
12-17 16:58:45.831 19795 19853 W unknown:BridgelessReact: ReactHost{0}.getOrCreateReactInstanceTask()
12-17 16:58:45.832 19795 19853 W unknown:BridgelessReact: ReactHost{0}.getOrCreateReactInstanceTask(): Start
12-17 16:58:45.832 19795 19853 D Detox.RNMarker: REACT_BRIDGELESS_LOADING_START (null)
12-17 16:58:45.832 19795 19853 W unknown:BridgelessReact: ReactHost{0}.getJSBundleLoader()
12-17 16:58:45.832 19795 19853 W unknown:BridgelessReact: ReactHost{0}.isMetroRunning()
12-17 16:58:45.837 19795 19854 W unknown:BridgelessReact: ReactHost{0}.isMetroRunning(): Async result = true
12-17 16:58:45.838 19795 19853 W unknown:BridgelessReact: ReactHost{0}.loadJSBundleFromMetro()
12-17 16:58:45.838 19795 19853 D Detox.RNMarker: DOWNLOAD_START (null)
12-17 16:58:46.124 19795 19854 D Detox.RNMarker: DOWNLOAD_END ({"url":"http:\/\/localhost:8081\/index.bundle?platform=android&dev=true&lazy=true&minify=false&app=com.detoxtest&modulesOnly=false&runModule=true&excludeSource=true&sourcePaths=url-server","filesChangedCount":0})
12-17 16:58:46.124 19795 19854 W unknown:BridgelessReact: ReactHost{0}.loadJSBundleFromMetro(): Creating BundleLoader
12-17 16:58:46.125 19795 19853 W unknown:BridgelessReact: ReactHost{0}.getOrCreateReactContext(): Creating BridgelessReactContext
12-17 16:58:46.125 19795 19853 W unknown:BridgelessReact: ReactHost{0}.getOrCreateReactInstanceTask(): Creating ReactInstance
12-17 16:58:46.126 19795 19853 W unknown:ReactNative: Inspector connection already open, nooping.
12-17 16:58:46.155 19795 19853 W unknown:BridgelessReact: ReactHost{0}.getOrCreateReactInstanceTask(): Loading JS Bundle
12-17 16:58:46.156 19795 19853 W unknown:BridgelessReact: ReactHost{0}.getOrCreateReactInstanceTask(): Calling DevSupportManagerBase.onNewReactContextCreated(reactContext)
12-17 16:58:46.156 19795 19929 D Detox.RNMarker: RUN_JS_BUNDLE_START (/index.bundle?platform=android&dev=true&lazy=true&minify=false&app=com.detoxtest&modulesOnly=false&runModule=true&excludeSource=true&sourcePaths=url-server)
12-17 16:58:46.157 19795 19853 W unknown:BridgelessReact: ReactHost{0}.getOrCreateReloadTask(): Restarting previously running React Native Surfaces
12-17 16:58:46.158 19795 19853 W unknown:BridgelessReact: ReactHost{0}.getOrCreateReloadTask(): Resetting reload task ref
12-17 16:58:46.158 19795 19795 W unknown:ReactNative: Packager connection already open, nooping.
12-17 16:58:46.158 19795 19795 W unknown:BridgelessReact: ReactContext.onHostResume()
12-17 16:58:46.159 19795 19795 W unknown:BridgelessReact: ReactHost{0}.getOrCreateReactInstanceTask(): Executing ReactInstanceEventListeners
12-17 16:58:46.159 19795 19795 I DetoxRNLoading: Got new RN-context through listener
12-17 16:58:46.160 19795 19829 I DetoxRNIdleRes: Setting up Espresso Idling Resources for React Native
12-17 16:58:46.163 19795 19795 D DetoxRNHelpers: Native RN module resolution (class com.reactnativecommunity.asyncstorage.AsyncStorageModule): no registered module found
12-17 16:58:46.163 19795 19829 D IdlingRegistry: Registering idling resources: [com.wix.detox.reactnative.idlingresources.uimodule.fabric.FabricUIManagerIdlingResources@92e4938]
12-17 16:58:46.163 19795 19829 D IdlingRegistry: Registering idling resources: [com.wix.detox.reactnative.idlingresources.animations.AnimatedModuleIdlingResource@c546d11]
12-17 16:58:46.163 19795 19829 D IdlingRegistry: Registering idling resources: [com.wix.detox.reactnative.idlingresources.timers.FabricTimersIdlingResource@553ce76]
12-17 16:58:46.164 19795 19829 D IdlingRegistry: Registering idling resources: [com.wix.detox.reactnative.idlingresources.network.NetworkIdlingResource@2db0c77]
12-17 16:58:46.164 19795 19829 D IdlingRegistry: Registering idling resources: [com.wix.detox.reactnative.idlingresources.StabilizedIdlingResource@1ac0e4]
12-17 16:58:46.165 19795 19795 D DetoxRNHelpers: Native RN module resolution (class com.reactnativecommunity.asyncstorage.AsyncStorageModule): no registered module found
12-17 16:58:46.166 19795 19829 I DetoxWSClient: Sending out action 'ready' (ID #-1000)
12-17 16:58:46.166 19795 19829 I DetoxDispatcher: Done with action 'reactNativeReload'
12-17 16:58:46.174 19795 19834 D DetoxWSClient: Received action 'invoke' (ID #1, params={"target":{"type":"Class","value":"com.wix.detox.espresso.EspressoDetox"},"method":"setSynchronization","args":[{"type":"boolean","value":false}]})
12-17 16:58:46.175 19795 19829 I DetoxDispatcher: Handling action 'invoke' (ID #1)...
12-17 16:58:46.177 19795 19829 D Detox   : class com.wix.detox.espresso.EspressoDetox, setSynchronization, [false]
12-17 16:58:46.179 19795 19829 D IdlingRegistry: Unregistering idling resources: [com.wix.detox.reactnative.idlingresources.timers.FabricTimersIdlingResource@553ce76]
12-17 16:58:46.181 19795 19829 D IdlingRegistry: Unregistering idling resources: [com.wix.detox.reactnative.idlingresources.StabilizedIdlingResource@1ac0e4]
12-17 16:58:46.181 19795 19829 D IdlingRegistry: Unregistering idling resources: [com.wix.detox.reactnative.idlingresources.uimodule.fabric.FabricUIManagerIdlingResources@92e4938]
12-17 16:58:46.181 19795 19829 D IdlingRegistry: Unregistering idling resources: [com.wix.detox.reactnative.idlingresources.animations.AnimatedModuleIdlingResource@c546d11]
12-17 16:58:46.182 19795 19829 D IdlingRegistry: Unregistering idling resources: [com.wix.detox.reactnative.idlingresources.network.NetworkIdlingResource@2db0c77]
12-17 16:58:46.182 19795 19829 I DetoxWSClient: Sending out action 'invokeResult' (ID #1)
12-17 16:58:46.182 19795 19829 I DetoxDispatcher: Done with action 'invoke'
12-17 16:58:46.535 19795 19929 W [RNScreens]: InsetObserverProxy registers on new context while it has not been invalidated on the old one. Please report this as issue at https://github.com/software-mansion/react-native-screens/issues
12-17 16:58:46.536 19795 19929 W unknown:ViewManagerPropertyUpdater: Could not find generated setter for class com.th3rdwave.safeareacontext.SafeAreaProviderManager
12-17 16:58:46.538 19795 19929 W unknown:ViewManagerPropertyUpdater: Could not find generated setter for class com.facebook.react.uimanager.LayoutShadowNode
12-17 16:58:46.540 19795 19929 W unknown:ViewManagerPropertyUpdater: Could not find generated setter for class com.swmansion.rnscreens.SearchBarManager
12-17 16:58:46.541 19795 19929 W unknown:ViewManagerPropertyUpdater: Could not find generated setter for class com.swmansion.rnscreens.ScreenFooterManager
12-17 16:58:46.541 19795 19929 W unknown:ViewManagerPropertyUpdater: Could not find generated setter for class com.swmansion.rnscreens.gamma.tabs.TabScreenViewManager
12-17 16:58:46.542 19795 19929 W unknown:ViewManagerPropertyUpdater: Could not find generated setter for class com.swmansion.rnscreens.ScreenContainerViewManager
12-17 16:58:46.543 19795 19929 W unknown:ViewManagerPropertyUpdater: Could not find generated setter for class com.swmansion.rnscreens.gamma.tabs.TabsHostViewManager
12-17 16:58:46.544 19795 19929 W unknown:ViewManagerPropertyUpdater: Could not find generated setter for class com.swmansion.rnscreens.ModalScreenViewManager
12-17 16:58:46.545 19795 19929 W unknown:ViewManagerPropertyUpdater: Could not find generated setter for class com.swmansion.rnscreens.ScreenStackHeaderConfigViewManager
12-17 16:58:46.546 19795 19929 W unknown:ViewManagerPropertyUpdater: Could not find generated setter for class com.swmansion.rnscreens.ScreenContentWrapperManager
12-17 16:58:46.546 19795 19929 W unknown:ViewManagerPropertyUpdater: Could not find generated setter for class com.th3rdwave.safeareacontext.SafeAreaViewManager
12-17 16:58:46.548 19795 19929 W unknown:ViewManagerPropertyUpdater: Could not find generated setter for class com.th3rdwave.safeareacontext.SafeAreaViewShadowNode
12-17 16:58:46.548 19795 19929 W unknown:ViewManagerPropertyUpdater: Could not find generated setter for class com.swmansion.rnscreens.safearea.SafeAreaViewManager
12-17 16:58:46.549 19795 19929 W unknown:ViewManagerPropertyUpdater: Could not find generated setter for class com.swmansion.rnscreens.safearea.paper.SafeAreaViewShadowNode
12-17 16:58:46.549 19795 19929 W unknown:ViewManagerPropertyUpdater: Could not find generated setter for class com.swmansion.rnscreens.ScreenViewManager
12-17 16:58:46.550 19795 19929 W unknown:ViewManagerPropertyUpdater: Could not find generated setter for class com.swmansion.rnscreens.ScreenStackHeaderSubviewManager
12-17 16:58:46.550 19795 19929 W unknown:ViewManagerPropertyUpdater: Could not find generated setter for class com.swmansion.rnscreens.ScreenStackViewManager
12-17 16:58:46.607 19795 19929 W unknown:ViewManagerPropertyUpdater: Could not find generated setter for class com.facebook.react.views.debuggingoverlay.DebuggingOverlayManager
12-17 16:58:46.611 19795 19929 W unknown:ViewManagerPropertyUpdater: Could not find generated setter for class com.swmansion.gesturehandler.react.RNGestureHandlerButtonViewManager
12-17 16:58:46.616 19795 19929 W unknown:ViewManagerPropertyUpdater: Could not find generated setter for class com.facebook.react.views.safeareaview.ReactSafeAreaViewManager
12-17 16:58:46.616 19795 19929 W unknown:ViewManagerPropertyUpdater: Could not find generated setter for class com.facebook.react.views.safeareaview.ReactSafeAreaViewShadowNode
12-17 16:58:46.621 19795 19929 W unknown:ViewManagerPropertyUpdater: Could not find generated setter for class com.facebook.react.views.modal.ReactModalHostManager
12-17 16:58:46.628 19795 19929 W unknown:ViewManagerPropertyUpdater: Could not find generated setter for class com.facebook.react.views.text.frescosupport.FrescoBasedReactTextInlineImageViewManager
12-17 16:58:46.628 19795 19929 W unknown:ViewManagerPropertyUpdater: Could not find generated setter for class com.facebook.react.views.text.frescosupport.FrescoBasedReactTextInlineImageShadowNode
12-17 16:58:46.634 19795 19929 W unknown:ViewManagerPropertyUpdater: Could not find generated setter for class com.facebook.react.views.progressbar.ReactProgressBarViewManager
12-17 16:58:46.635 19795 19929 W unknown:ViewManagerPropertyUpdater: Could not find generated setter for class com.facebook.react.views.progressbar.ProgressBarShadowNode
12-17 16:58:46.640 19795 19929 W unknown:ViewManagerPropertyUpdater: Could not find generated setter for class com.facebook.react.views.scroll.ReactHorizontalScrollViewManager
12-17 16:58:46.645 19795 19929 W unknown:ViewManagerPropertyUpdater: Could not find generated setter for class com.facebook.react.views.image.ReactImageManager
12-17 16:58:46.651 19795 19929 W unknown:ViewManagerPropertyUpdater: Could not find generated setter for class com.facebook.react.views.text.ReactTextViewManager
12-17 16:58:46.652 19795 19929 W unknown:ViewManagerPropertyUpdater: Could not find generated setter for class com.facebook.react.views.text.ReactTextShadowNode
12-17 16:58:46.658 19795 19929 W unknown:ViewManagerPropertyUpdater: Could not find generated setter for class com.facebook.react.views.scroll.ReactHorizontalScrollContainerViewManager
12-17 16:58:46.663 19795 19929 W unknown:ViewManagerPropertyUpdater: Could not find generated setter for class com.facebook.react.views.unimplementedview.ReactUnimplementedViewManager
12-17 16:58:46.667 19795 19929 W unknown:ViewManagerPropertyUpdater: Could not find generated setter for class com.facebook.react.views.scroll.ReactScrollViewManager
12-17 16:58:46.674 19795 19929 W unknown:ViewManagerPropertyUpdater: Could not find generated setter for class com.facebook.react.views.view.ReactViewManager
12-17 16:58:46.679 19795 19929 W unknown:ViewManagerPropertyUpdater: Could not find generated setter for class com.facebook.react.views.drawer.ReactDrawerLayoutManager
12-17 16:58:46.684 19795 19929 W unknown:ViewManagerPropertyUpdater: Could not find generated setter for class com.facebook.react.views.switchview.ReactSwitchManager
12-17 16:58:46.684 19795 19929 W unknown:ViewManagerPropertyUpdater: Could not find generated setter for class com.facebook.react.views.switchview.ReactSwitchShadowNode
12-17 16:58:46.689 19795 19929 W unknown:ViewManagerPropertyUpdater: Could not find generated setter for class com.facebook.react.views.text.ReactVirtualTextViewManager
12-17 16:58:46.689 19795 19929 W unknown:ViewManagerPropertyUpdater: Could not find generated setter for class com.facebook.react.views.text.ReactVirtualTextShadowNode
12-17 16:58:46.694 19795 19929 W unknown:ViewManagerPropertyUpdater: Could not find generated setter for class com.facebook.react.views.swiperefresh.SwipeRefreshLayoutManager
12-17 16:58:46.699 19795 19929 W unknown:ViewManagerPropertyUpdater: Could not find generated setter for class com.facebook.react.views.text.ReactRawTextManager
12-17 16:58:46.699 19795 19929 W unknown:ViewManagerPropertyUpdater: Could not find generated setter for class com.facebook.react.views.text.ReactRawTextShadowNode
12-17 16:58:46.700 19795 19929 W unknown:ViewManagerPropertyUpdater: Could not find generated setter for class com.facebook.react.views.textinput.ReactTextInputManager
12-17 16:58:46.702 19795 19929 W unknown:ViewManagerPropertyUpdater: Could not find generated setter for class com.facebook.react.views.textinput.ReactTextInputShadowNode
12-17 16:58:46.707 19795 19929 W unknown:ViewManagerPropertyUpdater: Could not find generated setter for class com.swmansion.gesturehandler.react.RNGestureHandlerRootViewManager
12-17 16:58:46.833 19795 19929 D Detox.RNMarker: RUN_JS_BUNDLE_END (/index.bundle?platform=android&dev=true&lazy=true&minify=false&app=com.detoxtest&modulesOnly=false&runModule=true&excludeSource=true&sourcePaths=url-server)
12-17 16:58:46.836 19795 19929 I ReactNativeJS: Running "DetoxTest" with {"rootTag":21,"initialProps":{},"fabric":true}
12-17 16:58:47.342 19795 19929 I ReactNativeJS: Store rehydrated successfully
12-17 16:58:47.346 19795 19806 I OpenGLRenderer: Davey! duration=9223301963002ms; Flags=0, FrameTimelineVsyncId=2121098, IntendedVsync=70073852297538, Vsync=70073852297538, InputEventId=0, HandleInputStart=70073853516021, AnimationStart=70073853517427, PerformTraversalsStart=70073857798678, DrawStart=70073859062011, FrameDeadline=70073867964204, FrameInterval=70073853511646, FrameStartTime=8333333, SyncQueued=70073862665762, SyncStart=70073862751283, IssueDrawCommandsStart=70073862812480, SwapBuffers=70073863343887, FrameCompleted=9223372036854775807, DequeueBufferDuration=15000, QueueBufferDuration=816459, GpuCompleted=9223372036854775807, SwapBuffersCompleted=70073864417272, DisplayPresentTime=-1252282171385708544, 
12-17 16:58:47.902 19795 19795 I ReactNative: [GESTURE HANDLER] Initialize gesture handler for root view com.facebook.react.runtime.ReactSurfaceView{efd77cd V.E...... ......ID 0,0-1080,2225 #15}
12-17 16:58:48.029 19795 19929 D Detox.RNMarker: REACT_BRIDGELESS_LOADING_END (null)
12-17 16:58:48.040 19795 19800 I com.detoxtest: NativeAlloc concurrent copying GC freed 1552KB AllocSpace bytes, 0(0B) LOS objects, 49% free, 9068KB/17MB, paused 49us,34us total 103.602ms
12-17 16:58:49.196 19795 19834 D DetoxWSClient: Received action 'invoke' (ID #2, params={"target":{"type":"Class","value":"com.wix.detox.espresso.EspressoDetox"},"method":"setSynchronization","args":[{"type":"boolean","value":true}]})
12-17 16:58:49.197 19795 19829 I DetoxDispatcher: Handling action 'invoke' (ID #2)...
12-17 16:58:49.198 19795 19829 D Detox   : class com.wix.detox.espresso.EspressoDetox, setSynchronization, [true]
12-17 16:58:49.199 19795 19829 I DetoxRNIdleRes: Setting up Espresso Idling Resources for React Native
12-17 16:58:49.209 19795 19829 D IdlingRegistry: Registering idling resources: [com.wix.detox.reactnative.idlingresources.uimodule.fabric.FabricUIManagerIdlingResources@e9d53ee]
12-17 16:58:49.209 19795 19829 D IdlingRegistry: Registering idling resources: [com.wix.detox.reactnative.idlingresources.animations.AnimatedModuleIdlingResource@a3708f]
12-17 16:58:49.209 19795 19829 D IdlingRegistry: Registering idling resources: [com.wix.detox.reactnative.idlingresources.timers.FabricTimersIdlingResource@f7caf1c]
12-17 16:58:49.209 19795 19829 D IdlingRegistry: Registering idling resources: [com.wix.detox.reactnative.idlingresources.network.NetworkIdlingResource@1194725]
12-17 16:58:49.209 19795 19829 D IdlingRegistry: Registering idling resources: [com.wix.detox.reactnative.idlingresources.StabilizedIdlingResource@70ec0fa]
12-17 16:58:49.214 19795 19829 I DetoxWSClient: Sending out action 'invokeResult' (ID #2)
12-17 16:58:49.215 19795 19829 I DetoxDispatcher: Done with action 'invoke'
12-17 16:58:49.224 19795 19834 D DetoxWSClient: Received action 'invoke' (ID #3, params={"target":{"type":"Class","value":"com.wix.detox.espresso.DetoxAssertion"},"method":"waitForAssertMatcher","args":[{"type":"Invocation","value":{"target":{"type":"Class","value":"androidx.test.espresso.Espresso"},"method":"onView","args":[{"type":"Invocation","value":{"target":{"type":"Class","value":"com.wix.detox.espresso.DetoxMatcher"},"method":"matcherForTestId","args":["login-root",{"type":"boolean","value":false}]}}]}},{"type":"Invocation","value":{"target":{"type":"Class","value":"com.wix.detox.espresso.DetoxMatcher"},"method":"matcherForSufficientlyVisible","args":[{"type":"Integer","value":75}]}},{"type":"Double","value":10}]})
12-17 16:58:49.224 19795 19829 I DetoxDispatcher: Handling action 'invoke' (ID #3)...
12-17 16:58:49.226 19795 19829 D Detox   : class com.wix.detox.espresso.DetoxMatcher, matcherForTestId, [login-root, false]
12-17 16:58:49.228 19795 19829 D Detox   : class androidx.test.espresso.Espresso, onView, [(view.getTag() is "login-root" and view has effective visibility <VISIBLE>)]
12-17 16:58:49.230 19795 19829 D Detox   : class com.wix.detox.espresso.DetoxMatcher, matcherForSufficientlyVisible, [75]
12-17 16:58:49.233 19795 19829 D Detox   : class com.wix.detox.espresso.DetoxAssertion, waitForAssertMatcher, [androidx.test.espresso.ViewInteraction@b7086ab, (view has effective visibility <VISIBLE> and view.getGlobalVisibleRect() covers at least <75> percent of the view's area), 10.0]
12-17 16:58:50.012 19795 19795 W UiControllerImpl: Waiting for: DYNAMIC_TASKS_HAVE_IDLED for 100 iterations.
12-17 16:58:50.842 19795 19795 W UiControllerImpl: Waiting for: DYNAMIC_TASKS_HAVE_IDLED for 200 iterations.
12-17 16:58:51.668 19795 19795 W UiControllerImpl: Waiting for: DYNAMIC_TASKS_HAVE_IDLED for 300 iterations.
12-17 16:58:52.494 19795 19795 W UiControllerImpl: Waiting for: DYNAMIC_TASKS_HAVE_IDLED for 400 iterations.
12-17 16:58:53.319 19795 19795 W UiControllerImpl: Waiting for: DYNAMIC_TASKS_HAVE_IDLED for 500 iterations.
12-17 16:58:54.135 19795 19795 W UiControllerImpl: Waiting for: DYNAMIC_TASKS_HAVE_IDLED for 600 iterations.
12-17 16:58:54.270 19795 19795 I ViewInteraction: Checking 'MatchesViewAssertion(Detox){viewMatcher=(view has effective visibility <VISIBLE> and view.getGlobalVisibleRect() covers at least <75> percent of the view's area)}' assertion on view (view.getTag() is "login-root" and view has effective visibility <VISIBLE>)
12-17 16:58:54.298 19795 19829 I DetoxWSClient: Sending out action 'invokeResult' (ID #3)
12-17 16:58:54.299 19795 19829 I DetoxDispatcher: Done with action 'invoke'
12-17 16:58:54.307 19795 19834 D DetoxWSClient: Received action 'invoke' (ID #4, params={"target":{"type":"Class","value":"com.wix.detox.espresso.EspressoDetox"},"method":"perform","args":[{"type":"Invocation","value":{"target":{"type":"Class","value":"com.wix.detox.espresso.DetoxMatcher"},"method":"matcherForTestId","args":["email-input",{"type":"boolean","value":false}]}},{"type":"Invocation","value":{"target":{"type":"Class","value":"androidx.test.espresso.action.ViewActions"},"method":"replaceText","args":["john@gmail.com"]}}]})
12-17 16:58:54.308 19795 19829 I DetoxDispatcher: Handling action 'invoke' (ID #4)...
12-17 16:58:54.309 19795 19829 D Detox   : class com.wix.detox.espresso.DetoxMatcher, matcherForTestId, [email-input, false]
12-17 16:58:54.311 19795 19829 D Detox   : class androidx.test.espresso.action.ViewActions, replaceText, [john@gmail.com]
12-17 16:58:54.312 19795 19829 D Detox   : class com.wix.detox.espresso.EspressoDetox, perform, [(view.getTag() is "email-input" and view has effective visibility <VISIBLE>), androidx.test.espresso.action.ReplaceTextAction@3f38920]
12-17 16:58:54.328 19795 19795 I ViewInteraction: Performing 'replace text(john@gmail.com)' action on view (view.getTag() is "email-input" and view has effective visibility <VISIBLE>)
12-17 16:58:54.356 19795 19829 I DetoxWSClient: Sending out action 'invokeResult' (ID #4)
12-17 16:58:54.356 19795 19829 I DetoxDispatcher: Done with action 'invoke'
12-17 16:58:54.364 19795 19834 D DetoxWSClient: Received action 'invoke' (ID #5, params={"target":{"type":"Class","value":"com.wix.detox.espresso.EspressoDetox"},"method":"perform","args":[{"type":"Invocation","value":{"target":{"type":"Class","value":"com.wix.detox.espresso.DetoxMatcher"},"method":"matcherForTestId","args":["password-input",{"type":"boolean","value":false}]}},{"type":"Invocation","value":{"target":{"type":"Class","value":"com.wix.detox.espresso.DetoxViewActions"},"method":"click","args":[]}}]})
12-17 16:58:54.365 19795 19829 I DetoxDispatcher: Handling action 'invoke' (ID #5)...
12-17 16:58:54.365 19795 19829 D Detox   : class com.wix.detox.espresso.DetoxMatcher, matcherForTestId, [password-input, false]
12-17 16:58:54.366 19795 19829 D Detox   : class com.wix.detox.espresso.DetoxViewActions, click, []
12-17 16:58:54.367 19795 19829 I com.detoxtest: hiddenapi: Accessing hidden method Landroid/view/ViewConfiguration;->getDoubleTapMinTime()I (runtime_flags=0, domain=platform, api=unsupported) from Lcom/wix/detox/espresso/action/common/DetoxViewConfigurations; (domain=app) using reflection: allowed
12-17 16:58:54.368 19795 19829 D Detox   : class com.wix.detox.espresso.EspressoDetox, perform, [(view.getTag() is "password-input" and view has effective visibility <VISIBLE>), com.wix.detox.espresso.action.RNClickAction@b1d3c05]
12-17 16:58:54.373 19795 19795 D CompatibilityChangeReporter: Compat change id reported: 163400105; UID 10942; state: ENABLED
12-17 16:58:54.375 19795 19795 I AssistStructure: Flattened final assist data: 2396 bytes, containing 1 windows, 12 views
12-17 16:58:54.380 19795 19806 I OpenGLRenderer: Davey! duration=9223301956001ms; Flags=0, FrameTimelineVsyncId=2121962, IntendedVsync=70080852876146, Vsync=70080877876145, InputEventId=0, HandleInputStart=70080884281982, AnimationStart=70080884285107, PerformTraversalsStart=70080885014430, DrawStart=70080893469222, FrameDeadline=70080868542812, FrameInterval=70080884275315, FrameStartTime=8333333, SyncQueued=70080894658181, SyncStart=70080894875212, IssueDrawCommandsStart=70080895268598, SwapBuffers=70080899264640, FrameCompleted=9223372036854775807, DequeueBufferDuration=45156, QueueBufferDuration=1458751, GpuCompleted=9223372036854775807, SwapBuffersCompleted=70080901701775, DisplayPresentTime=-7475693906458312704, 
12-17 16:58:54.446 19795 19795 I ViewInteraction: Performing 'com.wix.detox.espresso.action.detoxsingletap@b156c03 click' action on view (view.getTag() is "password-input" and view has effective visibility <VISIBLE>)
12-17 16:58:54.491 19795 19795 D InputMethodManager: showSoftInput() view=com.facebook.react.views.textinput.ReactEditText{600c33d VFED..CL. .F.P..ID 64,930-893,1081 #34 aid=1073741827} flags=0 reason=SHOW_SOFT_INPUT
12-17 16:58:54.498 19795 19795 I AssistStructure: Flattened final assist data: 2436 bytes, containing 1 windows, 12 views
12-17 16:58:54.502 19795 19806 I OpenGLRenderer: Davey! duration=9223301955843ms; Flags=0, FrameTimelineVsyncId=2121981, IntendedVsync=70081011116939, Vsync=70081019450272, InputEventId=-397261334, HandleInputStart=70081021401996, AnimationStart=70081021403246, PerformTraversalsStart=70081021946058, DrawStart=70081022151267, FrameDeadline=70081026783605, FrameInterval=70081021397881, FrameStartTime=8333333, SyncQueued=70081022864287, SyncStart=70081022921110, IssueDrawCommandsStart=70081023042308, SwapBuffers=70081023761006, FrameCompleted=9223372036854775807, DequeueBufferDuration=14375, QueueBufferDuration=722917, GpuCompleted=9223372036854775807, SwapBuffersCompleted=70081024806996, DisplayPresentTime=362293487988682741, 
12-17 16:58:54.526 19795 19795 D InputMethodManager: showSoftInput() view=com.facebook.react.views.textinput.ReactEditText{600c33d VFED..CL. .F.P.... 64,930-893,1081 #34 aid=1073741827} flags=0 reason=SHOW_SOFT_INPUT
12-17 16:58:54.735 19795 19795 D InsetsController: show(ime(), fromIme=true)
12-17 16:58:54.738 19795 19795 D InsetsController: show(ime(), fromIme=true)
12-17 16:58:54.938 19795 19829 I DetoxWSClient: Sending out action 'invokeResult' (ID #5)
12-17 16:58:54.938 19795 19829 I DetoxDispatcher: Done with action 'invoke'
12-17 16:58:54.946 19795 19834 D DetoxWSClient: Received action 'invoke' (ID #6, params={"target":{"type":"Class","value":"com.wix.detox.espresso.EspressoDetox"},"method":"perform","args":[{"type":"Invocation","value":{"target":{"type":"Class","value":"com.wix.detox.espresso.DetoxMatcher"},"method":"matcherForTestId","args":["password-input",{"type":"boolean","value":false}]}},{"type":"Invocation","value":{"target":{"type":"Class","value":"androidx.test.espresso.action.ViewActions"},"method":"replaceText","args":["Password123!"]}}]})
12-17 16:58:54.946 19795 19829 I DetoxDispatcher: Handling action 'invoke' (ID #6)...
12-17 16:58:54.947 19795 19829 D Detox   : class com.wix.detox.espresso.DetoxMatcher, matcherForTestId, [password-input, false]
12-17 16:58:54.948 19795 19829 D Detox   : class androidx.test.espresso.action.ViewActions, replaceText, [Password123!]
12-17 16:58:54.949 19795 19795 W unknown:ViewManagerPropertyUpdater: Could not find generated setter for class com.facebook.react.uimanager.RootViewManager
12-17 16:58:54.949 19795 19829 D Detox   : class com.wix.detox.espresso.EspressoDetox, perform, [(view.getTag() is "password-input" and view has effective visibility <VISIBLE>), androidx.test.espresso.action.ReplaceTextAction@39f4209]
12-17 16:58:54.995 19795 19795 I ViewInteraction: Performing 'replace text(Password123!)' action on view (view.getTag() is "password-input" and view has effective visibility <VISIBLE>)
12-17 16:58:55.002 19795 19829 I DetoxWSClient: Sending out action 'invokeResult' (ID #6)
12-17 16:58:55.002 19795 19829 I DetoxDispatcher: Done with action 'invoke'
12-17 16:58:55.008 19795 19834 D DetoxWSClient: Received action 'invoke' (ID #7, params={"target":{"type":"Invocation","value":{"target":{"type":"Class","value":"com.wix.detox.uiautomator.UiAutomator"},"method":"uiDevice","args":[]}},"method":"pressBack","args":[]})
12-17 16:58:55.009 19795 19829 I DetoxDispatcher: Handling action 'invoke' (ID #7)...
12-17 16:58:55.009 19795 19829 D Detox   : class com.wix.detox.uiautomator.UiAutomator, uiDevice, []
12-17 16:58:55.089 19795 19795 D InsetsController: show(ime(), fromIme=true)
12-17 16:58:56.086 19795 19829 I DetoxWSClient: Sending out action 'invokeResult' (ID #7)
12-17 16:58:56.086 19795 19829 I DetoxDispatcher: Done with action 'invoke'
12-17 16:58:56.104 19795 19834 D DetoxWSClient: Received action 'invoke' (ID #8, params={"target":{"type":"Class","value":"com.wix.detox.espresso.EspressoDetox"},"method":"perform","args":[{"type":"Invocation","value":{"target":{"type":"Class","value":"com.wix.detox.espresso.DetoxMatcher"},"method":"matcherForTestId","args":["login-button",{"type":"boolean","value":false}]}},{"type":"Invocation","value":{"target":{"type":"Class","value":"com.wix.detox.espresso.DetoxViewActions"},"method":"click","args":[]}}]})
12-17 16:58:56.108 19795 19829 I DetoxDispatcher: Handling action 'invoke' (ID #8)...
12-17 16:58:56.109 19795 19829 D Detox   : class com.wix.detox.espresso.DetoxMatcher, matcherForTestId, [login-button, false]
12-17 16:58:56.109 19795 19829 D Detox   : class com.wix.detox.espresso.DetoxViewActions, click, []
12-17 16:58:56.109 19795 19829 D Detox   : class com.wix.detox.espresso.EspressoDetox, perform, [(view.getTag() is "login-button" and view has effective visibility <VISIBLE>), com.wix.detox.espresso.action.RNClickAction@6a5b3b3]
12-17 16:58:56.113 19795 19935 I OpenGLRenderer: Davey! duration=9223301954234ms; Flags=0, FrameTimelineVsyncId=2122322, IntendedVsync=70082619778280, Vsync=70082619778280, InputEventId=-305919059, HandleInputStart=70082620074967, AnimationStart=70082620076113, PerformTraversalsStart=70082620326634, DrawStart=70082629455697, FrameDeadline=70082643778279, FrameInterval=70082620072103, FrameStartTime=8333333, SyncQueued=70082631558823, SyncStart=70082631606219, IssueDrawCommandsStart=70082631727729, SwapBuffers=70082632783562, FrameCompleted=9223372036854775807, DequeueBufferDuration=17343, QueueBufferDuration=621302, GpuCompleted=9223372036854775807, SwapBuffersCompleted=70082633797000, DisplayPresentTime=-8839158693644730368, 
12-17 16:58:56.150 19795 19795 I ViewInteraction: Performing 'com.wix.detox.espresso.action.detoxsingletap@c03d70 click' action on view (view.getTag() is "login-button" and view has effective visibility <VISIBLE>)
12-17 16:58:56.256 19795 19929 I ReactNativeJS: Starting login process...
12-17 16:58:56.380 19795 19795 I ReactNative: [GESTURE HANDLER] Tearing down gesture handler registered for root view com.facebook.react.runtime.ReactSurfaceView{efd77cd V.E...... ......ID 0,0-1080,2225 #15}
12-17 16:58:56.403 19795 19806 I OpenGLRenderer: Davey! duration=9223301954018ms; Flags=0, FrameTimelineVsyncId=2122399, IntendedVsync=70082836492666, Vsync=70082836492666, InputEventId=0, HandleInputStart=70082836870926, AnimationStart=70082836872229, PerformTraversalsStart=70082909769528, DrawStart=70082911004528, FrameDeadline=70082860492665, FrameInterval=70082836866812, FrameStartTime=8333333, SyncQueued=70082912214528, SyncStart=70082912254944, IssueDrawCommandsStart=70082912428642, SwapBuffers=70082921808643, FrameCompleted=9223372036854775807, DequeueBufferDuration=18229, QueueBufferDuration=874011, GpuCompleted=9223372036854775807, SwapBuffersCompleted=70082923064841, DisplayPresentTime=5961921481708404736, 
12-17 16:58:56.405 19795 19795 I Detox   : Network is busy, with 1 in-flight calls
12-17 16:58:56.409 19795 19795 I Detox   : Network is busy, with 1 in-flight calls
12-17 16:58:56.418 19795 19795 I Detox   : Network is busy, with 1 in-flight calls
12-17 16:58:56.426 19795 19795 I Detox   : Network is busy, with 1 in-flight calls
12-17 16:58:56.434 19795 19795 I Detox   : Network is busy, with 1 in-flight calls
12-17 16:58:56.444 19795 19795 I Detox   : Network is busy, with 1 in-flight calls
12-17 16:58:56.451 19795 19795 I Detox   : Network is busy, with 1 in-flight calls
12-17 16:58:56.459 19795 19795 I Detox   : Network is busy, with 1 in-flight calls
12-17 16:58:56.468 19795 19795 I Detox   : Network is busy, with 1 in-flight calls
12-17 16:58:56.476 19795 19795 I Detox   : Network is busy, with 1 in-flight calls
12-17 16:58:56.484 19795 19795 I Detox   : Network is busy, with 1 in-flight calls
12-17 16:58:56.492 19795 19795 I Detox   : Network is busy, with 1 in-flight calls
12-17 16:58:56.500 19795 19795 I Detox   : Network is busy, with 1 in-flight calls
12-17 16:58:56.509 19795 19795 I Detox   : Network is busy, with 1 in-flight calls
12-17 16:58:56.517 19795 19795 I Detox   : Network is busy, with 1 in-flight calls
12-17 16:58:56.526 19795 19795 I Detox   : Network is busy, with 1 in-flight calls
12-17 16:58:56.534 19795 19795 I Detox   : Network is busy, with 1 in-flight calls
12-17 16:58:56.542 19795 19795 I Detox   : Network is busy, with 1 in-flight calls
12-17 16:58:56.551 19795 19795 I Detox   : Network is busy, with 1 in-flight calls
12-17 16:58:56.559 19795 19795 I Detox   : Network is busy, with 1 in-flight calls
12-17 16:58:56.567 19795 19795 I Detox   : Network is busy, with 1 in-flight calls
12-17 16:58:56.576 19795 19795 I Detox   : Network is busy, with 1 in-flight calls
12-17 16:58:56.584 19795 19795 I Detox   : Network is busy, with 1 in-flight calls
12-17 16:58:56.593 19795 19795 I Detox   : Network is busy, with 1 in-flight calls
12-17 16:58:56.601 19795 19795 I Detox   : Network is busy, with 1 in-flight calls
12-17 16:58:56.610 19795 19795 I Detox   : Network is busy, with 1 in-flight calls
12-17 16:58:56.617 19795 19795 I Detox   : Network is busy, with 1 in-flight calls
12-17 16:58:56.626 19795 19795 I Detox   : Network is busy, with 1 in-flight calls
12-17 16:58:56.635 19795 19795 I Detox   : Network is busy, with 1 in-flight calls
12-17 16:58:56.643 19795 19795 I Detox   : Network is busy, with 1 in-flight calls
12-17 16:58:56.651 19795 19795 I Detox   : Network is busy, with 1 in-flight calls
12-17 16:58:56.660 19795 19795 I Detox   : Network is busy, with 1 in-flight calls
12-17 16:58:56.669 19795 19795 I Detox   : Network is busy, with 1 in-flight calls
12-17 16:58:56.676 19795 19795 I Detox   : Network is busy, with 1 in-flight calls
12-17 16:58:56.685 19795 19795 I Detox   : Network is busy, with 1 in-flight calls
12-17 16:58:56.693 19795 19795 I Detox   : Network is busy, with 1 in-flight calls
12-17 16:58:56.702 19795 19795 I Detox   : Network is busy, with 1 in-flight calls
12-17 16:58:56.709 19795 19795 I Detox   : Network is busy, with 1 in-flight calls
12-17 16:58:56.718 19795 19795 I Detox   : Network is busy, with 1 in-flight calls
12-17 16:58:56.727 19795 19795 I Detox   : Network is busy, with 1 in-flight calls
12-17 16:58:56.734 19795 19795 I Detox   : Network is busy, with 1 in-flight calls
12-17 16:58:56.743 19795 19795 I Detox   : Network is busy, with 1 in-flight calls
12-17 16:58:56.751 19795 19795 I Detox   : Network is busy, with 1 in-flight calls
12-17 16:58:56.760 19795 19795 I Detox   : Network is busy, with 1 in-flight calls
12-17 16:58:56.768 19795 19795 I Detox   : Network is busy, with 1 in-flight calls
12-17 16:58:56.776 19795 19795 I Detox   : Network is busy, with 1 in-flight calls
12-17 16:58:56.784 19795 19795 I Detox   : Network is busy, with 1 in-flight calls
12-17 16:58:56.793 19795 19795 I Detox   : Network is busy, with 1 in-flight calls
12-17 16:58:56.801 19795 19795 I Detox   : Network is busy, with 1 in-flight calls
12-17 16:58:56.809 19795 19795 I Detox   : Network is busy, with 1 in-flight calls
12-17 16:58:56.817 19795 19795 I Detox   : Network is busy, with 1 in-flight calls
12-17 16:58:56.826 19795 19795 I Detox   : Network is busy, with 1 in-flight calls
12-17 16:58:56.834 19795 19795 I Detox   : Network is busy, with 1 in-flight calls
12-17 16:58:56.843 19795 19795 I Detox   : Network is busy, with 1 in-flight calls
12-17 16:58:56.851 19795 19795 I Detox   : Network is busy, with 1 in-flight calls
12-17 16:58:56.859 19795 19795 I Detox   : Network is busy, with 1 in-flight calls
12-17 16:58:56.867 19795 19795 I Detox   : Network is busy, with 1 in-flight calls
12-17 16:58:56.876 19795 19795 I Detox   : Network is busy, with 1 in-flight calls
12-17 16:58:56.884 19795 19795 I Detox   : Network is busy, with 1 in-flight calls
12-17 16:58:56.892 19795 19795 I Detox   : Network is busy, with 1 in-flight calls
12-17 16:58:56.901 19795 19795 I Detox   : Network is busy, with 1 in-flight calls
12-17 16:58:56.909 19795 19795 I Detox   : Network is busy, with 1 in-flight calls
12-17 16:58:56.917 19795 19795 I Detox   : Network is busy, with 1 in-flight calls
12-17 16:58:56.926 19795 19795 I Detox   : Network is busy, with 1 in-flight calls
12-17 16:58:56.935 19795 19795 I Detox   : Network is busy, with 1 in-flight calls
12-17 16:58:56.943 19795 19795 I Detox   : Network is busy, with 1 in-flight calls
12-17 16:58:56.951 19795 19795 I Detox   : Network is busy, with 1 in-flight calls
12-17 16:58:56.960 19795 19795 I Detox   : Network is busy, with 1 in-flight calls
12-17 16:58:56.968 19795 19795 I Detox   : Network is busy, with 1 in-flight calls
12-17 16:58:56.977 19795 19795 I Detox   : Network is busy, with 1 in-flight calls
12-17 16:58:56.984 19795 19795 I Detox   : Network is busy, with 1 in-flight calls
12-17 16:58:56.993 19795 19795 I Detox   : Network is busy, with 1 in-flight calls
12-17 16:58:57.002 19795 19795 I Detox   : Network is busy, with 1 in-flight calls
12-17 16:58:57.009 19795 19795 I Detox   : Network is busy, with 1 in-flight calls
12-17 16:58:57.018 19795 19795 I Detox   : Network is busy, with 1 in-flight calls
12-17 16:58:57.026 19795 19795 I Detox   : Network is busy, with 1 in-flight calls
12-17 16:58:57.034 19795 19795 I Detox   : Network is busy, with 1 in-flight calls
12-17 16:58:57.043 19795 19795 I Detox   : Network is busy, with 1 in-flight calls
12-17 16:58:57.052 19795 19795 I Detox   : Network is busy, with 1 in-flight calls
12-17 16:58:57.060 19795 19795 I Detox   : Network is busy, with 1 in-flight calls
12-17 16:58:57.068 19795 19795 I Detox   : Network is busy, with 1 in-flight calls
12-17 16:58:57.076 19795 19795 I Detox   : Network is busy, with 1 in-flight calls
12-17 16:58:57.085 19795 19795 I Detox   : Network is busy, with 1 in-flight calls
12-17 16:58:57.093 19795 19795 I Detox   : Network is busy, with 1 in-flight calls
12-17 16:58:57.101 19795 19795 I Detox   : Network is busy, with 1 in-flight calls
12-17 16:58:57.110 19795 19795 I Detox   : Network is busy, with 1 in-flight calls
12-17 16:58:57.119 19795 19795 I Detox   : Network is busy, with 1 in-flight calls
12-17 16:58:57.127 19795 19795 I Detox   : Network is busy, with 1 in-flight calls
12-17 16:58:57.135 19795 19795 I Detox   : Network is busy, with 1 in-flight calls
12-17 16:58:57.145 19795 19795 I Detox   : Network is busy, with 1 in-flight calls
12-17 16:58:57.152 19795 19795 I Detox   : Network is busy, with 1 in-flight calls
12-17 16:58:57.152 19795 19795 W UiControllerImpl: Waiting for: DYNAMIC_TASKS_HAVE_IDLED for 100 iterations.
12-17 16:58:57.160 19795 19795 I Detox   : Network is busy, with 1 in-flight calls
12-17 16:58:57.167 19795 19795 I Detox   : Network is busy, with 1 in-flight calls
12-17 16:58:57.176 19795 19795 I Detox   : Network is busy, with 1 in-flight calls
12-17 16:58:57.185 19795 19795 I Detox   : Network is busy, with 1 in-flight calls
12-17 16:58:57.193 19795 19795 I Detox   : Network is busy, with 1 in-flight calls
12-17 16:58:57.202 19795 19795 I Detox   : Network is busy, with 1 in-flight calls
12-17 16:58:57.210 19795 19795 I Detox   : Network is busy, with 1 in-flight calls
12-17 16:58:57.219 19795 19795 I Detox   : Network is busy, with 1 in-flight calls
12-17 16:58:57.227 19795 19795 I Detox   : Network is busy, with 1 in-flight calls
12-17 16:58:57.235 19795 19795 I Detox   : Network is busy, with 1 in-flight calls
12-17 16:58:57.243 19795 19795 I Detox   : Network is busy, with 1 in-flight calls
12-17 16:58:57.251 19795 19795 I Detox   : Network is busy, with 1 in-flight calls
12-17 16:58:57.260 19795 19795 I Detox   : Network is busy, with 1 in-flight calls
12-17 16:58:57.268 19795 19795 I Detox   : Network is busy, with 1 in-flight calls
12-17 16:58:57.285 19795 19929 I ReactNativeJS: ' Network check failed but continuing:', 'Aborted'
12-17 16:58:58.295 19795 19929 I ReactNativeJS: Creating John Doe mock user for successful login
12-17 16:58:58.298 19795 19929 I ReactNativeJS: 'Login Successful!', 'Welcome back!'
12-17 16:58:58.783 19795 19829 I DetoxWSClient: Sending out action 'invokeResult' (ID #8)
12-17 16:58:58.784 19795 19829 I DetoxDispatcher: Done with action 'invoke'
12-17 16:59:03.804 19795 19834 D DetoxWSClient: Received action 'invoke' (ID #9, params={"target":{"type":"Class","value":"com.wix.detox.espresso.EspressoDetox"},"method":"perform","args":[{"type":"Invocation","value":{"target":{"type":"Class","value":"com.wix.detox.espresso.DetoxMatcher"},"method":"matcherForTestId","args":["login-root",{"type":"boolean","value":false}]}},{"type":"Invocation","value":{"target":{"type":"Class","value":"com.wix.detox.espresso.DetoxAction"},"method":"getAttributes","args":[]}}]})
12-17 16:59:03.804 19795 19829 I DetoxDispatcher: Handling action 'invoke' (ID #9)...
12-17 16:59:03.805 19795 19829 D Detox   : class com.wix.detox.espresso.DetoxMatcher, matcherForTestId, [login-root, false]
12-17 16:59:03.808 19795 19829 D Detox   : class com.wix.detox.espresso.DetoxAction, getAttributes, []
12-17 16:59:03.810 19795 19829 D Detox   : class com.wix.detox.espresso.EspressoDetox, perform, [(view.getTag() is "login-root" and view has effective visibility <VISIBLE>), com.wix.detox.espresso.action.GetAttributesAction@bafe52f]
12-17 16:59:03.875 19795 19829 I DetoxActionHandlers: Test exception
12-17 16:59:03.875 19795 19829 I DetoxActionHandlers: java.lang.reflect.InvocationTargetException
12-17 16:59:03.875 19795 19829 I DetoxActionHandlers: 	at java.lang.reflect.Method.invoke(Native Method)
12-17 16:59:03.875 19795 19829 I DetoxActionHandlers: 	at org.apache.commons.lang3.reflect.MethodUtils.invokeStaticMethod(MethodUtils.java:443)
12-17 16:59:03.875 19795 19829 I DetoxActionHandlers: 	at org.apache.commons.lang3.reflect.MethodUtils.invokeStaticMethod(MethodUtils.java:405)
12-17 16:59:03.875 19795 19829 I DetoxActionHandlers: 	at com.wix.invoke.types.ClassTarget.execute(ClassTarget.java:23)
12-17 16:59:03.875 19795 19829 I DetoxActionHandlers: 	at com.wix.invoke.types.Target.invoke(Target.java:59)
12-17 16:59:03.875 19795 19829 I DetoxActionHandlers: 	at com.wix.invoke.MethodInvocation.invoke(MethodInvocation.java:35)
12-17 16:59:03.875 19795 19829 I DetoxActionHandlers: 	at com.wix.invoke.MethodInvocation.invoke(MethodInvocation.java:26)
12-17 16:59:03.875 19795 19829 I DetoxActionHandlers: 	at com.wix.invoke.MethodInvocation.invoke(MethodInvocation.java:20)
12-17 16:59:03.875 19795 19829 I DetoxActionHandlers: 	at com.wix.detox.adapters.server.InvokeActionHandler.handle(DetoxActionHandlers.kt:54)
12-17 16:59:03.875 19795 19829 I DetoxActionHandlers: 	at com.wix.detox.adapters.server.ActionsExecutor.executeAction$lambda$2$lambda$1(DetoxActionsDispatcher.kt:76)
12-17 16:59:03.875 19795 19829 I DetoxActionHandlers: 	at com.wix.detox.adapters.server.ActionsExecutor.$r8$lambda$GVbB7LHtBHxNHGbgYnHJ6YrwCqs(Unknown Source:0)
12-17 16:59:03.875 19795 19829 I DetoxActionHandlers: 	at com.wix.detox.adapters.server.ActionsExecutor$$ExternalSyntheticLambda0.run(D8$$SyntheticClass:0)
12-17 16:59:03.875 19795 19829 I DetoxActionHandlers: 	at android.os.Handler.handleCallback(Handler.java:978)
12-17 16:59:03.875 19795 19829 I DetoxActionHandlers: 	at android.os.Handler.dispatchMessage(Handler.java:104)
12-17 16:59:03.875 19795 19829 I DetoxActionHandlers: 	at android.os.Looper.loopOnce(Looper.java:238)
12-17 16:59:03.875 19795 19829 I DetoxActionHandlers: 	at android.os.Looper.loop(Looper.java:357)
12-17 16:59:03.875 19795 19829 I DetoxActionHandlers: 	at com.wix.detox.adapters.server.ActionsExecutor._init_$lambda$0(DetoxActionsDispatcher.kt:62)
12-17 16:59:03.875 19795 19829 I DetoxActionHandlers: 	at com.wix.detox.adapters.server.ActionsExecutor.$r8$lambda$xlgL0CQim6vNM0wWEqM8JIDgZUE(Unknown Source:0)
12-17 16:59:03.875 19795 19829 I DetoxActionHandlers: 	at com.wix.detox.adapters.server.ActionsExecutor$$ExternalSyntheticLambda1.run(D8$$SyntheticClass:0)
12-17 16:59:03.875 19795 19829 I DetoxActionHandlers: 	at java.lang.Thread.run(Thread.java:1119)
12-17 16:59:03.875 19795 19829 I DetoxActionHandlers: Caused by: com.wix.detox.espresso.errors.DetoxNoMatchingViewException: No views in hierarchy found matching: View at index #0, of those matching MATCHER(view.getTag() is "login-root" and view has effective visibility <VISIBLE>)
12-17 16:59:03.875 19795 19829 I DetoxActionHandlers: 	at com.wix.detox.espresso.DetoxFailureHandler.handle(DetoxFailureHandler.kt:26)
12-17 16:59:03.875 19795 19829 I DetoxActionHandlers: 	at androidx.test.espresso.ViewInteraction.waitForAndHandleInteractionResults(ViewInteraction.java:385)
12-17 16:59:03.875 19795 19829 I DetoxActionHandlers: 	at androidx.test.espresso.ViewInteraction.desugaredPerform(ViewInteraction.java:212)
12-17 16:59:03.875 19795 19829 I DetoxActionHandlers: 	at androidx.test.espresso.ViewInteraction.perform(ViewInteraction.java:140)
12-17 16:59:03.875 19795 19829 I DetoxActionHandlers: 	at com.wix.detox.espresso.performer.MultipleViewsActionPerformer.performOn(MultipleViewsActionPerformer.kt:23)
12-17 16:59:03.875 19795 19829 I DetoxActionHandlers: 	at com.wix.detox.espresso.EspressoDetox.perform(EspressoDetox.java:42)
12-17 16:59:03.875 19795 19829 I DetoxActionHandlers: 	... 20 more
12-17 16:59:03.876 19795 19829 I DetoxWSClient: Sending out action 'testFailed' (ID #9)
12-17 16:59:03.876 19795 19829 I DetoxDispatcher: Done with action 'invoke'
12-17 16:59:03.893 19795 19834 D DetoxWSClient: Received action 'invoke' (ID #10, params={"target":{"type":"Class","value":"com.wix.detox.espresso.DetoxAssertion"},"method":"assertMatcher","args":[{"type":"Invocation","value":{"target":{"type":"Class","value":"androidx.test.espresso.Espresso"},"method":"onView","args":[{"type":"Invocation","value":{"target":{"type":"Class","value":"com.wix.detox.espresso.DetoxMatcher"},"method":"matcherForText","args":["Signing In...",{"type":"boolean","value":false}]}}]}},{"type":"Invocation","value":{"target":{"type":"Class","value":"com.wix.detox.espresso.DetoxMatcher"},"method":"matcherForNot","args":[{"type":"Invocation","value":{"target":{"type":"Class","value":"com.wix.detox.espresso.DetoxMatcher"},"method":"matcherForSufficientlyVisible","args":[{"type":"Integer","value":75}]}}]}}]})
12-17 16:59:03.893 19795 19829 I DetoxDispatcher: Handling action 'invoke' (ID #10)...
12-17 16:59:03.893 19795 19829 D Detox   : class com.wix.detox.espresso.DetoxMatcher, matcherForText, [Signing In..., false]
12-17 16:59:03.894 19795 19829 D Detox   : class androidx.test.espresso.Espresso, onView, [(an instance of android.widget.TextView and view.getText() with or without transformation to match: is "Signing In..." and view has effective visibility <VISIBLE>)]
12-17 16:59:03.895 19795 19829 D Detox   : class com.wix.detox.espresso.DetoxMatcher, matcherForSufficientlyVisible, [75]
12-17 16:59:03.896 19795 19829 D Detox   : class com.wix.detox.espresso.DetoxMatcher, matcherForNot, [(view has effective visibility <VISIBLE> and view.getGlobalVisibleRect() covers at least <75> percent of the view's area)]
12-17 16:59:03.896 19795 19829 D Detox   : class com.wix.detox.espresso.DetoxAssertion, assertMatcher, [androidx.test.espresso.ViewInteraction@d0e605d, not (view has effective visibility <VISIBLE> and view.getGlobalVisibleRect() covers at least <75> percent of the view's area)]
12-17 16:59:03.916 19795 19795 I ViewInteraction: Checking 'MatchesViewAssertion(Detox){viewMatcher=not (view has effective visibility <VISIBLE> and view.getGlobalVisibleRect() covers at least <75> percent of the view's area)}' assertion on view (an instance of android.widget.TextView and view.getText() with or without transformation to match: is "Signing In..." and view has effective visibility <VISIBLE>)
12-17 16:59:03.917 19795 19829 I DetoxWSClient: Sending out action 'invokeResult' (ID #10)
12-17 16:59:03.918 19795 19829 I DetoxDispatcher: Done with action 'invoke'
12-17 16:59:03.932 19795 19834 D DetoxWSClient: Received action 'invoke' (ID #11, params={"target":{"type":"Class","value":"com.wix.detox.espresso.DetoxAssertion"},"method":"waitForAssertMatcher","args":[{"type":"Invocation","value":{"target":{"type":"Class","value":"androidx.test.espresso.Espresso"},"method":"onView","args":[{"type":"Invocation","value":{"target":{"type":"Class","value":"com.wix.detox.espresso.DetoxMatcher"},"method":"matcherForTestId","args":["home-tab-root",{"type":"boolean","value":false}]}}]}},{"type":"Invocation","value":{"target":{"type":"Class","value":"com.wix.detox.espresso.DetoxMatcher"},"method":"matcherForSufficientlyVisible","args":[{"type":"Integer","value":75}]}},{"type":"Double","value":5}]})
12-17 16:59:03.934 19795 19829 I DetoxDispatcher: Handling action 'invoke' (ID #11)...
12-17 16:59:03.934 19795 19829 D Detox   : class com.wix.detox.espresso.DetoxMatcher, matcherForTestId, [home-tab-root, false]
12-17 16:59:03.935 19795 19829 D Detox   : class androidx.test.espresso.Espresso, onView, [(view.getTag() is "home-tab-root" and view has effective visibility <VISIBLE>)]
12-17 16:59:03.936 19795 19829 D Detox   : class com.wix.detox.espresso.DetoxMatcher, matcherForSufficientlyVisible, [75]
12-17 16:59:03.937 19795 19829 D Detox   : class com.wix.detox.espresso.DetoxAssertion, waitForAssertMatcher, [androidx.test.espresso.ViewInteraction@5698dd2, (view has effective visibility <VISIBLE> and view.getGlobalVisibleRect() covers at least <75> percent of the view's area), 5.0]
12-17 16:59:03.945 19795 19795 I ViewInteraction: Checking 'MatchesViewAssertion(Detox){viewMatcher=(view has effective visibility <VISIBLE> and view.getGlobalVisibleRect() covers at least <75> percent of the view's area)}' assertion on view (view.getTag() is "home-tab-root" and view has effective visibility <VISIBLE>)
12-17 16:59:03.951 19795 19829 I DetoxWSClient: Sending out action 'invokeResult' (ID #11)
12-17 16:59:03.951 19795 19829 I DetoxDispatcher: Done with action 'invoke'
12-17 16:59:03.961 19795 19834 D DetoxWSClient: Received action 'invoke' (ID #12, params={"target":{"type":"Class","value":"com.wix.detox.espresso.DetoxAssertion"},"method":"waitForAssertMatcher","args":[{"type":"Invocation","value":{"target":{"type":"Class","value":"androidx.test.espresso.Espresso"},"method":"onView","args":[{"type":"Invocation","value":{"target":{"type":"Class","value":"com.wix.detox.espresso.DetoxMatcher"},"method":"matcherForTestId","args":["home-tab",{"type":"boolean","value":false}]}}]}},{"type":"Invocation","value":{"target":{"type":"Class","value":"com.wix.detox.espresso.DetoxMatcher"},"method":"matcherForSufficientlyVisible","args":[{"type":"Integer","value":75}]}},{"type":"Double","value":5}]})
12-17 16:59:03.961 19795 19829 I DetoxDispatcher: Handling action 'invoke' (ID #12)...
12-17 16:59:03.962 19795 19829 D Detox   : class com.wix.detox.espresso.DetoxMatcher, matcherForTestId, [home-tab, false]
12-17 16:59:03.963 19795 19829 D Detox   : class androidx.test.espresso.Espresso, onView, [(view.getTag() is "home-tab" and view has effective visibility <VISIBLE>)]
12-17 16:59:03.965 19795 19829 D Detox   : class com.wix.detox.espresso.DetoxMatcher, matcherForSufficientlyVisible, [75]
12-17 16:59:03.966 19795 19829 D Detox   : class com.wix.detox.espresso.DetoxAssertion, waitForAssertMatcher, [androidx.test.espresso.ViewInteraction@9938ea3, (view has effective visibility <VISIBLE> and view.getGlobalVisibleRect() covers at least <75> percent of the view's area), 5.0]
12-17 16:59:03.976 19795 19795 I ViewInteraction: Checking 'MatchesViewAssertion(Detox){viewMatcher=(view has effective visibility <VISIBLE> and view.getGlobalVisibleRect() covers at least <75> percent of the view's area)}' assertion on view (view.getTag() is "home-tab" and view has effective visibility <VISIBLE>)
12-17 16:59:03.982 19795 19829 I DetoxWSClient: Sending out action 'invokeResult' (ID #12)
12-17 16:59:03.982 19795 19829 I DetoxDispatcher: Done with action 'invoke'
12-17 16:59:03.995 19795 19834 D DetoxWSClient: Received action 'invoke' (ID #13, params={"target":{"type":"Class","value":"com.wix.detox.espresso.DetoxAssertion"},"method":"waitForAssertMatcher","args":[{"type":"Invocation","value":{"target":{"type":"Class","value":"androidx.test.espresso.Espresso"},"method":"onView","args":[{"type":"Invocation","value":{"target":{"type":"Class","value":"com.wix.detox.espresso.DetoxMatcher"},"method":"matcherForTestId","args":["welcome-title",{"type":"boolean","value":false}]}}]}},{"type":"Invocation","value":{"target":{"type":"Class","value":"com.wix.detox.espresso.DetoxMatcher"},"method":"matcherForSufficientlyVisible","args":[{"type":"Integer","value":75}]}},{"type":"Double","value":5}]})
12-17 16:59:03.997 19795 19829 I DetoxDispatcher: Handling action 'invoke' (ID #13)...
12-17 16:59:03.997 19795 19829 D Detox   : class com.wix.detox.espresso.DetoxMatcher, matcherForTestId, [welcome-title, false]
12-17 16:59:03.998 19795 19829 D Detox   : class androidx.test.espresso.Espresso, onView, [(view.getTag() is "welcome-title" and view has effective visibility <VISIBLE>)]
12-17 16:59:04.000 19795 19829 D Detox   : class com.wix.detox.espresso.DetoxMatcher, matcherForSufficientlyVisible, [75]
12-17 16:59:04.001 19795 19829 D Detox   : class com.wix.detox.espresso.DetoxAssertion, waitForAssertMatcher, [androidx.test.espresso.ViewInteraction@e5b95a0, (view has effective visibility <VISIBLE> and view.getGlobalVisibleRect() covers at least <75> percent of the view's area), 5.0]
12-17 16:59:04.011 19795 19795 I ViewInteraction: Checking 'MatchesViewAssertion(Detox){viewMatcher=(view has effective visibility <VISIBLE> and view.getGlobalVisibleRect() covers at least <75> percent of the view's area)}' assertion on view (view.getTag() is "welcome-title" and view has effective visibility <VISIBLE>)
12-17 16:59:04.016 19795 19829 I DetoxWSClient: Sending out action 'invokeResult' (ID #13)
12-17 16:59:04.017 19795 19829 I DetoxDispatcher: Done with action 'invoke'
12-17 16:59:04.028 19795 19834 D DetoxWSClient: Received action 'invoke' (ID #14, params={"target":{"type":"Class","value":"com.wix.detox.espresso.DetoxAssertion"},"method":"waitForAssertMatcher","args":[{"type":"Invocation","value":{"target":{"type":"Class","value":"androidx.test.espresso.Espresso"},"method":"onView","args":[{"type":"Invocation","value":{"target":{"type":"Class","value":"com.wix.detox.espresso.DetoxMatcher"},"method":"matcherForText","args":["Welcome Home",{"type":"boolean","value":false}]}}]}},{"type":"Invocation","value":{"target":{"type":"Class","value":"com.wix.detox.espresso.DetoxMatcher"},"method":"matcherForSufficientlyVisible","args":[{"type":"Integer","value":75}]}},{"type":"Double","value":5}]})
12-17 16:59:04.029 19795 19829 I DetoxDispatcher: Handling action 'invoke' (ID #14)...
12-17 16:59:04.030 19795 19829 D Detox   : class com.wix.detox.espresso.DetoxMatcher, matcherForText, [Welcome Home, false]
12-17 16:59:04.032 19795 19829 D Detox   : class androidx.test.espresso.Espresso, onView, [(an instance of android.widget.TextView and view.getText() with or without transformation to match: is "Welcome Home" and view has effective visibility <VISIBLE>)]
12-17 16:59:04.035 19795 19829 D Detox   : class com.wix.detox.espresso.DetoxMatcher, matcherForSufficientlyVisible, [75]
12-17 16:59:04.037 19795 19829 D Detox   : class com.wix.detox.espresso.DetoxAssertion, waitForAssertMatcher, [androidx.test.espresso.ViewInteraction@e55a559, (view has effective visibility <VISIBLE> and view.getGlobalVisibleRect() covers at least <75> percent of the view's area), 5.0]
12-17 16:59:04.058 19795 19795 I ViewInteraction: Checking 'MatchesViewAssertion(Detox){viewMatcher=(view has effective visibility <VISIBLE> and view.getGlobalVisibleRect() covers at least <75> percent of the view's area)}' assertion on view (an instance of android.widget.TextView and view.getText() with or without transformation to match: is "Welcome Home" and view has effective visibility <VISIBLE>)
12-17 16:59:04.067 19795 19829 I DetoxWSClient: Sending out action 'invokeResult' (ID #14)
12-17 16:59:04.069 19795 19829 I DetoxDispatcher: Done with action 'invoke'
12-17 16:59:05.577 19795 19834 D DetoxWSClient: Received action 'invoke' (ID #15, params={"target":{"type":"Class","value":"com.wix.detox.espresso.DetoxAssertion"},"method":"assertMatcher","args":[{"type":"Invocation","value":{"target":{"type":"Class","value":"androidx.test.espresso.Espresso"},"method":"onView","args":[{"type":"Invocation","value":{"target":{"type":"Class","value":"com.wix.detox.espresso.DetoxMatcher"},"method":"matcherForTestId","args":["home-tab-root",{"type":"boolean","value":false}]}}]}},{"type":"Invocation","value":{"target":{"type":"Class","value":"com.wix.detox.espresso.DetoxMatcher"},"method":"matcherForSufficientlyVisible","args":[{"type":"Integer","value":75}]}}]})
12-17 16:59:05.577 19795 19829 I DetoxDispatcher: Handling action 'invoke' (ID #15)...
12-17 16:59:05.578 19795 19829 D Detox   : class com.wix.detox.espresso.DetoxMatcher, matcherForTestId, [home-tab-root, false]
12-17 16:59:05.580 19795 19829 D Detox   : class androidx.test.espresso.Espresso, onView, [(view.getTag() is "home-tab-root" and view has effective visibility <VISIBLE>)]
12-17 16:59:05.582 19795 19829 D Detox   : class com.wix.detox.espresso.DetoxMatcher, matcherForSufficientlyVisible, [75]
12-17 16:59:05.583 19795 19829 D Detox   : class com.wix.detox.espresso.DetoxAssertion, assertMatcher, [androidx.test.espresso.ViewInteraction@eaeb51e, (view has effective visibility <VISIBLE> and view.getGlobalVisibleRect() covers at least <75> percent of the view's area)]
12-17 16:59:05.599 19795 19795 I ViewInteraction: Checking 'MatchesViewAssertion(Detox){viewMatcher=(view has effective visibility <VISIBLE> and view.getGlobalVisibleRect() covers at least <75> percent of the view's area)}' assertion on view (view.getTag() is "home-tab-root" and view has effective visibility <VISIBLE>)
12-17 16:59:05.606 19795 19829 I DetoxWSClient: Sending out action 'invokeResult' (ID #15)
12-17 16:59:05.606 19795 19829 I DetoxDispatcher: Done with action 'invoke'
