--------- beginning of main
12-17 17:06:52.274 24414 24443 D DetoxWSClient: Received action 'invoke' (ID #9, params={"target":{"type":"Class","value":"com.wix.detox.espresso.DetoxAssertion"},"method":"waitForAssertMatcher","args":[{"type":"Invocation","value":{"target":{"type":"Class","value":"androidx.test.espresso.Espresso"},"method":"onView","args":[{"type":"Invocation","value":{"target":{"type":"Class","value":"com.wix.detox.espresso.DetoxMatcher"},"method":"matcherForTestId","args":["home-tab-root",{"type":"boolean","value":false}]}}]}},{"type":"Invocation","value":{"target":{"type":"Class","value":"com.wix.detox.espresso.DetoxMatcher"},"method":"matcherForSufficientlyVisible","args":[{"type":"Integer","value":75}]}},{"type":"Double","value":15}]})
12-17 17:06:52.275 24414 24438 I DetoxDispatcher: Handling action 'invoke' (ID #9)...
12-17 17:06:52.276 24414 24438 D Detox   : class com.wix.detox.espresso.DetoxMatcher, matcherForTestId, [home-tab-root, false]
12-17 17:06:52.277 24414 24438 D Detox   : class androidx.test.espresso.Espresso, onView, [(view.getTag() is "home-tab-root" and view has effective visibility <VISIBLE>)]
12-17 17:06:52.280 24414 24438 D Detox   : class com.wix.detox.espresso.DetoxMatcher, matcherForSufficientlyVisible, [75]
12-17 17:06:52.281 24414 24438 D Detox   : class com.wix.detox.espresso.DetoxAssertion, waitForAssertMatcher, [androidx.test.espresso.ViewInteraction@96af7ba, (view has effective visibility <VISIBLE> and view.getGlobalVisibleRect() covers at least <75> percent of the view's area), 15.0]
12-17 17:06:52.293 24414 24414 I ViewInteraction: Checking 'MatchesViewAssertion(Detox){viewMatcher=(view has effective visibility <VISIBLE> and view.getGlobalVisibleRect() covers at least <75> percent of the view's area)}' assertion on view (view.getTag() is "home-tab-root" and view has effective visibility <VISIBLE>)
12-17 17:06:52.300 24414 24438 I DetoxWSClient: Sending out action 'invokeResult' (ID #9)
12-17 17:06:52.301 24414 24438 I DetoxDispatcher: Done with action 'invoke'
12-17 17:06:52.546 24414 24443 D DetoxWSClient: Received action 'invoke' (ID #10, params={"target":{"type":"Class","value":"com.wix.detox.espresso.DetoxAssertion"},"method":"assertMatcher","args":[{"type":"Invocation","value":{"target":{"type":"Class","value":"androidx.test.espresso.Espresso"},"method":"onView","args":[{"type":"Invocation","value":{"target":{"type":"Class","value":"com.wix.detox.espresso.DetoxMatcher"},"method":"matcherForTestId","args":["home-tab-root",{"type":"boolean","value":false}]}}]}},{"type":"Invocation","value":{"target":{"type":"Class","value":"com.wix.detox.espresso.DetoxMatcher"},"method":"matcherForSufficientlyVisible","args":[{"type":"Integer","value":75}]}}]})
12-17 17:06:52.548 24414 24438 I DetoxDispatcher: Handling action 'invoke' (ID #10)...
12-17 17:06:52.552 24414 24438 D Detox   : class com.wix.detox.espresso.DetoxMatcher, matcherForTestId, [home-tab-root, false]
12-17 17:06:52.555 24414 24438 D Detox   : class androidx.test.espresso.Espresso, onView, [(view.getTag() is "home-tab-root" and view has effective visibility <VISIBLE>)]
12-17 17:06:52.558 24414 24438 D Detox   : class com.wix.detox.espresso.DetoxMatcher, matcherForSufficientlyVisible, [75]
12-17 17:06:52.560 24414 24438 D Detox   : class com.wix.detox.espresso.DetoxAssertion, assertMatcher, [androidx.test.espresso.ViewInteraction@17595c8, (view has effective visibility <VISIBLE> and view.getGlobalVisibleRect() covers at least <75> percent of the view's area)]
12-17 17:06:52.580 24414 24414 I ViewInteraction: Checking 'MatchesViewAssertion(Detox){viewMatcher=(view has effective visibility <VISIBLE> and view.getGlobalVisibleRect() covers at least <75> percent of the view's area)}' assertion on view (view.getTag() is "home-tab-root" and view has effective visibility <VISIBLE>)
12-17 17:06:52.589 24414 24438 I DetoxWSClient: Sending out action 'invokeResult' (ID #10)
12-17 17:06:52.589 24414 24438 I DetoxDispatcher: Done with action 'invoke'
12-17 17:06:52.595 24414 24443 D DetoxWSClient: Received action 'invoke' (ID #11, params={"target":{"type":"Class","value":"com.wix.detox.espresso.EspressoDetox"},"method":"perform","args":[{"type":"Invocation","value":{"target":{"type":"Class","value":"com.wix.detox.espresso.DetoxMatcher"},"method":"matcherForTestId","args":["details-tab",{"type":"boolean","value":false}]}},{"type":"Invocation","value":{"target":{"type":"Class","value":"com.wix.detox.espresso.DetoxViewActions"},"method":"click","args":[]}}]})
12-17 17:06:52.596 24414 24438 I DetoxDispatcher: Handling action 'invoke' (ID #11)...
12-17 17:06:52.597 24414 24438 D Detox   : class com.wix.detox.espresso.DetoxMatcher, matcherForTestId, [details-tab, false]
12-17 17:06:52.598 24414 24438 D Detox   : class com.wix.detox.espresso.DetoxViewActions, click, []
12-17 17:06:52.598 24414 24438 D Detox   : class com.wix.detox.espresso.EspressoDetox, perform, [(view.getTag() is "details-tab" and view has effective visibility <VISIBLE>), com.wix.detox.espresso.action.RNClickAction@363e661]
12-17 17:06:52.613 24414 24414 I ViewInteraction: Performing 'com.wix.detox.espresso.action.detoxsingletap@1c0d586 click' action on view (view.getTag() is "details-tab" and view has effective visibility <VISIBLE>)
12-17 17:06:53.346 24414 24438 I DetoxWSClient: Sending out action 'invokeResult' (ID #11)
12-17 17:06:53.347 24414 24438 I DetoxDispatcher: Done with action 'invoke'
12-17 17:06:54.379 24414 24653 I OpenGLRenderer: Davey! duration=9223301475972ms; Flags=0, FrameTimelineVsyncId=2173137, IntendedVsync=70560881507354, Vsync=70560881507354, InputEventId=0, HandleInputStart=70560882856622, AnimationStart=70560882862767, PerformTraversalsStart=70560883805736, DrawStart=70560884651570, FrameDeadline=70560897174020, FrameInterval=70560882846986, FrameStartTime=8333333, SyncQueued=70560885787299, SyncStart=70560886251257, IssueDrawCommandsStart=70560886871935, SwapBuffers=70560891003445, FrameCompleted=9223372036854775807, DequeueBufferDuration=86615, QueueBufferDuration=2132760, GpuCompleted=9223372036854775807, SwapBuffersCompleted=70560894468394, DisplayPresentTime=0, 
12-17 17:06:54.860 24414 24443 D DetoxWSClient: Received action 'invoke' (ID #12, params={"target":{"type":"Class","value":"com.wix.detox.espresso.DetoxAssertion"},"method":"assertMatcher","args":[{"type":"Invocation","value":{"target":{"type":"Class","value":"androidx.test.espresso.Espresso"},"method":"onView","args":[{"type":"Invocation","value":{"target":{"type":"Class","value":"com.wix.detox.espresso.DetoxMatcher"},"method":"matcherForTestId","args":["details-screen-root",{"type":"boolean","value":false}]}}]}},{"type":"Invocation","value":{"target":{"type":"Class","value":"com.wix.detox.espresso.DetoxMatcher"},"method":"matcherForSufficientlyVisible","args":[{"type":"Integer","value":75}]}}]})
12-17 17:06:54.864 24414 24438 I DetoxDispatcher: Handling action 'invoke' (ID #12)...
12-17 17:06:54.866 24414 24438 D Detox   : class com.wix.detox.espresso.DetoxMatcher, matcherForTestId, [details-screen-root, false]
12-17 17:06:54.870 24414 24438 D Detox   : class androidx.test.espresso.Espresso, onView, [(view.getTag() is "details-screen-root" and view has effective visibility <VISIBLE>)]
12-17 17:06:54.874 24414 24438 D Detox   : class com.wix.detox.espresso.DetoxMatcher, matcherForSufficientlyVisible, [75]
12-17 17:06:54.877 24414 24438 D Detox   : class com.wix.detox.espresso.DetoxAssertion, assertMatcher, [androidx.test.espresso.ViewInteraction@3f733d0, (view has effective visibility <VISIBLE> and view.getGlobalVisibleRect() covers at least <75> percent of the view's area)]
12-17 17:06:54.902 24414 24414 I ViewInteraction: Checking 'MatchesViewAssertion(Detox){viewMatcher=(view has effective visibility <VISIBLE> and view.getGlobalVisibleRect() covers at least <75> percent of the view's area)}' assertion on view (view.getTag() is "details-screen-root" and view has effective visibility <VISIBLE>)
12-17 17:06:54.912 24414 24438 I DetoxWSClient: Sending out action 'invokeResult' (ID #12)
12-17 17:06:54.913 24414 24438 I DetoxDispatcher: Done with action 'invoke'
12-17 17:06:54.921 24414 24443 D DetoxWSClient: Received action 'invoke' (ID #13, params={"target":{"type":"Class","value":"com.wix.detox.espresso.DetoxAssertion"},"method":"assertMatcher","args":[{"type":"Invocation","value":{"target":{"type":"Class","value":"androidx.test.espresso.Espresso"},"method":"onView","args":[{"type":"Invocation","value":{"target":{"type":"Class","value":"com.wix.detox.espresso.DetoxMatcher"},"method":"matcherForTestId","args":["details-title",{"type":"boolean","value":false}]}}]}},{"type":"Invocation","value":{"target":{"type":"Class","value":"com.wix.detox.espresso.DetoxMatcher"},"method":"matcherForSufficientlyVisible","args":[{"type":"Integer","value":75}]}}]})
12-17 17:06:54.922 24414 24438 I DetoxDispatcher: Handling action 'invoke' (ID #13)...
12-17 17:06:54.924 24414 24438 D Detox   : class com.wix.detox.espresso.DetoxMatcher, matcherForTestId, [details-title, false]
12-17 17:06:54.927 24414 24438 D Detox   : class androidx.test.espresso.Espresso, onView, [(view.getTag() is "details-title" and view has effective visibility <VISIBLE>)]
12-17 17:06:54.930 24414 24438 D Detox   : class com.wix.detox.espresso.DetoxMatcher, matcherForSufficientlyVisible, [75]
12-17 17:06:54.932 24414 24438 D Detox   : class com.wix.detox.espresso.DetoxAssertion, assertMatcher, [androidx.test.espresso.ViewInteraction@30b76ce, (view has effective visibility <VISIBLE> and view.getGlobalVisibleRect() covers at least <75> percent of the view's area)]
12-17 17:06:54.950 24414 24414 I ViewInteraction: Checking 'MatchesViewAssertion(Detox){viewMatcher=(view has effective visibility <VISIBLE> and view.getGlobalVisibleRect() covers at least <75> percent of the view's area)}' assertion on view (view.getTag() is "details-title" and view has effective visibility <VISIBLE>)
12-17 17:06:54.958 24414 24438 I DetoxWSClient: Sending out action 'invokeResult' (ID #13)
12-17 17:06:54.958 24414 24438 I DetoxDispatcher: Done with action 'invoke'
