--------- beginning of main
12-17 17:05:50.341 23310 23344 D DetoxWSClient: Received action 'invoke' (ID #23, params={"target":{"type":"Class","value":"com.wix.detox.espresso.EspressoDetox"},"method":"perform","args":[{"type":"Invocation","value":{"target":{"type":"Class","value":"com.wix.detox.espresso.DetoxMatcher"},"method":"matcherForTestId","args":["details-tab",{"type":"boolean","value":false}]}},{"type":"Invocation","value":{"target":{"type":"Class","value":"com.wix.detox.espresso.DetoxViewActions"},"method":"click","args":[]}}]})
12-17 17:05:50.342 23310 23340 I DetoxDispatcher: Handling action 'invoke' (ID #23)...
12-17 17:05:50.343 23310 23340 D Detox   : class com.wix.detox.espresso.DetoxMatcher, matcherForTestId, [details-tab, false]
12-17 17:05:50.344 23310 23340 D Detox   : class com.wix.detox.espresso.DetoxViewActions, click, []
12-17 17:05:50.346 23310 23340 D Detox   : class com.wix.detox.espresso.EspressoDetox, perform, [(view.getTag() is "details-tab" and view has effective visibility <VISIBLE>), com.wix.detox.espresso.action.RNClickAction@c04239a]
12-17 17:05:50.380 23310 23310 I ViewInteraction: Performing 'com.wix.detox.espresso.action.detoxsingletap@3b844cb click' action on view (view.getTag() is "details-tab" and view has effective visibility <VISIBLE>)
12-17 17:05:50.528 23310 23433 I OpenGLRenderer: Davey! duration=9223301539819ms; Flags=0, FrameTimelineVsyncId=2167521, IntendedVsync=70497035458202, Vsync=70497043791535, InputEventId=0, HandleInputStart=70497048057867, AnimationStart=70497048059273, PerformTraversalsStart=70497048673908, DrawStart=70497048804586, FrameDeadline=70497059458201, FrameInterval=70497048055158, FrameStartTime=8333333, SyncQueued=70497048823908, SyncStart=70497048875940, IssueDrawCommandsStart=70497048954950, SwapBuffers=70497049556513, FrameCompleted=9223372036854775807, DequeueBufferDuration=15781, QueueBufferDuration=385573, GpuCompleted=9223372036854775807, SwapBuffersCompleted=70497050259221, DisplayPresentTime=0, 
12-17 17:05:51.116 23310 23340 I DetoxWSClient: Sending out action 'invokeResult' (ID #23)
12-17 17:05:51.117 23310 23340 I DetoxDispatcher: Done with action 'invoke'
12-17 17:05:52.129 23310 23344 D DetoxWSClient: Received action 'invoke' (ID #24, params={"target":{"type":"Class","value":"com.wix.detox.espresso.DetoxAssertion"},"method":"assertMatcher","args":[{"type":"Invocation","value":{"target":{"type":"Class","value":"androidx.test.espresso.Espresso"},"method":"onView","args":[{"type":"Invocation","value":{"target":{"type":"Class","value":"com.wix.detox.espresso.DetoxMatcher"},"method":"matcherForTestId","args":["details-title",{"type":"boolean","value":false}]}}]}},{"type":"Invocation","value":{"target":{"type":"Class","value":"com.wix.detox.espresso.DetoxMatcher"},"method":"matcherForSufficientlyVisible","args":[{"type":"Integer","value":75}]}}]})
12-17 17:05:52.130 23310 23340 I DetoxDispatcher: Handling action 'invoke' (ID #24)...
12-17 17:05:52.131 23310 23340 D Detox   : class com.wix.detox.espresso.DetoxMatcher, matcherForTestId, [details-title, false]
12-17 17:05:52.132 23310 23340 D Detox   : class androidx.test.espresso.Espresso, onView, [(view.getTag() is "details-title" and view has effective visibility <VISIBLE>)]
12-17 17:05:52.140 23310 23340 D Detox   : class com.wix.detox.espresso.DetoxMatcher, matcherForSufficientlyVisible, [75]
12-17 17:05:52.142 23310 23340 D Detox   : class com.wix.detox.espresso.DetoxAssertion, assertMatcher, [androidx.test.espresso.ViewInteraction@cf6e9b, (view has effective visibility <VISIBLE> and view.getGlobalVisibleRect() covers at least <75> percent of the view's area)]
12-17 17:05:52.350 23310 23310 I ViewInteraction: Checking 'MatchesViewAssertion(Detox){viewMatcher=(view has effective visibility <VISIBLE> and view.getGlobalVisibleRect() covers at least <75> percent of the view's area)}' assertion on view (view.getTag() is "details-title" and view has effective visibility <VISIBLE>)
12-17 17:05:52.356 23310 23340 I DetoxWSClient: Sending out action 'invokeResult' (ID #24)
12-17 17:05:52.357 23310 23340 I DetoxDispatcher: Done with action 'invoke'
12-17 17:05:52.366 23310 23344 D DetoxWSClient: Received action 'invoke' (ID #25, params={"target":{"type":"Class","value":"com.wix.detox.espresso.EspressoDetox"},"method":"perform","args":[{"type":"Invocation","value":{"target":{"type":"Class","value":"com.wix.detox.espresso.DetoxMatcher"},"method":"matcherForTestId","args":["profile-tab",{"type":"boolean","value":false}]}},{"type":"Invocation","value":{"target":{"type":"Class","value":"com.wix.detox.espresso.DetoxViewActions"},"method":"click","args":[]}}]})
12-17 17:05:52.367 23310 23340 I DetoxDispatcher: Handling action 'invoke' (ID #25)...
12-17 17:05:52.367 23310 23340 D Detox   : class com.wix.detox.espresso.DetoxMatcher, matcherForTestId, [profile-tab, false]
12-17 17:05:52.368 23310 23340 D Detox   : class com.wix.detox.espresso.DetoxViewActions, click, []
12-17 17:05:52.369 23310 23340 D Detox   : class com.wix.detox.espresso.EspressoDetox, perform, [(view.getTag() is "profile-tab" and view has effective visibility <VISIBLE>), com.wix.detox.espresso.action.RNClickAction@2e78238]
12-17 17:05:52.380 23310 23310 I ViewInteraction: Performing 'com.wix.detox.espresso.action.detoxsingletap@58fb211 click' action on view (view.getTag() is "profile-tab" and view has effective visibility <VISIBLE>)
12-17 17:05:53.108 23310 23340 I DetoxWSClient: Sending out action 'invokeResult' (ID #25)
12-17 17:05:53.109 23310 23340 I DetoxDispatcher: Done with action 'invoke'
12-17 17:05:54.121 23310 23344 D DetoxWSClient: Received action 'invoke' (ID #26, params={"target":{"type":"Class","value":"com.wix.detox.espresso.DetoxAssertion"},"method":"assertMatcher","args":[{"type":"Invocation","value":{"target":{"type":"Class","value":"androidx.test.espresso.Espresso"},"method":"onView","args":[{"type":"Invocation","value":{"target":{"type":"Class","value":"com.wix.detox.espresso.DetoxMatcher"},"method":"matcherForTestId","args":["profile-title",{"type":"boolean","value":false}]}}]}},{"type":"Invocation","value":{"target":{"type":"Class","value":"com.wix.detox.espresso.DetoxMatcher"},"method":"matcherForSufficientlyVisible","args":[{"type":"Integer","value":75}]}}]})
12-17 17:05:54.123 23310 23340 I DetoxDispatcher: Handling action 'invoke' (ID #26)...
12-17 17:05:54.125 23310 23340 D Detox   : class com.wix.detox.espresso.DetoxMatcher, matcherForTestId, [profile-title, false]
12-17 17:05:54.128 23310 23340 D Detox   : class androidx.test.espresso.Espresso, onView, [(view.getTag() is "profile-title" and view has effective visibility <VISIBLE>)]
12-17 17:05:54.133 23310 23340 D Detox   : class com.wix.detox.espresso.DetoxMatcher, matcherForSufficientlyVisible, [75]
12-17 17:05:54.136 23310 23340 D Detox   : class com.wix.detox.espresso.DetoxAssertion, assertMatcher, [androidx.test.espresso.ViewInteraction@fa5624f, (view has effective visibility <VISIBLE> and view.getGlobalVisibleRect() covers at least <75> percent of the view's area)]
12-17 17:05:54.169 23310 23310 I ViewInteraction: Checking 'MatchesViewAssertion(Detox){viewMatcher=(view has effective visibility <VISIBLE> and view.getGlobalVisibleRect() covers at least <75> percent of the view's area)}' assertion on view (view.getTag() is "profile-title" and view has effective visibility <VISIBLE>)
12-17 17:05:54.179 23310 23340 I DetoxWSClient: Sending out action 'invokeResult' (ID #26)
12-17 17:05:54.180 23310 23340 I DetoxDispatcher: Done with action 'invoke'
12-17 17:05:54.190 23310 23344 D DetoxWSClient: Received action 'invoke' (ID #27, params={"target":{"type":"Class","value":"com.wix.detox.espresso.EspressoDetox"},"method":"perform","args":[{"type":"Invocation","value":{"target":{"type":"Class","value":"com.wix.detox.espresso.DetoxMatcher"},"method":"matcherForTestId","args":["home-tab",{"type":"boolean","value":false}]}},{"type":"Invocation","value":{"target":{"type":"Class","value":"com.wix.detox.espresso.DetoxViewActions"},"method":"click","args":[]}}]})
12-17 17:05:54.191 23310 23340 I DetoxDispatcher: Handling action 'invoke' (ID #27)...
12-17 17:05:54.192 23310 23340 D Detox   : class com.wix.detox.espresso.DetoxMatcher, matcherForTestId, [home-tab, false]
12-17 17:05:54.193 23310 23340 D Detox   : class com.wix.detox.espresso.DetoxViewActions, click, []
12-17 17:05:54.194 23310 23340 D Detox   : class com.wix.detox.espresso.EspressoDetox, perform, [(view.getTag() is "home-tab" and view has effective visibility <VISIBLE>), com.wix.detox.espresso.action.RNClickAction@5791ddc]
12-17 17:05:54.210 23310 23310 I ViewInteraction: Performing 'com.wix.detox.espresso.action.detoxsingletap@fd2eee5 click' action on view (view.getTag() is "home-tab" and view has effective visibility <VISIBLE>)
12-17 17:05:54.941 23310 23340 I DetoxWSClient: Sending out action 'invokeResult' (ID #27)
12-17 17:05:54.942 23310 23340 I DetoxDispatcher: Done with action 'invoke'
12-17 17:05:55.958 23310 23344 D DetoxWSClient: Received action 'invoke' (ID #28, params={"target":{"type":"Class","value":"com.wix.detox.espresso.DetoxAssertion"},"method":"assertMatcher","args":[{"type":"Invocation","value":{"target":{"type":"Class","value":"androidx.test.espresso.Espresso"},"method":"onView","args":[{"type":"Invocation","value":{"target":{"type":"Class","value":"com.wix.detox.espresso.DetoxMatcher"},"method":"matcherForTestId","args":["welcome-title",{"type":"boolean","value":false}]}}]}},{"type":"Invocation","value":{"target":{"type":"Class","value":"com.wix.detox.espresso.DetoxMatcher"},"method":"matcherForSufficientlyVisible","args":[{"type":"Integer","value":75}]}}]})
12-17 17:05:55.959 23310 23340 I DetoxDispatcher: Handling action 'invoke' (ID #28)...
12-17 17:05:55.961 23310 23340 D Detox   : class com.wix.detox.espresso.DetoxMatcher, matcherForTestId, [welcome-title, false]
12-17 17:05:55.964 23310 23340 D Detox   : class androidx.test.espresso.Espresso, onView, [(view.getTag() is "welcome-title" and view has effective visibility <VISIBLE>)]
12-17 17:05:55.969 23310 23340 D Detox   : class com.wix.detox.espresso.DetoxMatcher, matcherForSufficientlyVisible, [75]
12-17 17:05:55.973 23310 23340 D Detox   : class com.wix.detox.espresso.DetoxAssertion, assertMatcher, [androidx.test.espresso.ViewInteraction@49e91c3, (view has effective visibility <VISIBLE> and view.getGlobalVisibleRect() covers at least <75> percent of the view's area)]
12-17 17:05:56.005 23310 23310 I ViewInteraction: Checking 'MatchesViewAssertion(Detox){viewMatcher=(view has effective visibility <VISIBLE> and view.getGlobalVisibleRect() covers at least <75> percent of the view's area)}' assertion on view (view.getTag() is "welcome-title" and view has effective visibility <VISIBLE>)
12-17 17:05:56.018 23310 23340 I DetoxWSClient: Sending out action 'invokeResult' (ID #28)
12-17 17:05:56.019 23310 23340 I DetoxDispatcher: Done with action 'invoke'
