--------- beginning of main
12-17 17:05:56.005 23310 23310 I ViewInteraction: Checking 'MatchesViewAssertion(Detox){viewMatcher=(view has effective visibility <VISIBLE> and view.getGlobalVisibleRect() covers at least <75> percent of the view's area)}' assertion on view (view.getTag() is "welcome-title" and view has effective visibility <VISIBLE>)
12-17 17:05:56.018 23310 23340 I DetoxWSClient: Sending out action 'invokeResult' (ID #28)
12-17 17:05:56.019 23310 23340 I DetoxDispatcher: Done with action 'invoke'
12-17 17:05:57.202 23310 23344 D DetoxWSClient: Received action 'invoke' (ID #29, params={"target":{"type":"Class","value":"com.wix.detox.espresso.DetoxAssertion"},"method":"assertMatcher","args":[{"type":"Invocation","value":{"target":{"type":"Class","value":"androidx.test.espresso.Espresso"},"method":"onView","args":[{"type":"Invocation","value":{"target":{"type":"Class","value":"com.wix.detox.espresso.DetoxMatcher"},"method":"matcherForTestId","args":["home-tab",{"type":"boolean","value":false}]}}]}},{"type":"Invocation","value":{"target":{"type":"Class","value":"com.wix.detox.espresso.DetoxMatcher"},"method":"matcherForSufficientlyVisible","args":[{"type":"Integer","value":75}]}}]})
12-17 17:05:57.203 23310 23340 I DetoxDispatcher: Handling action 'invoke' (ID #29)...
12-17 17:05:57.205 23310 23340 D Detox   : class com.wix.detox.espresso.DetoxMatcher, matcherForTestId, [home-tab, false]
12-17 17:05:57.213 23310 23340 D Detox   : class androidx.test.espresso.Espresso, onView, [(view.getTag() is "home-tab" and view has effective visibility <VISIBLE>)]
12-17 17:05:57.223 23310 23340 D Detox   : class com.wix.detox.espresso.DetoxMatcher, matcherForSufficientlyVisible, [75]
12-17 17:05:57.226 23310 23340 D Detox   : class com.wix.detox.espresso.DetoxAssertion, assertMatcher, [androidx.test.espresso.ViewInteraction@7bfaa40, (view has effective visibility <VISIBLE> and view.getGlobalVisibleRect() covers at least <75> percent of the view's area)]
12-17 17:05:57.248 23310 23310 I ViewInteraction: Checking 'MatchesViewAssertion(Detox){viewMatcher=(view has effective visibility <VISIBLE> and view.getGlobalVisibleRect() covers at least <75> percent of the view's area)}' assertion on view (view.getTag() is "home-tab" and view has effective visibility <VISIBLE>)
12-17 17:05:57.255 23310 23340 I DetoxWSClient: Sending out action 'invokeResult' (ID #29)
12-17 17:05:57.256 23310 23340 I DetoxDispatcher: Done with action 'invoke'
12-17 17:05:57.273 23310 23344 D DetoxWSClient: Received action 'invoke' (ID #30, params={"target":{"type":"Class","value":"com.wix.detox.espresso.DetoxAssertion"},"method":"assertMatcher","args":[{"type":"Invocation","value":{"target":{"type":"Class","value":"androidx.test.espresso.Espresso"},"method":"onView","args":[{"type":"Invocation","value":{"target":{"type":"Class","value":"com.wix.detox.espresso.DetoxMatcher"},"method":"matcherForTestId","args":["details-tab",{"type":"boolean","value":false}]}}]}},{"type":"Invocation","value":{"target":{"type":"Class","value":"com.wix.detox.espresso.DetoxMatcher"},"method":"matcherForSufficientlyVisible","args":[{"type":"Integer","value":75}]}}]})
12-17 17:05:57.276 23310 23340 I DetoxDispatcher: Handling action 'invoke' (ID #30)...
12-17 17:05:57.277 23310 23340 D Detox   : class com.wix.detox.espresso.DetoxMatcher, matcherForTestId, [details-tab, false]
12-17 17:05:57.279 23310 23340 D Detox   : class androidx.test.espresso.Espresso, onView, [(view.getTag() is "details-tab" and view has effective visibility <VISIBLE>)]
12-17 17:05:57.281 23310 23340 D Detox   : class com.wix.detox.espresso.DetoxMatcher, matcherForSufficientlyVisible, [75]
12-17 17:05:57.283 23310 23340 D Detox   : class com.wix.detox.espresso.DetoxAssertion, assertMatcher, [androidx.test.espresso.ViewInteraction@ffb2d79, (view has effective visibility <VISIBLE> and view.getGlobalVisibleRect() covers at least <75> percent of the view's area)]
12-17 17:05:57.295 23310 23310 I ViewInteraction: Checking 'MatchesViewAssertion(Detox){viewMatcher=(view has effective visibility <VISIBLE> and view.getGlobalVisibleRect() covers at least <75> percent of the view's area)}' assertion on view (view.getTag() is "details-tab" and view has effective visibility <VISIBLE>)
12-17 17:05:57.302 23310 23340 I DetoxWSClient: Sending out action 'invokeResult' (ID #30)
12-17 17:05:57.303 23310 23340 I DetoxDispatcher: Done with action 'invoke'
12-17 17:05:57.334 23310 23344 D DetoxWSClient: Received action 'invoke' (ID #31, params={"target":{"type":"Class","value":"com.wix.detox.espresso.DetoxAssertion"},"method":"assertMatcher","args":[{"type":"Invocation","value":{"target":{"type":"Class","value":"androidx.test.espresso.Espresso"},"method":"onView","args":[{"type":"Invocation","value":{"target":{"type":"Class","value":"com.wix.detox.espresso.DetoxMatcher"},"method":"matcherForTestId","args":["profile-tab",{"type":"boolean","value":false}]}}]}},{"type":"Invocation","value":{"target":{"type":"Class","value":"com.wix.detox.espresso.DetoxMatcher"},"method":"matcherForSufficientlyVisible","args":[{"type":"Integer","value":75}]}}]})
12-17 17:05:57.335 23310 23340 I DetoxDispatcher: Handling action 'invoke' (ID #31)...
12-17 17:05:57.335 23310 23340 D Detox   : class com.wix.detox.espresso.DetoxMatcher, matcherForTestId, [profile-tab, false]
12-17 17:05:57.336 23310 23340 D Detox   : class androidx.test.espresso.Espresso, onView, [(view.getTag() is "profile-tab" and view has effective visibility <VISIBLE>)]
12-17 17:05:57.338 23310 23340 D Detox   : class com.wix.detox.espresso.DetoxMatcher, matcherForSufficientlyVisible, [75]
12-17 17:05:57.340 23310 23340 D Detox   : class com.wix.detox.espresso.DetoxAssertion, assertMatcher, [androidx.test.espresso.ViewInteraction@782835, (view has effective visibility <VISIBLE> and view.getGlobalVisibleRect() covers at least <75> percent of the view's area)]
12-17 17:05:57.345 23310 23433 I OpenGLRenderer: Davey! duration=9223301533017ms; Flags=1, FrameTimelineVsyncId=2168448, IntendedVsync=70503836512689, Vsync=70503844846022, InputEventId=0, HandleInputStart=70503850371773, AnimationStart=70503850374273, PerformTraversalsStart=70503850702503, DrawStart=70503866162400, FrameDeadline=70503852179355, FrameInterval=70503850365471, FrameStartTime=8333333, SyncQueued=70503866575838, SyncStart=70503866972504, IssueDrawCommandsStart=70503867037921, SwapBuffers=70503868130577, FrameCompleted=9223372036854775807, DequeueBufferDuration=430729, QueueBufferDuration=761459, GpuCompleted=9223372036854775807, SwapBuffersCompleted=70503869139744, DisplayPresentTime=4294967297, 
12-17 17:05:57.412 23310 23310 I ViewInteraction: Checking 'MatchesViewAssertion(Detox){viewMatcher=(view has effective visibility <VISIBLE> and view.getGlobalVisibleRect() covers at least <75> percent of the view's area)}' assertion on view (view.getTag() is "profile-tab" and view has effective visibility <VISIBLE>)
12-17 17:05:57.416 23310 23340 I DetoxWSClient: Sending out action 'invokeResult' (ID #31)
12-17 17:05:57.417 23310 23340 I DetoxDispatcher: Done with action 'invoke'
12-17 17:05:57.424 23310 23344 D DetoxWSClient: Received action 'invoke' (ID #32, params={"target":{"type":"Class","value":"com.wix.detox.espresso.EspressoDetox"},"method":"perform","args":[{"type":"Invocation","value":{"target":{"type":"Class","value":"com.wix.detox.espresso.DetoxMatcher"},"method":"matcherForTestId","args":["details-tab",{"type":"boolean","value":false}]}},{"type":"Invocation","value":{"target":{"type":"Class","value":"com.wix.detox.espresso.DetoxViewActions"},"method":"click","args":[]}}]})
12-17 17:05:57.424 23310 23340 I DetoxDispatcher: Handling action 'invoke' (ID #32)...
12-17 17:05:57.425 23310 23340 D Detox   : class com.wix.detox.espresso.DetoxMatcher, matcherForTestId, [details-tab, false]
12-17 17:05:57.426 23310 23340 D Detox   : class com.wix.detox.espresso.DetoxViewActions, click, []
12-17 17:05:57.427 23310 23340 D Detox   : class com.wix.detox.espresso.EspressoDetox, perform, [(view.getTag() is "details-tab" and view has effective visibility <VISIBLE>), com.wix.detox.espresso.action.RNClickAction@86228ed]
12-17 17:05:57.437 23310 23310 I ViewInteraction: Performing 'com.wix.detox.espresso.action.detoxsingletap@e91d322 click' action on view (view.getTag() is "details-tab" and view has effective visibility <VISIBLE>)
12-17 17:05:58.166 23310 23340 I DetoxWSClient: Sending out action 'invokeResult' (ID #32)
12-17 17:05:58.167 23310 23340 I DetoxDispatcher: Done with action 'invoke'
12-17 17:05:59.001 23310 23344 D DetoxWSClient: Received action 'invoke' (ID #33, params={"target":{"type":"Class","value":"com.wix.detox.espresso.DetoxAssertion"},"method":"assertMatcher","args":[{"type":"Invocation","value":{"target":{"type":"Class","value":"androidx.test.espresso.Espresso"},"method":"onView","args":[{"type":"Invocation","value":{"target":{"type":"Class","value":"com.wix.detox.espresso.DetoxMatcher"},"method":"matcherForTestId","args":["home-tab",{"type":"boolean","value":false}]}}]}},{"type":"Invocation","value":{"target":{"type":"Class","value":"com.wix.detox.espresso.DetoxMatcher"},"method":"matcherForSufficientlyVisible","args":[{"type":"Integer","value":75}]}}]})
12-17 17:05:59.002 23310 23340 I DetoxDispatcher: Handling action 'invoke' (ID #33)...
12-17 17:05:59.004 23310 23340 D Detox   : class com.wix.detox.espresso.DetoxMatcher, matcherForTestId, [home-tab, false]
12-17 17:05:59.008 23310 23340 D Detox   : class androidx.test.espresso.Espresso, onView, [(view.getTag() is "home-tab" and view has effective visibility <VISIBLE>)]
12-17 17:05:59.013 23310 23340 D Detox   : class com.wix.detox.espresso.DetoxMatcher, matcherForSufficientlyVisible, [75]
12-17 17:05:59.016 23310 23340 D Detox   : class com.wix.detox.espresso.DetoxAssertion, assertMatcher, [androidx.test.espresso.ViewInteraction@f0152e8, (view has effective visibility <VISIBLE> and view.getGlobalVisibleRect() covers at least <75> percent of the view's area)]
12-17 17:05:59.047 23310 23310 I ViewInteraction: Checking 'MatchesViewAssertion(Detox){viewMatcher=(view has effective visibility <VISIBLE> and view.getGlobalVisibleRect() covers at least <75> percent of the view's area)}' assertion on view (view.getTag() is "home-tab" and view has effective visibility <VISIBLE>)
12-17 17:05:59.055 23310 23340 I DetoxWSClient: Sending out action 'invokeResult' (ID #33)
12-17 17:05:59.056 23310 23340 I DetoxDispatcher: Done with action 'invoke'
12-17 17:05:59.099 23310 23344 D DetoxWSClient: Received action 'invoke' (ID #34, params={"target":{"type":"Class","value":"com.wix.detox.espresso.DetoxAssertion"},"method":"assertMatcher","args":[{"type":"Invocation","value":{"target":{"type":"Class","value":"androidx.test.espresso.Espresso"},"method":"onView","args":[{"type":"Invocation","value":{"target":{"type":"Class","value":"com.wix.detox.espresso.DetoxMatcher"},"method":"matcherForTestId","args":["details-tab",{"type":"boolean","value":false}]}}]}},{"type":"Invocation","value":{"target":{"type":"Class","value":"com.wix.detox.espresso.DetoxMatcher"},"method":"matcherForSufficientlyVisible","args":[{"type":"Integer","value":75}]}}]})
12-17 17:05:59.101 23310 23340 I DetoxDispatcher: Handling action 'invoke' (ID #34)...
12-17 17:05:59.103 23310 23340 D Detox   : class com.wix.detox.espresso.DetoxMatcher, matcherForTestId, [details-tab, false]
12-17 17:05:59.107 23310 23340 D Detox   : class androidx.test.espresso.Espresso, onView, [(view.getTag() is "details-tab" and view has effective visibility <VISIBLE>)]
12-17 17:05:59.112 23310 23340 D Detox   : class com.wix.detox.espresso.DetoxMatcher, matcherForSufficientlyVisible, [75]
12-17 17:05:59.116 23310 23340 D Detox   : class com.wix.detox.espresso.DetoxAssertion, assertMatcher, [androidx.test.espresso.ViewInteraction@2432d01, (view has effective visibility <VISIBLE> and view.getGlobalVisibleRect() covers at least <75> percent of the view's area)]
12-17 17:05:59.169 23310 23350 I OpenGLRenderer: Davey! duration=9223301531183ms; Flags=0, FrameTimelineVsyncId=2168714, IntendedVsync=70505671265038, Vsync=70505671265038, InputEventId=0, HandleInputStart=70505672587788, AnimationStart=70505672594038, PerformTraversalsStart=70505673665184, DrawStart=70505674588882, FrameDeadline=70505686931704, FrameInterval=70505672568622, FrameStartTime=8333333, SyncQueued=70505675600289, SyncStart=70505675761851, IssueDrawCommandsStart=70505676279143, SwapBuffers=70505680574560, FrameCompleted=9223372036854775807, DequeueBufferDuration=85365, QueueBufferDuration=3252136, GpuCompleted=9223372036854775807, SwapBuffersCompleted=70505685219196, DisplayPresentTime=0, 
12-17 17:05:59.415 23310 23310 I ViewInteraction: Checking 'MatchesViewAssertion(Detox){viewMatcher=(view has effective visibility <VISIBLE> and view.getGlobalVisibleRect() covers at least <75> percent of the view's area)}' assertion on view (view.getTag() is "details-tab" and view has effective visibility <VISIBLE>)
12-17 17:05:59.422 23310 23340 I DetoxWSClient: Sending out action 'invokeResult' (ID #34)
12-17 17:05:59.423 23310 23340 I DetoxDispatcher: Done with action 'invoke'
12-17 17:05:59.578 23310 23344 D DetoxWSClient: Received action 'invoke' (ID #35, params={"target":{"type":"Class","value":"com.wix.detox.espresso.DetoxAssertion"},"method":"assertMatcher","args":[{"type":"Invocation","value":{"target":{"type":"Class","value":"androidx.test.espresso.Espresso"},"method":"onView","args":[{"type":"Invocation","value":{"target":{"type":"Class","value":"com.wix.detox.espresso.DetoxMatcher"},"method":"matcherForTestId","args":["profile-tab",{"type":"boolean","value":false}]}}]}},{"type":"Invocation","value":{"target":{"type":"Class","value":"com.wix.detox.espresso.DetoxMatcher"},"method":"matcherForSufficientlyVisible","args":[{"type":"Integer","value":75}]}}]})
12-17 17:05:59.580 23310 23340 I DetoxDispatcher: Handling action 'invoke' (ID #35)...
12-17 17:05:59.582 23310 23340 D Detox   : class com.wix.detox.espresso.DetoxMatcher, matcherForTestId, [profile-tab, false]
12-17 17:05:59.586 23310 23340 D Detox   : class androidx.test.espresso.Espresso, onView, [(view.getTag() is "profile-tab" and view has effective visibility <VISIBLE>)]
12-17 17:05:59.591 23310 23340 D Detox   : class com.wix.detox.espresso.DetoxMatcher, matcherForSufficientlyVisible, [75]
12-17 17:05:59.594 23310 23340 D Detox   : class com.wix.detox.espresso.DetoxAssertion, assertMatcher, [androidx.test.espresso.ViewInteraction@e16a7a6, (view has effective visibility <VISIBLE> and view.getGlobalVisibleRect() covers at least <75> percent of the view's area)]
12-17 17:05:59.626 23310 23310 I ViewInteraction: Checking 'MatchesViewAssertion(Detox){viewMatcher=(view has effective visibility <VISIBLE> and view.getGlobalVisibleRect() covers at least <75> percent of the view's area)}' assertion on view (view.getTag() is "profile-tab" and view has effective visibility <VISIBLE>)
12-17 17:05:59.636 23310 23340 I DetoxWSClient: Sending out action 'invokeResult' (ID #35)
12-17 17:05:59.637 23310 23340 I DetoxDispatcher: Done with action 'invoke'
