--------- beginning of main
12-17 17:23:44.418 28071 28581 D DetoxWSClient: Received action 'reactNativeReload' (ID #-1000, params={})
12-17 17:23:44.419 28071 28562 I DetoxDispatcher: Handling action 'reactNativeReload' (ID #-1000)...
12-17 17:23:44.423 28071 28562 I DetoxRNExt: Reloading React Native
12-17 17:23:44.423 28071 28562 D IdlingRegistry: Unregistering idling resources: [com.wix.detox.reactnative.idlingresources.timers.FabricTimersIdlingResource@363b5af]
12-17 17:23:44.423 28071 28562 D IdlingRegistry: Unregistering idling resources: [com.wix.detox.reactnative.idlingresources.StabilizedIdlingResource@9cae145]
12-17 17:23:44.423 28071 28562 D IdlingRegistry: Unregistering idling resources: [com.wix.detox.reactnative.idlingresources.uimodule.fabric.FabricUIManagerIdlingResources@e497589]
12-17 17:23:44.423 28071 28562 D IdlingRegistry: Unregistering idling resources: [com.wix.detox.reactnative.idlingresources.animations.AnimatedModuleIdlingResource@80cf98e]
12-17 17:23:44.423 28071 28562 D IdlingRegistry: Unregistering idling resources: [com.wix.detox.reactnative.idlingresources.network.NetworkIdlingResource@729ddbc]
12-17 17:23:44.424 28071 28699 W unknown:BridgelessReact: ReactHost{0}.getOrCreateReloadTask()
12-17 17:23:44.424 28071 28699 W unknown:BridgelessReact: ReactHost{0}.raiseSoftException(getOrCreateReloadTask()): Detox
12-17 17:23:44.424 28071 28699 E unknown:ReactHost: Unhandled SoftException
12-17 17:23:44.424 28071 28699 E unknown:ReactHost: com.facebook.react.bridge.ReactNoCrashSoftException: raiseSoftException(getOrCreateReloadTask()): Detox
12-17 17:23:44.424 28071 28699 E unknown:ReactHost: 	at com.facebook.react.runtime.ReactHostImpl.raiseSoftException(ReactHostImpl.java:1038)
12-17 17:23:44.424 28071 28699 E unknown:ReactHost: 	at com.facebook.react.runtime.ReactHostImpl.raiseSoftException(ReactHostImpl.java:1031)
12-17 17:23:44.424 28071 28699 E unknown:ReactHost: 	at com.facebook.react.runtime.ReactHostImpl.getOrCreateReloadTask(ReactHostImpl.java:1478)
12-17 17:23:44.424 28071 28699 E unknown:ReactHost: 	at com.facebook.react.runtime.ReactHostImpl.lambda$reload$5(ReactHostImpl.java:502)
12-17 17:23:44.424 28071 28699 E unknown:ReactHost: 	at com.facebook.react.runtime.ReactHostImpl.$r8$lambda$pnssLYpRgj-ac0gqivuqyD-9TKQ(Unknown Source:0)
12-17 17:23:44.424 28071 28699 E unknown:ReactHost: 	at com.facebook.react.runtime.ReactHostImpl$$ExternalSyntheticLambda0.call(D8$$SyntheticClass:0)
12-17 17:23:44.424 28071 28699 E unknown:ReactHost: 	at com.facebook.react.runtime.internal.bolts.Task$Companion.call$lambda$2(Task.kt:315)
12-17 17:23:44.424 28071 28699 E unknown:ReactHost: 	at com.facebook.react.runtime.internal.bolts.Task$Companion.$r8$lambda$MFqd_-X5KhHmu0hvNE2Bec_4mJM(Unknown Source:0)
12-17 17:23:44.424 28071 28699 E unknown:ReactHost: 	at com.facebook.react.runtime.internal.bolts.Task$Companion$$ExternalSyntheticLambda1.run(D8$$SyntheticClass:0)
12-17 17:23:44.424 28071 28699 E unknown:ReactHost: 	at java.util.concurrent.ThreadPoolExecutor.runWorker(ThreadPoolExecutor.java:1156)
12-17 17:23:44.424 28071 28699 E unknown:ReactHost: 	at java.util.concurrent.ThreadPoolExecutor$Worker.run(ThreadPoolExecutor.java:651)
12-17 17:23:44.424 28071 28699 E unknown:ReactHost: 	at java.lang.Thread.run(Thread.java:1119)
12-17 17:23:44.424 28071 28699 W unknown:BridgelessReact: ReactHost{0}.getOrCreateReloadTask(): Resetting createReactInstance task ref
12-17 17:23:44.425 28071 28071 W unknown:BridgelessReact: ReactHost{0}.getOrCreateReloadTask(): Starting React Native reload
12-17 17:23:44.425 28071 28071 W unknown:BridgelessReact: ReactHost{0}.getOrCreateReloadTask(): Calling ReactContext.onHostPause()
12-17 17:23:44.425 28071 28071 W unknown:BridgelessReact: ReactHost{0}.raiseSoftException(callWithExistingReactInstance(callFunctionOnModule("RCTDeviceEventEmitter", "emit"))): Execute: reactInstance is null. Dropping work.
12-17 17:23:44.426 28071 28071 E unknown:ReactHost: Unhandled SoftException
12-17 17:23:44.426 28071 28071 E unknown:ReactHost: com.facebook.react.bridge.ReactNoCrashSoftException: raiseSoftException(callWithExistingReactInstance(callFunctionOnModule("RCTDeviceEventEmitter", "emit"))): Execute: reactInstance is null. Dropping work.
12-17 17:23:44.426 28071 28071 E unknown:ReactHost: 	at com.facebook.react.runtime.ReactHostImpl.raiseSoftException(ReactHostImpl.java:1038)
12-17 17:23:44.426 28071 28071 E unknown:ReactHost: 	at com.facebook.react.runtime.ReactHostImpl.raiseSoftException(ReactHostImpl.java:1031)
12-17 17:23:44.426 28071 28071 E unknown:ReactHost: 	at com.facebook.react.runtime.ReactHostImpl.lambda$callWithExistingReactInstance$16(ReactHostImpl.java:1059)
12-17 17:23:44.426 28071 28071 E unknown:ReactHost: 	at com.facebook.react.runtime.ReactHostImpl.$r8$lambda$v_wsWn1AM15FUeMv5__nLvaLvTQ(Unknown Source:0)
12-17 17:23:44.426 28071 28071 E unknown:ReactHost: 	at com.facebook.react.runtime.ReactHostImpl$$ExternalSyntheticLambda16.then(D8$$SyntheticClass:0)
12-17 17:23:44.426 28071 28071 E unknown:ReactHost: 	at com.facebook.react.runtime.internal.bolts.Task$Companion.completeImmediately$lambda$3(Task.kt:356)
12-17 17:23:44.426 28071 28071 E unknown:ReactHost: 	at com.facebook.react.runtime.internal.bolts.Task$Companion.$r8$lambda$b7MTC0ufkn_2TjF4BGcNqGR9qK0(Unknown Source:0)
12-17 17:23:44.426 28071 28071 E unknown:ReactHost: 	at com.facebook.react.runtime.internal.bolts.Task$Companion$$ExternalSyntheticLambda3.run(D8$$SyntheticClass:0)
12-17 17:23:44.426 28071 28071 E unknown:ReactHost: 	at com.facebook.react.runtime.internal.bolts.Executors$ImmediateExecutor.execute(Executors.kt:41)
12-17 17:23:44.426 28071 28071 E unknown:ReactHost: 	at com.facebook.react.runtime.internal.bolts.Task$Companion.completeImmediately(Task.kt:354)
12-17 17:23:44.426 28071 28071 E unknown:ReactHost: 	at com.facebook.react.runtime.internal.bolts.Task$Companion.access$completeImmediately(Task.kt:250)
12-17 17:23:44.426 28071 28071 E unknown:ReactHost: 	at com.facebook.react.runtime.internal.bolts.Task.continueWith(Task.kt:132)
12-17 17:23:44.426 28071 28071 E unknown:ReactHost: 	at com.facebook.react.runtime.internal.bolts.Task.continueWith$default(Task.kt:117)
12-17 17:23:44.426 28071 28071 E unknown:ReactHost: 	at com.facebook.react.runtime.internal.bolts.Task.onSuccess$lambda$12(Task.kt:174)
12-17 17:23:44.426 28071 28071 E unknown:ReactHost: 	at com.facebook.react.runtime.internal.bolts.Task.$r8$lambda$l0wwo5AvbHxlwfI1R7CH_codxoo(Unknown Source:0)
12-17 17:23:44.426 28071 28071 E unknown:ReactHost: 	at com.facebook.react.runtime.internal.bolts.Task$$ExternalSyntheticLambda2.then(D8$$SyntheticClass:0)
12-17 17:23:44.426 28071 28071 E unknown:ReactHost: 	at com.facebook.react.runtime.internal.bolts.Task$Companion.completeAfterTask$lambda$5(Task.kt:390)
12-17 17:23:44.426 28071 28071 E unknown:ReactHost: 	at com.facebook.react.runtime.internal.bolts.Task$Companion.$r8$lambda$IPpysnehFwANEiW061YzapkMdoE(Unknown Source:0)
12-17 17:23:44.426 28071 28071 E unknown:ReactHost: 	at com.facebook.react.runtime.internal.bolts.Task$Companion$$ExternalSyntheticLambda4.run(D8$$SyntheticClass:0)
12-17 17:23:44.426 28071 28071 E unknown:ReactHost: 	at com.facebook.react.runtime.internal.bolts.Executors$ImmediateExecutor.execute(Executors.kt:41)
12-17 17:23:44.426 28071 28071 E unknown:ReactHost: 	at com.facebook.react.runtime.internal.bolts.Task$Companion.completeAfterTask(Task.kt:388)
12-17 17:23:44.426 28071 28071 E unknown:ReactHost: 	at com.facebook.react.runtime.internal.bolts.Task$Companion.access$completeAfterTask(Task.kt:250)
12-17 17:23:44.426 28071 28071 E unknown:ReactHost: 	at com.facebook.react.runtime.internal.bolts.Task.continueWithTask(Task.kt:156)
12-17 17:23:44.426 28071 28071 E unknown:ReactHost: 	at com.facebook.react.runtime.internal.bolts.Task.onSuccess(Task.kt:169)
12-17 17:23:44.426 28071 28071 E unknown:ReactHost: 	at com.facebook.react.runtime.ReactHostImpl.callWithExistingReactInstance(ReactHostImpl.java:1055)
12-17 17:23:44.426 28071 28071 E unknown:ReactHost: 	at com.facebook.react.runtime.ReactHostImpl.callFunctionOnModule(ReactHostImpl.java:912)
12-17 17:23:44.426 28071 28071 E unknown:ReactHost: 	at com.facebook.react.runtime.BridgelessReactContext.emitDeviceEvent(BridgelessReactContext.kt:132)
12-17 17:23:44.426 28071 28071 E unknown:ReactHost: 	at com.facebook.react.modules.appstate.AppStateModule.sendEvent(AppStateModule.kt:71)
12-17 17:23:44.426 28071 28071 E unknown:ReactHost: 	at com.facebook.react.modules.appstate.AppStateModule.sendAppStateChangeEvent(AppStateModule.kt:75)
12-17 17:23:44.426 28071 28071 E unknown:ReactHost: 	at com.facebook.react.modules.appstate.AppStateModule.onHostPause(AppStateModule.kt:48)
12-17 17:23:44.426 28071 28071 E unknown:ReactHost: 	at com.facebook.react.bridge.ReactContext.onHostPause(ReactContext.java:302)
12-17 17:23:44.426 28071 28071 E unknown:ReactHost: 	at com.facebook.react.runtime.ReactHostImpl.lambda$getOrCreateReloadTask$29(ReactHostImpl.java:1507)
12-17 17:23:44.426 28071 28071 E unknown:ReactHost: 	at com.facebook.react.runtime.ReactHostImpl.$r8$lambda$3_hO2W0xswhzVpHPxbwcWlR35dM(Unknown Source:0)
12-17 17:23:44.426 28071 28071 E unknown:ReactHost: 	at com.facebook.react.runtime.ReactHostImpl$$ExternalSyntheticLambda9.then(D8$$SyntheticClass:0)
12-17 17:23:44.426 28071 28071 E unknown:ReactHost: 	at com.facebook.react.runtime.internal.bolts.Task$Companion.completeAfterTask$lambda$5(Task.kt:390)
12-17 17:23:44.426 28071 28071 E unknown:ReactHost: 	at com.facebook.react.runtime.internal.bolts.Task$Companion.$r8$lambda$IPpysnehFwANEiW061YzapkMdoE(Unknown Source:0)
12-17 17:23:44.426 28071 28071 E unknown:ReactHost: 	at com.facebook.react.runtime.internal.bolts.Task$Companion$$ExternalSyntheticLambda4.run(D8$$SyntheticClass:0)
12-17 17:23:44.426 28071 28071 E unknown:ReactHost: 	at android.os.Handler.handleCallback(Handler.java:978)
12-17 17:23:44.426 28071 28071 E unknown:ReactHost: 	at android.os.Handler.dispatchMessage(Handler.java:104)
12-17 17:23:44.426 28071 28071 E unknown:ReactHost: 	at android.os.Looper.loopOnce(Looper.java:238)
12-17 17:23:44.426 28071 28071 E unknown:ReactHost: 	at android.os.Looper.loop(Looper.java:357)
12-17 17:23:44.426 28071 28071 E unknown:ReactHost: 	at android.app.ActivityThread.main(ActivityThread.java:8090)
12-17 17:23:44.426 28071 28071 E unknown:ReactHost: 	at java.lang.reflect.Method.invoke(Native Method)
12-17 17:23:44.426 28071 28071 E unknown:ReactHost: 	at com.android.internal.os.RuntimeInit$MethodAndArgsCaller.run(RuntimeInit.java:548)
12-17 17:23:44.426 28071 28071 E unknown:ReactHost: 	at com.android.internal.os.ZygoteInit.main(ZygoteInit.java:1026)
12-17 17:23:44.427 28071 28699 W unknown:BridgelessReact: ReactHost{0}.getOrCreateReloadTask(): Stopping all React Native surfaces
12-17 17:23:44.427 28071 28699 E unknown:SurfaceMountingManager: Stopping surface [51]
12-17 17:23:44.430 28071 28071 I ReactNative: [GESTURE HANDLER] Tearing down gesture handler registered for root view com.facebook.react.runtime.ReactSurfaceView{1faa882 V.E...... ........ 0,0-2225,1020 #33}
12-17 17:23:44.430 28071 28071 E unknown:SurfaceMountingManager: Surface [51] was stopped on SurfaceMountingManager.
12-17 17:23:44.437 28071 28071 W unknown:BridgelessReact: ReactHost{0}.getOrCreateReloadTask(): Removing memory pressure listener
12-17 17:23:44.437 28071 28071 W unknown:BridgelessReact: ReactHost{0}.getOrCreateReloadTask(): Resetting ReactContext ref
12-17 17:23:44.437 28071 28071 W unknown:BridgelessReact: ReactHost{0}.getOrCreateReloadTask(): Destroying ReactContext
12-17 17:23:44.437 28071 28071 W unknown:BridgelessReact: ReactHost{0}.getOrCreateReloadTask(): Calling DevSupportManager.onReactInstanceDestroyed(reactContext)
12-17 17:23:44.438 28071 28071 W unknown:ReactNative: Packager connection already open, nooping.
12-17 17:23:44.475 28071 28071 I com.detoxtest: Explicit concurrent copying GC freed 3042KB AllocSpace bytes, 1(16KB) LOS objects, 49% free, 9140KB/17MB, paused 40us,39us total 37.384ms
12-17 17:23:44.476 28071 28699 W unknown:BridgelessReact: ReactHost{0}.getOrCreateReloadTask(): Resetting ReactInstance ptr
12-17 17:23:44.476 28071 28699 W unknown:BridgelessReact: ReactHost{0}.getOrCreateReloadTask(): Destroying ReactInstance
12-17 17:23:44.479 28071 28699 E unknown:ReactNative: Tried to remove non-existent frame callback
12-17 17:23:44.481 28071 28699 W unknown:ReactNative: Tried to enqueue runnable on already finished thread: 'v_native... dropping Runnable.
12-17 17:23:44.481 28071 28699 W unknown:ReactNative: Tried to enqueue runnable on already finished thread: 'v_native... dropping Runnable.
12-17 17:23:44.482 28071 28699 W unknown:ReactNative: Tried to enqueue runnable on already finished thread: 'v_native... dropping Runnable.
12-17 17:23:44.482 28071 28699 W unknown:ReactNative: Tried to enqueue runnable on already finished thread: 'v_native... dropping Runnable.
12-17 17:23:44.482 28071 28699 W unknown:ReactNative: Tried to enqueue runnable on already finished thread: 'v_native... dropping Runnable.
12-17 17:23:44.482 28071 28699 W unknown:ReactNative: Tried to enqueue runnable on already finished thread: 'v_native... dropping Runnable.
12-17 17:23:44.482 28071 28699 W unknown:ReactNative: Tried to enqueue runnable on already finished thread: 'v_native... dropping Runnable.
12-17 17:23:44.482 28071 28699 W unknown:ReactNative: Tried to enqueue runnable on already finished thread: 'v_native... dropping Runnable.
12-17 17:23:44.482 28071 28699 W unknown:ReactNative: Tried to enqueue runnable on already finished thread: 'v_native... dropping Runnable.
12-17 17:23:44.483 28071 28699 W unknown:ReactNative: Tried to enqueue runnable on already finished thread: 'v_native... dropping Runnable.
12-17 17:23:44.483 28071 28699 W unknown:ReactNative: Tried to enqueue runnable on already finished thread: 'v_native... dropping Runnable.
12-17 17:23:44.483 28071 28699 W unknown:ReactNative: Tried to enqueue runnable on already finished thread: 'v_native... dropping Runnable.
12-17 17:23:44.483 28071 28699 W unknown:ReactNative: Tried to enqueue runnable on already finished thread: 'v_native... dropping Runnable.
12-17 17:23:44.483 28071 28699 W unknown:ReactNative: Tried to enqueue runnable on already finished thread: 'v_native... dropping Runnable.
12-17 17:23:44.483 28071 28699 W unknown:ReactNative: Tried to enqueue runnable on already finished thread: 'v_native... dropping Runnable.
12-17 17:23:44.483 28071 28699 W unknown:ReactNative: Tried to enqueue runnable on already finished thread: 'v_native... dropping Runnable.
12-17 17:23:44.483 28071 28699 W unknown:ReactNative: Tried to enqueue runnable on already finished thread: 'v_native... dropping Runnable.
12-17 17:23:44.483 28071 28699 W unknown:ReactNative: Tried to enqueue runnable on already finished thread: 'v_native... dropping Runnable.
12-17 17:23:44.483 28071 28699 W unknown:ReactNative: Tried to enqueue runnable on already finished thread: 'v_native... dropping Runnable.
12-17 17:23:44.483 28071 28699 W unknown:ReactNative: Tried to enqueue runnable on already finished thread: 'v_native... dropping Runnable.
12-17 17:23:44.483 28071 28699 W unknown:ReactNative: Tried to enqueue runnable on already finished thread: 'v_native... dropping Runnable.
12-17 17:23:44.483 28071 28699 W unknown:ReactNative: Tried to enqueue runnable on already finished thread: 'v_native... dropping Runnable.
12-17 17:23:44.484 28071 28699 W unknown:ReactNative: Tried to enqueue runnable on already finished thread: 'v_native... dropping Runnable.
12-17 17:23:44.485 28071 28699 W unknown:ReactNative: Tried to enqueue runnable on already finished thread: 'v_native... dropping Runnable.
12-17 17:23:44.490 28071 28081 I OpenGLRenderer: Davey! duration=9223300465889ms; Flags=0, FrameTimelineVsyncId=2215715, IntendedVsync=71570965357942, Vsync=71570998691274, InputEventId=0, HandleInputStart=71571004084540, AnimationStart=71571004086363, PerformTraversalsStart=71571004205426, DrawStart=71571004635269, FrameDeadline=71570989357941, FrameInterval=71571004080790, FrameStartTime=8333333, SyncQueued=71571004747144, SyncStart=71571004847821, IssueDrawCommandsStart=71571005299540, SwapBuffers=71571006051780, FrameCompleted=9223372036854775807, DequeueBufferDuration=34948, QueueBufferDuration=877135, GpuCompleted=9223372036854775807, SwapBuffersCompleted=71571012027405, DisplayPresentTime=0, 
12-17 17:23:44.520 28071 28699 W unknown:BridgelessReact: ReactHost{0}.getOrCreateReloadTask(): Resetting start task ref
12-17 17:23:44.520 28071 28699 W unknown:BridgelessReact: ReactHost{0}.getOrCreateReactInstanceTask()
12-17 17:23:44.520 28071 28699 W unknown:BridgelessReact: ReactHost{0}.getOrCreateReactInstanceTask(): Start
12-17 17:23:44.520 28071 28699 D Detox.RNMarker: REACT_BRIDGELESS_LOADING_START (null)
12-17 17:23:44.520 28071 28699 W unknown:BridgelessReact: ReactHost{0}.getJSBundleLoader()
12-17 17:23:44.521 28071 28699 W unknown:BridgelessReact: ReactHost{0}.isMetroRunning()
12-17 17:23:44.525 28071 28706 W unknown:BridgelessReact: ReactHost{0}.isMetroRunning(): Async result = true
12-17 17:23:44.526 28071 28699 W unknown:BridgelessReact: ReactHost{0}.loadJSBundleFromMetro()
12-17 17:23:44.526 28071 28699 D Detox.RNMarker: DOWNLOAD_START (null)
12-17 17:23:44.527 28071 28071 E com.detoxtest: Invalid ID 0x00000000.
12-17 17:23:44.804 28071 28706 D Detox.RNMarker: DOWNLOAD_END ({"url":"http:\/\/localhost:8081\/index.bundle?platform=android&dev=true&lazy=true&minify=false&app=com.detoxtest&modulesOnly=false&runModule=true&excludeSource=true&sourcePaths=url-server","filesChangedCount":0})
12-17 17:23:44.804 28071 28706 W unknown:BridgelessReact: ReactHost{0}.loadJSBundleFromMetro(): Creating BundleLoader
12-17 17:23:44.805 28071 28699 W unknown:BridgelessReact: ReactHost{0}.getOrCreateReactContext(): Creating BridgelessReactContext
12-17 17:23:44.805 28071 28699 W unknown:BridgelessReact: ReactHost{0}.getOrCreateReactInstanceTask(): Creating ReactInstance
12-17 17:23:44.806 28071 28699 W unknown:ReactNative: Inspector connection already open, nooping.
12-17 17:23:44.838 28071 28699 W unknown:BridgelessReact: ReactHost{0}.getOrCreateReactInstanceTask(): Loading JS Bundle
12-17 17:23:44.839 28071 28699 W unknown:BridgelessReact: ReactHost{0}.getOrCreateReactInstanceTask(): Calling DevSupportManagerBase.onNewReactContextCreated(reactContext)
12-17 17:23:44.839 28071 29311 D Detox.RNMarker: RUN_JS_BUNDLE_START (/index.bundle?platform=android&dev=true&lazy=true&minify=false&app=com.detoxtest&modulesOnly=false&runModule=true&excludeSource=true&sourcePaths=url-server)
12-17 17:23:44.840 28071 28071 W unknown:ReactNative: Packager connection already open, nooping.
12-17 17:23:44.840 28071 28699 W unknown:BridgelessReact: ReactHost{0}.getOrCreateReloadTask(): Restarting previously running React Native Surfaces
12-17 17:23:44.841 28071 28699 W unknown:BridgelessReact: ReactHost{0}.getOrCreateReloadTask(): Resetting reload task ref
12-17 17:23:44.841 28071 28071 W unknown:BridgelessReact: ReactContext.onHostResume()
12-17 17:23:44.842 28071 28071 W unknown:BridgelessReact: ReactHost{0}.getOrCreateReactInstanceTask(): Executing ReactInstanceEventListeners
12-17 17:23:44.842 28071 28071 I DetoxRNLoading: Got new RN-context through listener
12-17 17:23:44.843 28071 28562 I DetoxRNIdleRes: Setting up Espresso Idling Resources for React Native
12-17 17:23:44.846 28071 28071 D DetoxRNHelpers: Native RN module resolution (class com.reactnativecommunity.asyncstorage.AsyncStorageModule): no registered module found
12-17 17:23:44.847 28071 28562 D IdlingRegistry: Registering idling resources: [com.wix.detox.reactnative.idlingresources.uimodule.fabric.FabricUIManagerIdlingResources@5886f3b]
12-17 17:23:44.847 28071 28562 D IdlingRegistry: Registering idling resources: [com.wix.detox.reactnative.idlingresources.animations.AnimatedModuleIdlingResource@f9d8658]
12-17 17:23:44.847 28071 28562 D IdlingRegistry: Registering idling resources: [com.wix.detox.reactnative.idlingresources.timers.FabricTimersIdlingResource@51133b1]
12-17 17:23:44.847 28071 28562 D IdlingRegistry: Registering idling resources: [com.wix.detox.reactnative.idlingresources.network.NetworkIdlingResource@1f92096]
12-17 17:23:44.847 28071 28562 D IdlingRegistry: Registering idling resources: [com.wix.detox.reactnative.idlingresources.StabilizedIdlingResource@904c417]
12-17 17:23:44.848 28071 28071 D DetoxRNHelpers: Native RN module resolution (class com.reactnativecommunity.asyncstorage.AsyncStorageModule): no registered module found
12-17 17:23:44.849 28071 28562 I DetoxWSClient: Sending out action 'ready' (ID #-1000)
12-17 17:23:44.849 28071 28562 I DetoxDispatcher: Done with action 'reactNativeReload'
12-17 17:23:44.857 28071 28581 D DetoxWSClient: Received action 'invoke' (ID #41, params={"target":{"type":"Class","value":"com.wix.detox.espresso.EspressoDetox"},"method":"setSynchronization","args":[{"type":"boolean","value":false}]})
12-17 17:23:44.857 28071 28562 I DetoxDispatcher: Handling action 'invoke' (ID #41)...
12-17 17:23:44.857 28071 28562 D Detox   : class com.wix.detox.espresso.EspressoDetox, setSynchronization, [false]
12-17 17:23:44.858 28071 28562 D IdlingRegistry: Unregistering idling resources: [com.wix.detox.reactnative.idlingresources.timers.FabricTimersIdlingResource@51133b1]
12-17 17:23:44.858 28071 28562 D IdlingRegistry: Unregistering idling resources: [com.wix.detox.reactnative.idlingresources.StabilizedIdlingResource@904c417]
12-17 17:23:44.858 28071 28562 D IdlingRegistry: Unregistering idling resources: [com.wix.detox.reactnative.idlingresources.uimodule.fabric.FabricUIManagerIdlingResources@5886f3b]
12-17 17:23:44.858 28071 28562 D IdlingRegistry: Unregistering idling resources: [com.wix.detox.reactnative.idlingresources.animations.AnimatedModuleIdlingResource@f9d8658]
12-17 17:23:44.858 28071 28562 D IdlingRegistry: Unregistering idling resources: [com.wix.detox.reactnative.idlingresources.network.NetworkIdlingResource@1f92096]
12-17 17:23:44.858 28071 28562 I DetoxWSClient: Sending out action 'invokeResult' (ID #41)
12-17 17:23:44.859 28071 28562 I DetoxDispatcher: Done with action 'invoke'
12-17 17:23:45.254 28071 29311 W [RNScreens]: InsetObserverProxy registers on new context while it has not been invalidated on the old one. Please report this as issue at https://github.com/software-mansion/react-native-screens/issues
12-17 17:23:45.255 28071 29311 W unknown:ViewManagerPropertyUpdater: Could not find generated setter for class com.th3rdwave.safeareacontext.SafeAreaProviderManager
12-17 17:23:45.257 28071 29311 W unknown:ViewManagerPropertyUpdater: Could not find generated setter for class com.facebook.react.uimanager.LayoutShadowNode
12-17 17:23:45.258 28071 29311 W unknown:ViewManagerPropertyUpdater: Could not find generated setter for class com.swmansion.rnscreens.SearchBarManager
12-17 17:23:45.259 28071 29311 W unknown:ViewManagerPropertyUpdater: Could not find generated setter for class com.swmansion.rnscreens.ScreenFooterManager
12-17 17:23:45.259 28071 29311 W unknown:ViewManagerPropertyUpdater: Could not find generated setter for class com.swmansion.rnscreens.gamma.tabs.TabScreenViewManager
12-17 17:23:45.260 28071 29311 W unknown:ViewManagerPropertyUpdater: Could not find generated setter for class com.swmansion.rnscreens.ScreenContainerViewManager
12-17 17:23:45.260 28071 29311 W unknown:ViewManagerPropertyUpdater: Could not find generated setter for class com.swmansion.rnscreens.gamma.tabs.TabsHostViewManager
12-17 17:23:45.261 28071 29311 W unknown:ViewManagerPropertyUpdater: Could not find generated setter for class com.swmansion.rnscreens.ModalScreenViewManager
12-17 17:23:45.262 28071 29311 W unknown:ViewManagerPropertyUpdater: Could not find generated setter for class com.swmansion.rnscreens.ScreenStackHeaderConfigViewManager
12-17 17:23:45.263 28071 29311 W unknown:ViewManagerPropertyUpdater: Could not find generated setter for class com.swmansion.rnscreens.ScreenContentWrapperManager
12-17 17:23:45.264 28071 29311 W unknown:ViewManagerPropertyUpdater: Could not find generated setter for class com.th3rdwave.safeareacontext.SafeAreaViewManager
12-17 17:23:45.265 28071 29311 W unknown:ViewManagerPropertyUpdater: Could not find generated setter for class com.th3rdwave.safeareacontext.SafeAreaViewShadowNode
12-17 17:23:45.266 28071 29311 W unknown:ViewManagerPropertyUpdater: Could not find generated setter for class com.swmansion.rnscreens.safearea.SafeAreaViewManager
12-17 17:23:45.266 28071 29311 W unknown:ViewManagerPropertyUpdater: Could not find generated setter for class com.swmansion.rnscreens.safearea.paper.SafeAreaViewShadowNode
12-17 17:23:45.267 28071 29311 W unknown:ViewManagerPropertyUpdater: Could not find generated setter for class com.swmansion.rnscreens.ScreenViewManager
12-17 17:23:45.267 28071 29311 W unknown:ViewManagerPropertyUpdater: Could not find generated setter for class com.swmansion.rnscreens.ScreenStackHeaderSubviewManager
12-17 17:23:45.267 28071 29311 W unknown:ViewManagerPropertyUpdater: Could not find generated setter for class com.swmansion.rnscreens.ScreenStackViewManager
12-17 17:23:45.322 28071 29311 W unknown:ViewManagerPropertyUpdater: Could not find generated setter for class com.facebook.react.views.debuggingoverlay.DebuggingOverlayManager
12-17 17:23:45.326 28071 29311 W unknown:ViewManagerPropertyUpdater: Could not find generated setter for class com.swmansion.gesturehandler.react.RNGestureHandlerButtonViewManager
12-17 17:23:45.331 28071 29311 W unknown:ViewManagerPropertyUpdater: Could not find generated setter for class com.facebook.react.views.safeareaview.ReactSafeAreaViewManager
12-17 17:23:45.331 28071 29311 W unknown:ViewManagerPropertyUpdater: Could not find generated setter for class com.facebook.react.views.safeareaview.ReactSafeAreaViewShadowNode
12-17 17:23:45.335 28071 29311 W unknown:ViewManagerPropertyUpdater: Could not find generated setter for class com.facebook.react.views.modal.ReactModalHostManager
12-17 17:23:45.340 28071 29311 W unknown:ViewManagerPropertyUpdater: Could not find generated setter for class com.facebook.react.views.text.frescosupport.FrescoBasedReactTextInlineImageViewManager
12-17 17:23:45.340 28071 29311 W unknown:ViewManagerPropertyUpdater: Could not find generated setter for class com.facebook.react.views.text.frescosupport.FrescoBasedReactTextInlineImageShadowNode
12-17 17:23:45.345 28071 29311 W unknown:ViewManagerPropertyUpdater: Could not find generated setter for class com.facebook.react.views.progressbar.ReactProgressBarViewManager
12-17 17:23:45.345 28071 29311 W unknown:ViewManagerPropertyUpdater: Could not find generated setter for class com.facebook.react.views.progressbar.ProgressBarShadowNode
12-17 17:23:45.350 28071 29311 W unknown:ViewManagerPropertyUpdater: Could not find generated setter for class com.facebook.react.views.scroll.ReactHorizontalScrollViewManager
12-17 17:23:45.355 28071 29311 W unknown:ViewManagerPropertyUpdater: Could not find generated setter for class com.facebook.react.views.image.ReactImageManager
12-17 17:23:45.360 28071 29311 W unknown:ViewManagerPropertyUpdater: Could not find generated setter for class com.facebook.react.views.text.ReactTextViewManager
12-17 17:23:45.362 28071 29311 W unknown:ViewManagerPropertyUpdater: Could not find generated setter for class com.facebook.react.views.text.ReactTextShadowNode
12-17 17:23:45.367 28071 29311 W unknown:ViewManagerPropertyUpdater: Could not find generated setter for class com.facebook.react.views.scroll.ReactHorizontalScrollContainerViewManager
12-17 17:23:45.372 28071 29311 W unknown:ViewManagerPropertyUpdater: Could not find generated setter for class com.facebook.react.views.unimplementedview.ReactUnimplementedViewManager
12-17 17:23:45.377 28071 29311 W unknown:ViewManagerPropertyUpdater: Could not find generated setter for class com.facebook.react.views.scroll.ReactScrollViewManager
12-17 17:23:45.385 28071 29311 W unknown:ViewManagerPropertyUpdater: Could not find generated setter for class com.facebook.react.views.view.ReactViewManager
12-17 17:23:45.390 28071 29311 W unknown:ViewManagerPropertyUpdater: Could not find generated setter for class com.facebook.react.views.drawer.ReactDrawerLayoutManager
12-17 17:23:45.395 28071 29311 W unknown:ViewManagerPropertyUpdater: Could not find generated setter for class com.facebook.react.views.switchview.ReactSwitchManager
12-17 17:23:45.395 28071 29311 W unknown:ViewManagerPropertyUpdater: Could not find generated setter for class com.facebook.react.views.switchview.ReactSwitchShadowNode
12-17 17:23:45.400 28071 29311 W unknown:ViewManagerPropertyUpdater: Could not find generated setter for class com.facebook.react.views.text.ReactVirtualTextViewManager
12-17 17:23:45.400 28071 29311 W unknown:ViewManagerPropertyUpdater: Could not find generated setter for class com.facebook.react.views.text.ReactVirtualTextShadowNode
12-17 17:23:45.405 28071 29311 W unknown:ViewManagerPropertyUpdater: Could not find generated setter for class com.facebook.react.views.swiperefresh.SwipeRefreshLayoutManager
12-17 17:23:45.409 28071 29311 W unknown:ViewManagerPropertyUpdater: Could not find generated setter for class com.facebook.react.views.text.ReactRawTextManager
12-17 17:23:45.409 28071 29311 W unknown:ViewManagerPropertyUpdater: Could not find generated setter for class com.facebook.react.views.text.ReactRawTextShadowNode
12-17 17:23:45.410 28071 29311 W unknown:ViewManagerPropertyUpdater: Could not find generated setter for class com.facebook.react.views.textinput.ReactTextInputManager
12-17 17:23:45.412 28071 29311 W unknown:ViewManagerPropertyUpdater: Could not find generated setter for class com.facebook.react.views.textinput.ReactTextInputShadowNode
12-17 17:23:45.418 28071 29311 W unknown:ViewManagerPropertyUpdater: Could not find generated setter for class com.swmansion.gesturehandler.react.RNGestureHandlerRootViewManager
12-17 17:23:45.549 28071 29311 D Detox.RNMarker: RUN_JS_BUNDLE_END (/index.bundle?platform=android&dev=true&lazy=true&minify=false&app=com.detoxtest&modulesOnly=false&runModule=true&excludeSource=true&sourcePaths=url-server)
12-17 17:23:45.552 28071 29311 I ReactNativeJS: Running "DetoxTest" with {"rootTag":61,"initialProps":{},"fabric":true}
12-17 17:23:46.078 28071 29311 I ReactNativeJS: Store rehydrated successfully
12-17 17:23:46.666 28071 28071 I ReactNative: [GESTURE HANDLER] Initialize gesture handler for root view com.facebook.react.runtime.ReactSurfaceView{1faa882 V.E...... ......ID 0,0-2225,1020 #3d}
12-17 17:23:46.676 28071 28718 I OpenGLRenderer: Davey! duration=9223300463672ms; Flags=0, FrameTimelineVsyncId=2215999, IntendedVsync=71573182345599, Vsync=71573182345599, InputEventId=0, HandleInputStart=71573183420330, AnimationStart=71573183421997, PerformTraversalsStart=71573183679445, DrawStart=71573190761633, FrameDeadline=71573206345598, FrameInterval=71573183416788, FrameStartTime=8333333, SyncQueued=71573190836529, SyncStart=71573190901112, IssueDrawCommandsStart=71573190944862, SwapBuffers=71573191368873, FrameCompleted=9223372036854775807, DequeueBufferDuration=13177, QueueBufferDuration=656146, GpuCompleted=9223372036854775807, SwapBuffersCompleted=71573192274341, DisplayPresentTime=0, 
12-17 17:23:46.717 28071 28081 I OpenGLRenderer: Davey! duration=9223300463663ms; Flags=0, FrameTimelineVsyncId=2216002, IntendedVsync=71573190680515, Vsync=71573190680515, InputEventId=0, HandleInputStart=71573192385644, AnimationStart=71573192386998, PerformTraversalsStart=71573220495803, DrawStart=71573230886064, FrameDeadline=71573214680514, FrameInterval=71573192382571, FrameStartTime=8333333, SyncQueued=71573235766689, SyncStart=71573235862106, IssueDrawCommandsStart=71573236165804, SwapBuffers=71573237085960, FrameCompleted=9223372036854775807, DequeueBufferDuration=16927, QueueBufferDuration=478230, GpuCompleted=9223372036854775807, SwapBuffersCompleted=71573237874346, DisplayPresentTime=0, 
12-17 17:23:46.799 28071 29311 D Detox.RNMarker: REACT_BRIDGELESS_LOADING_END (null)
12-17 17:23:47.869 28071 28581 D DetoxWSClient: Received action 'invoke' (ID #42, params={"target":{"type":"Class","value":"com.wix.detox.espresso.EspressoDetox"},"method":"setSynchronization","args":[{"type":"boolean","value":true}]})
12-17 17:23:47.870 28071 28562 I DetoxDispatcher: Handling action 'invoke' (ID #42)...
12-17 17:23:47.871 28071 28562 D Detox   : class com.wix.detox.espresso.EspressoDetox, setSynchronization, [true]
12-17 17:23:47.875 28071 28562 I DetoxRNIdleRes: Setting up Espresso Idling Resources for React Native
12-17 17:23:47.890 28071 28562 D IdlingRegistry: Registering idling resources: [com.wix.detox.reactnative.idlingresources.uimodule.fabric.FabricUIManagerIdlingResources@e2c4cca]
12-17 17:23:47.891 28071 28562 D IdlingRegistry: Registering idling resources: [com.wix.detox.reactnative.idlingresources.animations.AnimatedModuleIdlingResource@67e6e3b]
12-17 17:23:47.891 28071 28562 D IdlingRegistry: Registering idling resources: [com.wix.detox.reactnative.idlingresources.timers.FabricTimersIdlingResource@60d1958]
12-17 17:23:47.891 28071 28562 D IdlingRegistry: Registering idling resources: [com.wix.detox.reactnative.idlingresources.network.NetworkIdlingResource@35ccab1]
12-17 17:23:47.891 28071 28562 D IdlingRegistry: Registering idling resources: [com.wix.detox.reactnative.idlingresources.StabilizedIdlingResource@a2a6b96]
12-17 17:23:47.899 28071 28562 I DetoxWSClient: Sending out action 'invokeResult' (ID #42)
12-17 17:23:47.900 28071 28562 I DetoxDispatcher: Done with action 'invoke'
12-17 17:23:47.908 28071 28581 D DetoxWSClient: Received action 'invoke' (ID #43, params={"target":{"type":"Class","value":"com.wix.detox.espresso.DetoxAssertion"},"method":"waitForAssertMatcher","args":[{"type":"Invocation","value":{"target":{"type":"Class","value":"androidx.test.espresso.Espresso"},"method":"onView","args":[{"type":"Invocation","value":{"target":{"type":"Class","value":"com.wix.detox.espresso.DetoxMatcher"},"method":"matcherForTestId","args":["login-root",{"type":"boolean","value":false}]}}]}},{"type":"Invocation","value":{"target":{"type":"Class","value":"com.wix.detox.espresso.DetoxMatcher"},"method":"matcherForSufficientlyVisible","args":[{"type":"Integer","value":75}]}},{"type":"Double","value":10}]})
12-17 17:23:47.910 28071 28562 I DetoxDispatcher: Handling action 'invoke' (ID #43)...
12-17 17:23:47.911 28071 28562 D Detox   : class com.wix.detox.espresso.DetoxMatcher, matcherForTestId, [login-root, false]
12-17 17:23:47.912 28071 28562 D Detox   : class androidx.test.espresso.Espresso, onView, [(view.getTag() is "login-root" and view has effective visibility <VISIBLE>)]
12-17 17:23:47.913 28071 28562 D Detox   : class com.wix.detox.espresso.DetoxMatcher, matcherForSufficientlyVisible, [75]
12-17 17:23:47.914 28071 28562 D Detox   : class com.wix.detox.espresso.DetoxAssertion, waitForAssertMatcher, [androidx.test.espresso.ViewInteraction@cdbb317, (view has effective visibility <VISIBLE> and view.getGlobalVisibleRect() covers at least <75> percent of the view's area), 10.0]
12-17 17:23:48.690 28071 28071 W UiControllerImpl: Waiting for: DYNAMIC_TASKS_HAVE_IDLED for 100 iterations.
12-17 17:23:50.324 28071 28071 W UiControllerImpl: Waiting for: DYNAMIC_TASKS_HAVE_IDLED for 300 iterations.
12-17 17:23:51.127 28071 28071 W UiControllerImpl: Waiting for: DYNAMIC_TASKS_HAVE_IDLED for 400 iterations.
12-17 17:23:51.949 28071 28071 W UiControllerImpl: Waiting for: DYNAMIC_TASKS_HAVE_IDLED for 500 iterations.
12-17 17:23:52.766 28071 28071 W UiControllerImpl: Waiting for: DYNAMIC_TASKS_HAVE_IDLED for 600 iterations.
12-17 17:23:52.940 28071 28071 I ViewInteraction: Checking 'MatchesViewAssertion(Detox){viewMatcher=(view has effective visibility <VISIBLE> and view.getGlobalVisibleRect() covers at least <75> percent of the view's area)}' assertion on view (view.getTag() is "login-root" and view has effective visibility <VISIBLE>)
12-17 17:23:52.953 28071 28562 I DetoxWSClient: Sending out action 'invokeResult' (ID #43)
12-17 17:23:52.954 28071 28562 I DetoxDispatcher: Done with action 'invoke'
12-17 17:23:52.964 28071 28581 D DetoxWSClient: Received action 'invoke' (ID #44, params={"target":{"type":"Class","value":"com.wix.detox.espresso.DetoxAssertion"},"method":"waitForAssertMatcher","args":[{"type":"Invocation","value":{"target":{"type":"Class","value":"androidx.test.espresso.Espresso"},"method":"onView","args":[{"type":"Invocation","value":{"target":{"type":"Class","value":"com.wix.detox.espresso.DetoxMatcher"},"method":"matcherForText","args":["Welcome Back",{"type":"boolean","value":false}]}}]}},{"type":"Invocation","value":{"target":{"type":"Class","value":"com.wix.detox.espresso.DetoxMatcher"},"method":"matcherForSufficientlyVisible","args":[{"type":"Integer","value":75}]}},{"type":"Double","value":10}]})
12-17 17:23:52.965 28071 28562 I DetoxDispatcher: Handling action 'invoke' (ID #44)...
12-17 17:23:52.966 28071 28562 D Detox   : class com.wix.detox.espresso.DetoxMatcher, matcherForText, [Welcome Back, false]
12-17 17:23:52.969 28071 28562 D Detox   : class androidx.test.espresso.Espresso, onView, [(an instance of android.widget.TextView and view.getText() with or without transformation to match: is "Welcome Back" and view has effective visibility <VISIBLE>)]
12-17 17:23:52.972 28071 28562 D Detox   : class com.wix.detox.espresso.DetoxMatcher, matcherForSufficientlyVisible, [75]
12-17 17:23:52.974 28071 28562 D Detox   : class com.wix.detox.espresso.DetoxAssertion, waitForAssertMatcher, [androidx.test.espresso.ViewInteraction@9258888, (view has effective visibility <VISIBLE> and view.getGlobalVisibleRect() covers at least <75> percent of the view's area), 10.0]
12-17 17:23:52.995 28071 28071 I ViewInteraction: Checking 'MatchesViewAssertion(Detox){viewMatcher=(view has effective visibility <VISIBLE> and view.getGlobalVisibleRect() covers at least <75> percent of the view's area)}' assertion on view (an instance of android.widget.TextView and view.getText() with or without transformation to match: is "Welcome Back" and view has effective visibility <VISIBLE>)
12-17 17:23:53.005 28071 28562 I DetoxWSClient: Sending out action 'invokeResult' (ID #44)
12-17 17:23:53.006 28071 28562 I DetoxDispatcher: Done with action 'invoke'
12-17 17:23:53.013 28071 28581 D DetoxWSClient: Received action 'invoke' (ID #45, params={"target":{"type":"Class","value":"com.wix.detox.espresso.EspressoDetox"},"method":"perform","args":[{"type":"Invocation","value":{"target":{"type":"Class","value":"com.wix.detox.espresso.DetoxMatcher"},"method":"matcherForTestId","args":["email-input",{"type":"boolean","value":false}]}},{"type":"Invocation","value":{"target":{"type":"Class","value":"com.wix.detox.espresso.DetoxViewActions"},"method":"typeText","args":["john@gmail.com"]}}]})
12-17 17:23:53.014 28071 28562 I DetoxDispatcher: Handling action 'invoke' (ID #45)...
12-17 17:23:53.015 28071 28562 D Detox   : class com.wix.detox.espresso.DetoxMatcher, matcherForTestId, [email-input, false]
12-17 17:23:53.016 28071 28562 D Detox   : class com.wix.detox.espresso.DetoxViewActions, typeText, [john@gmail.com]
12-17 17:23:53.017 28071 28562 D Detox   : class com.wix.detox.espresso.EspressoDetox, perform, [(view.getTag() is "email-input" and view has effective visibility <VISIBLE>), com.wix.detox.espresso.action.DetoxTypeTextAction@3cea534]
12-17 17:23:53.039 28071 28071 I ViewInteraction: Performing 'Click to focus & type text (john@gmail.com)' action on view (view.getTag() is "email-input" and view has effective visibility <VISIBLE>)
12-17 17:23:53.095 28071 28071 D InputMethodManager: showSoftInput() view=com.facebook.react.views.textinput.ReactEditText{6afd16a VFED..CL. .F.P..ID 62,614-2165,770 #2c aid=1073741888} flags=0 reason=SHOW_SOFT_INPUT
12-17 17:23:53.102 28071 28071 I AssistStructure: Flattened final assist data: 2596 bytes, containing 1 windows, 13 views
12-17 17:23:53.114 28071 28071 D InputMethodManager: showSoftInput() view=com.facebook.react.views.textinput.ReactEditText{6afd16a VFED..CL. .F.P.... 62,614-2165,770 #2c aid=1073741888} flags=0 reason=SHOW_SOFT_INPUT
12-17 17:23:53.357 28071 28071 D InsetsController: show(ime(), fromIme=true)
12-17 17:23:53.487 28071 28071 D UiControllerImpl: Injecting string: "john@gmail.com"
12-17 17:23:54.339 28071 28562 I DetoxWSClient: Sending out action 'invokeResult' (ID #45)
12-17 17:23:54.339 28071 28562 I DetoxDispatcher: Done with action 'invoke'
12-17 17:23:54.345 28071 28581 D DetoxWSClient: Received action 'invoke' (ID #46, params={"target":{"type":"Class","value":"com.wix.detox.espresso.EspressoDetox"},"method":"perform","args":[{"type":"Invocation","value":{"target":{"type":"Class","value":"com.wix.detox.espresso.DetoxMatcher"},"method":"matcherForTestId","args":["password-input",{"type":"boolean","value":false}]}},{"type":"Invocation","value":{"target":{"type":"Class","value":"com.wix.detox.espresso.DetoxViewActions"},"method":"typeText","args":["Password123!"]}}]})
12-17 17:23:54.346 28071 28562 I DetoxDispatcher: Handling action 'invoke' (ID #46)...
12-17 17:23:54.346 28071 28562 D Detox   : class com.wix.detox.espresso.DetoxMatcher, matcherForTestId, [password-input, false]
12-17 17:23:54.347 28071 28562 D Detox   : class com.wix.detox.espresso.DetoxViewActions, typeText, [Password123!]
12-17 17:23:54.347 28071 28562 D Detox   : class com.wix.detox.espresso.EspressoDetox, perform, [(view.getTag() is "password-input" and view has effective visibility <VISIBLE>), com.wix.detox.espresso.action.DetoxTypeTextAction@18ead31]
12-17 17:23:54.353 28071 28071 I ViewInteraction: Performing 'Click to focus & type text (Password123!)' action on view (view.getTag() is "password-input" and view has effective visibility <VISIBLE>)
12-17 17:23:54.359 28071 28562 I DetoxActionHandlers: Test exception
12-17 17:23:54.359 28071 28562 I DetoxActionHandlers: java.lang.reflect.InvocationTargetException
12-17 17:23:54.359 28071 28562 I DetoxActionHandlers: 	at java.lang.reflect.Method.invoke(Native Method)
12-17 17:23:54.359 28071 28562 I DetoxActionHandlers: 	at org.apache.commons.lang3.reflect.MethodUtils.invokeStaticMethod(MethodUtils.java:443)
12-17 17:23:54.359 28071 28562 I DetoxActionHandlers: 	at org.apache.commons.lang3.reflect.MethodUtils.invokeStaticMethod(MethodUtils.java:405)
12-17 17:23:54.359 28071 28562 I DetoxActionHandlers: 	at com.wix.invoke.types.ClassTarget.execute(ClassTarget.java:23)
12-17 17:23:54.359 28071 28562 I DetoxActionHandlers: 	at com.wix.invoke.types.Target.invoke(Target.java:59)
12-17 17:23:54.359 28071 28562 I DetoxActionHandlers: 	at com.wix.invoke.MethodInvocation.invoke(MethodInvocation.java:35)
12-17 17:23:54.359 28071 28562 I DetoxActionHandlers: 	at com.wix.invoke.MethodInvocation.invoke(MethodInvocation.java:26)
12-17 17:23:54.359 28071 28562 I DetoxActionHandlers: 	at com.wix.invoke.MethodInvocation.invoke(MethodInvocation.java:20)
12-17 17:23:54.359 28071 28562 I DetoxActionHandlers: 	at com.wix.detox.adapters.server.InvokeActionHandler.handle(DetoxActionHandlers.kt:54)
12-17 17:23:54.359 28071 28562 I DetoxActionHandlers: 	at com.wix.detox.adapters.server.ActionsExecutor.executeAction$lambda$2$lambda$1(DetoxActionsDispatcher.kt:76)
12-17 17:23:54.359 28071 28562 I DetoxActionHandlers: 	at com.wix.detox.adapters.server.ActionsExecutor.$r8$lambda$GVbB7LHtBHxNHGbgYnHJ6YrwCqs(Unknown Source:0)
12-17 17:23:54.359 28071 28562 I DetoxActionHandlers: 	at com.wix.detox.adapters.server.ActionsExecutor$$ExternalSyntheticLambda0.run(D8$$SyntheticClass:0)
12-17 17:23:54.359 28071 28562 I DetoxActionHandlers: 	at android.os.Handler.handleCallback(Handler.java:978)
12-17 17:23:54.359 28071 28562 I DetoxActionHandlers: 	at android.os.Handler.dispatchMessage(Handler.java:104)
12-17 17:23:54.359 28071 28562 I DetoxActionHandlers: 	at android.os.Looper.loopOnce(Looper.java:238)
12-17 17:23:54.359 28071 28562 I DetoxActionHandlers: 	at android.os.Looper.loop(Looper.java:357)
12-17 17:23:54.359 28071 28562 I DetoxActionHandlers: 	at com.wix.detox.adapters.server.ActionsExecutor._init_$lambda$0(DetoxActionsDispatcher.kt:62)
12-17 17:23:54.359 28071 28562 I DetoxActionHandlers: 	at com.wix.detox.adapters.server.ActionsExecutor.$r8$lambda$xlgL0CQim6vNM0wWEqM8JIDgZUE(Unknown Source:0)
12-17 17:23:54.359 28071 28562 I DetoxActionHandlers: 	at com.wix.detox.adapters.server.ActionsExecutor$$ExternalSyntheticLambda1.run(D8$$SyntheticClass:0)
12-17 17:23:54.359 28071 28562 I DetoxActionHandlers: 	at java.lang.Thread.run(Thread.java:1119)
12-17 17:23:54.359 28071 28562 I DetoxActionHandlers: Caused by: androidx.test.espresso.PerformException: Error performing 'Click to focus & type text (Password123!)' on view '(view.getTag() is "password-input" and view has effective visibility <VISIBLE>)'.
12-17 17:23:54.359 28071 28562 I DetoxActionHandlers: 	at androidx.test.espresso.PerformException$Builder.build(PerformException.java:86)
12-17 17:23:54.359 28071 28562 I DetoxActionHandlers: 	at androidx.test.espresso.ViewInteraction.doPerform(ViewInteraction.java:288)
12-17 17:23:54.359 28071 28562 I DetoxActionHandlers: 	at androidx.test.espresso.ViewInteraction.access$300(ViewInteraction.java:70)
12-17 17:23:54.359 28071 28562 I DetoxActionHandlers: 	at androidx.test.espresso.ViewInteraction$1.call(ViewInteraction.java:193)
12-17 17:23:54.359 28071 28562 I DetoxActionHandlers: 	at androidx.test.espresso.ViewInteraction$1.call(ViewInteraction.java:182)
12-17 17:23:54.359 28071 28562 I DetoxActionHandlers: 	at java.util.concurrent.FutureTask.run(FutureTask.java:317)
12-17 17:23:54.359 28071 28562 I DetoxActionHandlers: 	at android.os.Handler.handleCallback(Handler.java:978)
12-17 17:23:54.359 28071 28562 I DetoxActionHandlers: 	at android.os.Handler.dispatchMessage(Handler.java:104)
12-17 17:23:54.359 28071 28562 I DetoxActionHandlers: 	at android.os.Looper.loopOnce(Looper.java:238)
12-17 17:23:54.359 28071 28562 I DetoxActionHandlers: 	at android.os.Looper.loop(Looper.java:357)
12-17 17:23:54.359 28071 28562 I DetoxActionHandlers: 	at android.app.ActivityThread.main(ActivityThread.java:8090)
12-17 17:23:54.359 28071 28562 I DetoxActionHandlers: 	at java.lang.reflect.Method.invoke(Native Method)
12-17 17:23:54.359 28071 28562 I DetoxActionHandlers: 	at com.android.internal.os.RuntimeInit$MethodAndArgsCaller.run(RuntimeInit.java:548)
12-17 17:23:54.359 28071 28562 I DetoxActionHandlers: 	at com.android.internal.os.ZygoteInit.main(ZygoteInit.java:1026)
12-17 17:23:54.359 28071 28562 I DetoxActionHandlers: Caused by: java.lang.RuntimeException: Action will not be performed because the target view does not match one or more of the following constraints:
12-17 17:23:54.359 28071 28562 I DetoxActionHandlers: ((view has effective visibility <VISIBLE> and view.getGlobalVisibleRect() covers at least <75> percent of the view's area) and (((view has effective visibility <VISIBLE> and view.getGlobalVisibleRect() to return non-empty rectangle)) and (view.onCreateInputConnection() is not null or is assignable from class <class android.widget.SearchView>)))
12-17 17:23:54.359 28071 28562 I DetoxActionHandlers: Target view: "ReactEditText{id=52, desc=Password input field, visibility=VISIBLE, width=1974, height=151, has-focus=false, has-focusable=true, has-window-focus=true, is-clickable=true, is-enabled=true, is-focused=false, is-focusable=true, is-layout-requested=false, is-selected=false, layout-params=android.view.ViewGroup$LayoutParams@YYYYYY, tag=password-input, root-is-layout-requested=false, has-input-connection=true, editor-info=[inputType=0x80081 imeOptions=0x4000006 privateImeOptions=null actionLabel=null actionId=0 initialSelStart=0 initialSelEnd=0 initialCapsMode=0x0 hintText=Enter your password label=null packageName=null autofillId=null fieldId=0 fieldName=null extras=Bundle[{android.support.text.emoji.emojiCompat_metadataVersion=11, android.support.text.emoji.emojiCompat_replaceAll=false}] hintLocales=null contentMimeTypes=null ], x=64.0, y=930.0, text=, hint=Enter your password, input-type=524417, ime-target=false, has-links=false}"
12-17 17:23:54.359 28071 28562 I DetoxActionHandlers: 	at androidx.test.espresso.ViewInteraction.doPerform(ViewInteraction.java:287)
12-17 17:23:54.359 28071 28562 I DetoxActionHandlers: 	... 12 more
12-17 17:23:54.360 28071 28562 I DetoxWSClient: Sending out action 'testFailed' (ID #46)
12-17 17:23:54.360 28071 28562 I DetoxDispatcher: Done with action 'invoke'
