--------- beginning of main
12-17 17:06:56.573 24414 24443 D DetoxWSClient: Received action 'invoke' (ID #14, params={"target":{"type":"Class","value":"com.wix.detox.espresso.EspressoDetox"},"method":"perform","args":[{"type":"Invocation","value":{"target":{"type":"Class","value":"com.wix.detox.espresso.DetoxMatcher"},"method":"matcherForTestId","args":["details-tab",{"type":"boolean","value":false}]}},{"type":"Invocation","value":{"target":{"type":"Class","value":"com.wix.detox.espresso.DetoxViewActions"},"method":"click","args":[]}}]})
12-17 17:06:56.574 24414 24438 I DetoxDispatcher: Handling action 'invoke' (ID #14)...
12-17 17:06:56.575 24414 24438 D Detox   : class com.wix.detox.espresso.DetoxMatcher, matcherForTestId, [details-tab, false]
12-17 17:06:56.576 24414 24438 D Detox   : class com.wix.detox.espresso.DetoxViewActions, click, []
12-17 17:06:56.578 24414 24438 D Detox   : class com.wix.detox.espresso.EspressoDetox, perform, [(view.getTag() is "details-tab" and view has effective visibility <VISIBLE>), com.wix.detox.espresso.action.RNClickAction@363bcfc]
12-17 17:06:56.592 24414 24414 I ViewInteraction: Performing 'com.wix.detox.espresso.action.detoxsingletap@bf46f85 click' action on view (view.getTag() is "details-tab" and view has effective visibility <VISIBLE>)
12-17 17:06:57.012 24414 24438 I DetoxWSClient: Sending out action 'invokeResult' (ID #14)
12-17 17:06:57.013 24414 24438 I DetoxDispatcher: Done with action 'invoke'
12-17 17:06:58.027 24414 24443 D DetoxWSClient: Received action 'invoke' (ID #15, params={"target":{"type":"Class","value":"com.wix.detox.espresso.EspressoDetox"},"method":"perform","args":[{"type":"Invocation","value":{"target":{"type":"Class","value":"com.wix.detox.espresso.DetoxMatcher"},"method":"matcherForTestId","args":["profile-tab",{"type":"boolean","value":false}]}},{"type":"Invocation","value":{"target":{"type":"Class","value":"com.wix.detox.espresso.DetoxViewActions"},"method":"click","args":[]}}]})
12-17 17:06:58.029 24414 24438 I DetoxDispatcher: Handling action 'invoke' (ID #15)...
12-17 17:06:58.030 24414 24438 D Detox   : class com.wix.detox.espresso.DetoxMatcher, matcherForTestId, [profile-tab, false]
12-17 17:06:58.031 24414 24438 D Detox   : class com.wix.detox.espresso.DetoxViewActions, click, []
12-17 17:06:58.032 24414 24438 D Detox   : class com.wix.detox.espresso.EspressoDetox, perform, [(view.getTag() is "profile-tab" and view has effective visibility <VISIBLE>), com.wix.detox.espresso.action.RNClickAction@2f2232]
12-17 17:06:58.052 24414 24414 I ViewInteraction: Performing 'com.wix.detox.espresso.action.detoxsingletap@528fb83 click' action on view (view.getTag() is "profile-tab" and view has effective visibility <VISIBLE>)
12-17 17:06:58.101 24414 24427 I OpenGLRenderer: Davey! duration=9223301472247ms; Flags=0, FrameTimelineVsyncId=2173656, IntendedVsync=70564607126783, Vsync=70564607126783, InputEventId=-955607568, HandleInputStart=70564608036784, AnimationStart=70564608044024, PerformTraversalsStart=70564614185691, DrawStart=70564614741785, FrameDeadline=70564622793449, FrameInterval=70564608021524, FrameStartTime=8333333, SyncQueued=70564614827045, SyncStart=70564614928660, IssueDrawCommandsStart=70564615280327, SwapBuffers=70564618558035, FrameCompleted=9223372036854775807, DequeueBufferDuration=121667, QueueBufferDuration=2221927, GpuCompleted=9223372036854775807, SwapBuffersCompleted=70564621586161, DisplayPresentTime=0, 
12-17 17:06:59.022 24414 24438 I DetoxWSClient: Sending out action 'invokeResult' (ID #15)
12-17 17:06:59.023 24414 24438 I DetoxDispatcher: Done with action 'invoke'
12-17 17:07:00.541 24414 24443 D DetoxWSClient: Received action 'invoke' (ID #16, params={"target":{"type":"Class","value":"com.wix.detox.espresso.DetoxAssertion"},"method":"assertMatcher","args":[{"type":"Invocation","value":{"target":{"type":"Class","value":"androidx.test.espresso.Espresso"},"method":"onView","args":[{"type":"Invocation","value":{"target":{"type":"Class","value":"com.wix.detox.espresso.DetoxMatcher"},"method":"matcherForTestId","args":["profile-screen-root",{"type":"boolean","value":false}]}}]}},{"type":"Invocation","value":{"target":{"type":"Class","value":"com.wix.detox.espresso.DetoxMatcher"},"method":"matcherForSufficientlyVisible","args":[{"type":"Integer","value":75}]}}]})
12-17 17:07:00.543 24414 24438 I DetoxDispatcher: Handling action 'invoke' (ID #16)...
12-17 17:07:00.545 24414 24438 D Detox   : class com.wix.detox.espresso.DetoxMatcher, matcherForTestId, [profile-screen-root, false]
12-17 17:07:00.548 24414 24438 D Detox   : class androidx.test.espresso.Espresso, onView, [(view.getTag() is "profile-screen-root" and view has effective visibility <VISIBLE>)]
12-17 17:07:00.557 24414 24438 D Detox   : class com.wix.detox.espresso.DetoxMatcher, matcherForSufficientlyVisible, [75]
12-17 17:07:00.560 24414 24438 D Detox   : class com.wix.detox.espresso.DetoxAssertion, assertMatcher, [androidx.test.espresso.ViewInteraction@b68003a, (view has effective visibility <VISIBLE> and view.getGlobalVisibleRect() covers at least <75> percent of the view's area)]
12-17 17:07:00.583 24414 24414 I ViewInteraction: Checking 'MatchesViewAssertion(Detox){viewMatcher=(view has effective visibility <VISIBLE> and view.getGlobalVisibleRect() covers at least <75> percent of the view's area)}' assertion on view (view.getTag() is "profile-screen-root" and view has effective visibility <VISIBLE>)
12-17 17:07:00.592 24414 24438 I DetoxWSClient: Sending out action 'invokeResult' (ID #16)
12-17 17:07:00.592 24414 24438 I DetoxDispatcher: Done with action 'invoke'
12-17 17:07:00.601 24414 24443 D DetoxWSClient: Received action 'invoke' (ID #17, params={"target":{"type":"Class","value":"com.wix.detox.espresso.DetoxAssertion"},"method":"assertMatcher","args":[{"type":"Invocation","value":{"target":{"type":"Class","value":"androidx.test.espresso.Espresso"},"method":"onView","args":[{"type":"Invocation","value":{"target":{"type":"Class","value":"com.wix.detox.espresso.DetoxMatcher"},"method":"matcherForTestId","args":["profile-title",{"type":"boolean","value":false}]}}]}},{"type":"Invocation","value":{"target":{"type":"Class","value":"com.wix.detox.espresso.DetoxMatcher"},"method":"matcherForSufficientlyVisible","args":[{"type":"Integer","value":75}]}}]})
12-17 17:07:00.602 24414 24438 I DetoxDispatcher: Handling action 'invoke' (ID #17)...
12-17 17:07:00.603 24414 24438 D Detox   : class com.wix.detox.espresso.DetoxMatcher, matcherForTestId, [profile-title, false]
12-17 17:07:00.604 24414 24438 D Detox   : class androidx.test.espresso.Espresso, onView, [(view.getTag() is "profile-title" and view has effective visibility <VISIBLE>)]
12-17 17:07:00.607 24414 24438 D Detox   : class com.wix.detox.espresso.DetoxMatcher, matcherForSufficientlyVisible, [75]
12-17 17:07:00.608 24414 24438 D Detox   : class com.wix.detox.espresso.DetoxAssertion, assertMatcher, [androidx.test.espresso.ViewInteraction@a5b1248, (view has effective visibility <VISIBLE> and view.getGlobalVisibleRect() covers at least <75> percent of the view's area)]
12-17 17:07:00.623 24414 24414 I ViewInteraction: Checking 'MatchesViewAssertion(Detox){viewMatcher=(view has effective visibility <VISIBLE> and view.getGlobalVisibleRect() covers at least <75> percent of the view's area)}' assertion on view (view.getTag() is "profile-title" and view has effective visibility <VISIBLE>)
12-17 17:07:00.630 24414 24438 I DetoxWSClient: Sending out action 'invokeResult' (ID #17)
12-17 17:07:00.630 24414 24438 I DetoxDispatcher: Done with action 'invoke'
12-17 17:07:00.640 24414 24443 D DetoxWSClient: Received action 'invoke' (ID #18, params={"target":{"type":"Class","value":"com.wix.detox.espresso.DetoxAssertion"},"method":"assertMatcher","args":[{"type":"Invocation","value":{"target":{"type":"Class","value":"androidx.test.espresso.Espresso"},"method":"onView","args":[{"type":"Invocation","value":{"target":{"type":"Class","value":"com.wix.detox.espresso.DetoxMatcher"},"method":"matcherForTestId","args":["profile-user-name",{"type":"boolean","value":false}]}}]}},{"type":"Invocation","value":{"target":{"type":"Class","value":"com.wix.detox.espresso.DetoxMatcher"},"method":"matcherForSufficientlyVisible","args":[{"type":"Integer","value":75}]}}]})
12-17 17:07:00.644 24414 24438 I DetoxDispatcher: Handling action 'invoke' (ID #18)...
12-17 17:07:00.646 24414 24438 D Detox   : class com.wix.detox.espresso.DetoxMatcher, matcherForTestId, [profile-user-name, false]
12-17 17:07:00.649 24414 24438 D Detox   : class androidx.test.espresso.Espresso, onView, [(view.getTag() is "profile-user-name" and view has effective visibility <VISIBLE>)]
12-17 17:07:00.653 24414 24438 D Detox   : class com.wix.detox.espresso.DetoxMatcher, matcherForSufficientlyVisible, [75]
12-17 17:07:00.656 24414 24438 D Detox   : class com.wix.detox.espresso.DetoxAssertion, assertMatcher, [androidx.test.espresso.ViewInteraction@dc5e606, (view has effective visibility <VISIBLE> and view.getGlobalVisibleRect() covers at least <75> percent of the view's area)]
12-17 17:07:00.679 24414 24414 I ViewInteraction: Checking 'MatchesViewAssertion(Detox){viewMatcher=(view has effective visibility <VISIBLE> and view.getGlobalVisibleRect() covers at least <75> percent of the view's area)}' assertion on view (view.getTag() is "profile-user-name" and view has effective visibility <VISIBLE>)
12-17 17:07:00.689 24414 24438 I DetoxWSClient: Sending out action 'invokeResult' (ID #18)
12-17 17:07:00.689 24414 24438 I DetoxDispatcher: Done with action 'invoke'
