--------- beginning of main
12-17 17:07:06.675 24414 24443 D DetoxWSClient: Received action 'invoke' (ID #23, params={"target":{"type":"Class","value":"com.wix.detox.espresso.EspressoDetox"},"method":"perform","args":[{"type":"Invocation","value":{"target":{"type":"Class","value":"com.wix.detox.espresso.DetoxMatcher"},"method":"matcherForTestId","args":["details-tab",{"type":"boolean","value":false}]}},{"type":"Invocation","value":{"target":{"type":"Class","value":"com.wix.detox.espresso.DetoxViewActions"},"method":"click","args":[]}}]})
12-17 17:07:06.676 24414 24438 I DetoxDispatcher: Handling action 'invoke' (ID #23)...
12-17 17:07:06.677 24414 24438 D Detox   : class com.wix.detox.espresso.DetoxMatcher, matcherForTestId, [details-tab, false]
12-17 17:07:06.682 24414 24438 D Detox   : class com.wix.detox.espresso.DetoxViewActions, click, []
12-17 17:07:06.684 24414 24438 D Detox   : class com.wix.detox.espresso.EspressoDetox, perform, [(view.getTag() is "details-tab" and view has effective visibility <VISIBLE>), com.wix.detox.espresso.action.RNClickAction@7770e8f]
12-17 17:07:06.710 24414 24414 I ViewInteraction: Performing 'com.wix.detox.espresso.action.detoxsingletap@5baf51c click' action on view (view.getTag() is "details-tab" and view has effective visibility <VISIBLE>)
12-17 17:07:06.852 24414 24425 I OpenGLRenderer: Davey! duration=9223301463495ms; Flags=0, FrameTimelineVsyncId=2174826, IntendedVsync=70573358943601, Vsync=70573367276934, InputEventId=0, HandleInputStart=70573370288491, AnimationStart=70573370290366, PerformTraversalsStart=70573371125105, DrawStart=70573371303699, FrameDeadline=70573382943600, FrameInterval=70573370284376, FrameStartTime=8333333, SyncQueued=70573371333751, SyncStart=70573371429949, IssueDrawCommandsStart=70573371533126, SwapBuffers=70573372371876, FrameCompleted=9223372036854775807, DequeueBufferDuration=15677, QueueBufferDuration=1080260, GpuCompleted=9223372036854775807, SwapBuffersCompleted=70573373865574, DisplayPresentTime=0, 
12-17 17:07:07.435 24414 24438 I DetoxWSClient: Sending out action 'invokeResult' (ID #23)
12-17 17:07:07.435 24414 24438 I DetoxDispatcher: Done with action 'invoke'
12-17 17:07:08.424 24414 24653 I OpenGLRenderer: Davey! duration=9223301461928ms; Flags=0, FrameTimelineVsyncId=2175040, IntendedVsync=70574925881266, Vsync=70574925881266, InputEventId=0, HandleInputStart=70574926876719, AnimationStart=70574926883385, PerformTraversalsStart=70574927534531, DrawStart=70574928747292, FrameDeadline=70574949881265, FrameInterval=70574926866146, FrameStartTime=8333333, SyncQueued=70574930010677, SyncStart=70574930141979, IssueDrawCommandsStart=70574930750365, SwapBuffers=70574935083907, FrameCompleted=9223372036854775807, DequeueBufferDuration=85417, QueueBufferDuration=2186146, GpuCompleted=9223372036854775807, SwapBuffersCompleted=70574938653439, DisplayPresentTime=0, 
12-17 17:07:08.445 24414 24443 D DetoxWSClient: Received action 'invoke' (ID #24, params={"target":{"type":"Class","value":"com.wix.detox.espresso.DetoxAssertion"},"method":"assertMatcher","args":[{"type":"Invocation","value":{"target":{"type":"Class","value":"androidx.test.espresso.Espresso"},"method":"onView","args":[{"type":"Invocation","value":{"target":{"type":"Class","value":"com.wix.detox.espresso.DetoxMatcher"},"method":"matcherForTestId","args":["details-title",{"type":"boolean","value":false}]}}]}},{"type":"Invocation","value":{"target":{"type":"Class","value":"com.wix.detox.espresso.DetoxMatcher"},"method":"matcherForSufficientlyVisible","args":[{"type":"Integer","value":75}]}}]})
12-17 17:07:08.446 24414 24438 I DetoxDispatcher: Handling action 'invoke' (ID #24)...
12-17 17:07:08.447 24414 24438 D Detox   : class com.wix.detox.espresso.DetoxMatcher, matcherForTestId, [details-title, false]
12-17 17:07:08.449 24414 24438 D Detox   : class androidx.test.espresso.Espresso, onView, [(view.getTag() is "details-title" and view has effective visibility <VISIBLE>)]
12-17 17:07:08.455 24414 24438 D Detox   : class com.wix.detox.espresso.DetoxMatcher, matcherForSufficientlyVisible, [75]
12-17 17:07:08.459 24414 24438 D Detox   : class com.wix.detox.espresso.DetoxAssertion, assertMatcher, [androidx.test.espresso.ViewInteraction@1bff1ac, (view has effective visibility <VISIBLE> and view.getGlobalVisibleRect() covers at least <75> percent of the view's area)]
12-17 17:07:08.671 24414 24414 I ViewInteraction: Checking 'MatchesViewAssertion(Detox){viewMatcher=(view has effective visibility <VISIBLE> and view.getGlobalVisibleRect() covers at least <75> percent of the view's area)}' assertion on view (view.getTag() is "details-title" and view has effective visibility <VISIBLE>)
12-17 17:07:08.678 24414 24438 I DetoxWSClient: Sending out action 'invokeResult' (ID #24)
12-17 17:07:08.679 24414 24438 I DetoxDispatcher: Done with action 'invoke'
12-17 17:07:08.687 24414 24443 D DetoxWSClient: Received action 'invoke' (ID #25, params={"target":{"type":"Class","value":"com.wix.detox.espresso.EspressoDetox"},"method":"perform","args":[{"type":"Invocation","value":{"target":{"type":"Class","value":"com.wix.detox.espresso.DetoxMatcher"},"method":"matcherForTestId","args":["profile-tab",{"type":"boolean","value":false}]}},{"type":"Invocation","value":{"target":{"type":"Class","value":"com.wix.detox.espresso.DetoxViewActions"},"method":"click","args":[]}}]})
12-17 17:07:08.689 24414 24438 I DetoxDispatcher: Handling action 'invoke' (ID #25)...
12-17 17:07:08.689 24414 24438 D Detox   : class com.wix.detox.espresso.DetoxMatcher, matcherForTestId, [profile-tab, false]
12-17 17:07:08.690 24414 24438 D Detox   : class com.wix.detox.espresso.DetoxViewActions, click, []
12-17 17:07:08.691 24414 24438 D Detox   : class com.wix.detox.espresso.EspressoDetox, perform, [(view.getTag() is "profile-tab" and view has effective visibility <VISIBLE>), com.wix.detox.espresso.action.RNClickAction@1647e75]
12-17 17:07:08.704 24414 24414 I ViewInteraction: Performing 'com.wix.detox.espresso.action.detoxsingletap@9cfae0a click' action on view (view.getTag() is "profile-tab" and view has effective visibility <VISIBLE>)
12-17 17:07:08.841 24414 24653 I OpenGLRenderer: Davey! duration=9223301461520ms; Flags=0, FrameTimelineVsyncId=2175127, IntendedVsync=70575334447070, Vsync=70575334447070, InputEventId=0, HandleInputStart=70575335341395, AnimationStart=70575335342749, PerformTraversalsStart=70575355087803, DrawStart=70575355685772, FrameDeadline=70575358447069, FrameInterval=70575335336395, FrameStartTime=8333333, SyncQueued=70575362457022, SyncStart=70575362525772, IssueDrawCommandsStart=70575362697439, SwapBuffers=70575363648898, FrameCompleted=9223372036854775807, DequeueBufferDuration=14375, QueueBufferDuration=578958, GpuCompleted=9223372036854775807, SwapBuffersCompleted=70575364540148, DisplayPresentTime=0, 
12-17 17:07:09.430 24414 24438 I DetoxWSClient: Sending out action 'invokeResult' (ID #25)
12-17 17:07:09.431 24414 24438 I DetoxDispatcher: Done with action 'invoke'
12-17 17:07:10.443 24414 24443 D DetoxWSClient: Received action 'invoke' (ID #26, params={"target":{"type":"Class","value":"com.wix.detox.espresso.DetoxAssertion"},"method":"assertMatcher","args":[{"type":"Invocation","value":{"target":{"type":"Class","value":"androidx.test.espresso.Espresso"},"method":"onView","args":[{"type":"Invocation","value":{"target":{"type":"Class","value":"com.wix.detox.espresso.DetoxMatcher"},"method":"matcherForTestId","args":["profile-title",{"type":"boolean","value":false}]}}]}},{"type":"Invocation","value":{"target":{"type":"Class","value":"com.wix.detox.espresso.DetoxMatcher"},"method":"matcherForSufficientlyVisible","args":[{"type":"Integer","value":75}]}}]})
12-17 17:07:10.445 24414 24438 I DetoxDispatcher: Handling action 'invoke' (ID #26)...
12-17 17:07:10.447 24414 24438 D Detox   : class com.wix.detox.espresso.DetoxMatcher, matcherForTestId, [profile-title, false]
12-17 17:07:10.451 24414 24438 D Detox   : class androidx.test.espresso.Espresso, onView, [(view.getTag() is "profile-title" and view has effective visibility <VISIBLE>)]
12-17 17:07:10.457 24414 24438 D Detox   : class com.wix.detox.espresso.DetoxMatcher, matcherForSufficientlyVisible, [75]
12-17 17:07:10.459 24414 24438 D Detox   : class com.wix.detox.espresso.DetoxAssertion, assertMatcher, [androidx.test.espresso.ViewInteraction@672dd10, (view has effective visibility <VISIBLE> and view.getGlobalVisibleRect() covers at least <75> percent of the view's area)]
12-17 17:07:10.486 24414 24414 I ViewInteraction: Checking 'MatchesViewAssertion(Detox){viewMatcher=(view has effective visibility <VISIBLE> and view.getGlobalVisibleRect() covers at least <75> percent of the view's area)}' assertion on view (view.getTag() is "profile-title" and view has effective visibility <VISIBLE>)
12-17 17:07:10.497 24414 24438 I DetoxWSClient: Sending out action 'invokeResult' (ID #26)
12-17 17:07:10.498 24414 24438 I DetoxDispatcher: Done with action 'invoke'
12-17 17:07:10.507 24414 24443 D DetoxWSClient: Received action 'invoke' (ID #27, params={"target":{"type":"Class","value":"com.wix.detox.espresso.EspressoDetox"},"method":"perform","args":[{"type":"Invocation","value":{"target":{"type":"Class","value":"com.wix.detox.espresso.DetoxMatcher"},"method":"matcherForTestId","args":["home-tab",{"type":"boolean","value":false}]}},{"type":"Invocation","value":{"target":{"type":"Class","value":"com.wix.detox.espresso.DetoxViewActions"},"method":"click","args":[]}}]})
12-17 17:07:10.508 24414 24438 I DetoxDispatcher: Handling action 'invoke' (ID #27)...
12-17 17:07:10.509 24414 24438 D Detox   : class com.wix.detox.espresso.DetoxMatcher, matcherForTestId, [home-tab, false]
12-17 17:07:10.510 24414 24438 D Detox   : class com.wix.detox.espresso.DetoxViewActions, click, []
12-17 17:07:10.512 24414 24438 D Detox   : class com.wix.detox.espresso.EspressoDetox, perform, [(view.getTag() is "home-tab" and view has effective visibility <VISIBLE>), com.wix.detox.espresso.action.RNClickAction@8a33009]
12-17 17:07:10.536 24414 24414 I ViewInteraction: Performing 'com.wix.detox.espresso.action.detoxsingletap@614620e click' action on view (view.getTag() is "home-tab" and view has effective visibility <VISIBLE>)
12-17 17:07:10.586 24414 24653 I OpenGLRenderer: Davey! duration=9223301459761ms; Flags=0, FrameTimelineVsyncId=2175359, IntendedVsync=70577092828780, Vsync=70577092828780, InputEventId=-809264643, HandleInputStart=70577094615007, AnimationStart=70577094618289, PerformTraversalsStart=70577097151570, DrawStart=70577097413185, FrameDeadline=70577108495446, FrameInterval=70577094606153, FrameStartTime=8333333, SyncQueued=70577097451414, SyncStart=70577097552664, IssueDrawCommandsStart=70577097736049, SwapBuffers=70577099386623, FrameCompleted=9223372036854775807, DequeueBufferDuration=27552, QueueBufferDuration=960104, GpuCompleted=9223372036854775807, SwapBuffersCompleted=70577100853498, DisplayPresentTime=0, 
12-17 17:07:10.672 24414 24653 I OpenGLRenderer: Davey! duration=9223301459686ms; Flags=0, FrameTimelineVsyncId=2175372, IntendedVsync=70577168025467, Vsync=70577168025467, InputEventId=0, HandleInputStart=70577168575952, AnimationStart=70577168578452, PerformTraversalsStart=70577185473142, DrawStart=70577186467933, FrameDeadline=70577192025466, FrameInterval=70577168571734, FrameStartTime=8333333, SyncQueued=70577188329652, SyncStart=70577188428611, IssueDrawCommandsStart=70577188646475, SwapBuffers=70577189437777, FrameCompleted=9223372036854775807, DequeueBufferDuration=20365, QueueBufferDuration=817448, GpuCompleted=9223372036854775807, SwapBuffersCompleted=70577190665590, DisplayPresentTime=0, 
12-17 17:07:11.283 24414 24438 I DetoxWSClient: Sending out action 'invokeResult' (ID #27)
12-17 17:07:11.284 24414 24438 I DetoxDispatcher: Done with action 'invoke'
12-17 17:07:12.298 24414 24443 D DetoxWSClient: Received action 'invoke' (ID #28, params={"target":{"type":"Class","value":"com.wix.detox.espresso.DetoxAssertion"},"method":"assertMatcher","args":[{"type":"Invocation","value":{"target":{"type":"Class","value":"androidx.test.espresso.Espresso"},"method":"onView","args":[{"type":"Invocation","value":{"target":{"type":"Class","value":"com.wix.detox.espresso.DetoxMatcher"},"method":"matcherForTestId","args":["welcome-title",{"type":"boolean","value":false}]}}]}},{"type":"Invocation","value":{"target":{"type":"Class","value":"com.wix.detox.espresso.DetoxMatcher"},"method":"matcherForSufficientlyVisible","args":[{"type":"Integer","value":75}]}}]})
12-17 17:07:12.300 24414 24438 I DetoxDispatcher: Handling action 'invoke' (ID #28)...
12-17 17:07:12.302 24414 24438 D Detox   : class com.wix.detox.espresso.DetoxMatcher, matcherForTestId, [welcome-title, false]
12-17 17:07:12.305 24414 24438 D Detox   : class androidx.test.espresso.Espresso, onView, [(view.getTag() is "welcome-title" and view has effective visibility <VISIBLE>)]
12-17 17:07:12.310 24414 24438 D Detox   : class com.wix.detox.espresso.DetoxMatcher, matcherForSufficientlyVisible, [75]
12-17 17:07:12.314 24414 24438 D Detox   : class com.wix.detox.espresso.DetoxAssertion, assertMatcher, [androidx.test.espresso.ViewInteraction@f3a8d34, (view has effective visibility <VISIBLE> and view.getGlobalVisibleRect() covers at least <75> percent of the view's area)]
12-17 17:07:12.345 24414 24414 I ViewInteraction: Checking 'MatchesViewAssertion(Detox){viewMatcher=(view has effective visibility <VISIBLE> and view.getGlobalVisibleRect() covers at least <75> percent of the view's area)}' assertion on view (view.getTag() is "welcome-title" and view has effective visibility <VISIBLE>)
12-17 17:07:12.356 24414 24438 I DetoxWSClient: Sending out action 'invokeResult' (ID #28)
12-17 17:07:12.357 24414 24438 I DetoxDispatcher: Done with action 'invoke'
