--------- beginning of main
12-17 17:07:13.577 24414 24443 D DetoxWSClient: Received action 'invoke' (ID #29, params={"target":{"type":"Class","value":"com.wix.detox.espresso.DetoxAssertion"},"method":"assertMatcher","args":[{"type":"Invocation","value":{"target":{"type":"Class","value":"androidx.test.espresso.Espresso"},"method":"onView","args":[{"type":"Invocation","value":{"target":{"type":"Class","value":"com.wix.detox.espresso.DetoxMatcher"},"method":"matcherForTestId","args":["home-tab",{"type":"boolean","value":false}]}}]}},{"type":"Invocation","value":{"target":{"type":"Class","value":"com.wix.detox.espresso.DetoxMatcher"},"method":"matcherForSufficientlyVisible","args":[{"type":"Integer","value":75}]}}]})
12-17 17:07:13.579 24414 24438 I DetoxDispatcher: Handling action 'invoke' (ID #29)...
12-17 17:07:13.581 24414 24438 D Detox   : class com.wix.detox.espresso.DetoxMatcher, matcherForTestId, [home-tab, false]
12-17 17:07:13.594 24414 24438 D Detox   : class androidx.test.espresso.Espresso, onView, [(view.getTag() is "home-tab" and view has effective visibility <VISIBLE>)]
12-17 17:07:13.600 24414 24438 D Detox   : class com.wix.detox.espresso.DetoxMatcher, matcherForSufficientlyVisible, [75]
12-17 17:07:13.608 24414 24438 D Detox   : class com.wix.detox.espresso.DetoxAssertion, assertMatcher, [androidx.test.espresso.ViewInteraction@d2c275d, (view has effective visibility <VISIBLE> and view.getGlobalVisibleRect() covers at least <75> percent of the view's area)]
12-17 17:07:13.625 24414 24414 I ViewInteraction: Checking 'MatchesViewAssertion(Detox){viewMatcher=(view has effective visibility <VISIBLE> and view.getGlobalVisibleRect() covers at least <75> percent of the view's area)}' assertion on view (view.getTag() is "home-tab" and view has effective visibility <VISIBLE>)
12-17 17:07:13.632 24414 24438 I DetoxWSClient: Sending out action 'invokeResult' (ID #29)
12-17 17:07:13.634 24414 24438 I DetoxDispatcher: Done with action 'invoke'
12-17 17:07:13.641 24414 24443 D DetoxWSClient: Received action 'invoke' (ID #30, params={"target":{"type":"Class","value":"com.wix.detox.espresso.DetoxAssertion"},"method":"assertMatcher","args":[{"type":"Invocation","value":{"target":{"type":"Class","value":"androidx.test.espresso.Espresso"},"method":"onView","args":[{"type":"Invocation","value":{"target":{"type":"Class","value":"com.wix.detox.espresso.DetoxMatcher"},"method":"matcherForTestId","args":["details-tab",{"type":"boolean","value":false}]}}]}},{"type":"Invocation","value":{"target":{"type":"Class","value":"com.wix.detox.espresso.DetoxMatcher"},"method":"matcherForSufficientlyVisible","args":[{"type":"Integer","value":75}]}}]})
12-17 17:07:13.642 24414 24438 I DetoxDispatcher: Handling action 'invoke' (ID #30)...
12-17 17:07:13.642 24414 24438 D Detox   : class com.wix.detox.espresso.DetoxMatcher, matcherForTestId, [details-tab, false]
12-17 17:07:13.644 24414 24438 D Detox   : class androidx.test.espresso.Espresso, onView, [(view.getTag() is "details-tab" and view has effective visibility <VISIBLE>)]
12-17 17:07:13.646 24414 24438 D Detox   : class com.wix.detox.espresso.DetoxMatcher, matcherForSufficientlyVisible, [75]
12-17 17:07:13.647 24414 24438 D Detox   : class com.wix.detox.espresso.DetoxAssertion, assertMatcher, [androidx.test.espresso.ViewInteraction@eb948d2, (view has effective visibility <VISIBLE> and view.getGlobalVisibleRect() covers at least <75> percent of the view's area)]
12-17 17:07:13.659 24414 24414 I ViewInteraction: Checking 'MatchesViewAssertion(Detox){viewMatcher=(view has effective visibility <VISIBLE> and view.getGlobalVisibleRect() covers at least <75> percent of the view's area)}' assertion on view (view.getTag() is "details-tab" and view has effective visibility <VISIBLE>)
12-17 17:07:13.667 24414 24438 I DetoxWSClient: Sending out action 'invokeResult' (ID #30)
12-17 17:07:13.668 24414 24438 I DetoxDispatcher: Done with action 'invoke'
12-17 17:07:13.680 24414 24443 D DetoxWSClient: Received action 'invoke' (ID #31, params={"target":{"type":"Class","value":"com.wix.detox.espresso.DetoxAssertion"},"method":"assertMatcher","args":[{"type":"Invocation","value":{"target":{"type":"Class","value":"androidx.test.espresso.Espresso"},"method":"onView","args":[{"type":"Invocation","value":{"target":{"type":"Class","value":"com.wix.detox.espresso.DetoxMatcher"},"method":"matcherForTestId","args":["profile-tab",{"type":"boolean","value":false}]}}]}},{"type":"Invocation","value":{"target":{"type":"Class","value":"com.wix.detox.espresso.DetoxMatcher"},"method":"matcherForSufficientlyVisible","args":[{"type":"Integer","value":75}]}}]})
12-17 17:07:13.680 24414 24438 I DetoxDispatcher: Handling action 'invoke' (ID #31)...
12-17 17:07:13.681 24414 24438 D Detox   : class com.wix.detox.espresso.DetoxMatcher, matcherForTestId, [profile-tab, false]
12-17 17:07:13.682 24414 24438 D Detox   : class androidx.test.espresso.Espresso, onView, [(view.getTag() is "profile-tab" and view has effective visibility <VISIBLE>)]
12-17 17:07:13.684 24414 24438 D Detox   : class com.wix.detox.espresso.DetoxMatcher, matcherForSufficientlyVisible, [75]
12-17 17:07:13.686 24414 24438 D Detox   : class com.wix.detox.espresso.DetoxAssertion, assertMatcher, [androidx.test.espresso.ViewInteraction@d802da3, (view has effective visibility <VISIBLE> and view.getGlobalVisibleRect() covers at least <75> percent of the view's area)]
12-17 17:07:13.727 24414 24653 I OpenGLRenderer: Davey! duration=9223301456635ms; Flags=1, FrameTimelineVsyncId=2175758, IntendedVsync=70580218718214, Vsync=70580235384880, InputEventId=0, HandleInputStart=70580236000685, AnimationStart=70580236003341, PerformTraversalsStart=70580236399800, DrawStart=70580247701780, FrameDeadline=70580234384880, FrameInterval=70580235994695, FrameStartTime=8333333, SyncQueued=70580248176676, SyncStart=70580248675790, IssueDrawCommandsStart=70580248757822, SwapBuffers=70580249531884, FrameCompleted=9223372036854775807, DequeueBufferDuration=25572, QueueBufferDuration=1666459, GpuCompleted=9223372036854775807, SwapBuffersCompleted=70580251589228, DisplayPresentTime=4294967297, 
12-17 17:07:13.746 24414 24414 I ViewInteraction: Checking 'MatchesViewAssertion(Detox){viewMatcher=(view has effective visibility <VISIBLE> and view.getGlobalVisibleRect() covers at least <75> percent of the view's area)}' assertion on view (view.getTag() is "profile-tab" and view has effective visibility <VISIBLE>)
12-17 17:07:13.750 24414 24438 I DetoxWSClient: Sending out action 'invokeResult' (ID #31)
12-17 17:07:13.751 24414 24438 I DetoxDispatcher: Done with action 'invoke'
12-17 17:07:13.758 24414 24443 D DetoxWSClient: Received action 'invoke' (ID #32, params={"target":{"type":"Class","value":"com.wix.detox.espresso.EspressoDetox"},"method":"perform","args":[{"type":"Invocation","value":{"target":{"type":"Class","value":"com.wix.detox.espresso.DetoxMatcher"},"method":"matcherForTestId","args":["details-tab",{"type":"boolean","value":false}]}},{"type":"Invocation","value":{"target":{"type":"Class","value":"com.wix.detox.espresso.DetoxViewActions"},"method":"click","args":[]}}]})
12-17 17:07:13.759 24414 24438 I DetoxDispatcher: Handling action 'invoke' (ID #32)...
12-17 17:07:13.760 24414 24438 D Detox   : class com.wix.detox.espresso.DetoxMatcher, matcherForTestId, [details-tab, false]
12-17 17:07:13.761 24414 24438 D Detox   : class com.wix.detox.espresso.DetoxViewActions, click, []
12-17 17:07:13.761 24414 24438 D Detox   : class com.wix.detox.espresso.EspressoDetox, perform, [(view.getTag() is "details-tab" and view has effective visibility <VISIBLE>), com.wix.detox.espresso.action.RNClickAction@51bae1b]
12-17 17:07:13.787 24414 24414 I ViewInteraction: Performing 'com.wix.detox.espresso.action.detoxsingletap@73d10f7 click' action on view (view.getTag() is "details-tab" and view has effective visibility <VISIBLE>)
12-17 17:07:14.510 24414 24438 I DetoxWSClient: Sending out action 'invokeResult' (ID #32)
12-17 17:07:14.511 24414 24438 I DetoxDispatcher: Done with action 'invoke'
12-17 17:07:15.323 24414 24443 D DetoxWSClient: Received action 'invoke' (ID #33, params={"target":{"type":"Class","value":"com.wix.detox.espresso.DetoxAssertion"},"method":"assertMatcher","args":[{"type":"Invocation","value":{"target":{"type":"Class","value":"androidx.test.espresso.Espresso"},"method":"onView","args":[{"type":"Invocation","value":{"target":{"type":"Class","value":"com.wix.detox.espresso.DetoxMatcher"},"method":"matcherForTestId","args":["home-tab",{"type":"boolean","value":false}]}}]}},{"type":"Invocation","value":{"target":{"type":"Class","value":"com.wix.detox.espresso.DetoxMatcher"},"method":"matcherForSufficientlyVisible","args":[{"type":"Integer","value":75}]}}]})
12-17 17:07:15.324 24414 24438 I DetoxDispatcher: Handling action 'invoke' (ID #33)...
12-17 17:07:15.327 24414 24438 D Detox   : class com.wix.detox.espresso.DetoxMatcher, matcherForTestId, [home-tab, false]
12-17 17:07:15.331 24414 24438 D Detox   : class androidx.test.espresso.Espresso, onView, [(view.getTag() is "home-tab" and view has effective visibility <VISIBLE>)]
12-17 17:07:15.336 24414 24438 D Detox   : class com.wix.detox.espresso.DetoxMatcher, matcherForSufficientlyVisible, [75]
12-17 17:07:15.339 24414 24438 D Detox   : class com.wix.detox.espresso.DetoxAssertion, assertMatcher, [androidx.test.espresso.ViewInteraction@e45e265, (view has effective visibility <VISIBLE> and view.getGlobalVisibleRect() covers at least <75> percent of the view's area)]
12-17 17:07:15.366 24414 24414 I ViewInteraction: Checking 'MatchesViewAssertion(Detox){viewMatcher=(view has effective visibility <VISIBLE> and view.getGlobalVisibleRect() covers at least <75> percent of the view's area)}' assertion on view (view.getTag() is "home-tab" and view has effective visibility <VISIBLE>)
12-17 17:07:15.374 24414 24438 I DetoxWSClient: Sending out action 'invokeResult' (ID #33)
12-17 17:07:15.375 24414 24438 I DetoxDispatcher: Done with action 'invoke'
12-17 17:07:15.384 24414 24443 D DetoxWSClient: Received action 'invoke' (ID #34, params={"target":{"type":"Class","value":"com.wix.detox.espresso.DetoxAssertion"},"method":"assertMatcher","args":[{"type":"Invocation","value":{"target":{"type":"Class","value":"androidx.test.espresso.Espresso"},"method":"onView","args":[{"type":"Invocation","value":{"target":{"type":"Class","value":"com.wix.detox.espresso.DetoxMatcher"},"method":"matcherForTestId","args":["details-tab",{"type":"boolean","value":false}]}}]}},{"type":"Invocation","value":{"target":{"type":"Class","value":"com.wix.detox.espresso.DetoxMatcher"},"method":"matcherForSufficientlyVisible","args":[{"type":"Integer","value":75}]}}]})
12-17 17:07:15.385 24414 24438 I DetoxDispatcher: Handling action 'invoke' (ID #34)...
12-17 17:07:15.387 24414 24438 D Detox   : class com.wix.detox.espresso.DetoxMatcher, matcherForTestId, [details-tab, false]
12-17 17:07:15.388 24414 24438 D Detox   : class androidx.test.espresso.Espresso, onView, [(view.getTag() is "details-tab" and view has effective visibility <VISIBLE>)]
12-17 17:07:15.391 24414 24438 D Detox   : class com.wix.detox.espresso.DetoxMatcher, matcherForSufficientlyVisible, [75]
12-17 17:07:15.393 24414 24438 D Detox   : class com.wix.detox.espresso.DetoxAssertion, assertMatcher, [androidx.test.espresso.ViewInteraction@dda5b3a, (view has effective visibility <VISIBLE> and view.getGlobalVisibleRect() covers at least <75> percent of the view's area)]
12-17 17:07:15.410 24414 24414 I ViewInteraction: Checking 'MatchesViewAssertion(Detox){viewMatcher=(view has effective visibility <VISIBLE> and view.getGlobalVisibleRect() covers at least <75> percent of the view's area)}' assertion on view (view.getTag() is "details-tab" and view has effective visibility <VISIBLE>)
12-17 17:07:15.418 24414 24438 I DetoxWSClient: Sending out action 'invokeResult' (ID #34)
12-17 17:07:15.418 24414 24438 I DetoxDispatcher: Done with action 'invoke'
12-17 17:07:15.426 24414 24443 D DetoxWSClient: Received action 'invoke' (ID #35, params={"target":{"type":"Class","value":"com.wix.detox.espresso.DetoxAssertion"},"method":"assertMatcher","args":[{"type":"Invocation","value":{"target":{"type":"Class","value":"androidx.test.espresso.Espresso"},"method":"onView","args":[{"type":"Invocation","value":{"target":{"type":"Class","value":"com.wix.detox.espresso.DetoxMatcher"},"method":"matcherForTestId","args":["profile-tab",{"type":"boolean","value":false}]}}]}},{"type":"Invocation","value":{"target":{"type":"Class","value":"com.wix.detox.espresso.DetoxMatcher"},"method":"matcherForSufficientlyVisible","args":[{"type":"Integer","value":75}]}}]})
12-17 17:07:15.427 24414 24438 I DetoxDispatcher: Handling action 'invoke' (ID #35)...
12-17 17:07:15.428 24414 24438 D Detox   : class com.wix.detox.espresso.DetoxMatcher, matcherForTestId, [profile-tab, false]
12-17 17:07:15.430 24414 24438 D Detox   : class androidx.test.espresso.Espresso, onView, [(view.getTag() is "profile-tab" and view has effective visibility <VISIBLE>)]
12-17 17:07:15.433 24414 24438 D Detox   : class com.wix.detox.espresso.DetoxMatcher, matcherForSufficientlyVisible, [75]
12-17 17:07:15.435 24414 24438 D Detox   : class com.wix.detox.espresso.DetoxAssertion, assertMatcher, [androidx.test.espresso.ViewInteraction@6a0b3eb, (view has effective visibility <VISIBLE> and view.getGlobalVisibleRect() covers at least <75> percent of the view's area)]
12-17 17:07:15.453 24414 24414 I ViewInteraction: Checking 'MatchesViewAssertion(Detox){viewMatcher=(view has effective visibility <VISIBLE> and view.getGlobalVisibleRect() covers at least <75> percent of the view's area)}' assertion on view (view.getTag() is "profile-tab" and view has effective visibility <VISIBLE>)
12-17 17:07:15.462 24414 24438 I DetoxWSClient: Sending out action 'invokeResult' (ID #35)
12-17 17:07:15.462 24414 24438 I DetoxDispatcher: Done with action 'invoke'
