--------- beginning of main
12-17 17:23:33.932 28071 28581 D DetoxWSClient: Received action 'reactNativeReload' (ID #-1000, params={})
12-17 17:23:33.932 28071 28562 I DetoxDispatcher: Handling action 'reactNativeReload' (ID #-1000)...
12-17 17:23:33.942 28071 28562 I DetoxRNExt: Reloading React Native
12-17 17:23:33.942 28071 28562 D IdlingRegistry: Unregistering idling resources: [com.wix.detox.reactnative.idlingresources.timers.FabricTimersIdlingResource@44fb950]
12-17 17:23:33.943 28071 28562 D IdlingRegistry: Unregistering idling resources: [com.wix.detox.reactnative.idlingresources.StabilizedIdlingResource@2a9384e]
12-17 17:23:33.943 28071 28562 D IdlingRegistry: Unregistering idling resources: [com.wix.detox.reactnative.idlingresources.uimodule.fabric.FabricUIManagerIdlingResources@8613e02]
12-17 17:23:33.943 28071 28562 D IdlingRegistry: Unregistering idling resources: [com.wix.detox.reactnative.idlingresources.animations.AnimatedModuleIdlingResource@9d83313]
12-17 17:23:33.943 28071 28562 D IdlingRegistry: Unregistering idling resources: [com.wix.detox.reactnative.idlingresources.network.NetworkIdlingResource@4487749]
12-17 17:23:33.945 28071 28699 W unknown:BridgelessReact: ReactHost{0}.getOrCreateReloadTask()
12-17 17:23:33.945 28071 28699 W unknown:BridgelessReact: ReactHost{0}.raiseSoftException(getOrCreateReloadTask()): Detox
12-17 17:23:33.945 28071 28699 E unknown:ReactHost: Unhandled SoftException
12-17 17:23:33.945 28071 28699 E unknown:ReactHost: com.facebook.react.bridge.ReactNoCrashSoftException: raiseSoftException(getOrCreateReloadTask()): Detox
12-17 17:23:33.945 28071 28699 E unknown:ReactHost: 	at com.facebook.react.runtime.ReactHostImpl.raiseSoftException(ReactHostImpl.java:1038)
12-17 17:23:33.945 28071 28699 E unknown:ReactHost: 	at com.facebook.react.runtime.ReactHostImpl.raiseSoftException(ReactHostImpl.java:1031)
12-17 17:23:33.945 28071 28699 E unknown:ReactHost: 	at com.facebook.react.runtime.ReactHostImpl.getOrCreateReloadTask(ReactHostImpl.java:1478)
12-17 17:23:33.945 28071 28699 E unknown:ReactHost: 	at com.facebook.react.runtime.ReactHostImpl.lambda$reload$5(ReactHostImpl.java:502)
12-17 17:23:33.945 28071 28699 E unknown:ReactHost: 	at com.facebook.react.runtime.ReactHostImpl.$r8$lambda$pnssLYpRgj-ac0gqivuqyD-9TKQ(Unknown Source:0)
12-17 17:23:33.945 28071 28699 E unknown:ReactHost: 	at com.facebook.react.runtime.ReactHostImpl$$ExternalSyntheticLambda0.call(D8$$SyntheticClass:0)
12-17 17:23:33.945 28071 28699 E unknown:ReactHost: 	at com.facebook.react.runtime.internal.bolts.Task$Companion.call$lambda$2(Task.kt:315)
12-17 17:23:33.945 28071 28699 E unknown:ReactHost: 	at com.facebook.react.runtime.internal.bolts.Task$Companion.$r8$lambda$MFqd_-X5KhHmu0hvNE2Bec_4mJM(Unknown Source:0)
12-17 17:23:33.945 28071 28699 E unknown:ReactHost: 	at com.facebook.react.runtime.internal.bolts.Task$Companion$$ExternalSyntheticLambda1.run(D8$$SyntheticClass:0)
12-17 17:23:33.945 28071 28699 E unknown:ReactHost: 	at java.util.concurrent.ThreadPoolExecutor.runWorker(ThreadPoolExecutor.java:1156)
12-17 17:23:33.945 28071 28699 E unknown:ReactHost: 	at java.util.concurrent.ThreadPoolExecutor$Worker.run(ThreadPoolExecutor.java:651)
12-17 17:23:33.945 28071 28699 E unknown:ReactHost: 	at java.lang.Thread.run(Thread.java:1119)
12-17 17:23:33.945 28071 28699 W unknown:BridgelessReact: ReactHost{0}.getOrCreateReloadTask(): Resetting createReactInstance task ref
12-17 17:23:33.945 28071 28071 W unknown:BridgelessReact: ReactHost{0}.getOrCreateReloadTask(): Starting React Native reload
12-17 17:23:33.946 28071 28071 W unknown:BridgelessReact: ReactHost{0}.getOrCreateReloadTask(): Calling ReactContext.onHostPause()
12-17 17:23:33.946 28071 28071 W unknown:BridgelessReact: ReactHost{0}.raiseSoftException(callWithExistingReactInstance(callFunctionOnModule("RCTDeviceEventEmitter", "emit"))): Execute: reactInstance is null. Dropping work.
12-17 17:23:33.947 28071 28071 E unknown:ReactHost: Unhandled SoftException
12-17 17:23:33.947 28071 28071 E unknown:ReactHost: com.facebook.react.bridge.ReactNoCrashSoftException: raiseSoftException(callWithExistingReactInstance(callFunctionOnModule("RCTDeviceEventEmitter", "emit"))): Execute: reactInstance is null. Dropping work.
12-17 17:23:33.947 28071 28071 E unknown:ReactHost: 	at com.facebook.react.runtime.ReactHostImpl.raiseSoftException(ReactHostImpl.java:1038)
12-17 17:23:33.947 28071 28071 E unknown:ReactHost: 	at com.facebook.react.runtime.ReactHostImpl.raiseSoftException(ReactHostImpl.java:1031)
12-17 17:23:33.947 28071 28071 E unknown:ReactHost: 	at com.facebook.react.runtime.ReactHostImpl.lambda$callWithExistingReactInstance$16(ReactHostImpl.java:1059)
12-17 17:23:33.947 28071 28071 E unknown:ReactHost: 	at com.facebook.react.runtime.ReactHostImpl.$r8$lambda$v_wsWn1AM15FUeMv5__nLvaLvTQ(Unknown Source:0)
12-17 17:23:33.947 28071 28071 E unknown:ReactHost: 	at com.facebook.react.runtime.ReactHostImpl$$ExternalSyntheticLambda16.then(D8$$SyntheticClass:0)
12-17 17:23:33.947 28071 28071 E unknown:ReactHost: 	at com.facebook.react.runtime.internal.bolts.Task$Companion.completeImmediately$lambda$3(Task.kt:356)
12-17 17:23:33.947 28071 28071 E unknown:ReactHost: 	at com.facebook.react.runtime.internal.bolts.Task$Companion.$r8$lambda$b7MTC0ufkn_2TjF4BGcNqGR9qK0(Unknown Source:0)
12-17 17:23:33.947 28071 28071 E unknown:ReactHost: 	at com.facebook.react.runtime.internal.bolts.Task$Companion$$ExternalSyntheticLambda3.run(D8$$SyntheticClass:0)
12-17 17:23:33.947 28071 28071 E unknown:ReactHost: 	at com.facebook.react.runtime.internal.bolts.Executors$ImmediateExecutor.execute(Executors.kt:41)
12-17 17:23:33.947 28071 28071 E unknown:ReactHost: 	at com.facebook.react.runtime.internal.bolts.Task$Companion.completeImmediately(Task.kt:354)
12-17 17:23:33.947 28071 28071 E unknown:ReactHost: 	at com.facebook.react.runtime.internal.bolts.Task$Companion.access$completeImmediately(Task.kt:250)
12-17 17:23:33.947 28071 28071 E unknown:ReactHost: 	at com.facebook.react.runtime.internal.bolts.Task.continueWith(Task.kt:132)
12-17 17:23:33.947 28071 28071 E unknown:ReactHost: 	at com.facebook.react.runtime.internal.bolts.Task.continueWith$default(Task.kt:117)
12-17 17:23:33.947 28071 28071 E unknown:ReactHost: 	at com.facebook.react.runtime.internal.bolts.Task.onSuccess$lambda$12(Task.kt:174)
12-17 17:23:33.947 28071 28071 E unknown:ReactHost: 	at com.facebook.react.runtime.internal.bolts.Task.$r8$lambda$l0wwo5AvbHxlwfI1R7CH_codxoo(Unknown Source:0)
12-17 17:23:33.947 28071 28071 E unknown:ReactHost: 	at com.facebook.react.runtime.internal.bolts.Task$$ExternalSyntheticLambda2.then(D8$$SyntheticClass:0)
12-17 17:23:33.947 28071 28071 E unknown:ReactHost: 	at com.facebook.react.runtime.internal.bolts.Task$Companion.completeAfterTask$lambda$5(Task.kt:390)
12-17 17:23:33.947 28071 28071 E unknown:ReactHost: 	at com.facebook.react.runtime.internal.bolts.Task$Companion.$r8$lambda$IPpysnehFwANEiW061YzapkMdoE(Unknown Source:0)
12-17 17:23:33.947 28071 28071 E unknown:ReactHost: 	at com.facebook.react.runtime.internal.bolts.Task$Companion$$ExternalSyntheticLambda4.run(D8$$SyntheticClass:0)
12-17 17:23:33.947 28071 28071 E unknown:ReactHost: 	at com.facebook.react.runtime.internal.bolts.Executors$ImmediateExecutor.execute(Executors.kt:41)
12-17 17:23:33.947 28071 28071 E unknown:ReactHost: 	at com.facebook.react.runtime.internal.bolts.Task$Companion.completeAfterTask(Task.kt:388)
12-17 17:23:33.947 28071 28071 E unknown:ReactHost: 	at com.facebook.react.runtime.internal.bolts.Task$Companion.access$completeAfterTask(Task.kt:250)
12-17 17:23:33.947 28071 28071 E unknown:ReactHost: 	at com.facebook.react.runtime.internal.bolts.Task.continueWithTask(Task.kt:156)
12-17 17:23:33.947 28071 28071 E unknown:ReactHost: 	at com.facebook.react.runtime.internal.bolts.Task.onSuccess(Task.kt:169)
12-17 17:23:33.947 28071 28071 E unknown:ReactHost: 	at com.facebook.react.runtime.ReactHostImpl.callWithExistingReactInstance(ReactHostImpl.java:1055)
12-17 17:23:33.947 28071 28071 E unknown:ReactHost: 	at com.facebook.react.runtime.ReactHostImpl.callFunctionOnModule(ReactHostImpl.java:912)
12-17 17:23:33.947 28071 28071 E unknown:ReactHost: 	at com.facebook.react.runtime.BridgelessReactContext.emitDeviceEvent(BridgelessReactContext.kt:132)
12-17 17:23:33.947 28071 28071 E unknown:ReactHost: 	at com.facebook.react.modules.appstate.AppStateModule.sendEvent(AppStateModule.kt:71)
12-17 17:23:33.947 28071 28071 E unknown:ReactHost: 	at com.facebook.react.modules.appstate.AppStateModule.sendAppStateChangeEvent(AppStateModule.kt:75)
12-17 17:23:33.947 28071 28071 E unknown:ReactHost: 	at com.facebook.react.modules.appstate.AppStateModule.onHostPause(AppStateModule.kt:48)
12-17 17:23:33.947 28071 28071 E unknown:ReactHost: 	at com.facebook.react.bridge.ReactContext.onHostPause(ReactContext.java:302)
12-17 17:23:33.947 28071 28071 E unknown:ReactHost: 	at com.facebook.react.runtime.ReactHostImpl.lambda$getOrCreateReloadTask$29(ReactHostImpl.java:1507)
12-17 17:23:33.947 28071 28071 E unknown:ReactHost: 	at com.facebook.react.runtime.ReactHostImpl.$r8$lambda$3_hO2W0xswhzVpHPxbwcWlR35dM(Unknown Source:0)
12-17 17:23:33.947 28071 28071 E unknown:ReactHost: 	at com.facebook.react.runtime.ReactHostImpl$$ExternalSyntheticLambda9.then(D8$$SyntheticClass:0)
12-17 17:23:33.947 28071 28071 E unknown:ReactHost: 	at com.facebook.react.runtime.internal.bolts.Task$Companion.completeAfterTask$lambda$5(Task.kt:390)
12-17 17:23:33.947 28071 28071 E unknown:ReactHost: 	at com.facebook.react.runtime.internal.bolts.Task$Companion.$r8$lambda$IPpysnehFwANEiW061YzapkMdoE(Unknown Source:0)
12-17 17:23:33.947 28071 28071 E unknown:ReactHost: 	at com.facebook.react.runtime.internal.bolts.Task$Companion$$ExternalSyntheticLambda4.run(D8$$SyntheticClass:0)
12-17 17:23:33.947 28071 28071 E unknown:ReactHost: 	at android.os.Handler.handleCallback(Handler.java:978)
12-17 17:23:33.947 28071 28071 E unknown:ReactHost: 	at android.os.Handler.dispatchMessage(Handler.java:104)
12-17 17:23:33.947 28071 28071 E unknown:ReactHost: 	at android.os.Looper.loopOnce(Looper.java:238)
12-17 17:23:33.947 28071 28071 E unknown:ReactHost: 	at android.os.Looper.loop(Looper.java:357)
12-17 17:23:33.947 28071 28071 E unknown:ReactHost: 	at android.app.ActivityThread.main(ActivityThread.java:8090)
12-17 17:23:33.947 28071 28071 E unknown:ReactHost: 	at java.lang.reflect.Method.invoke(Native Method)
12-17 17:23:33.947 28071 28071 E unknown:ReactHost: 	at com.android.internal.os.RuntimeInit$MethodAndArgsCaller.run(RuntimeInit.java:548)
12-17 17:23:33.947 28071 28071 E unknown:ReactHost: 	at com.android.internal.os.ZygoteInit.main(ZygoteInit.java:1026)
12-17 17:23:33.948 28071 28699 W unknown:BridgelessReact: ReactHost{0}.getOrCreateReloadTask(): Stopping all React Native surfaces
12-17 17:23:33.949 28071 28699 E unknown:SurfaceMountingManager: Stopping surface [41]
12-17 17:23:33.951 28071 28071 I ReactNative: [GESTURE HANDLER] Tearing down gesture handler registered for root view com.facebook.react.runtime.ReactSurfaceView{1faa882 V.E...... ........ 0,0-1080,1387 #29}
12-17 17:23:33.951 28071 28071 E unknown:SurfaceMountingManager: Surface [41] was stopped on SurfaceMountingManager.
12-17 17:23:33.958 28071 28071 W unknown:BridgelessReact: ReactHost{0}.getOrCreateReloadTask(): Removing memory pressure listener
12-17 17:23:33.958 28071 28071 W unknown:BridgelessReact: ReactHost{0}.getOrCreateReloadTask(): Resetting ReactContext ref
12-17 17:23:33.958 28071 28071 W unknown:BridgelessReact: ReactHost{0}.getOrCreateReloadTask(): Destroying ReactContext
12-17 17:23:33.958 28071 28071 W unknown:BridgelessReact: ReactHost{0}.getOrCreateReloadTask(): Calling DevSupportManager.onReactInstanceDestroyed(reactContext)
12-17 17:23:33.958 28071 28071 W unknown:ReactNative: Packager connection already open, nooping.
12-17 17:23:33.999 28071 28071 I com.detoxtest: Explicit concurrent copying GC freed 7608KB AllocSpace bytes, 3(60KB) LOS objects, 49% free, 9192KB/17MB, paused 41us,32us total 41.187ms
12-17 17:23:34.001 28071 28699 W unknown:BridgelessReact: ReactHost{0}.getOrCreateReloadTask(): Resetting ReactInstance ptr
12-17 17:23:34.001 28071 28699 W unknown:BridgelessReact: ReactHost{0}.getOrCreateReloadTask(): Destroying ReactInstance
12-17 17:23:34.003 28071 28699 E unknown:ReactNative: Tried to remove non-existent frame callback
12-17 17:23:34.005 28071 28699 W unknown:ReactNative: Tried to enqueue runnable on already finished thread: 'v_native... dropping Runnable.
12-17 17:23:34.005 28071 28699 W unknown:ReactNative: Tried to enqueue runnable on already finished thread: 'v_native... dropping Runnable.
12-17 17:23:34.006 28071 28699 W unknown:ReactNative: Tried to enqueue runnable on already finished thread: 'v_native... dropping Runnable.
12-17 17:23:34.006 28071 28699 W unknown:ReactNative: Tried to enqueue runnable on already finished thread: 'v_native... dropping Runnable.
12-17 17:23:34.006 28071 28699 W unknown:ReactNative: Tried to enqueue runnable on already finished thread: 'v_native... dropping Runnable.
12-17 17:23:34.006 28071 28699 W unknown:ReactNative: Tried to enqueue runnable on already finished thread: 'v_native... dropping Runnable.
12-17 17:23:34.007 28071 28699 W unknown:ReactNative: Tried to enqueue runnable on already finished thread: 'v_native... dropping Runnable.
12-17 17:23:34.007 28071 28699 W unknown:ReactNative: Tried to enqueue runnable on already finished thread: 'v_native... dropping Runnable.
12-17 17:23:34.007 28071 28699 W unknown:ReactNative: Tried to enqueue runnable on already finished thread: 'v_native... dropping Runnable.
12-17 17:23:34.007 28071 28699 W unknown:ReactNative: Tried to enqueue runnable on already finished thread: 'v_native... dropping Runnable.
12-17 17:23:34.007 28071 28699 W unknown:ReactNative: Tried to enqueue runnable on already finished thread: 'v_native... dropping Runnable.
12-17 17:23:34.007 28071 28699 W unknown:ReactNative: Tried to enqueue runnable on already finished thread: 'v_native... dropping Runnable.
12-17 17:23:34.007 28071 28699 W unknown:ReactNative: Tried to enqueue runnable on already finished thread: 'v_native... dropping Runnable.
12-17 17:23:34.007 28071 28699 W unknown:ReactNative: Tried to enqueue runnable on already finished thread: 'v_native... dropping Runnable.
12-17 17:23:34.007 28071 28699 W unknown:ReactNative: Tried to enqueue runnable on already finished thread: 'v_native... dropping Runnable.
12-17 17:23:34.007 28071 28699 W unknown:ReactNative: Tried to enqueue runnable on already finished thread: 'v_native... dropping Runnable.
12-17 17:23:34.007 28071 28699 W unknown:ReactNative: Tried to enqueue runnable on already finished thread: 'v_native... dropping Runnable.
12-17 17:23:34.007 28071 28699 W unknown:ReactNative: Tried to enqueue runnable on already finished thread: 'v_native... dropping Runnable.
12-17 17:23:34.007 28071 28699 W unknown:ReactNative: Tried to enqueue runnable on already finished thread: 'v_native... dropping Runnable.
12-17 17:23:34.007 28071 28699 W unknown:ReactNative: Tried to enqueue runnable on already finished thread: 'v_native... dropping Runnable.
12-17 17:23:34.008 28071 28699 W unknown:ReactNative: Tried to enqueue runnable on already finished thread: 'v_native... dropping Runnable.
12-17 17:23:34.008 28071 28699 W unknown:ReactNative: Tried to enqueue runnable on already finished thread: 'v_native... dropping Runnable.
12-17 17:23:34.009 28071 28699 W unknown:ReactNative: Tried to enqueue runnable on already finished thread: 'v_native... dropping Runnable.
12-17 17:23:34.009 28071 28699 W unknown:ReactNative: Tried to enqueue runnable on already finished thread: 'v_native... dropping Runnable.
12-17 17:23:34.017 28071 28071 W IInputConnectionWrapper: requestCursorAnchorInfo on inactive InputConnection
12-17 17:23:34.068 28071 28699 W unknown:BridgelessReact: ReactHost{0}.getOrCreateReloadTask(): Resetting start task ref
12-17 17:23:34.068 28071 28699 W unknown:BridgelessReact: ReactHost{0}.getOrCreateReactInstanceTask()
12-17 17:23:34.068 28071 28699 W unknown:BridgelessReact: ReactHost{0}.getOrCreateReactInstanceTask(): Start
12-17 17:23:34.068 28071 28699 D Detox.RNMarker: REACT_BRIDGELESS_LOADING_START (null)
12-17 17:23:34.068 28071 28699 W unknown:BridgelessReact: ReactHost{0}.getJSBundleLoader()
12-17 17:23:34.068 28071 28699 W unknown:BridgelessReact: ReactHost{0}.isMetroRunning()
12-17 17:23:34.081 28071 28706 W unknown:BridgelessReact: ReactHost{0}.isMetroRunning(): Async result = true
12-17 17:23:34.081 28071 28699 W unknown:BridgelessReact: ReactHost{0}.loadJSBundleFromMetro()
12-17 17:23:34.081 28071 28699 D Detox.RNMarker: DOWNLOAD_START (null)
12-17 17:23:34.459 28071 28706 D Detox.RNMarker: DOWNLOAD_END ({"url":"http:\/\/localhost:8081\/index.bundle?platform=android&dev=true&lazy=true&minify=false&app=com.detoxtest&modulesOnly=false&runModule=true&excludeSource=true&sourcePaths=url-server","filesChangedCount":0})
12-17 17:23:34.460 28071 28706 W unknown:BridgelessReact: ReactHost{0}.loadJSBundleFromMetro(): Creating BundleLoader
12-17 17:23:34.460 28071 28699 W unknown:BridgelessReact: ReactHost{0}.getOrCreateReactContext(): Creating BridgelessReactContext
12-17 17:23:34.460 28071 28699 W unknown:BridgelessReact: ReactHost{0}.getOrCreateReactInstanceTask(): Creating ReactInstance
12-17 17:23:34.461 28071 28699 W unknown:ReactNative: Inspector connection already open, nooping.
12-17 17:23:34.498 28071 28699 W unknown:BridgelessReact: ReactHost{0}.getOrCreateReactInstanceTask(): Loading JS Bundle
12-17 17:23:34.498 28071 28699 W unknown:BridgelessReact: ReactHost{0}.getOrCreateReactInstanceTask(): Calling DevSupportManagerBase.onNewReactContextCreated(reactContext)
12-17 17:23:34.498 28071 29238 D Detox.RNMarker: RUN_JS_BUNDLE_START (/index.bundle?platform=android&dev=true&lazy=true&minify=false&app=com.detoxtest&modulesOnly=false&runModule=true&excludeSource=true&sourcePaths=url-server)
12-17 17:23:34.499 28071 28071 W unknown:ReactNative: Packager connection already open, nooping.
12-17 17:23:34.499 28071 28699 W unknown:BridgelessReact: ReactHost{0}.getOrCreateReloadTask(): Restarting previously running React Native Surfaces
12-17 17:23:34.500 28071 28699 W unknown:BridgelessReact: ReactHost{0}.getOrCreateReloadTask(): Resetting reload task ref
12-17 17:23:34.500 28071 28071 W unknown:BridgelessReact: ReactContext.onHostResume()
12-17 17:23:34.501 28071 28071 W unknown:BridgelessReact: ReactHost{0}.getOrCreateReactInstanceTask(): Executing ReactInstanceEventListeners
12-17 17:23:34.501 28071 28071 I DetoxRNLoading: Got new RN-context through listener
12-17 17:23:34.502 28071 28562 I DetoxRNIdleRes: Setting up Espresso Idling Resources for React Native
12-17 17:23:34.505 28071 28071 D DetoxRNHelpers: Native RN module resolution (class com.reactnativecommunity.asyncstorage.AsyncStorageModule): no registered module found
12-17 17:23:34.505 28071 28562 D IdlingRegistry: Registering idling resources: [com.wix.detox.reactnative.idlingresources.uimodule.fabric.FabricUIManagerIdlingResources@7df459a]
12-17 17:23:34.506 28071 28562 D IdlingRegistry: Registering idling resources: [com.wix.detox.reactnative.idlingresources.animations.AnimatedModuleIdlingResource@61becb]
12-17 17:23:34.506 28071 28562 D IdlingRegistry: Registering idling resources: [com.wix.detox.reactnative.idlingresources.timers.FabricTimersIdlingResource@dc246a8]
12-17 17:23:34.506 28071 28562 D IdlingRegistry: Registering idling resources: [com.wix.detox.reactnative.idlingresources.network.NetworkIdlingResource@b2f75c1]
12-17 17:23:34.506 28071 28562 D IdlingRegistry: Registering idling resources: [com.wix.detox.reactnative.idlingresources.StabilizedIdlingResource@d5c2166]
12-17 17:23:34.507 28071 28071 D DetoxRNHelpers: Native RN module resolution (class com.reactnativecommunity.asyncstorage.AsyncStorageModule): no registered module found
12-17 17:23:34.507 28071 28562 I DetoxWSClient: Sending out action 'ready' (ID #-1000)
12-17 17:23:34.507 28071 28562 I DetoxDispatcher: Done with action 'reactNativeReload'
12-17 17:23:34.514 28071 28581 D DetoxWSClient: Received action 'invoke' (ID #33, params={"target":{"type":"Class","value":"com.wix.detox.espresso.EspressoDetox"},"method":"setSynchronization","args":[{"type":"boolean","value":false}]})
12-17 17:23:34.515 28071 28562 I DetoxDispatcher: Handling action 'invoke' (ID #33)...
12-17 17:23:34.515 28071 28562 D Detox   : class com.wix.detox.espresso.EspressoDetox, setSynchronization, [false]
12-17 17:23:34.515 28071 28562 D IdlingRegistry: Unregistering idling resources: [com.wix.detox.reactnative.idlingresources.timers.FabricTimersIdlingResource@dc246a8]
12-17 17:23:34.515 28071 28562 D IdlingRegistry: Unregistering idling resources: [com.wix.detox.reactnative.idlingresources.StabilizedIdlingResource@d5c2166]
12-17 17:23:34.515 28071 28562 D IdlingRegistry: Unregistering idling resources: [com.wix.detox.reactnative.idlingresources.uimodule.fabric.FabricUIManagerIdlingResources@7df459a]
12-17 17:23:34.515 28071 28562 D IdlingRegistry: Unregistering idling resources: [com.wix.detox.reactnative.idlingresources.animations.AnimatedModuleIdlingResource@61becb]
12-17 17:23:34.516 28071 28562 D IdlingRegistry: Unregistering idling resources: [com.wix.detox.reactnative.idlingresources.network.NetworkIdlingResource@b2f75c1]
12-17 17:23:34.516 28071 28562 I DetoxWSClient: Sending out action 'invokeResult' (ID #33)
12-17 17:23:34.516 28071 28562 I DetoxDispatcher: Done with action 'invoke'
12-17 17:23:34.898 28071 29238 W [RNScreens]: InsetObserverProxy registers on new context while it has not been invalidated on the old one. Please report this as issue at https://github.com/software-mansion/react-native-screens/issues
12-17 17:23:34.901 28071 29238 W unknown:ViewManagerPropertyUpdater: Could not find generated setter for class com.th3rdwave.safeareacontext.SafeAreaProviderManager
12-17 17:23:34.903 28071 29238 W unknown:ViewManagerPropertyUpdater: Could not find generated setter for class com.facebook.react.uimanager.LayoutShadowNode
12-17 17:23:34.905 28071 29238 W unknown:ViewManagerPropertyUpdater: Could not find generated setter for class com.swmansion.rnscreens.SearchBarManager
12-17 17:23:34.906 28071 29238 W unknown:ViewManagerPropertyUpdater: Could not find generated setter for class com.swmansion.rnscreens.ScreenFooterManager
12-17 17:23:34.907 28071 29238 W unknown:ViewManagerPropertyUpdater: Could not find generated setter for class com.swmansion.rnscreens.gamma.tabs.TabScreenViewManager
12-17 17:23:34.908 28071 29238 W unknown:ViewManagerPropertyUpdater: Could not find generated setter for class com.swmansion.rnscreens.ScreenContainerViewManager
12-17 17:23:34.909 28071 29238 W unknown:ViewManagerPropertyUpdater: Could not find generated setter for class com.swmansion.rnscreens.gamma.tabs.TabsHostViewManager
12-17 17:23:34.910 28071 29238 W unknown:ViewManagerPropertyUpdater: Could not find generated setter for class com.swmansion.rnscreens.ModalScreenViewManager
12-17 17:23:34.912 28071 29238 W unknown:ViewManagerPropertyUpdater: Could not find generated setter for class com.swmansion.rnscreens.ScreenStackHeaderConfigViewManager
12-17 17:23:34.913 28071 29238 W unknown:ViewManagerPropertyUpdater: Could not find generated setter for class com.swmansion.rnscreens.ScreenContentWrapperManager
12-17 17:23:34.913 28071 29238 W unknown:ViewManagerPropertyUpdater: Could not find generated setter for class com.th3rdwave.safeareacontext.SafeAreaViewManager
12-17 17:23:34.915 28071 29238 W unknown:ViewManagerPropertyUpdater: Could not find generated setter for class com.th3rdwave.safeareacontext.SafeAreaViewShadowNode
12-17 17:23:34.916 28071 29238 W unknown:ViewManagerPropertyUpdater: Could not find generated setter for class com.swmansion.rnscreens.safearea.SafeAreaViewManager
12-17 17:23:34.917 28071 29238 W unknown:ViewManagerPropertyUpdater: Could not find generated setter for class com.swmansion.rnscreens.safearea.paper.SafeAreaViewShadowNode
12-17 17:23:34.918 28071 29238 W unknown:ViewManagerPropertyUpdater: Could not find generated setter for class com.swmansion.rnscreens.ScreenViewManager
12-17 17:23:34.918 28071 29238 W unknown:ViewManagerPropertyUpdater: Could not find generated setter for class com.swmansion.rnscreens.ScreenStackHeaderSubviewManager
12-17 17:23:34.919 28071 29238 W unknown:ViewManagerPropertyUpdater: Could not find generated setter for class com.swmansion.rnscreens.ScreenStackViewManager
12-17 17:23:34.977 28071 29238 W unknown:ViewManagerPropertyUpdater: Could not find generated setter for class com.facebook.react.views.debuggingoverlay.DebuggingOverlayManager
12-17 17:23:34.982 28071 29238 W unknown:ViewManagerPropertyUpdater: Could not find generated setter for class com.swmansion.gesturehandler.react.RNGestureHandlerButtonViewManager
12-17 17:23:34.987 28071 29238 W unknown:ViewManagerPropertyUpdater: Could not find generated setter for class com.facebook.react.views.safeareaview.ReactSafeAreaViewManager
12-17 17:23:34.987 28071 29238 W unknown:ViewManagerPropertyUpdater: Could not find generated setter for class com.facebook.react.views.safeareaview.ReactSafeAreaViewShadowNode
12-17 17:23:34.991 28071 29238 W unknown:ViewManagerPropertyUpdater: Could not find generated setter for class com.facebook.react.views.modal.ReactModalHostManager
12-17 17:23:34.996 28071 29238 W unknown:ViewManagerPropertyUpdater: Could not find generated setter for class com.facebook.react.views.text.frescosupport.FrescoBasedReactTextInlineImageViewManager
12-17 17:23:34.997 28071 29238 W unknown:ViewManagerPropertyUpdater: Could not find generated setter for class com.facebook.react.views.text.frescosupport.FrescoBasedReactTextInlineImageShadowNode
12-17 17:23:35.001 28071 29238 W unknown:ViewManagerPropertyUpdater: Could not find generated setter for class com.facebook.react.views.progressbar.ReactProgressBarViewManager
12-17 17:23:35.002 28071 29238 W unknown:ViewManagerPropertyUpdater: Could not find generated setter for class com.facebook.react.views.progressbar.ProgressBarShadowNode
12-17 17:23:35.007 28071 29238 W unknown:ViewManagerPropertyUpdater: Could not find generated setter for class com.facebook.react.views.scroll.ReactHorizontalScrollViewManager
12-17 17:23:35.012 28071 29238 W unknown:ViewManagerPropertyUpdater: Could not find generated setter for class com.facebook.react.views.image.ReactImageManager
12-17 17:23:35.018 28071 29238 W unknown:ViewManagerPropertyUpdater: Could not find generated setter for class com.facebook.react.views.text.ReactTextViewManager
12-17 17:23:35.019 28071 29238 W unknown:ViewManagerPropertyUpdater: Could not find generated setter for class com.facebook.react.views.text.ReactTextShadowNode
12-17 17:23:35.025 28071 29238 W unknown:ViewManagerPropertyUpdater: Could not find generated setter for class com.facebook.react.views.scroll.ReactHorizontalScrollContainerViewManager
12-17 17:23:35.030 28071 29238 W unknown:ViewManagerPropertyUpdater: Could not find generated setter for class com.facebook.react.views.unimplementedview.ReactUnimplementedViewManager
12-17 17:23:35.035 28071 29238 W unknown:ViewManagerPropertyUpdater: Could not find generated setter for class com.facebook.react.views.scroll.ReactScrollViewManager
12-17 17:23:35.041 28071 29238 W unknown:ViewManagerPropertyUpdater: Could not find generated setter for class com.facebook.react.views.view.ReactViewManager
12-17 17:23:35.046 28071 29238 W unknown:ViewManagerPropertyUpdater: Could not find generated setter for class com.facebook.react.views.drawer.ReactDrawerLayoutManager
12-17 17:23:35.051 28071 29238 W unknown:ViewManagerPropertyUpdater: Could not find generated setter for class com.facebook.react.views.switchview.ReactSwitchManager
12-17 17:23:35.052 28071 29238 W unknown:ViewManagerPropertyUpdater: Could not find generated setter for class com.facebook.react.views.switchview.ReactSwitchShadowNode
12-17 17:23:35.056 28071 29238 W unknown:ViewManagerPropertyUpdater: Could not find generated setter for class com.facebook.react.views.text.ReactVirtualTextViewManager
12-17 17:23:35.057 28071 29238 W unknown:ViewManagerPropertyUpdater: Could not find generated setter for class com.facebook.react.views.text.ReactVirtualTextShadowNode
12-17 17:23:35.061 28071 29238 W unknown:ViewManagerPropertyUpdater: Could not find generated setter for class com.facebook.react.views.swiperefresh.SwipeRefreshLayoutManager
12-17 17:23:35.066 28071 29238 W unknown:ViewManagerPropertyUpdater: Could not find generated setter for class com.facebook.react.views.text.ReactRawTextManager
12-17 17:23:35.066 28071 29238 W unknown:ViewManagerPropertyUpdater: Could not find generated setter for class com.facebook.react.views.text.ReactRawTextShadowNode
12-17 17:23:35.067 28071 29238 W unknown:ViewManagerPropertyUpdater: Could not find generated setter for class com.facebook.react.views.textinput.ReactTextInputManager
12-17 17:23:35.069 28071 29238 W unknown:ViewManagerPropertyUpdater: Could not find generated setter for class com.facebook.react.views.textinput.ReactTextInputShadowNode
12-17 17:23:35.075 28071 29238 W unknown:ViewManagerPropertyUpdater: Could not find generated setter for class com.swmansion.gesturehandler.react.RNGestureHandlerRootViewManager
12-17 17:23:35.209 28071 29238 D Detox.RNMarker: RUN_JS_BUNDLE_END (/index.bundle?platform=android&dev=true&lazy=true&minify=false&app=com.detoxtest&modulesOnly=false&runModule=true&excludeSource=true&sourcePaths=url-server)
12-17 17:23:35.212 28071 29238 I ReactNativeJS: Running "DetoxTest" with {"rootTag":51,"initialProps":{},"fabric":true}
12-17 17:23:35.774 28071 29238 I ReactNativeJS: Store rehydrated successfully
12-17 17:23:36.366 28071 28071 I ReactNative: [GESTURE HANDLER] Initialize gesture handler for root view com.facebook.react.runtime.ReactSurfaceView{1faa882 V.E...... ......ID 0,0-1080,2225 #33}
12-17 17:23:36.431 28071 29164 I OpenGLRenderer: Davey! duration=9223300473965ms; Flags=0, FrameTimelineVsyncId=2214590, IntendedVsync=71562888805970, Vsync=71562888805970, InputEventId=0, HandleInputStart=71562893192899, AnimationStart=71562893194461, PerformTraversalsStart=71562925177694, DrawStart=71562938515872, FrameDeadline=71562904472636, FrameInterval=71562893188472, FrameStartTime=8333333, SyncQueued=71562946266706, SyncStart=71562946407071, IssueDrawCommandsStart=71562946778790, SwapBuffers=71562952048425, FrameCompleted=9223372036854775807, DequeueBufferDuration=33385, QueueBufferDuration=1206876, GpuCompleted=9223372036854775807, SwapBuffersCompleted=71562953862384, DisplayPresentTime=0, 
12-17 17:23:36.508 28071 29238 D Detox.RNMarker: REACT_BRIDGELESS_LOADING_END (null)
12-17 17:23:37.527 28071 28581 D DetoxWSClient: Received action 'invoke' (ID #34, params={"target":{"type":"Class","value":"com.wix.detox.espresso.EspressoDetox"},"method":"setSynchronization","args":[{"type":"boolean","value":true}]})
12-17 17:23:37.528 28071 28562 I DetoxDispatcher: Handling action 'invoke' (ID #34)...
12-17 17:23:37.529 28071 28562 D Detox   : class com.wix.detox.espresso.EspressoDetox, setSynchronization, [true]
12-17 17:23:37.532 28071 28562 I DetoxRNIdleRes: Setting up Espresso Idling Resources for React Native
12-17 17:23:37.544 28071 28562 D IdlingRegistry: Registering idling resources: [com.wix.detox.reactnative.idlingresources.uimodule.fabric.FabricUIManagerIdlingResources@e497589]
12-17 17:23:37.544 28071 28562 D IdlingRegistry: Registering idling resources: [com.wix.detox.reactnative.idlingresources.animations.AnimatedModuleIdlingResource@80cf98e]
12-17 17:23:37.544 28071 28562 D IdlingRegistry: Registering idling resources: [com.wix.detox.reactnative.idlingresources.timers.FabricTimersIdlingResource@363b5af]
12-17 17:23:37.545 28071 28562 D IdlingRegistry: Registering idling resources: [com.wix.detox.reactnative.idlingresources.network.NetworkIdlingResource@729ddbc]
12-17 17:23:37.545 28071 28562 D IdlingRegistry: Registering idling resources: [com.wix.detox.reactnative.idlingresources.StabilizedIdlingResource@9cae145]
12-17 17:23:37.548 28071 28562 I DetoxWSClient: Sending out action 'invokeResult' (ID #34)
12-17 17:23:37.549 28071 28562 I DetoxDispatcher: Done with action 'invoke'
12-17 17:23:37.559 28071 28581 D DetoxWSClient: Received action 'invoke' (ID #35, params={"target":{"type":"Class","value":"com.wix.detox.espresso.DetoxAssertion"},"method":"waitForAssertMatcher","args":[{"type":"Invocation","value":{"target":{"type":"Class","value":"androidx.test.espresso.Espresso"},"method":"onView","args":[{"type":"Invocation","value":{"target":{"type":"Class","value":"com.wix.detox.espresso.DetoxMatcher"},"method":"matcherForTestId","args":["login-root",{"type":"boolean","value":false}]}}]}},{"type":"Invocation","value":{"target":{"type":"Class","value":"com.wix.detox.espresso.DetoxMatcher"},"method":"matcherForSufficientlyVisible","args":[{"type":"Integer","value":75}]}},{"type":"Double","value":10}]})
12-17 17:23:37.561 28071 28562 I DetoxDispatcher: Handling action 'invoke' (ID #35)...
12-17 17:23:37.562 28071 28562 D Detox   : class com.wix.detox.espresso.DetoxMatcher, matcherForTestId, [login-root, false]
12-17 17:23:37.563 28071 28562 D Detox   : class androidx.test.espresso.Espresso, onView, [(view.getTag() is "login-root" and view has effective visibility <VISIBLE>)]
12-17 17:23:37.565 28071 28562 D Detox   : class com.wix.detox.espresso.DetoxMatcher, matcherForSufficientlyVisible, [75]
12-17 17:23:37.566 28071 28562 D Detox   : class com.wix.detox.espresso.DetoxAssertion, waitForAssertMatcher, [androidx.test.espresso.ViewInteraction@c63209a, (view has effective visibility <VISIBLE> and view.getGlobalVisibleRect() covers at least <75> percent of the view's area), 10.0]
12-17 17:23:38.338 28071 28071 W UiControllerImpl: Waiting for: DYNAMIC_TASKS_HAVE_IDLED for 100 iterations.
12-17 17:23:39.155 28071 28071 W UiControllerImpl: Waiting for: DYNAMIC_TASKS_HAVE_IDLED for 200 iterations.
12-17 17:23:39.963 28071 28071 W UiControllerImpl: Waiting for: DYNAMIC_TASKS_HAVE_IDLED for 300 iterations.
12-17 17:23:40.780 28071 28071 W UiControllerImpl: Waiting for: DYNAMIC_TASKS_HAVE_IDLED for 400 iterations.
12-17 17:23:41.580 28071 28071 W UiControllerImpl: Waiting for: DYNAMIC_TASKS_HAVE_IDLED for 500 iterations.
12-17 17:23:42.413 28071 28071 W UiControllerImpl: Waiting for: DYNAMIC_TASKS_HAVE_IDLED for 600 iterations.
12-17 17:23:42.584 28071 28071 I ViewInteraction: Checking 'MatchesViewAssertion(Detox){viewMatcher=(view has effective visibility <VISIBLE> and view.getGlobalVisibleRect() covers at least <75> percent of the view's area)}' assertion on view (view.getTag() is "login-root" and view has effective visibility <VISIBLE>)
12-17 17:23:42.592 28071 28562 I DetoxWSClient: Sending out action 'invokeResult' (ID #35)
12-17 17:23:42.592 28071 28562 I DetoxDispatcher: Done with action 'invoke'
12-17 17:23:42.599 28071 28581 D DetoxWSClient: Received action 'invoke' (ID #36, params={"target":{"type":"Class","value":"com.wix.detox.espresso.DetoxAssertion"},"method":"waitForAssertMatcher","args":[{"type":"Invocation","value":{"target":{"type":"Class","value":"androidx.test.espresso.Espresso"},"method":"onView","args":[{"type":"Invocation","value":{"target":{"type":"Class","value":"com.wix.detox.espresso.DetoxMatcher"},"method":"matcherForText","args":["Welcome Back",{"type":"boolean","value":false}]}}]}},{"type":"Invocation","value":{"target":{"type":"Class","value":"com.wix.detox.espresso.DetoxMatcher"},"method":"matcherForSufficientlyVisible","args":[{"type":"Integer","value":75}]}},{"type":"Double","value":10}]})
12-17 17:23:42.600 28071 28562 I DetoxDispatcher: Handling action 'invoke' (ID #36)...
12-17 17:23:42.600 28071 28562 D Detox   : class com.wix.detox.espresso.DetoxMatcher, matcherForText, [Welcome Back, false]
12-17 17:23:42.601 28071 28562 D Detox   : class androidx.test.espresso.Espresso, onView, [(an instance of android.widget.TextView and view.getText() with or without transformation to match: is "Welcome Back" and view has effective visibility <VISIBLE>)]
12-17 17:23:42.603 28071 28562 D Detox   : class com.wix.detox.espresso.DetoxMatcher, matcherForSufficientlyVisible, [75]
12-17 17:23:42.605 28071 28562 D Detox   : class com.wix.detox.espresso.DetoxAssertion, waitForAssertMatcher, [androidx.test.espresso.ViewInteraction@e10f3fd, (view has effective visibility <VISIBLE> and view.getGlobalVisibleRect() covers at least <75> percent of the view's area), 10.0]
12-17 17:23:42.615 28071 28071 I ViewInteraction: Checking 'MatchesViewAssertion(Detox){viewMatcher=(view has effective visibility <VISIBLE> and view.getGlobalVisibleRect() covers at least <75> percent of the view's area)}' assertion on view (an instance of android.widget.TextView and view.getText() with or without transformation to match: is "Welcome Back" and view has effective visibility <VISIBLE>)
12-17 17:23:42.621 28071 28562 I DetoxWSClient: Sending out action 'invokeResult' (ID #36)
12-17 17:23:42.622 28071 28562 I DetoxDispatcher: Done with action 'invoke'
12-17 17:23:42.626 28071 28581 D DetoxWSClient: Received action 'invoke' (ID #37, params={"target":{"type":"Class","value":"com.wix.detox.espresso.EspressoDetox"},"method":"changeOrientation","args":[{"type":"Integer","value":1}]})
12-17 17:23:42.627 28071 28562 I DetoxDispatcher: Handling action 'invoke' (ID #37)...
12-17 17:23:42.627 28071 28562 D Detox   : class com.wix.detox.espresso.EspressoDetox, changeOrientation, [1]
12-17 17:23:42.633 28071 28071 I ViewInteraction: Performing 'changing orientation to 1' action on view view.getRootView() to equal view
12-17 17:23:42.807 28071 28071 W unknown:ViewManagerPropertyUpdater: Could not find generated setter for class com.facebook.react.uimanager.RootViewManager
12-17 17:23:42.853 28071 28081 I OpenGLRenderer: Davey! duration=9223300467556ms; Flags=0, FrameTimelineVsyncId=2215392, IntendedVsync=71569298217534, Vsync=71569298217534, InputEventId=0, HandleInputStart=71569304633329, AnimationStart=71569304634944, PerformTraversalsStart=71569304870360, DrawStart=71569358951824, FrameDeadline=71569322217533, FrameInterval=71569304629162, FrameStartTime=8333333, SyncQueued=71569364734064, SyncStart=71569364853179, IssueDrawCommandsStart=71569365086929, SwapBuffers=71569368376721, FrameCompleted=9223372036854775807, DequeueBufferDuration=1777605, QueueBufferDuration=788803, GpuCompleted=9223372036854775807, SwapBuffersCompleted=71569369449481, DisplayPresentTime=0, 
12-17 17:23:42.889 28071 28081 I OpenGLRenderer: Davey! duration=9223300467548ms; Flags=0, FrameTimelineVsyncId=2215393, IntendedVsync=71569306548334, Vsync=71569364881665, InputEventId=0, HandleInputStart=71569370675627, AnimationStart=71569370677242, PerformTraversalsStart=71569371153388, DrawStart=71569401454589, FrameDeadline=71569330548333, FrameInterval=71569370672138, FrameStartTime=8333333, SyncQueued=71569405512662, SyncStart=71569405663704, IssueDrawCommandsStart=71569405865943, SwapBuffers=71569408856569, FrameCompleted=9223372036854775807, DequeueBufferDuration=1490053, QueueBufferDuration=1126718, GpuCompleted=9223372036854775807, SwapBuffersCompleted=71569410356985, DisplayPresentTime=0, 
12-17 17:23:42.934 28071 28071 I AssistStructure: Flattened final assist data: 2596 bytes, containing 1 windows, 13 views
12-17 17:23:42.940 28071 28562 I DetoxWSClient: Sending out action 'invokeResult' (ID #37)
12-17 17:23:42.940 28071 28562 I DetoxDispatcher: Done with action 'invoke'
12-17 17:23:42.947 28071 28581 D DetoxWSClient: Received action 'invoke' (ID #38, params={"target":{"type":"Class","value":"com.wix.detox.espresso.DetoxAssertion"},"method":"assertMatcher","args":[{"type":"Invocation","value":{"target":{"type":"Class","value":"androidx.test.espresso.Espresso"},"method":"onView","args":[{"type":"Invocation","value":{"target":{"type":"Class","value":"com.wix.detox.espresso.DetoxMatcher"},"method":"matcherForText","args":["Welcome Back",{"type":"boolean","value":false}]}}]}},{"type":"Invocation","value":{"target":{"type":"Class","value":"com.wix.detox.espresso.DetoxMatcher"},"method":"matcherForSufficientlyVisible","args":[{"type":"Integer","value":75}]}}]})
12-17 17:23:42.948 28071 28562 I DetoxDispatcher: Handling action 'invoke' (ID #38)...
12-17 17:23:42.949 28071 28562 D Detox   : class com.wix.detox.espresso.DetoxMatcher, matcherForText, [Welcome Back, false]
12-17 17:23:42.951 28071 28562 D Detox   : class androidx.test.espresso.Espresso, onView, [(an instance of android.widget.TextView and view.getText() with or without transformation to match: is "Welcome Back" and view has effective visibility <VISIBLE>)]
12-17 17:23:42.957 28071 28562 D Detox   : class com.wix.detox.espresso.DetoxMatcher, matcherForSufficientlyVisible, [75]
12-17 17:23:42.961 28071 28562 D Detox   : class com.wix.detox.espresso.DetoxAssertion, assertMatcher, [androidx.test.espresso.ViewInteraction@87bee3, (view has effective visibility <VISIBLE> and view.getGlobalVisibleRect() covers at least <75> percent of the view's area)]
12-17 17:23:42.966 28071 28071 I ViewInteraction: Checking 'MatchesViewAssertion(Detox){viewMatcher=(view has effective visibility <VISIBLE> and view.getGlobalVisibleRect() covers at least <75> percent of the view's area)}' assertion on view (an instance of android.widget.TextView and view.getText() with or without transformation to match: is "Welcome Back" and view has effective visibility <VISIBLE>)
12-17 17:23:42.968 28071 28562 I DetoxWSClient: Sending out action 'invokeResult' (ID #38)
12-17 17:23:42.969 28071 28562 I DetoxDispatcher: Done with action 'invoke'
12-17 17:23:42.980 28071 28581 D DetoxWSClient: Received action 'invoke' (ID #39, params={"target":{"type":"Class","value":"com.wix.detox.espresso.DetoxAssertion"},"method":"assertMatcher","args":[{"type":"Invocation","value":{"target":{"type":"Class","value":"androidx.test.espresso.Espresso"},"method":"onView","args":[{"type":"Invocation","value":{"target":{"type":"Class","value":"com.wix.detox.espresso.DetoxMatcher"},"method":"matcherForTestId","args":["email-input",{"type":"boolean","value":false}]}}]}},{"type":"Invocation","value":{"target":{"type":"Class","value":"com.wix.detox.espresso.DetoxMatcher"},"method":"matcherForSufficientlyVisible","args":[{"type":"Integer","value":75}]}}]})
12-17 17:23:42.980 28071 28562 I DetoxDispatcher: Handling action 'invoke' (ID #39)...
12-17 17:23:42.980 28071 28562 D Detox   : class com.wix.detox.espresso.DetoxMatcher, matcherForTestId, [email-input, false]
12-17 17:23:42.981 28071 28562 D Detox   : class androidx.test.espresso.Espresso, onView, [(view.getTag() is "email-input" and view has effective visibility <VISIBLE>)]
12-17 17:23:42.982 28071 28562 D Detox   : class com.wix.detox.espresso.DetoxMatcher, matcherForSufficientlyVisible, [75]
12-17 17:23:42.982 28071 28562 D Detox   : class com.wix.detox.espresso.DetoxAssertion, assertMatcher, [androidx.test.espresso.ViewInteraction@c87a0e0, (view has effective visibility <VISIBLE> and view.getGlobalVisibleRect() covers at least <75> percent of the view's area)]
12-17 17:23:42.991 28071 28071 I ViewInteraction: Checking 'MatchesViewAssertion(Detox){viewMatcher=(view has effective visibility <VISIBLE> and view.getGlobalVisibleRect() covers at least <75> percent of the view's area)}' assertion on view (view.getTag() is "email-input" and view has effective visibility <VISIBLE>)
12-17 17:23:42.996 28071 28562 I DetoxWSClient: Sending out action 'invokeResult' (ID #39)
12-17 17:23:42.996 28071 28562 I DetoxDispatcher: Done with action 'invoke'
12-17 17:23:43.001 28071 28581 D DetoxWSClient: Received action 'invoke' (ID #40, params={"target":{"type":"Class","value":"com.wix.detox.espresso.DetoxAssertion"},"method":"assertMatcher","args":[{"type":"Invocation","value":{"target":{"type":"Class","value":"androidx.test.espresso.Espresso"},"method":"onView","args":[{"type":"Invocation","value":{"target":{"type":"Class","value":"com.wix.detox.espresso.DetoxMatcher"},"method":"matcherForTestId","args":["password-input",{"type":"boolean","value":false}]}}]}},{"type":"Invocation","value":{"target":{"type":"Class","value":"com.wix.detox.espresso.DetoxMatcher"},"method":"matcherForSufficientlyVisible","args":[{"type":"Integer","value":75}]}}]})
12-17 17:23:43.001 28071 28562 I DetoxDispatcher: Handling action 'invoke' (ID #40)...
12-17 17:23:43.002 28071 28562 D Detox   : class com.wix.detox.espresso.DetoxMatcher, matcherForTestId, [password-input, false]
12-17 17:23:43.002 28071 28562 D Detox   : class androidx.test.espresso.Espresso, onView, [(view.getTag() is "password-input" and view has effective visibility <VISIBLE>)]
12-17 17:23:43.004 28071 28562 D Detox   : class com.wix.detox.espresso.DetoxMatcher, matcherForSufficientlyVisible, [75]
12-17 17:23:43.005 28071 28562 D Detox   : class com.wix.detox.espresso.DetoxAssertion, assertMatcher, [androidx.test.espresso.ViewInteraction@c03d25e, (view has effective visibility <VISIBLE> and view.getGlobalVisibleRect() covers at least <75> percent of the view's area)]
12-17 17:23:43.009 28071 28071 I ViewInteraction: Checking 'MatchesViewAssertion(Detox){viewMatcher=(view has effective visibility <VISIBLE> and view.getGlobalVisibleRect() covers at least <75> percent of the view's area)}' assertion on view (view.getTag() is "password-input" and view has effective visibility <VISIBLE>)
12-17 17:23:43.013 28071 28562 I DetoxActionHandlers: Test exception
12-17 17:23:43.013 28071 28562 I DetoxActionHandlers: java.lang.reflect.InvocationTargetException
12-17 17:23:43.013 28071 28562 I DetoxActionHandlers: 	at java.lang.reflect.Method.invoke(Native Method)
12-17 17:23:43.013 28071 28562 I DetoxActionHandlers: 	at org.apache.commons.lang3.reflect.MethodUtils.invokeStaticMethod(MethodUtils.java:443)
12-17 17:23:43.013 28071 28562 I DetoxActionHandlers: 	at org.apache.commons.lang3.reflect.MethodUtils.invokeStaticMethod(MethodUtils.java:405)
12-17 17:23:43.013 28071 28562 I DetoxActionHandlers: 	at com.wix.invoke.types.ClassTarget.execute(ClassTarget.java:23)
12-17 17:23:43.013 28071 28562 I DetoxActionHandlers: 	at com.wix.invoke.types.Target.invoke(Target.java:59)
12-17 17:23:43.013 28071 28562 I DetoxActionHandlers: 	at com.wix.invoke.MethodInvocation.invoke(MethodInvocation.java:35)
12-17 17:23:43.013 28071 28562 I DetoxActionHandlers: 	at com.wix.invoke.MethodInvocation.invoke(MethodInvocation.java:26)
12-17 17:23:43.013 28071 28562 I DetoxActionHandlers: 	at com.wix.invoke.MethodInvocation.invoke(MethodInvocation.java:20)
12-17 17:23:43.013 28071 28562 I DetoxActionHandlers: 	at com.wix.detox.adapters.server.InvokeActionHandler.handle(DetoxActionHandlers.kt:54)
12-17 17:23:43.013 28071 28562 I DetoxActionHandlers: 	at com.wix.detox.adapters.server.ActionsExecutor.executeAction$lambda$2$lambda$1(DetoxActionsDispatcher.kt:76)
12-17 17:23:43.013 28071 28562 I DetoxActionHandlers: 	at com.wix.detox.adapters.server.ActionsExecutor.$r8$lambda$GVbB7LHtBHxNHGbgYnHJ6YrwCqs(Unknown Source:0)
12-17 17:23:43.013 28071 28562 I DetoxActionHandlers: 	at com.wix.detox.adapters.server.ActionsExecutor$$ExternalSyntheticLambda0.run(D8$$SyntheticClass:0)
12-17 17:23:43.013 28071 28562 I DetoxActionHandlers: 	at android.os.Handler.handleCallback(Handler.java:978)
12-17 17:23:43.013 28071 28562 I DetoxActionHandlers: 	at android.os.Handler.dispatchMessage(Handler.java:104)
12-17 17:23:43.013 28071 28562 I DetoxActionHandlers: 	at android.os.Looper.loopOnce(Looper.java:238)
12-17 17:23:43.013 28071 28562 I DetoxActionHandlers: 	at android.os.Looper.loop(Looper.java:357)
12-17 17:23:43.013 28071 28562 I DetoxActionHandlers: 	at com.wix.detox.adapters.server.ActionsExecutor._init_$lambda$0(DetoxActionsDispatcher.kt:62)
12-17 17:23:43.013 28071 28562 I DetoxActionHandlers: 	at com.wix.detox.adapters.server.ActionsExecutor.$r8$lambda$xlgL0CQim6vNM0wWEqM8JIDgZUE(Unknown Source:0)
12-17 17:23:43.013 28071 28562 I DetoxActionHandlers: 	at com.wix.detox.adapters.server.ActionsExecutor$$ExternalSyntheticLambda1.run(D8$$SyntheticClass:0)
12-17 17:23:43.013 28071 28562 I DetoxActionHandlers: 	at java.lang.Thread.run(Thread.java:1119)
12-17 17:23:43.013 28071 28562 I DetoxActionHandlers: Caused by: junit.framework.AssertionFailedError: '(view has effective visibility <VISIBLE> and view.getGlobalVisibleRect() covers at least <75> percent of the view's area)' doesn't match the selected view.
12-17 17:23:43.013 28071 28562 I DetoxActionHandlers: Expected: (view has effective visibility <VISIBLE> and view.getGlobalVisibleRect() covers at least <75> percent of the view's area)
12-17 17:23:43.013 28071 28562 I DetoxActionHandlers:      Got: com.facebook.react.views.textinput.ReactEditText{126c67a VFED..CL. ........ 64,930-2038,1081 #34 aid=1073741878}
12-17 17:23:43.013 28071 28562 I DetoxActionHandlers: View Details: ReactEditText{id=52, desc=Password input field, visibility=VISIBLE, width=1974, height=151, has-focus=false, has-focusable=true, has-window-focus=true, is-clickable=true, is-enabled=true, is-focused=false, is-focusable=true, is-layout-requested=false, is-selected=false, layout-params=android.view.ViewGroup$LayoutParams@YYYYYY, tag=password-input, root-is-layout-requested=false, has-input-connection=true, editor-info=[inputType=0x80081 imeOptions=0x4000006 privateImeOptions=null actionLabel=null actionId=0 initialSelStart=0 initialSelEnd=0 initialCapsMode=0x0 hintText=Enter your password label=null packageName=null autofillId=null fieldId=0 fieldName=null extras=Bundle[{android.support.text.emoji.emojiCompat_metadataVersion=11, android.support.text.emoji.emojiCompat_replaceAll=false}] hintLocales=null contentMimeTypes=null ], x=64.0, y=930.0, text=, hint=Enter your password, input-type=524417, ime-target=false, has-links=false}
12-17 17:23:43.013 28071 28562 I DetoxActionHandlers: 
12-17 17:23:43.013 28071 28562 I DetoxActionHandlers: 	at androidx.test.espresso.matcher.ViewMatchers.assertThat(ViewMatchers.java:620)
12-17 17:23:43.013 28071 28562 I DetoxActionHandlers: 	at com.wix.detox.espresso.assertion.ViewAssertions$MatchesViewAssertion.check(ViewAssertions.java:51)
12-17 17:23:43.013 28071 28562 I DetoxActionHandlers: 	at androidx.test.espresso.ViewInteraction$SingleExecutionViewAssertion.check(ViewInteraction.java:488)
12-17 17:23:43.013 28071 28562 I DetoxActionHandlers: 	at androidx.test.espresso.ViewInteraction$2.call(ViewInteraction.java:346)
12-17 17:23:43.013 28071 28562 I DetoxActionHandlers: 	at androidx.test.espresso.ViewInteraction$2.call(ViewInteraction.java:319)
12-17 17:23:43.013 28071 28562 I DetoxActionHandlers: 	at java.util.concurrent.FutureTask.run(FutureTask.java:317)
12-17 17:23:43.013 28071 28562 I DetoxActionHandlers: 	at android.os.Handler.handleCallback(Handler.java:978)
12-17 17:23:43.013 28071 28562 I DetoxActionHandlers: 	at android.os.Handler.dispatchMessage(Handler.java:104)
12-17 17:23:43.013 28071 28562 I DetoxActionHandlers: 	at android.os.Looper.loopOnce(Looper.java:238)
12-17 17:23:43.013 28071 28562 I DetoxActionHandlers: 	at android.os.Looper.loop(Looper.java:357)
12-17 17:23:43.013 28071 28562 I DetoxActionHandlers: 	at android.app.ActivityThread.main(ActivityThread.java:8090)
12-17 17:23:43.013 28071 28562 I DetoxActionHandlers: 	at java.lang.reflect.Method.invoke(Native Method)
12-17 17:23:43.013 28071 28562 I DetoxActionHandlers: 	at com.android.internal.os.RuntimeInit$MethodAndArgsCaller.run(RuntimeInit.java:548)
12-17 17:23:43.013 28071 28562 I DetoxActionHandlers: 	at com.android.internal.os.ZygoteInit.main(ZygoteInit.java:1026)
12-17 17:23:43.014 28071 28562 I DetoxWSClient: Sending out action 'testFailed' (ID #40)
12-17 17:23:43.014 28071 28562 I DetoxDispatcher: Done with action 'invoke'
