--------- beginning of main
12-17 17:54:15.648  9095  9095 I com.detoxtest: Late-enabling -Xcheck:jni
12-17 17:54:15.674  9095  9095 I com.detoxtest: Using CollectorTypeCC GC.
12-17 17:54:15.697  9095  9095 D ProcessState: Binder ioctl to enable oneway spam detection failed: Invalid argument
12-17 17:54:15.745  9095  9095 I ActivityThread: Relaunch all activities: onCoreSettingsChange
12-17 17:54:15.746  9095  9095 D CompatibilityChangeReporter: Compat change id reported: 171979766; UID 10956; state: ENABLED
--------- beginning of system
12-17 17:54:15.761  9095  9095 W ActivityThread: Package uses different ABI(s) than its instrumentation: package[com.detoxtest]: arm64-v8a, null instrumentation[com.detoxtest.test]: null, null
12-17 17:54:16.429  9095  9095 D nativeloader: Configuring clns-4 for other apk /system/framework/android.test.runner.jar:/system/framework/android.test.mock.jar:/system/framework/android.test.base.jar:/data/app/~~9JaVXc7Wx4o8-3faOCdwnw==/com.detoxtest.test-PTjLerSnnCq3ezHGNgQ2_w==/base.apk:/data/app/~~Q3selsLMszuv_b2mEUpniQ==/com.detoxtest-VciIIW-zOMqp4ssF_UpNVw==/base.apk. target_sdk_version=35, uses_libraries=, library_path=/data/app/~~9JaVXc7Wx4o8-3faOCdwnw==/com.detoxtest.test-PTjLerSnnCq3ezHGNgQ2_w==/lib/arm64:/data/app/~~Q3selsLMszuv_b2mEUpniQ==/com.detoxtest-VciIIW-zOMqp4ssF_UpNVw==/lib/arm64:/data/app/~~9JaVXc7Wx4o8-3faOCdwnw==/com.detoxtest.test-PTjLerSnnCq3ezHGNgQ2_w==/base.apk!/lib/arm64-v8a:/data/app/~~Q3selsLMszuv_b2mEUpniQ==/com.detoxtest-VciIIW-zOMqp4ssF_UpNVw==/base.apk!/lib/arm64-v8a, permitted_path=/data:/mnt/expand:/data/user/0/com.detoxtest
12-17 17:54:16.472  9095  9095 V GraphicsEnvironment: ANGLE Developer option for 'com.detoxtest' set to: 'default'
12-17 17:54:16.475  9095  9095 V GraphicsEnvironment: ANGLE GameManagerService for com.detoxtest: false
12-17 17:54:16.477  9095  9095 V GraphicsEnvironment: Updatable production driver is not supported on the device.
12-17 17:54:16.490  9095  9095 D ApplicationLoaders: Returning zygote-cached class loader: /system/framework/android.test.base.jar
12-17 17:54:16.501  9095  9095 D nativeloader: Configuring clns-5 for other apk /system/framework/android.test.mock.jar. target_sdk_version=35, uses_libraries=ALL, library_path=/data/app/~~9JaVXc7Wx4o8-3faOCdwnw==/com.detoxtest.test-PTjLerSnnCq3ezHGNgQ2_w==/lib/arm64:/data/app/~~Q3selsLMszuv_b2mEUpniQ==/com.detoxtest-VciIIW-zOMqp4ssF_UpNVw==/lib/arm64, permitted_path=/data:/mnt/expand
12-17 17:54:16.501  9095  9095 D nativeloader: Extending system_exposed_libraries: libvraudio_client.qti.so:libbinauralrenderer_wrapper.qti.so:libhoaeffects.qti.so:libjni_helper.motocameradesktop.so:libimgTuner_jni.motoimagetuner.so:libmcf_native_window_helper.motocamera.so:libupdateprof.qti.so:libdiag_system.qti.so:libqape.qti.so:libqesdk_ndk_platform.qti.so:liblistenjni.qti.so
12-17 17:54:16.503  9095  9095 D ApplicationLoaders: Returning zygote-cached class loader: /system/framework/android.test.base.jar
12-17 17:54:16.505  9095  9095 D nativeloader: Configuring clns-6 for other apk /system/framework/android.test.runner.jar. target_sdk_version=35, uses_libraries=ALL, library_path=/data/app/~~9JaVXc7Wx4o8-3faOCdwnw==/com.detoxtest.test-PTjLerSnnCq3ezHGNgQ2_w==/lib/arm64:/data/app/~~Q3selsLMszuv_b2mEUpniQ==/com.detoxtest-VciIIW-zOMqp4ssF_UpNVw==/lib/arm64, permitted_path=/data:/mnt/expand
12-17 17:54:16.505  9095  9095 D nativeloader: Extending system_exposed_libraries: libvraudio_client.qti.so:libbinauralrenderer_wrapper.qti.so:libhoaeffects.qti.so:libjni_helper.motocameradesktop.so:libimgTuner_jni.motoimagetuner.so:libmcf_native_window_helper.motocamera.so:libupdateprof.qti.so:libdiag_system.qti.so:libqape.qti.so:libqesdk_ndk_platform.qti.so:liblistenjni.qti.so
12-17 17:54:16.843  9095  9095 D NetworkSecurityConfig: Using Network Security Config from resource network_security_config debugBuild: true
12-17 17:54:16.849  9095  9095 D NetworkSecurityConfig: Using Network Security Config from resource network_security_config debugBuild: true
12-17 17:54:16.850  9095  9095 I AndroidJUnitRunner: newApplication com.detoxtest.MainApplication
12-17 17:54:16.896  9095  9095 I AndroidJUnitRunner: onCreate Bundle[mParcelledData.dataSize=240]
12-17 17:54:16.909  9095  9095 D AndroidJUnitRunner: Use the raw file system for managing file I/O.
12-17 17:54:16.972  9095  9095 V TestEventClient: No service name argument was given (testDiscoveryService, testRunEventService or orchestratorService)
12-17 17:54:16.975  9095  9095 W SoLoader: Initializing SoLoader: 0
12-17 17:54:16.977  9095  9095 W SoLoader: Recording new base apk path: /data/app/~~Q3selsLMszuv_b2mEUpniQ==/com.detoxtest-VciIIW-zOMqp4ssF_UpNVw==/base.apk
12-17 17:54:16.977  9095  9095 W SoLoader: Previously recorded 0 base apk paths.
12-17 17:54:16.978  9095  9224 D AndroidJUnitRunner: onStart is called.
12-17 17:54:16.979  9095  9095 I SoLoader: Preparing SO source: DirectorySoSource[root = /vendor/lib64 flags = 2]
12-17 17:54:16.979  9095  9095 I SoLoader: Preparing SO source: DirectorySoSource[root = /system/lib64 flags = 2]
12-17 17:54:16.980  9095  9095 I SoLoader: Preparing SO source: DirectApkSoSource[root = [/data/app/~~Q3selsLMszuv_b2mEUpniQ==/com.detoxtest-VciIIW-zOMqp4ssF_UpNVw==/base.apk!/lib/arm64-v8a]]
12-17 17:54:16.989  9095  9095 I SoLoader: Preparing SO source: ApplicationSoSource[DirectorySoSource[root = /data/app/~~Q3selsLMszuv_b2mEUpniQ==/com.detoxtest-VciIIW-zOMqp4ssF_UpNVw==/lib/arm64 flags = 0]]
12-17 17:54:16.989  9095  9095 I SoLoader: init finish: 4 SO sources prepared
12-17 17:54:16.989  9095  9095 W SoLoader: SoLoader initialized: 8
12-17 17:54:17.056  9095  9095 D nativeloader: Load /data/app/~~Q3selsLMszuv_b2mEUpniQ==/com.detoxtest-VciIIW-zOMqp4ssF_UpNVw==/base.apk!/lib/arm64-v8a/libc++_shared.so using class loader ns clns-4 (caller=/data/app/~~Q3selsLMszuv_b2mEUpniQ==/com.detoxtest-VciIIW-zOMqp4ssF_UpNVw==/base.apk): ok
12-17 17:54:17.083  9095  9095 D nativeloader: Load /data/app/~~Q3selsLMszuv_b2mEUpniQ==/com.detoxtest-VciIIW-zOMqp4ssF_UpNVw==/base.apk!/lib/arm64-v8a/libjsi.so using class loader ns clns-4 (caller=/data/app/~~Q3selsLMszuv_b2mEUpniQ==/com.detoxtest-VciIIW-zOMqp4ssF_UpNVw==/base.apk): ok
12-17 17:54:17.087  9095  9095 D nativeloader: Load /data/app/~~Q3selsLMszuv_b2mEUpniQ==/com.detoxtest-VciIIW-zOMqp4ssF_UpNVw==/base.apk!/lib/arm64-v8a/libfbjni.so using class loader ns clns-4 (caller=/data/app/~~Q3selsLMszuv_b2mEUpniQ==/com.detoxtest-VciIIW-zOMqp4ssF_UpNVw==/base.apk): ok
12-17 17:54:17.218  9095  9095 D nativeloader: Load /data/app/~~Q3selsLMszuv_b2mEUpniQ==/com.detoxtest-VciIIW-zOMqp4ssF_UpNVw==/base.apk!/lib/arm64-v8a/libreactnative.so using class loader ns clns-4 (caller=/data/app/~~Q3selsLMszuv_b2mEUpniQ==/com.detoxtest-VciIIW-zOMqp4ssF_UpNVw==/base.apk): ok
12-17 17:54:17.224  9095  9095 D jni_lib_merge: Entering merged library JNI_OnLoad.
12-17 17:54:17.224  9095  9095 D jni_lib_merge: Preparing 12 pre-merged libs (including stub)
12-17 17:54:17.224  9095  9095 D jni_lib_merge: Preparing to register libfabricjni_so.  onload_func: 0x74c3299948
12-17 17:54:17.224  9095  9095 D jni_lib_merge: Preparing to register libreact_devsupportjni_so.  onload_func: 0x74c34af2a4
12-17 17:54:17.224  9095  9095 D jni_lib_merge: Preparing to register libreact_featureflagsjni_so.  onload_func: 0x74c34baf10
12-17 17:54:17.224  9095  9095 D jni_lib_merge: Preparing to register libreact_newarchdefaults_so.  onload_func: 0x74c3523eac
12-17 17:54:17.224  9095  9095 D jni_lib_merge: Preparing to register libreactnativeblob_so.  onload_func: 0x74c371495c
12-17 17:54:17.224  9095  9095 D jni_lib_merge: Preparing to register libreactnativejni_so.  onload_func: 0x74c3762114
12-17 17:54:17.224  9095  9095 D jni_lib_merge: Preparing to register libreactnativejni_common_so.  onload_func: 0x74c3772a9c
12-17 17:54:17.224  9095  9095 D jni_lib_merge: Preparing to register librninstance_so.  onload_func: 0x74c37a9250
12-17 17:54:17.224  9095  9095 D jni_lib_merge: Preparing to register libturbomodulejsijni_so.  onload_func: 0x74c38c0a24
12-17 17:54:17.224  9095  9095 D jni_lib_merge: Preparing to register libuimanagerjni_so.  onload_func: 0x74c38d9a74
12-17 17:54:17.224  9095  9095 D jni_lib_merge: Preparing to register libyoga_so.  onload_func: 0x74c38e94f8
12-17 17:54:17.224  9095  9095 D jni_lib_merge: About to register 11 actual methods.
12-17 17:54:17.294  9095  9095 D nativeloader: Load /data/app/~~Q3selsLMszuv_b2mEUpniQ==/com.detoxtest-VciIIW-zOMqp4ssF_UpNVw==/base.apk!/lib/arm64-v8a/libreact_codegen_rnscreens.so using class loader ns clns-4 (caller=/data/app/~~Q3selsLMszuv_b2mEUpniQ==/com.detoxtest-VciIIW-zOMqp4ssF_UpNVw==/base.apk): ok
12-17 17:54:17.294  9095  9095 D jni_lib_merge: Entering merged library JNI_OnLoad.
12-17 17:54:17.294  9095  9095 D jni_lib_merge: Preparing 12 pre-merged libs (including stub)
12-17 17:54:17.294  9095  9095 D jni_lib_merge: Preparing to register libfabricjni_so.  onload_func: 0x74c3299948
12-17 17:54:17.294  9095  9095 D jni_lib_merge: Preparing to register libreact_devsupportjni_so.  onload_func: 0x74c34af2a4
12-17 17:54:17.294  9095  9095 D jni_lib_merge: Preparing to register libreact_featureflagsjni_so.  onload_func: 0x74c34baf10
12-17 17:54:17.294  9095  9095 D jni_lib_merge: Preparing to register libreact_newarchdefaults_so.  onload_func: 0x74c3523eac
12-17 17:54:17.294  9095  9095 D jni_lib_merge: Preparing to register libreactnativeblob_so.  onload_func: 0x74c371495c
12-17 17:54:17.294  9095  9095 D jni_lib_merge: Preparing to register libreactnativejni_so.  onload_func: 0x74c3762114
12-17 17:54:17.294  9095  9095 D jni_lib_merge: Preparing to register libreactnativejni_common_so.  onload_func: 0x74c3772a9c
12-17 17:54:17.294  9095  9095 D jni_lib_merge: Preparing to register librninstance_so.  onload_func: 0x74c37a9250
12-17 17:54:17.294  9095  9095 D jni_lib_merge: Preparing to register libturbomodulejsijni_so.  onload_func: 0x74c38c0a24
12-17 17:54:17.294  9095  9095 D jni_lib_merge: Preparing to register libuimanagerjni_so.  onload_func: 0x74c38d9a74
12-17 17:54:17.294  9095  9095 D jni_lib_merge: Preparing to register libyoga_so.  onload_func: 0x74c38e94f8
12-17 17:54:17.294  9095  9095 D jni_lib_merge: About to register 11 actual methods.
12-17 17:54:17.308  9095  9095 D nativeloader: Load /data/app/~~Q3selsLMszuv_b2mEUpniQ==/com.detoxtest-VciIIW-zOMqp4ssF_UpNVw==/base.apk!/lib/arm64-v8a/libreact_codegen_safeareacontext.so using class loader ns clns-4 (caller=/data/app/~~Q3selsLMszuv_b2mEUpniQ==/com.detoxtest-VciIIW-zOMqp4ssF_UpNVw==/base.apk): ok
12-17 17:54:17.331  9095  9095 D nativeloader: Load /data/app/~~Q3selsLMszuv_b2mEUpniQ==/com.detoxtest-VciIIW-zOMqp4ssF_UpNVw==/base.apk!/lib/arm64-v8a/libappmodules.so using class loader ns clns-4 (caller=/data/app/~~Q3selsLMszuv_b2mEUpniQ==/com.detoxtest-VciIIW-zOMqp4ssF_UpNVw==/base.apk): ok
12-17 17:54:17.336  9095  9095 I Choreographer: Skipped 53 frames!  The application may be doing too much work on its main thread.
12-17 17:54:17.365  9095  9224 D TestRequestBuilder: Using class path scanning to discover tests
12-17 17:54:17.366  9095  9224 I TestRequestBuilder: Scanning classpath to find tests in paths [/data/app/~~9JaVXc7Wx4o8-3faOCdwnw==/com.detoxtest.test-PTjLerSnnCq3ezHGNgQ2_w==/base.apk]
12-17 17:54:17.369  9095  9224 W com.detoxtest: Opening an oat file without a class loader. Are you using the deprecated DexFile APIs?
12-17 17:54:18.024  9095  9224 I TestRunner: run started: 1 tests
12-17 17:54:18.026  9095  9224 I TestRunner: started: runDetoxTests(com.detoxtest.DetoxTest)
12-17 17:54:18.051  9095  9224 I Detox   : Detox server connection details: url=ws://localhost:61420, sessionId=9c791ad0-fcc5-0c81-e18a-6656f6b532ad
12-17 17:54:18.059  9095  9224 W FileTestStorage: Output properties is not supported.
12-17 17:54:18.059  9095  9224 I Tracing : Tracer added: class androidx.test.platform.tracing.AndroidXTracer
12-17 17:54:18.071  9095  9224 D EventInjectionStrategy: Creating injection strategy with input manager.
12-17 17:54:18.072  9095  9224 I com.detoxtest: hiddenapi: Accessing hidden method Landroid/hardware/input/InputManager;->getInstance()Landroid/hardware/input/InputManager; (runtime_flags=0, domain=platform, api=unsupported) from Landroidx/test/espresso/base/InputManagerEventInjectionStrategy; (domain=app) using reflection: allowed
12-17 17:54:18.072  9095  9224 I com.detoxtest: hiddenapi: Accessing hidden method Landroid/hardware/input/InputManager;->injectInputEvent(Landroid/view/InputEvent;I)Z (runtime_flags=0, domain=platform, api=unsupported) from Landroidx/test/espresso/base/InputManagerEventInjectionStrategy; (domain=app) using reflection: allowed
12-17 17:54:18.072  9095  9224 I com.detoxtest: hiddenapi: Accessing hidden field Landroid/hardware/input/InputManager;->INJECT_INPUT_EVENT_MODE_WAIT_FOR_FINISH:I (runtime_flags=0, domain=platform, api=unsupported) from Landroidx/test/espresso/base/InputManagerEventInjectionStrategy; (domain=app) using reflection: allowed
12-17 17:54:18.079  9095  9224 I com.detoxtest: hiddenapi: Accessing hidden field Ljava/lang/reflect/Field;->accessFlags:I (runtime_flags=0, domain=core-platform, api=unsupported) from Lorg/joor/Reflect; (domain=app) using reflection: allowed
12-17 17:54:18.083  9095  9224 I Detox   : Connecting to server...
12-17 17:54:18.083  9095  9224 I DetoxWSClient: At connectToServer
12-17 17:54:18.180  9095  9247 D DetoxWSClient: At onOpen
12-17 17:54:18.180  9095  9247 I DetoxWSClient: Sending out action 'login' (ID #0)
12-17 17:54:18.181  9095  9247 I Detox   : Connected to server!
12-17 17:54:18.190  9095  9247 D DetoxWSClient: Received action 'loginSuccess' (ID #0, params={"testerConnected":true,"appConnected":true})
12-17 17:54:18.190  9095  9243 I DetoxDispatcher: Handling action 'loginSuccess' (ID #0)...
12-17 17:54:18.190  9095  9243 I DetoxDispatcher: Done with action 'loginSuccess'
12-17 17:54:18.190  9095  9224 I Detox   : Launching the tested activity!
12-17 17:54:18.225  9095  9247 D DetoxWSClient: Received action 'isReady' (ID #-1000, params={})
12-17 17:54:18.225  9095  9243 I DetoxDispatcher: Handling action 'isReady' (ID #-1000)...
12-17 17:54:18.376  9095  9095 D AppCompatDelegate: Checking for metadata for AppLocalesMetadataHolderService : Service not found
12-17 17:54:18.385  9095  9095 D LifecycleMonitor: Lifecycle status change: com.detoxtest.MainActivity@f8ca986 in: PRE_ON_CREATE
12-17 17:54:18.440  9095  9095 D nativeloader: Load /data/app/~~Q3selsLMszuv_b2mEUpniQ==/com.detoxtest-VciIIW-zOMqp4ssF_UpNVw==/base.apk!/lib/arm64-v8a/libhermes.so using class loader ns clns-4 (caller=/data/app/~~Q3selsLMszuv_b2mEUpniQ==/com.detoxtest-VciIIW-zOMqp4ssF_UpNVw==/base.apk): ok
12-17 17:54:18.447  9095  9095 D nativeloader: Load /data/app/~~Q3selsLMszuv_b2mEUpniQ==/com.detoxtest-VciIIW-zOMqp4ssF_UpNVw==/base.apk!/lib/arm64-v8a/libhermestooling.so using class loader ns clns-4 (caller=/data/app/~~Q3selsLMszuv_b2mEUpniQ==/com.detoxtest-VciIIW-zOMqp4ssF_UpNVw==/base.apk): ok
12-17 17:54:18.447  9095  9095 D jni_lib_merge: Entering merged library JNI_OnLoad.
12-17 17:54:18.448  9095  9095 D jni_lib_merge: Preparing 4 pre-merged libs (including stub)
12-17 17:54:18.448  9095  9095 D jni_lib_merge: Preparing to register libhermes_executor_so.  onload_func: 0x74b3b349d4
12-17 17:54:18.448  9095  9095 D jni_lib_merge: Preparing to register libhermesinstancejni_so.  onload_func: 0x74b3b6978c
12-17 17:54:18.448  9095  9095 D jni_lib_merge: Preparing to register libjsijniprofiler_so.  onload_func: 0x74b3b6b788
12-17 17:54:18.448  9095  9095 D jni_lib_merge: About to register 3 actual methods.
12-17 17:54:18.606  9095  9095 E com.detoxtest: Invalid ID 0x00000000.
12-17 17:54:18.614  9095  9095 W unknown:BridgelessReact: ReactHost{0}.startSurface(surfaceId = 0): Schedule
12-17 17:54:18.615  9095  9095 W unknown:BridgelessReact: ReactHost{0}.attachSurface(surfaceId = 0)
12-17 17:54:18.617  9095  9269 W unknown:BridgelessReact: ReactHost{0}.getOrCreateReactInstanceTask()
12-17 17:54:18.617  9095  9269 W unknown:BridgelessReact: ReactHost{0}.getOrCreateReactInstanceTask(): Start
12-17 17:54:18.617  9095  9269 D Detox.RNMarker: REACT_BRIDGELESS_LOADING_START (null)
12-17 17:54:18.617  9095  9269 W unknown:BridgelessReact: ReactHost{0}.getJSBundleLoader()
12-17 17:54:18.617  9095  9269 W unknown:BridgelessReact: ReactHost{0}.isMetroRunning()
12-17 17:54:18.650  9095  9095 I com.detoxtest: hiddenapi: Accessing hidden method Landroid/view/ViewGroup;->makeOptionalFitsSystemWindows()V (runtime_flags=0, domain=platform, api=unsupported) from Landroidx/appcompat/widget/ViewUtils; (domain=app) using reflection: allowed
12-17 17:54:18.657  9095  9095 D LifecycleMonitor: Lifecycle status change: com.detoxtest.MainActivity@f8ca986 in: CREATED
12-17 17:54:18.659  9095  9095 D LifecycleMonitor: Lifecycle status change: com.detoxtest.MainActivity@f8ca986 in: STARTED
12-17 17:54:18.661  9095  9095 W unknown:BridgelessReact: ReactHost{0}.onHostResume(activity)
12-17 17:54:18.661  9095  9095 W unknown:ReactNative: Packager connection already open, nooping.
12-17 17:54:18.661  9095  9095 D LifecycleMonitor: Lifecycle status change: com.detoxtest.MainActivity@f8ca986 in: RESUMED
12-17 17:54:18.663  9095  9270 W unknown:BridgelessReact: ReactHost{0}.isMetroRunning(): Async result = true
12-17 17:54:18.664  9095  9269 W unknown:BridgelessReact: ReactHost{0}.loadJSBundleFromMetro()
12-17 17:54:18.668  9095  9269 D Detox.RNMarker: DOWNLOAD_START (null)
12-17 17:54:18.753  9095  9095 E unknown:ReactNative: Unable to display loading message because react activity isn't active, message: Loading from localhost:8081…
12-17 17:54:18.772  9095  9256 I AdrenoGLES-0: QUALCOMM build                   : 223000e821, I12e4aa4c5c
12-17 17:54:18.772  9095  9256 I AdrenoGLES-0: Build Date                       : 01/22/22
12-17 17:54:18.772  9095  9256 I AdrenoGLES-0: OpenGL ES Shader Compiler Version: EV031.32.02.17
12-17 17:54:18.772  9095  9256 I AdrenoGLES-0: Local Branch                     : 
12-17 17:54:18.772  9095  9256 I AdrenoGLES-0: Remote Branch                    : 
12-17 17:54:18.772  9095  9256 I AdrenoGLES-0: Remote Branch                    : 
12-17 17:54:18.772  9095  9256 I AdrenoGLES-0: Reconstruct Branch               : 
12-17 17:54:18.772  9095  9256 I AdrenoGLES-0: Build Config                     : S P 10.0.7 AArch64
12-17 17:54:18.772  9095  9256 I AdrenoGLES-0: Driver Path                      : /vendor/lib64/egl/libGLESv2_adreno.so
12-17 17:54:18.786  9095  9256 I AdrenoGLES-0: PFP: 0x016ee190, ME: 0x00000000
12-17 17:54:18.868  9095  9256 D hw-ProcessState: Binder ioctl to enable oneway spam detection failed: Invalid argument
12-17 17:54:19.045  9095  9095 W unknown:BridgelessReact: ReactHost{0}.raiseSoftException(onWindowFocusChange(hasFocus = "true")): Tried to access onWindowFocusChange while context is not ready
12-17 17:54:19.052  9095  9095 E unknown:ReactHost: Unhandled SoftException
12-17 17:54:19.052  9095  9095 E unknown:ReactHost: com.facebook.react.bridge.ReactNoCrashSoftException: raiseSoftException(onWindowFocusChange(hasFocus = "true")): Tried to access onWindowFocusChange while context is not ready
12-17 17:54:19.052  9095  9095 E unknown:ReactHost: 	at com.facebook.react.runtime.ReactHostImpl.raiseSoftException(ReactHostImpl.java:1038)
12-17 17:54:19.052  9095  9095 E unknown:ReactHost: 	at com.facebook.react.runtime.ReactHostImpl.raiseSoftException(ReactHostImpl.java:1031)
12-17 17:54:19.052  9095  9095 E unknown:ReactHost: 	at com.facebook.react.runtime.ReactHostImpl.onWindowFocusChange(ReactHostImpl.java:790)
12-17 17:54:19.052  9095  9095 E unknown:ReactHost: 	at com.facebook.react.ReactDelegate.onWindowFocusChanged(ReactDelegate.java:199)
12-17 17:54:19.052  9095  9095 E unknown:ReactHost: 	at com.facebook.react.ReactActivityDelegate.onWindowFocusChanged(ReactActivityDelegate.java:216)
12-17 17:54:19.052  9095  9095 E unknown:ReactHost: 	at com.facebook.react.ReactActivity.onWindowFocusChanged(ReactActivity.java:158)
12-17 17:54:19.052  9095  9095 E unknown:ReactHost: 	at androidx.appcompat.view.WindowCallbackWrapper.onWindowFocusChanged(WindowCallbackWrapper.java:124)
12-17 17:54:19.052  9095  9095 E unknown:ReactHost: 	at com.android.internal.policy.DecorView.onWindowFocusChanged(DecorView.java:1826)
12-17 17:54:19.052  9095  9095 E unknown:ReactHost: 	at android.view.View.dispatchWindowFocusChanged(View.java:14898)
12-17 17:54:19.052  9095  9095 E unknown:ReactHost: 	at android.view.ViewGroup.dispatchWindowFocusChanged(ViewGroup.java:1507)
12-17 17:54:19.052  9095  9095 E unknown:ReactHost: 	at android.view.ViewRootImpl.handleWindowFocusChanged(ViewRootImpl.java:3656)
12-17 17:54:19.052  9095  9095 E unknown:ReactHost: 	at android.view.ViewRootImpl.access$1200(ViewRootImpl.java:230)
12-17 17:54:19.052  9095  9095 E unknown:ReactHost: 	at android.view.ViewRootImpl$ViewRootHandler.handleMessageImpl(ViewRootImpl.java:5592)
12-17 17:54:19.052  9095  9095 E unknown:ReactHost: 	at android.view.ViewRootImpl$ViewRootHandler.handleMessage(ViewRootImpl.java:5492)
12-17 17:54:19.052  9095  9095 E unknown:ReactHost: 	at android.os.Handler.dispatchMessage(Handler.java:111)
12-17 17:54:19.052  9095  9095 E unknown:ReactHost: 	at android.os.Looper.loopOnce(Looper.java:238)
12-17 17:54:19.052  9095  9095 E unknown:ReactHost: 	at android.os.Looper.loop(Looper.java:357)
12-17 17:54:19.052  9095  9095 E unknown:ReactHost: 	at android.app.ActivityThread.main(ActivityThread.java:8090)
12-17 17:54:19.052  9095  9095 E unknown:ReactHost: 	at java.lang.reflect.Method.invoke(Native Method)
12-17 17:54:19.052  9095  9095 E unknown:ReactHost: 	at com.android.internal.os.RuntimeInit$MethodAndArgsCaller.run(RuntimeInit.java:548)
12-17 17:54:19.052  9095  9095 E unknown:ReactHost: 	at com.android.internal.os.ZygoteInit.main(ZygoteInit.java:1026)
12-17 17:54:20.088  9095  9270 D Detox.RNMarker: DOWNLOAD_END ({"url":"http:\/\/localhost:8081\/index.bundle?platform=android&dev=true&lazy=true&minify=false&app=com.detoxtest&modulesOnly=false&runModule=true&excludeSource=true&sourcePaths=url-server","filesChangedCount":0})
12-17 17:54:20.088  9095  9270 W unknown:BridgelessReact: ReactHost{0}.loadJSBundleFromMetro(): Creating BundleLoader
12-17 17:54:20.088  9095  9269 W unknown:BridgelessReact: ReactHost{0}.getOrCreateReactContext(): Creating BridgelessReactContext
12-17 17:54:20.089  9095  9269 W unknown:BridgelessReact: ReactHost{0}.getOrCreateReactInstanceTask(): Creating ReactInstance
12-17 17:54:20.171  9095  9269 W unknown:BridgelessReact: ReactHost{0}.getOrCreateReactInstanceTask(): Loading JS Bundle
12-17 17:54:20.172  9095  9269 W unknown:BridgelessReact: ReactHost{0}.getOrCreateReactInstanceTask(): Calling DevSupportManagerBase.onNewReactContextCreated(reactContext)
12-17 17:54:20.172  9095  9284 D Detox.RNMarker: RUN_JS_BUNDLE_START (/index.bundle?platform=android&dev=true&lazy=true&minify=false&app=com.detoxtest&modulesOnly=false&runModule=true&excludeSource=true&sourcePaths=url-server)
12-17 17:54:20.176  9095  9269 W unknown:BridgelessReact: ReactHost{0}.startSurface(surfaceId = 0): Execute
12-17 17:54:20.176  9095  9095 W unknown:ReactNative: Packager connection already open, nooping.
12-17 17:54:20.177  9095  9095 W unknown:BridgelessReact: ReactContext.onHostResume()
12-17 17:54:20.178  9095  9095 W unknown:BridgelessReact: ReactHost{0}.getOrCreateReactInstanceTask(): Executing ReactInstanceEventListeners
12-17 17:54:20.178  9095  9095 I DetoxRNLoading: Got new RN-context through listener
12-17 17:54:20.190  9095  9224 I DetoxRNIdleRes: Setting up Espresso Idling Resources for React Native
12-17 17:54:20.203  9095  9095 D DetoxRNHelpers: Native RN module resolution (class com.reactnativecommunity.asyncstorage.AsyncStorageModule): no registered module found
12-17 17:54:20.203  9095  9224 D IdlingRegistry: Registering idling resources: [com.wix.detox.reactnative.idlingresources.uimodule.fabric.FabricUIManagerIdlingResources@5c8dd5c]
12-17 17:54:20.203  9095  9224 D IdlingRegistry: Registering idling resources: [com.wix.detox.reactnative.idlingresources.animations.AnimatedModuleIdlingResource@b207865]
12-17 17:54:20.203  9095  9224 D IdlingRegistry: Registering idling resources: [com.wix.detox.reactnative.idlingresources.timers.FabricTimersIdlingResource@4a0393a]
12-17 17:54:20.203  9095  9224 D IdlingRegistry: Registering idling resources: [com.wix.detox.reactnative.idlingresources.network.NetworkIdlingResource@68439eb]
12-17 17:54:20.203  9095  9224 D IdlingRegistry: Registering idling resources: [com.wix.detox.reactnative.idlingresources.StabilizedIdlingResource@6b47348]
12-17 17:54:20.233  9095  9285 I com.detoxtest: hiddenapi: Accessing hidden method Landroid/os/MessageQueue;->next()Landroid/os/Message; (runtime_flags=0, domain=platform, api=unsupported) from Landroidx/test/espresso/base/Interrogator; (domain=app) using reflection: allowed
12-17 17:54:20.234  9095  9285 I com.detoxtest: hiddenapi: Accessing hidden field Landroid/os/MessageQueue;->mMessages:Landroid/os/Message; (runtime_flags=0, domain=platform, api=unsupported) from Landroidx/test/espresso/base/Interrogator; (domain=app) using reflection: allowed
12-17 17:54:20.234  9095  9285 I com.detoxtest: hiddenapi: Accessing hidden method Landroid/os/Message;->recycleUnchecked()V (runtime_flags=0, domain=platform, api=unsupported) from Landroidx/test/espresso/base/Interrogator; (domain=app) using reflection: allowed
12-17 17:54:20.532  9095  9095 D DetoxRNHelpers: Native RN module resolution (class com.reactnativecommunity.asyncstorage.AsyncStorageModule): no registered module found
12-17 17:54:20.533  9095  9095 I Choreographer: Skipped 38 frames!  The application may be doing too much work on its main thread.
12-17 17:54:20.600  9095  9285 I WebViewFactory: Loading com.google.android.webview version 143.0.7499.34 (code 749903433)
12-17 17:54:20.618  9095  9285 W com.detoxtest: Failed to find entry 'classes.dex': Entry not found
12-17 17:54:20.621  9095  9285 D nativeloader: Configuring clns-7 for other apk /data/app/~~RM1xaf5lo_QNw0WyFScwIQ==/com.google.android.trichromelibrary_749903433-L3I5A1EXlje8GYKm1jievg==/base.apk. target_sdk_version=36, uses_libraries=ALL, library_path=/data/app/~~5IHqvyW9MQDFVnFw1IuOJQ==/com.google.android.webview-vVFb-bX0AFCWRdqglOA3mQ==/lib/arm64:/data/app/~~5IHqvyW9MQDFVnFw1IuOJQ==/com.google.android.webview-vVFb-bX0AFCWRdqglOA3mQ==/base.apk!/lib/arm64-v8a:/data/app/~~RM1xaf5lo_QNw0WyFScwIQ==/com.google.android.trichromelibrary_749903433-L3I5A1EXlje8GYKm1jievg==/base.apk!/lib/arm64-v8a, permitted_path=/data:/mnt/expand
12-17 17:54:20.621  9095  9285 D nativeloader: Extending system_exposed_libraries: libvraudio_client.qti.so:libbinauralrenderer_wrapper.qti.so:libhoaeffects.qti.so:libjni_helper.motocameradesktop.so:libimgTuner_jni.motoimagetuner.so:libmcf_native_window_helper.motocamera.so:libupdateprof.qti.so:libdiag_system.qti.so:libqape.qti.so:libqesdk_ndk_platform.qti.so:liblistenjni.qti.so
12-17 17:54:20.636  9095  9285 D nativeloader: Configuring clns-8 for other apk /apex/com.android.extservices/javalib/android.ext.adservices.jar. target_sdk_version=36, uses_libraries=ALL, library_path=/data/app/~~5IHqvyW9MQDFVnFw1IuOJQ==/com.google.android.webview-vVFb-bX0AFCWRdqglOA3mQ==/lib/arm64:/data/app/~~5IHqvyW9MQDFVnFw1IuOJQ==/com.google.android.webview-vVFb-bX0AFCWRdqglOA3mQ==/base.apk!/lib/arm64-v8a:/data/app/~~RM1xaf5lo_QNw0WyFScwIQ==/com.google.android.trichromelibrary_749903433-L3I5A1EXlje8GYKm1jievg==/base.apk!/lib/arm64-v8a, permitted_path=/data:/mnt/expand
12-17 17:54:20.637  9095  9285 D nativeloader: Extending system_exposed_libraries: libvraudio_client.qti.so:libbinauralrenderer_wrapper.qti.so:libhoaeffects.qti.so:libjni_helper.motocameradesktop.so:libimgTuner_jni.motoimagetuner.so:libmcf_native_window_helper.motocamera.so:libupdateprof.qti.so:libdiag_system.qti.so:libqape.qti.so:libqesdk_ndk_platform.qti.so:liblistenjni.qti.so
12-17 17:54:20.638  9095  9285 D nativeloader: InitApexLibraries:
12-17 17:54:20.638  9095  9285 D nativeloader:   com_android_appsearch: libicing.so
12-17 17:54:20.638  9095  9285 D nativeloader:   com_android_art: libartservice.so
12-17 17:54:20.638  9095  9285 D nativeloader:   com_android_conscrypt: libjavacrypto.so
12-17 17:54:20.638  9095  9285 D nativeloader:   com_android_extservices: libtflite_support_classifiers_native.so
12-17 17:54:20.638  9095  9285 D nativeloader:   com_android_os_statsd: libstats_jni.so
12-17 17:54:20.638  9095  9285 D nativeloader:   com_android_tethering: libandroid_net_connectivity_com_android_net_module_util_jni.so:libframework-connectivity-jni.so:libframework-connectivity-tiramisu-jni.so:libmainlinecronet.139.0.7205.3.so:libservice-connectivity.so:libservice-thread-jni.so:stable_cronet_libcrypto.so:stable_cronet_libssl.so
12-17 17:54:20.638  9095  9285 D nativeloader:   com_android_wifi: libservice-wifi-jni.so
12-17 17:54:20.653  9095  9285 D nativeloader: Configuring clns-9 for other apk /data/app/~~5IHqvyW9MQDFVnFw1IuOJQ==/com.google.android.webview-vVFb-bX0AFCWRdqglOA3mQ==/base.apk. target_sdk_version=36, uses_libraries=, library_path=/data/app/~~5IHqvyW9MQDFVnFw1IuOJQ==/com.google.android.webview-vVFb-bX0AFCWRdqglOA3mQ==/lib/arm64:/data/app/~~5IHqvyW9MQDFVnFw1IuOJQ==/com.google.android.webview-vVFb-bX0AFCWRdqglOA3mQ==/base.apk!/lib/arm64-v8a:/data/app/~~RM1xaf5lo_QNw0WyFScwIQ==/com.google.android.trichromelibrary_749903433-L3I5A1EXlje8GYKm1jievg==/base.apk!/lib/arm64-v8a, permitted_path=/data:/mnt/expand
12-17 17:54:20.661  9095  9284 W unknown:ViewManagerPropertyUpdater: Could not find generated setter for class com.th3rdwave.safeareacontext.SafeAreaProviderManager
12-17 17:54:20.665  9095  9284 W unknown:ViewManagerPropertyUpdater: Could not find generated setter for class com.facebook.react.uimanager.LayoutShadowNode
12-17 17:54:20.668  9095  9284 W unknown:ViewManagerPropertyUpdater: Could not find generated setter for class com.swmansion.rnscreens.SearchBarManager
12-17 17:54:20.669  9095  9284 W unknown:ViewManagerPropertyUpdater: Could not find generated setter for class com.swmansion.rnscreens.ScreenFooterManager
12-17 17:54:20.670  9095  9284 W unknown:ViewManagerPropertyUpdater: Could not find generated setter for class com.swmansion.rnscreens.gamma.tabs.TabScreenViewManager
12-17 17:54:20.671  9095  9284 W unknown:ViewManagerPropertyUpdater: Could not find generated setter for class com.swmansion.rnscreens.ScreenContainerViewManager
12-17 17:54:20.672  9095  9284 W unknown:ViewManagerPropertyUpdater: Could not find generated setter for class com.swmansion.rnscreens.gamma.tabs.TabsHostViewManager
12-17 17:54:20.673  9095  9284 W unknown:ViewManagerPropertyUpdater: Could not find generated setter for class com.swmansion.rnscreens.ModalScreenViewManager
12-17 17:54:20.675  9095  9284 W unknown:ViewManagerPropertyUpdater: Could not find generated setter for class com.swmansion.rnscreens.ScreenStackHeaderConfigViewManager
12-17 17:54:20.676  9095  9284 W unknown:ViewManagerPropertyUpdater: Could not find generated setter for class com.swmansion.rnscreens.ScreenContentWrapperManager
12-17 17:54:20.677  9095  9284 W unknown:ViewManagerPropertyUpdater: Could not find generated setter for class com.th3rdwave.safeareacontext.SafeAreaViewManager
12-17 17:54:20.679  9095  9284 W unknown:ViewManagerPropertyUpdater: Could not find generated setter for class com.th3rdwave.safeareacontext.SafeAreaViewShadowNode
12-17 17:54:20.687  9095  9284 W unknown:ViewManagerPropertyUpdater: Could not find generated setter for class com.swmansion.rnscreens.safearea.SafeAreaViewManager
12-17 17:54:20.687  9095  9284 W unknown:ViewManagerPropertyUpdater: Could not find generated setter for class com.swmansion.rnscreens.safearea.paper.SafeAreaViewShadowNode
12-17 17:54:20.688  9095  9284 W unknown:ViewManagerPropertyUpdater: Could not find generated setter for class com.swmansion.rnscreens.ScreenViewManager
12-17 17:54:20.689  9095  9284 W unknown:ViewManagerPropertyUpdater: Could not find generated setter for class com.swmansion.rnscreens.ScreenStackHeaderSubviewManager
12-17 17:54:20.690  9095  9284 W unknown:ViewManagerPropertyUpdater: Could not find generated setter for class com.swmansion.rnscreens.ScreenStackViewManager
12-17 17:54:20.711  9095  9285 I cr_WVCFactoryProvider: version=143.0.7499.34 (749903433) minSdkVersion=29 multiprocess=true packageId=127 splits=<none>
12-17 17:54:20.716  9095  9285 D nativeloader: Load /data/app/~~RM1xaf5lo_QNw0WyFScwIQ==/com.google.android.trichromelibrary_749903433-L3I5A1EXlje8GYKm1jievg==/base.apk!/lib/arm64-v8a/libmonochrome_64.so using class loader ns clns-9 (caller=/data/app/~~5IHqvyW9MQDFVnFw1IuOJQ==/com.google.android.webview-vVFb-bX0AFCWRdqglOA3mQ==/base.apk): ok
12-17 17:54:20.719  9095  9285 D nativeloader: Load /system/lib64/libwebviewchromium_plat_support.so using class loader ns clns-9 (caller=/data/app/~~5IHqvyW9MQDFVnFw1IuOJQ==/com.google.android.webview-vVFb-bX0AFCWRdqglOA3mQ==/base.apk): ok
12-17 17:54:20.736  9095  9293 I chromium: [1217/175420.731927:INFO:android_webview/browser/variations/variations_seed_loader.cc:67] Failed to open file for reading.: No such file or directory (2)
12-17 17:54:20.740  9095  9293 I chromium: [INFO:android_webview/browser/variations/variations_seed_loader.cc:67] Failed to open file for reading.: No such file or directory (2)
12-17 17:54:20.750  9095  9285 I cr_LibraryLoader: Successfully loaded native library
12-17 17:54:20.753  9095  9284 W unknown:ViewManagerPropertyUpdater: Could not find generated setter for class com.facebook.react.views.debuggingoverlay.DebuggingOverlayManager
12-17 17:54:20.755  9095  9285 I cr_CachingUmaRecorder: Flushed 16 samples from 16 histograms, 0 samples were dropped.
12-17 17:54:20.760  9095  9284 W unknown:ViewManagerPropertyUpdater: Could not find generated setter for class com.swmansion.gesturehandler.react.RNGestureHandlerButtonViewManager
12-17 17:54:20.766  9095  9284 W unknown:ViewManagerPropertyUpdater: Could not find generated setter for class com.facebook.react.views.safeareaview.ReactSafeAreaViewManager
12-17 17:54:20.767  9095  9284 W unknown:ViewManagerPropertyUpdater: Could not find generated setter for class com.facebook.react.views.safeareaview.ReactSafeAreaViewShadowNode
12-17 17:54:20.772  9095  9284 W unknown:ViewManagerPropertyUpdater: Could not find generated setter for class com.facebook.react.views.modal.ReactModalHostManager
12-17 17:54:20.778  9095  9284 W unknown:ViewManagerPropertyUpdater: Could not find generated setter for class com.facebook.react.views.text.frescosupport.FrescoBasedReactTextInlineImageViewManager
12-17 17:54:20.779  9095  9284 W unknown:ViewManagerPropertyUpdater: Could not find generated setter for class com.facebook.react.views.text.frescosupport.FrescoBasedReactTextInlineImageShadowNode
12-17 17:54:20.785  9095  9284 W unknown:ViewManagerPropertyUpdater: Could not find generated setter for class com.facebook.react.views.progressbar.ReactProgressBarViewManager
12-17 17:54:20.786  9095  9284 W unknown:ViewManagerPropertyUpdater: Could not find generated setter for class com.facebook.react.views.progressbar.ProgressBarShadowNode
12-17 17:54:20.792  9095  9284 W unknown:ViewManagerPropertyUpdater: Could not find generated setter for class com.facebook.react.views.scroll.ReactHorizontalScrollViewManager
12-17 17:54:20.800  9095  9284 W unknown:ViewManagerPropertyUpdater: Could not find generated setter for class com.facebook.react.views.image.ReactImageManager
12-17 17:54:20.808  9095  9284 W unknown:ViewManagerPropertyUpdater: Could not find generated setter for class com.facebook.react.views.text.ReactTextViewManager
12-17 17:54:20.809  9095  9284 W unknown:ViewManagerPropertyUpdater: Could not find generated setter for class com.facebook.react.views.text.ReactTextShadowNode
12-17 17:54:20.816  9095  9284 W unknown:ViewManagerPropertyUpdater: Could not find generated setter for class com.facebook.react.views.scroll.ReactHorizontalScrollContainerViewManager
12-17 17:54:20.823  9095  9284 W unknown:ViewManagerPropertyUpdater: Could not find generated setter for class com.facebook.react.views.unimplementedview.ReactUnimplementedViewManager
12-17 17:54:20.830  9095  9284 W unknown:ViewManagerPropertyUpdater: Could not find generated setter for class com.facebook.react.views.scroll.ReactScrollViewManager
12-17 17:54:20.837  9095  9284 W unknown:ViewManagerPropertyUpdater: Could not find generated setter for class com.facebook.react.views.view.ReactViewManager
12-17 17:54:20.844  9095  9284 W unknown:ViewManagerPropertyUpdater: Could not find generated setter for class com.facebook.react.views.drawer.ReactDrawerLayoutManager
12-17 17:54:20.851  9095  9284 W unknown:ViewManagerPropertyUpdater: Could not find generated setter for class com.facebook.react.views.switchview.ReactSwitchManager
12-17 17:54:20.852  9095  9284 W unknown:ViewManagerPropertyUpdater: Could not find generated setter for class com.facebook.react.views.switchview.ReactSwitchShadowNode
12-17 17:54:20.857  9095  9284 W unknown:ViewManagerPropertyUpdater: Could not find generated setter for class com.facebook.react.views.text.ReactVirtualTextViewManager
12-17 17:54:20.858  9095  9284 W unknown:ViewManagerPropertyUpdater: Could not find generated setter for class com.facebook.react.views.text.ReactVirtualTextShadowNode
12-17 17:54:20.864  9095  9284 W unknown:ViewManagerPropertyUpdater: Could not find generated setter for class com.facebook.react.views.swiperefresh.SwipeRefreshLayoutManager
12-17 17:54:20.870  9095  9284 W unknown:ViewManagerPropertyUpdater: Could not find generated setter for class com.facebook.react.views.text.ReactRawTextManager
12-17 17:54:20.870  9095  9284 W unknown:ViewManagerPropertyUpdater: Could not find generated setter for class com.facebook.react.views.text.ReactRawTextShadowNode
12-17 17:54:20.874  9095  9284 W unknown:ViewManagerPropertyUpdater: Could not find generated setter for class com.facebook.react.views.textinput.ReactTextInputManager
12-17 17:54:20.876  9095  9284 W unknown:ViewManagerPropertyUpdater: Could not find generated setter for class com.facebook.react.views.textinput.ReactTextInputShadowNode
12-17 17:54:20.884  9095  9284 W unknown:ViewManagerPropertyUpdater: Could not find generated setter for class com.swmansion.gesturehandler.react.RNGestureHandlerRootViewManager
12-17 17:54:21.039  9095  9284 D Detox.RNMarker: RUN_JS_BUNDLE_END (/index.bundle?platform=android&dev=true&lazy=true&minify=false&app=com.detoxtest&modulesOnly=false&runModule=true&excludeSource=true&sourcePaths=url-server)
12-17 17:54:21.052  9095  9284 I ReactNativeJS: Running "DetoxTest" with {"rootTag":11,"initialProps":{},"fabric":true}
12-17 17:54:21.252  9095  9095 W UiControllerImpl: Waiting for: DYNAMIC_TASKS_HAVE_IDLED for 100 iterations.
12-17 17:54:21.309  9095  9284 V AsyncStorageExpoMigration: No scoped database found
12-17 17:54:21.727  9095  9114 I com.detoxtest: NativeAlloc concurrent copying GC freed 24MB AllocSpace bytes, 11(544KB) LOS objects, 49% free, 8325KB/16MB, paused 110us,31us total 164.073ms
12-17 17:54:21.855  9095  9095 D Detox.RNMarker: CONTENT_APPEARED (DetoxTest)
12-17 17:54:21.857  9095  9284 I ReactNativeJS: Store rehydrated successfully
12-17 17:54:22.069  9095  9095 W UiControllerImpl: Waiting for: DYNAMIC_TASKS_HAVE_IDLED for 200 iterations.
12-17 17:54:22.163  9095  9284 D nativeloader: Load /data/app/~~Q3selsLMszuv_b2mEUpniQ==/com.detoxtest-VciIIW-zOMqp4ssF_UpNVw==/base.apk!/lib/arm64-v8a/librnscreens.so using class loader ns clns-4 (caller=/data/app/~~Q3selsLMszuv_b2mEUpniQ==/com.detoxtest-VciIIW-zOMqp4ssF_UpNVw==/base.apk!classes14.dex): ok
12-17 17:54:22.641  9095  9095 D CompatibilityChangeReporter: Compat change id reported: 171228096; UID 10956; state: ENABLED
12-17 17:54:22.642  9095  9095 I com.detoxtest: hiddenapi: Accessing hidden field Landroid/widget/ScrollView;->mScroller:Landroid/widget/OverScroller; (runtime_flags=0, domain=platform, api=unsupported) from Lcom/facebook/react/views/scroll/ReactScrollView; (domain=app) using reflection: allowed
12-17 17:54:22.733  9095  9437 D ProfileInstaller: Installing profile for com.detoxtest
12-17 17:54:22.784  9095  9095 I ReactNative: [GESTURE HANDLER] Initialize gesture handler for root view com.facebook.react.runtime.ReactSurfaceView{c961964 V.E...... ......ID 0,0-1080,2225 #b}
12-17 17:54:22.954  9095  9284 D Detox.RNMarker: REACT_BRIDGELESS_LOADING_END (null)
12-17 17:54:22.960  9095  9443 D nativeloader: Load /data/app/~~Q3selsLMszuv_b2mEUpniQ==/com.detoxtest-VciIIW-zOMqp4ssF_UpNVw==/base.apk!/lib/arm64-v8a/libimagepipeline.so using class loader ns clns-4 (caller=/data/app/~~Q3selsLMszuv_b2mEUpniQ==/com.detoxtest-VciIIW-zOMqp4ssF_UpNVw==/base.apk): ok
12-17 17:54:22.982  9095  9284 D nativeloader: Load /data/app/~~Q3selsLMszuv_b2mEUpniQ==/com.detoxtest-VciIIW-zOMqp4ssF_UpNVw==/base.apk!/lib/arm64-v8a/libgesturehandler.so using class loader ns clns-4 (caller=/data/app/~~Q3selsLMszuv_b2mEUpniQ==/com.detoxtest-VciIIW-zOMqp4ssF_UpNVw==/base.apk): ok
12-17 17:54:22.982  9095  9284 D jni_lib_merge: Entering merged library JNI_OnLoad.
12-17 17:54:22.982  9095  9284 D jni_lib_merge: Preparing 12 pre-merged libs (including stub)
12-17 17:54:22.982  9095  9284 D jni_lib_merge: Preparing to register libfabricjni_so.  onload_func: 0x74c3299948
12-17 17:54:22.982  9095  9284 D jni_lib_merge: Preparing to register libreact_devsupportjni_so.  onload_func: 0x74c34af2a4
12-17 17:54:22.982  9095  9284 D jni_lib_merge: Preparing to register libreact_featureflagsjni_so.  onload_func: 0x74c34baf10
12-17 17:54:22.982  9095  9284 D jni_lib_merge: Preparing to register libreact_newarchdefaults_so.  onload_func: 0x74c3523eac
12-17 17:54:22.982  9095  9284 D jni_lib_merge: Preparing to register libreactnativeblob_so.  onload_func: 0x74c371495c
12-17 17:54:22.982  9095  9284 D jni_lib_merge: Preparing to register libreactnativejni_so.  onload_func: 0x74c3762114
12-17 17:54:22.982  9095  9284 D jni_lib_merge: Preparing to register libreactnativejni_common_so.  onload_func: 0x74c3772a9c
12-17 17:54:22.982  9095  9284 D jni_lib_merge: Preparing to register librninstance_so.  onload_func: 0x74c37a9250
12-17 17:54:22.982  9095  9284 D jni_lib_merge: Preparing to register libturbomodulejsijni_so.  onload_func: 0x74c38c0a24
12-17 17:54:22.982  9095  9284 D jni_lib_merge: Preparing to register libuimanagerjni_so.  onload_func: 0x74c38d9a74
12-17 17:54:22.982  9095  9284 D jni_lib_merge: Preparing to register libyoga_so.  onload_func: 0x74c38e94f8
12-17 17:54:22.982  9095  9284 D jni_lib_merge: About to register 11 actual methods.
12-17 17:54:23.354  9095  9127 I OpenGLRenderer: Davey! duration=9223298627005ms; Flags=0, FrameTimelineVsyncId=2449891, IntendedVsync=73409847049135, Vsync=73409847049135, InputEventId=0, HandleInputStart=73409847922567, AnimationStart=73409847925223, PerformTraversalsStart=73409848467723, DrawStart=73409848833973, FrameDeadline=73409871049134, FrameInterval=73409847915692, FrameStartTime=8333333, SyncQueued=73409849187150, SyncStart=73409851814598, IssueDrawCommandsStart=73409851928713, SwapBuffers=73409877603507, FrameCompleted=9223372036854775807, DequeueBufferDuration=5483438, QueueBufferDuration=1150521, GpuCompleted=9223372036854775807, SwapBuffersCompleted=73409879137934, DisplayPresentTime=0, 
12-17 17:54:23.404  9095  9095 W UiControllerImpl: Waiting for: DYNAMIC_TASKS_HAVE_IDLED for 400 iterations.
12-17 17:54:24.229  9095  9095 W UiControllerImpl: Waiting for: DYNAMIC_TASKS_HAVE_IDLED for 500 iterations.
12-17 17:54:25.062  9095  9095 W UiControllerImpl: Waiting for: DYNAMIC_TASKS_HAVE_IDLED for 600 iterations.
12-17 17:54:25.541  9095  9095 I Detox   : Wait is over: App is now idle!
12-17 17:54:25.542  9095  9243 I DetoxWSClient: Sending out action 'ready' (ID #-1000)
12-17 17:54:25.542  9095  9243 I DetoxDispatcher: Done with action 'isReady'
