--------- beginning of main
12-17 17:19:07.933 25851 25851 I com.detoxtest: Late-enabling -Xcheck:jni
12-17 17:19:07.963 25851 25851 I com.detoxtest: Using CollectorTypeCC GC.
12-17 17:19:08.000 25851 25851 D ProcessState: Binder ioctl to enable oneway spam detection failed: Invalid argument
12-17 17:19:08.020 25851 25851 I ActivityThread: Relaunch all activities: onCoreSettingsChange
12-17 17:19:08.021 25851 25851 D CompatibilityChangeReporter: Compat change id reported: 171979766; UID 10948; state: ENABLED
--------- beginning of system
12-17 17:19:08.030 25851 25851 W ActivityThread: Package uses different ABI(s) than its instrumentation: package[com.detoxtest]: arm64-v8a, null instrumentation[com.detoxtest.test]: null, null
12-17 17:19:08.379 25851 25851 D nativeloader: Configuring clns-4 for other apk /system/framework/android.test.runner.jar:/system/framework/android.test.mock.jar:/system/framework/android.test.base.jar:/data/app/~~FvFf2XjDqCGrCCjeOog8CA==/com.detoxtest.test-tdXEAf2XJiphn8FQbQKRlQ==/base.apk:/data/app/~~3V1coSRBqt2RWy3bwvH4vQ==/com.detoxtest-LNngLjaKJZ7_I2LxVtXLtA==/base.apk. target_sdk_version=35, uses_libraries=, library_path=/data/app/~~FvFf2XjDqCGrCCjeOog8CA==/com.detoxtest.test-tdXEAf2XJiphn8FQbQKRlQ==/lib/arm64:/data/app/~~3V1coSRBqt2RWy3bwvH4vQ==/com.detoxtest-LNngLjaKJZ7_I2LxVtXLtA==/lib/arm64:/data/app/~~FvFf2XjDqCGrCCjeOog8CA==/com.detoxtest.test-tdXEAf2XJiphn8FQbQKRlQ==/base.apk!/lib/arm64-v8a:/data/app/~~3V1coSRBqt2RWy3bwvH4vQ==/com.detoxtest-LNngLjaKJZ7_I2LxVtXLtA==/base.apk!/lib/arm64-v8a, permitted_path=/data:/mnt/expand:/data/user/0/com.detoxtest
12-17 17:19:08.389 25851 25851 V GraphicsEnvironment: ANGLE Developer option for 'com.detoxtest' set to: 'default'
12-17 17:19:08.390 25851 25851 V GraphicsEnvironment: ANGLE GameManagerService for com.detoxtest: false
12-17 17:19:08.390 25851 25851 V GraphicsEnvironment: Updatable production driver is not supported on the device.
12-17 17:19:08.393 25851 25851 D ApplicationLoaders: Returning zygote-cached class loader: /system/framework/android.test.base.jar
12-17 17:19:08.395 25851 25851 D nativeloader: Configuring clns-5 for other apk /system/framework/android.test.mock.jar. target_sdk_version=35, uses_libraries=ALL, library_path=/data/app/~~FvFf2XjDqCGrCCjeOog8CA==/com.detoxtest.test-tdXEAf2XJiphn8FQbQKRlQ==/lib/arm64:/data/app/~~3V1coSRBqt2RWy3bwvH4vQ==/com.detoxtest-LNngLjaKJZ7_I2LxVtXLtA==/lib/arm64, permitted_path=/data:/mnt/expand
12-17 17:19:08.395 25851 25851 D nativeloader: Extending system_exposed_libraries: libvraudio_client.qti.so:libbinauralrenderer_wrapper.qti.so:libhoaeffects.qti.so:libjni_helper.motocameradesktop.so:libimgTuner_jni.motoimagetuner.so:libmcf_native_window_helper.motocamera.so:libupdateprof.qti.so:libdiag_system.qti.so:libqape.qti.so:libqesdk_ndk_platform.qti.so:liblistenjni.qti.so
12-17 17:19:08.398 25851 25851 D ApplicationLoaders: Returning zygote-cached class loader: /system/framework/android.test.base.jar
12-17 17:19:08.401 25851 25851 D nativeloader: Configuring clns-6 for other apk /system/framework/android.test.runner.jar. target_sdk_version=35, uses_libraries=ALL, library_path=/data/app/~~FvFf2XjDqCGrCCjeOog8CA==/com.detoxtest.test-tdXEAf2XJiphn8FQbQKRlQ==/lib/arm64:/data/app/~~3V1coSRBqt2RWy3bwvH4vQ==/com.detoxtest-LNngLjaKJZ7_I2LxVtXLtA==/lib/arm64, permitted_path=/data:/mnt/expand
12-17 17:19:08.401 25851 25851 D nativeloader: Extending system_exposed_libraries: libvraudio_client.qti.so:libbinauralrenderer_wrapper.qti.so:libhoaeffects.qti.so:libjni_helper.motocameradesktop.so:libimgTuner_jni.motoimagetuner.so:libmcf_native_window_helper.motocamera.so:libupdateprof.qti.so:libdiag_system.qti.so:libqape.qti.so:libqesdk_ndk_platform.qti.so:liblistenjni.qti.so
12-17 17:19:08.725 25851 25851 D NetworkSecurityConfig: Using Network Security Config from resource network_security_config debugBuild: true
12-17 17:19:08.727 25851 25851 D NetworkSecurityConfig: Using Network Security Config from resource network_security_config debugBuild: true
12-17 17:19:08.727 25851 25851 I AndroidJUnitRunner: newApplication com.detoxtest.MainApplication
12-17 17:19:08.752 25851 25851 I AndroidJUnitRunner: onCreate Bundle[mParcelledData.dataSize=240]
12-17 17:19:08.754 25851 25851 D AndroidJUnitRunner: Use the raw file system for managing file I/O.
12-17 17:19:08.802 25851 25851 V TestEventClient: No service name argument was given (testDiscoveryService, testRunEventService or orchestratorService)
12-17 17:19:08.803 25851 25874 D AndroidJUnitRunner: onStart is called.
12-17 17:19:08.805 25851 25851 W SoLoader: Initializing SoLoader: 0
12-17 17:19:08.806 25851 25851 W SoLoader: Recording new base apk path: /data/app/~~3V1coSRBqt2RWy3bwvH4vQ==/com.detoxtest-LNngLjaKJZ7_I2LxVtXLtA==/base.apk
12-17 17:19:08.806 25851 25851 W SoLoader: Previously recorded 0 base apk paths.
12-17 17:19:08.808 25851 25851 I SoLoader: Preparing SO source: DirectorySoSource[root = /vendor/lib64 flags = 2]
12-17 17:19:08.808 25851 25851 I SoLoader: Preparing SO source: DirectorySoSource[root = /system/lib64 flags = 2]
12-17 17:19:08.808 25851 25851 I SoLoader: Preparing SO source: DirectApkSoSource[root = [/data/app/~~3V1coSRBqt2RWy3bwvH4vQ==/com.detoxtest-LNngLjaKJZ7_I2LxVtXLtA==/base.apk!/lib/arm64-v8a]]
12-17 17:19:08.826 25851 25851 I SoLoader: Preparing SO source: ApplicationSoSource[DirectorySoSource[root = /data/app/~~3V1coSRBqt2RWy3bwvH4vQ==/com.detoxtest-LNngLjaKJZ7_I2LxVtXLtA==/lib/arm64 flags = 0]]
12-17 17:19:08.826 25851 25851 I SoLoader: init finish: 4 SO sources prepared
12-17 17:19:08.826 25851 25851 W SoLoader: SoLoader initialized: 8
12-17 17:19:08.847 25851 25851 D nativeloader: Load /data/app/~~3V1coSRBqt2RWy3bwvH4vQ==/com.detoxtest-LNngLjaKJZ7_I2LxVtXLtA==/base.apk!/lib/arm64-v8a/libc++_shared.so using class loader ns clns-4 (caller=/data/app/~~3V1coSRBqt2RWy3bwvH4vQ==/com.detoxtest-LNngLjaKJZ7_I2LxVtXLtA==/base.apk): ok
12-17 17:19:08.855 25851 25851 D nativeloader: Load /data/app/~~3V1coSRBqt2RWy3bwvH4vQ==/com.detoxtest-LNngLjaKJZ7_I2LxVtXLtA==/base.apk!/lib/arm64-v8a/libjsi.so using class loader ns clns-4 (caller=/data/app/~~3V1coSRBqt2RWy3bwvH4vQ==/com.detoxtest-LNngLjaKJZ7_I2LxVtXLtA==/base.apk): ok
12-17 17:19:08.859 25851 25851 D nativeloader: Load /data/app/~~3V1coSRBqt2RWy3bwvH4vQ==/com.detoxtest-LNngLjaKJZ7_I2LxVtXLtA==/base.apk!/lib/arm64-v8a/libfbjni.so using class loader ns clns-4 (caller=/data/app/~~3V1coSRBqt2RWy3bwvH4vQ==/com.detoxtest-LNngLjaKJZ7_I2LxVtXLtA==/base.apk): ok
12-17 17:19:08.902 25851 25851 D nativeloader: Load /data/app/~~3V1coSRBqt2RWy3bwvH4vQ==/com.detoxtest-LNngLjaKJZ7_I2LxVtXLtA==/base.apk!/lib/arm64-v8a/libreactnative.so using class loader ns clns-4 (caller=/data/app/~~3V1coSRBqt2RWy3bwvH4vQ==/com.detoxtest-LNngLjaKJZ7_I2LxVtXLtA==/base.apk): ok
12-17 17:19:08.904 25851 25851 D jni_lib_merge: Entering merged library JNI_OnLoad.
12-17 17:19:08.904 25851 25851 D jni_lib_merge: Preparing 12 pre-merged libs (including stub)
12-17 17:19:08.904 25851 25851 D jni_lib_merge: Preparing to register libfabricjni_so.  onload_func: 0x74c6073948
12-17 17:19:08.904 25851 25851 D jni_lib_merge: Preparing to register libreact_devsupportjni_so.  onload_func: 0x74c62892a4
12-17 17:19:08.904 25851 25851 D jni_lib_merge: Preparing to register libreact_featureflagsjni_so.  onload_func: 0x74c6294f10
12-17 17:19:08.904 25851 25851 D jni_lib_merge: Preparing to register libreact_newarchdefaults_so.  onload_func: 0x74c62fdeac
12-17 17:19:08.904 25851 25851 D jni_lib_merge: Preparing to register libreactnativeblob_so.  onload_func: 0x74c64ee95c
12-17 17:19:08.904 25851 25851 D jni_lib_merge: Preparing to register libreactnativejni_so.  onload_func: 0x74c653c114
12-17 17:19:08.904 25851 25851 D jni_lib_merge: Preparing to register libreactnativejni_common_so.  onload_func: 0x74c654ca9c
12-17 17:19:08.904 25851 25851 D jni_lib_merge: Preparing to register librninstance_so.  onload_func: 0x74c6583250
12-17 17:19:08.904 25851 25851 D jni_lib_merge: Preparing to register libturbomodulejsijni_so.  onload_func: 0x74c669aa24
12-17 17:19:08.904 25851 25851 D jni_lib_merge: Preparing to register libuimanagerjni_so.  onload_func: 0x74c66b3a74
12-17 17:19:08.904 25851 25851 D jni_lib_merge: Preparing to register libyoga_so.  onload_func: 0x74c66c34f8
12-17 17:19:08.904 25851 25851 D jni_lib_merge: About to register 11 actual methods.
12-17 17:19:08.922 25851 25851 D nativeloader: Load /data/app/~~3V1coSRBqt2RWy3bwvH4vQ==/com.detoxtest-LNngLjaKJZ7_I2LxVtXLtA==/base.apk!/lib/arm64-v8a/libreact_codegen_rnscreens.so using class loader ns clns-4 (caller=/data/app/~~3V1coSRBqt2RWy3bwvH4vQ==/com.detoxtest-LNngLjaKJZ7_I2LxVtXLtA==/base.apk): ok
12-17 17:19:08.922 25851 25851 D jni_lib_merge: Entering merged library JNI_OnLoad.
12-17 17:19:08.922 25851 25851 D jni_lib_merge: Preparing 12 pre-merged libs (including stub)
12-17 17:19:08.922 25851 25851 D jni_lib_merge: Preparing to register libfabricjni_so.  onload_func: 0x74c6073948
12-17 17:19:08.922 25851 25851 D jni_lib_merge: Preparing to register libreact_devsupportjni_so.  onload_func: 0x74c62892a4
12-17 17:19:08.922 25851 25851 D jni_lib_merge: Preparing to register libreact_featureflagsjni_so.  onload_func: 0x74c6294f10
12-17 17:19:08.922 25851 25851 D jni_lib_merge: Preparing to register libreact_newarchdefaults_so.  onload_func: 0x74c62fdeac
12-17 17:19:08.922 25851 25851 D jni_lib_merge: Preparing to register libreactnativeblob_so.  onload_func: 0x74c64ee95c
12-17 17:19:08.922 25851 25851 D jni_lib_merge: Preparing to register libreactnativejni_so.  onload_func: 0x74c653c114
12-17 17:19:08.922 25851 25851 D jni_lib_merge: Preparing to register libreactnativejni_common_so.  onload_func: 0x74c654ca9c
12-17 17:19:08.922 25851 25851 D jni_lib_merge: Preparing to register librninstance_so.  onload_func: 0x74c6583250
12-17 17:19:08.922 25851 25851 D jni_lib_merge: Preparing to register libturbomodulejsijni_so.  onload_func: 0x74c669aa24
12-17 17:19:08.922 25851 25851 D jni_lib_merge: Preparing to register libuimanagerjni_so.  onload_func: 0x74c66b3a74
12-17 17:19:08.922 25851 25851 D jni_lib_merge: Preparing to register libyoga_so.  onload_func: 0x74c66c34f8
12-17 17:19:08.922 25851 25851 D jni_lib_merge: About to register 11 actual methods.
12-17 17:19:08.926 25851 25851 D nativeloader: Load /data/app/~~3V1coSRBqt2RWy3bwvH4vQ==/com.detoxtest-LNngLjaKJZ7_I2LxVtXLtA==/base.apk!/lib/arm64-v8a/libreact_codegen_safeareacontext.so using class loader ns clns-4 (caller=/data/app/~~3V1coSRBqt2RWy3bwvH4vQ==/com.detoxtest-LNngLjaKJZ7_I2LxVtXLtA==/base.apk): ok
12-17 17:19:08.935 25851 25851 D nativeloader: Load /data/app/~~3V1coSRBqt2RWy3bwvH4vQ==/com.detoxtest-LNngLjaKJZ7_I2LxVtXLtA==/base.apk!/lib/arm64-v8a/libappmodules.so using class loader ns clns-4 (caller=/data/app/~~3V1coSRBqt2RWy3bwvH4vQ==/com.detoxtest-LNngLjaKJZ7_I2LxVtXLtA==/base.apk): ok
12-17 17:19:08.959 25851 25874 D TestRequestBuilder: Using class path scanning to discover tests
12-17 17:19:08.960 25851 25874 I TestRequestBuilder: Scanning classpath to find tests in paths [/data/app/~~FvFf2XjDqCGrCCjeOog8CA==/com.detoxtest.test-tdXEAf2XJiphn8FQbQKRlQ==/base.apk]
12-17 17:19:08.962 25851 25874 W com.detoxtest: Opening an oat file without a class loader. Are you using the deprecated DexFile APIs?
12-17 17:19:09.500 25851 25874 I TestRunner: run started: 1 tests
12-17 17:19:09.500 25851 25874 I TestRunner: started: runDetoxTests(com.detoxtest.DetoxTest)
12-17 17:19:09.511 25851 25874 I Detox   : Detox server connection details: url=ws://localhost:50904, sessionId=9cce3687-f337-aaa4-5712-eafc196b5124
12-17 17:19:09.518 25851 25874 W FileTestStorage: Output properties is not supported.
12-17 17:19:09.518 25851 25874 I Tracing : Tracer added: class androidx.test.platform.tracing.AndroidXTracer
12-17 17:19:09.527 25851 25874 D EventInjectionStrategy: Creating injection strategy with input manager.
12-17 17:19:09.527 25851 25874 I com.detoxtest: hiddenapi: Accessing hidden method Landroid/hardware/input/InputManager;->getInstance()Landroid/hardware/input/InputManager; (runtime_flags=0, domain=platform, api=unsupported) from Landroidx/test/espresso/base/InputManagerEventInjectionStrategy; (domain=app) using reflection: allowed
12-17 17:19:09.527 25851 25874 I com.detoxtest: hiddenapi: Accessing hidden method Landroid/hardware/input/InputManager;->injectInputEvent(Landroid/view/InputEvent;I)Z (runtime_flags=0, domain=platform, api=unsupported) from Landroidx/test/espresso/base/InputManagerEventInjectionStrategy; (domain=app) using reflection: allowed
12-17 17:19:09.527 25851 25874 I com.detoxtest: hiddenapi: Accessing hidden field Landroid/hardware/input/InputManager;->INJECT_INPUT_EVENT_MODE_WAIT_FOR_FINISH:I (runtime_flags=0, domain=platform, api=unsupported) from Landroidx/test/espresso/base/InputManagerEventInjectionStrategy; (domain=app) using reflection: allowed
12-17 17:19:09.533 25851 25874 I com.detoxtest: hiddenapi: Accessing hidden field Ljava/lang/reflect/Field;->accessFlags:I (runtime_flags=0, domain=core-platform, api=unsupported) from Lorg/joor/Reflect; (domain=app) using reflection: allowed
12-17 17:19:09.536 25851 25874 I Detox   : Connecting to server...
12-17 17:19:09.536 25851 25874 I DetoxWSClient: At connectToServer
12-17 17:19:09.631 25851 25884 D DetoxWSClient: At onOpen
12-17 17:19:09.631 25851 25884 I DetoxWSClient: Sending out action 'login' (ID #0)
12-17 17:19:09.632 25851 25884 I Detox   : Connected to server!
12-17 17:19:09.637 25851 25884 D DetoxWSClient: Received action 'loginSuccess' (ID #0, params={"testerConnected":true,"appConnected":true})
12-17 17:19:09.637 25851 25880 I DetoxDispatcher: Handling action 'loginSuccess' (ID #0)...
12-17 17:19:09.637 25851 25880 I DetoxDispatcher: Done with action 'loginSuccess'
12-17 17:19:09.638 25851 25874 I Detox   : Launching the tested activity!
12-17 17:19:09.679 25851 25884 D DetoxWSClient: Received action 'isReady' (ID #-1000, params={})
12-17 17:19:09.679 25851 25880 I DetoxDispatcher: Handling action 'isReady' (ID #-1000)...
12-17 17:19:09.793 25851 25851 D AppCompatDelegate: Checking for metadata for AppLocalesMetadataHolderService : Service not found
12-17 17:19:09.803 25851 25851 D LifecycleMonitor: Lifecycle status change: com.detoxtest.MainActivity@46a8a61 in: PRE_ON_CREATE
12-17 17:19:09.851 25851 25851 D nativeloader: Load /data/app/~~3V1coSRBqt2RWy3bwvH4vQ==/com.detoxtest-LNngLjaKJZ7_I2LxVtXLtA==/base.apk!/lib/arm64-v8a/libhermes.so using class loader ns clns-4 (caller=/data/app/~~3V1coSRBqt2RWy3bwvH4vQ==/com.detoxtest-LNngLjaKJZ7_I2LxVtXLtA==/base.apk): ok
12-17 17:19:09.855 25851 25851 D nativeloader: Load /data/app/~~3V1coSRBqt2RWy3bwvH4vQ==/com.detoxtest-LNngLjaKJZ7_I2LxVtXLtA==/base.apk!/lib/arm64-v8a/libhermestooling.so using class loader ns clns-4 (caller=/data/app/~~3V1coSRBqt2RWy3bwvH4vQ==/com.detoxtest-LNngLjaKJZ7_I2LxVtXLtA==/base.apk): ok
12-17 17:19:09.855 25851 25851 D jni_lib_merge: Entering merged library JNI_OnLoad.
12-17 17:19:09.855 25851 25851 D jni_lib_merge: Preparing 4 pre-merged libs (including stub)
12-17 17:19:09.855 25851 25851 D jni_lib_merge: Preparing to register libhermes_executor_so.  onload_func: 0x74b49b89d4
12-17 17:19:09.855 25851 25851 D jni_lib_merge: Preparing to register libhermesinstancejni_so.  onload_func: 0x74b49ed78c
12-17 17:19:09.855 25851 25851 D jni_lib_merge: Preparing to register libjsijniprofiler_so.  onload_func: 0x74b49ef788
12-17 17:19:09.855 25851 25851 D jni_lib_merge: About to register 3 actual methods.
12-17 17:19:09.952 25851 25851 E com.detoxtest: Invalid ID 0x00000000.
12-17 17:19:09.965 25851 25851 W unknown:BridgelessReact: ReactHost{0}.startSurface(surfaceId = 0): Schedule
12-17 17:19:09.965 25851 25851 W unknown:BridgelessReact: ReactHost{0}.attachSurface(surfaceId = 0)
12-17 17:19:09.974 25851 25908 W unknown:BridgelessReact: ReactHost{0}.getOrCreateReactInstanceTask()
12-17 17:19:09.975 25851 25908 W unknown:BridgelessReact: ReactHost{0}.getOrCreateReactInstanceTask(): Start
12-17 17:19:09.976 25851 25908 D Detox.RNMarker: REACT_BRIDGELESS_LOADING_START (null)
12-17 17:19:09.976 25851 25908 W unknown:BridgelessReact: ReactHost{0}.getJSBundleLoader()
12-17 17:19:09.976 25851 25908 W unknown:BridgelessReact: ReactHost{0}.isMetroRunning()
12-17 17:19:09.995 25851 25910 W unknown:BridgelessReact: ReactHost{0}.isMetroRunning(): Async result = true
12-17 17:19:09.997 25851 25908 W unknown:BridgelessReact: ReactHost{0}.loadJSBundleFromMetro()
12-17 17:19:09.999 25851 25908 D Detox.RNMarker: DOWNLOAD_START (null)
12-17 17:19:10.019 25851 25851 I com.detoxtest: hiddenapi: Accessing hidden method Landroid/view/ViewGroup;->makeOptionalFitsSystemWindows()V (runtime_flags=0, domain=platform, api=unsupported) from Landroidx/appcompat/widget/ViewUtils; (domain=app) using reflection: allowed
12-17 17:19:10.026 25851 25851 D LifecycleMonitor: Lifecycle status change: com.detoxtest.MainActivity@46a8a61 in: CREATED
12-17 17:19:10.027 25851 25851 D LifecycleMonitor: Lifecycle status change: com.detoxtest.MainActivity@46a8a61 in: STARTED
12-17 17:19:10.029 25851 25851 W unknown:BridgelessReact: ReactHost{0}.onHostResume(activity)
12-17 17:19:10.029 25851 25851 W unknown:ReactNative: Packager connection already open, nooping.
12-17 17:19:10.029 25851 25851 D LifecycleMonitor: Lifecycle status change: com.detoxtest.MainActivity@46a8a61 in: RESUMED
12-17 17:19:10.081 25851 25851 E unknown:ReactNative: Unable to display loading message because react activity isn't active, message: Loading from localhost:8081…
12-17 17:19:10.087 25851 25851 E unknown:ReactNative: Unable to display loading message because react activity isn't active, message: Reloading...
12-17 17:19:10.111 25851 25895 I AdrenoGLES-0: QUALCOMM build                   : 223000e821, I12e4aa4c5c
12-17 17:19:10.111 25851 25895 I AdrenoGLES-0: Build Date                       : 01/22/22
12-17 17:19:10.111 25851 25895 I AdrenoGLES-0: OpenGL ES Shader Compiler Version: EV031.32.02.17
12-17 17:19:10.111 25851 25895 I AdrenoGLES-0: Local Branch                     : 
12-17 17:19:10.111 25851 25895 I AdrenoGLES-0: Remote Branch                    : 
12-17 17:19:10.111 25851 25895 I AdrenoGLES-0: Remote Branch                    : 
12-17 17:19:10.111 25851 25895 I AdrenoGLES-0: Reconstruct Branch               : 
12-17 17:19:10.111 25851 25895 I AdrenoGLES-0: Build Config                     : S P 10.0.7 AArch64
12-17 17:19:10.111 25851 25895 I AdrenoGLES-0: Driver Path                      : /vendor/lib64/egl/libGLESv2_adreno.so
12-17 17:19:10.217 25851 25895 I AdrenoGLES-0: PFP: 0x016ee190, ME: 0x00000000
12-17 17:19:10.281 25851 25895 D hw-ProcessState: Binder ioctl to enable oneway spam detection failed: Invalid argument
12-17 17:19:10.389 25851 25851 W unknown:BridgelessReact: ReactHost{0}.raiseSoftException(onWindowFocusChange(hasFocus = "true")): Tried to access onWindowFocusChange while context is not ready
12-17 17:19:10.391 25851 25851 E unknown:ReactHost: Unhandled SoftException
12-17 17:19:10.391 25851 25851 E unknown:ReactHost: com.facebook.react.bridge.ReactNoCrashSoftException: raiseSoftException(onWindowFocusChange(hasFocus = "true")): Tried to access onWindowFocusChange while context is not ready
12-17 17:19:10.391 25851 25851 E unknown:ReactHost: 	at com.facebook.react.runtime.ReactHostImpl.raiseSoftException(ReactHostImpl.java:1038)
12-17 17:19:10.391 25851 25851 E unknown:ReactHost: 	at com.facebook.react.runtime.ReactHostImpl.raiseSoftException(ReactHostImpl.java:1031)
12-17 17:19:10.391 25851 25851 E unknown:ReactHost: 	at com.facebook.react.runtime.ReactHostImpl.onWindowFocusChange(ReactHostImpl.java:790)
12-17 17:19:10.391 25851 25851 E unknown:ReactHost: 	at com.facebook.react.ReactDelegate.onWindowFocusChanged(ReactDelegate.java:199)
12-17 17:19:10.391 25851 25851 E unknown:ReactHost: 	at com.facebook.react.ReactActivityDelegate.onWindowFocusChanged(ReactActivityDelegate.java:216)
12-17 17:19:10.391 25851 25851 E unknown:ReactHost: 	at com.facebook.react.ReactActivity.onWindowFocusChanged(ReactActivity.java:158)
12-17 17:19:10.391 25851 25851 E unknown:ReactHost: 	at androidx.appcompat.view.WindowCallbackWrapper.onWindowFocusChanged(WindowCallbackWrapper.java:124)
12-17 17:19:10.391 25851 25851 E unknown:ReactHost: 	at com.android.internal.policy.DecorView.onWindowFocusChanged(DecorView.java:1826)
12-17 17:19:10.391 25851 25851 E unknown:ReactHost: 	at android.view.View.dispatchWindowFocusChanged(View.java:14898)
12-17 17:19:10.391 25851 25851 E unknown:ReactHost: 	at android.view.ViewGroup.dispatchWindowFocusChanged(ViewGroup.java:1507)
12-17 17:19:10.391 25851 25851 E unknown:ReactHost: 	at android.view.ViewRootImpl.handleWindowFocusChanged(ViewRootImpl.java:3656)
12-17 17:19:10.391 25851 25851 E unknown:ReactHost: 	at android.view.ViewRootImpl.access$1200(ViewRootImpl.java:230)
12-17 17:19:10.391 25851 25851 E unknown:ReactHost: 	at android.view.ViewRootImpl$ViewRootHandler.handleMessageImpl(ViewRootImpl.java:5592)
12-17 17:19:10.391 25851 25851 E unknown:ReactHost: 	at android.view.ViewRootImpl$ViewRootHandler.handleMessage(ViewRootImpl.java:5492)
12-17 17:19:10.391 25851 25851 E unknown:ReactHost: 	at android.os.Handler.dispatchMessage(Handler.java:111)
12-17 17:19:10.391 25851 25851 E unknown:ReactHost: 	at android.os.Looper.loopOnce(Looper.java:238)
12-17 17:19:10.391 25851 25851 E unknown:ReactHost: 	at android.os.Looper.loop(Looper.java:357)
12-17 17:19:10.391 25851 25851 E unknown:ReactHost: 	at android.app.ActivityThread.main(ActivityThread.java:8090)
12-17 17:19:10.391 25851 25851 E unknown:ReactHost: 	at java.lang.reflect.Method.invoke(Native Method)
12-17 17:19:10.391 25851 25851 E unknown:ReactHost: 	at com.android.internal.os.RuntimeInit$MethodAndArgsCaller.run(RuntimeInit.java:548)
12-17 17:19:10.391 25851 25851 E unknown:ReactHost: 	at com.android.internal.os.ZygoteInit.main(ZygoteInit.java:1026)
12-17 17:19:11.998 25851 25910 D Detox.RNMarker: DOWNLOAD_END ({"url":"http:\/\/localhost:8081\/index.bundle?platform=android&dev=true&lazy=true&minify=false&app=com.detoxtest&modulesOnly=false&runModule=true&excludeSource=true&sourcePaths=url-server","filesChangedCount":0})
12-17 17:19:11.998 25851 25910 W unknown:BridgelessReact: ReactHost{0}.loadJSBundleFromMetro(): Creating BundleLoader
12-17 17:19:11.999 25851 25908 W unknown:BridgelessReact: ReactHost{0}.getOrCreateReactContext(): Creating BridgelessReactContext
12-17 17:19:12.000 25851 25908 W unknown:BridgelessReact: ReactHost{0}.getOrCreateReactInstanceTask(): Creating ReactInstance
12-17 17:19:12.068 25851 25908 W unknown:BridgelessReact: ReactHost{0}.getOrCreateReactInstanceTask(): Loading JS Bundle
12-17 17:19:12.068 25851 25908 W unknown:BridgelessReact: ReactHost{0}.getOrCreateReactInstanceTask(): Calling DevSupportManagerBase.onNewReactContextCreated(reactContext)
12-17 17:19:12.069 25851 25924 D Detox.RNMarker: RUN_JS_BUNDLE_START (/index.bundle?platform=android&dev=true&lazy=true&minify=false&app=com.detoxtest&modulesOnly=false&runModule=true&excludeSource=true&sourcePaths=url-server)
12-17 17:19:12.086 25851 25908 W unknown:BridgelessReact: ReactHost{0}.startSurface(surfaceId = 0): Execute
12-17 17:19:12.086 25851 25851 W unknown:ReactNative: Packager connection already open, nooping.
12-17 17:19:12.086 25851 25851 W unknown:BridgelessReact: ReactContext.onHostResume()
12-17 17:19:12.087 25851 25851 W unknown:BridgelessReact: ReactHost{0}.getOrCreateReactInstanceTask(): Executing ReactInstanceEventListeners
12-17 17:19:12.087 25851 25851 I DetoxRNLoading: Got new RN-context through listener
12-17 17:19:12.110 25851 25874 I DetoxRNIdleRes: Setting up Espresso Idling Resources for React Native
12-17 17:19:12.113 25851 25925 I com.detoxtest: hiddenapi: Accessing hidden method Landroid/os/MessageQueue;->next()Landroid/os/Message; (runtime_flags=0, domain=platform, api=unsupported) from Landroidx/test/espresso/base/Interrogator; (domain=app) using reflection: allowed
12-17 17:19:12.113 25851 25925 I com.detoxtest: hiddenapi: Accessing hidden field Landroid/os/MessageQueue;->mMessages:Landroid/os/Message; (runtime_flags=0, domain=platform, api=unsupported) from Landroidx/test/espresso/base/Interrogator; (domain=app) using reflection: allowed
12-17 17:19:12.113 25851 25925 I com.detoxtest: hiddenapi: Accessing hidden method Landroid/os/Message;->recycleUnchecked()V (runtime_flags=0, domain=platform, api=unsupported) from Landroidx/test/espresso/base/Interrogator; (domain=app) using reflection: allowed
12-17 17:19:12.122 25851 25851 D DetoxRNHelpers: Native RN module resolution (class com.reactnativecommunity.asyncstorage.AsyncStorageModule): no registered module found
12-17 17:19:12.122 25851 25874 D IdlingRegistry: Registering idling resources: [com.wix.detox.reactnative.idlingresources.uimodule.fabric.FabricUIManagerIdlingResources@4a0393a]
12-17 17:19:12.123 25851 25874 D IdlingRegistry: Registering idling resources: [com.wix.detox.reactnative.idlingresources.animations.AnimatedModuleIdlingResource@68439eb]
12-17 17:19:12.123 25851 25874 D IdlingRegistry: Registering idling resources: [com.wix.detox.reactnative.idlingresources.timers.FabricTimersIdlingResource@6b47348]
12-17 17:19:12.123 25851 25874 D IdlingRegistry: Registering idling resources: [com.wix.detox.reactnative.idlingresources.network.NetworkIdlingResource@7a535e1]
12-17 17:19:12.123 25851 25874 D IdlingRegistry: Registering idling resources: [com.wix.detox.reactnative.idlingresources.StabilizedIdlingResource@4c8af06]
12-17 17:19:12.426 25851 25851 D DetoxRNHelpers: Native RN module resolution (class com.reactnativecommunity.asyncstorage.AsyncStorageModule): no registered module found
12-17 17:19:12.426 25851 25851 I Choreographer: Skipped 36 frames!  The application may be doing too much work on its main thread.
12-17 17:19:12.443 25851 25925 I WebViewFactory: Loading com.google.android.webview version 143.0.7499.34 (code 749903433)
12-17 17:19:12.452 25851 25925 W com.detoxtest: Failed to find entry 'classes.dex': Entry not found
12-17 17:19:12.454 25851 25925 D nativeloader: Configuring clns-7 for other apk /data/app/~~RM1xaf5lo_QNw0WyFScwIQ==/com.google.android.trichromelibrary_749903433-L3I5A1EXlje8GYKm1jievg==/base.apk. target_sdk_version=36, uses_libraries=ALL, library_path=/data/app/~~5IHqvyW9MQDFVnFw1IuOJQ==/com.google.android.webview-vVFb-bX0AFCWRdqglOA3mQ==/lib/arm64:/data/app/~~5IHqvyW9MQDFVnFw1IuOJQ==/com.google.android.webview-vVFb-bX0AFCWRdqglOA3mQ==/base.apk!/lib/arm64-v8a:/data/app/~~RM1xaf5lo_QNw0WyFScwIQ==/com.google.android.trichromelibrary_749903433-L3I5A1EXlje8GYKm1jievg==/base.apk!/lib/arm64-v8a, permitted_path=/data:/mnt/expand
12-17 17:19:12.454 25851 25925 D nativeloader: Extending system_exposed_libraries: libvraudio_client.qti.so:libbinauralrenderer_wrapper.qti.so:libhoaeffects.qti.so:libjni_helper.motocameradesktop.so:libimgTuner_jni.motoimagetuner.so:libmcf_native_window_helper.motocamera.so:libupdateprof.qti.so:libdiag_system.qti.so:libqape.qti.so:libqesdk_ndk_platform.qti.so:liblistenjni.qti.so
12-17 17:19:12.464 25851 25925 D nativeloader: Configuring clns-8 for other apk /apex/com.android.extservices/javalib/android.ext.adservices.jar. target_sdk_version=36, uses_libraries=ALL, library_path=/data/app/~~5IHqvyW9MQDFVnFw1IuOJQ==/com.google.android.webview-vVFb-bX0AFCWRdqglOA3mQ==/lib/arm64:/data/app/~~5IHqvyW9MQDFVnFw1IuOJQ==/com.google.android.webview-vVFb-bX0AFCWRdqglOA3mQ==/base.apk!/lib/arm64-v8a:/data/app/~~RM1xaf5lo_QNw0WyFScwIQ==/com.google.android.trichromelibrary_749903433-L3I5A1EXlje8GYKm1jievg==/base.apk!/lib/arm64-v8a, permitted_path=/data:/mnt/expand
12-17 17:19:12.464 25851 25925 D nativeloader: Extending system_exposed_libraries: libvraudio_client.qti.so:libbinauralrenderer_wrapper.qti.so:libhoaeffects.qti.so:libjni_helper.motocameradesktop.so:libimgTuner_jni.motoimagetuner.so:libmcf_native_window_helper.motocamera.so:libupdateprof.qti.so:libdiag_system.qti.so:libqape.qti.so:libqesdk_ndk_platform.qti.so:liblistenjni.qti.so
12-17 17:19:12.465 25851 25925 D nativeloader: InitApexLibraries:
12-17 17:19:12.465 25851 25925 D nativeloader:   com_android_appsearch: libicing.so
12-17 17:19:12.465 25851 25925 D nativeloader:   com_android_art: libartservice.so
12-17 17:19:12.465 25851 25925 D nativeloader:   com_android_conscrypt: libjavacrypto.so
12-17 17:19:12.465 25851 25925 D nativeloader:   com_android_extservices: libtflite_support_classifiers_native.so
12-17 17:19:12.465 25851 25925 D nativeloader:   com_android_os_statsd: libstats_jni.so
12-17 17:19:12.465 25851 25925 D nativeloader:   com_android_tethering: libandroid_net_connectivity_com_android_net_module_util_jni.so:libframework-connectivity-jni.so:libframework-connectivity-tiramisu-jni.so:libmainlinecronet.139.0.7205.3.so:libservice-connectivity.so:libservice-thread-jni.so:stable_cronet_libcrypto.so:stable_cronet_libssl.so
12-17 17:19:12.465 25851 25925 D nativeloader:   com_android_wifi: libservice-wifi-jni.so
12-17 17:19:12.480 25851 25925 D nativeloader: Configuring clns-9 for other apk /data/app/~~5IHqvyW9MQDFVnFw1IuOJQ==/com.google.android.webview-vVFb-bX0AFCWRdqglOA3mQ==/base.apk. target_sdk_version=36, uses_libraries=, library_path=/data/app/~~5IHqvyW9MQDFVnFw1IuOJQ==/com.google.android.webview-vVFb-bX0AFCWRdqglOA3mQ==/lib/arm64:/data/app/~~5IHqvyW9MQDFVnFw1IuOJQ==/com.google.android.webview-vVFb-bX0AFCWRdqglOA3mQ==/base.apk!/lib/arm64-v8a:/data/app/~~RM1xaf5lo_QNw0WyFScwIQ==/com.google.android.trichromelibrary_749903433-L3I5A1EXlje8GYKm1jievg==/base.apk!/lib/arm64-v8a, permitted_path=/data:/mnt/expand
12-17 17:19:12.503 25851 25924 W unknown:ViewManagerPropertyUpdater: Could not find generated setter for class com.th3rdwave.safeareacontext.SafeAreaProviderManager
12-17 17:19:12.507 25851 25924 W unknown:ViewManagerPropertyUpdater: Could not find generated setter for class com.facebook.react.uimanager.LayoutShadowNode
12-17 17:19:12.509 25851 25924 W unknown:ViewManagerPropertyUpdater: Could not find generated setter for class com.swmansion.rnscreens.SearchBarManager
12-17 17:19:12.510 25851 25924 W unknown:ViewManagerPropertyUpdater: Could not find generated setter for class com.swmansion.rnscreens.ScreenFooterManager
12-17 17:19:12.511 25851 25924 W unknown:ViewManagerPropertyUpdater: Could not find generated setter for class com.swmansion.rnscreens.gamma.tabs.TabScreenViewManager
12-17 17:19:12.512 25851 25924 W unknown:ViewManagerPropertyUpdater: Could not find generated setter for class com.swmansion.rnscreens.ScreenContainerViewManager
12-17 17:19:12.513 25851 25924 W unknown:ViewManagerPropertyUpdater: Could not find generated setter for class com.swmansion.rnscreens.gamma.tabs.TabsHostViewManager
12-17 17:19:12.514 25851 25924 W unknown:ViewManagerPropertyUpdater: Could not find generated setter for class com.swmansion.rnscreens.ModalScreenViewManager
12-17 17:19:12.516 25851 25924 W unknown:ViewManagerPropertyUpdater: Could not find generated setter for class com.swmansion.rnscreens.ScreenStackHeaderConfigViewManager
12-17 17:19:12.517 25851 25924 W unknown:ViewManagerPropertyUpdater: Could not find generated setter for class com.swmansion.rnscreens.ScreenContentWrapperManager
12-17 17:19:12.518 25851 25924 W unknown:ViewManagerPropertyUpdater: Could not find generated setter for class com.th3rdwave.safeareacontext.SafeAreaViewManager
12-17 17:19:12.519 25851 25924 W unknown:ViewManagerPropertyUpdater: Could not find generated setter for class com.th3rdwave.safeareacontext.SafeAreaViewShadowNode
12-17 17:19:12.520 25851 25924 W unknown:ViewManagerPropertyUpdater: Could not find generated setter for class com.swmansion.rnscreens.safearea.SafeAreaViewManager
12-17 17:19:12.521 25851 25924 W unknown:ViewManagerPropertyUpdater: Could not find generated setter for class com.swmansion.rnscreens.safearea.paper.SafeAreaViewShadowNode
12-17 17:19:12.521 25851 25924 W unknown:ViewManagerPropertyUpdater: Could not find generated setter for class com.swmansion.rnscreens.ScreenViewManager
12-17 17:19:12.522 25851 25924 W unknown:ViewManagerPropertyUpdater: Could not find generated setter for class com.swmansion.rnscreens.ScreenStackHeaderSubviewManager
12-17 17:19:12.523 25851 25924 W unknown:ViewManagerPropertyUpdater: Could not find generated setter for class com.swmansion.rnscreens.ScreenStackViewManager
12-17 17:19:12.556 25851 25925 I cr_WVCFactoryProvider: version=143.0.7499.34 (749903433) minSdkVersion=29 multiprocess=true packageId=127 splits=<none>
12-17 17:19:12.561 25851 25925 D nativeloader: Load /data/app/~~RM1xaf5lo_QNw0WyFScwIQ==/com.google.android.trichromelibrary_749903433-L3I5A1EXlje8GYKm1jievg==/base.apk!/lib/arm64-v8a/libmonochrome_64.so using class loader ns clns-9 (caller=/data/app/~~5IHqvyW9MQDFVnFw1IuOJQ==/com.google.android.webview-vVFb-bX0AFCWRdqglOA3mQ==/base.apk): ok
12-17 17:19:12.581 25851 25925 D nativeloader: Load /system/lib64/libwebviewchromium_plat_support.so using class loader ns clns-9 (caller=/data/app/~~5IHqvyW9MQDFVnFw1IuOJQ==/com.google.android.webview-vVFb-bX0AFCWRdqglOA3mQ==/base.apk): ok
12-17 17:19:12.585 25851 25924 W unknown:ViewManagerPropertyUpdater: Could not find generated setter for class com.facebook.react.views.debuggingoverlay.DebuggingOverlayManager
12-17 17:19:12.591 25851 25924 W unknown:ViewManagerPropertyUpdater: Could not find generated setter for class com.swmansion.gesturehandler.react.RNGestureHandlerButtonViewManager
12-17 17:19:12.597 25851 25924 W unknown:ViewManagerPropertyUpdater: Could not find generated setter for class com.facebook.react.views.safeareaview.ReactSafeAreaViewManager
12-17 17:19:12.598 25851 25924 W unknown:ViewManagerPropertyUpdater: Could not find generated setter for class com.facebook.react.views.safeareaview.ReactSafeAreaViewShadowNode
12-17 17:19:12.603 25851 25924 W unknown:ViewManagerPropertyUpdater: Could not find generated setter for class com.facebook.react.views.modal.ReactModalHostManager
12-17 17:19:12.610 25851 25924 W unknown:ViewManagerPropertyUpdater: Could not find generated setter for class com.facebook.react.views.text.frescosupport.FrescoBasedReactTextInlineImageViewManager
12-17 17:19:12.610 25851 25934 I chromium: [1217/171912.597994:INFO:android_webview/browser/variations/variations_seed_loader.cc:67] Failed to open file for reading.: No such file or directory (2)
12-17 17:19:12.610 25851 25924 W unknown:ViewManagerPropertyUpdater: Could not find generated setter for class com.facebook.react.views.text.frescosupport.FrescoBasedReactTextInlineImageShadowNode
12-17 17:19:12.617 25851 25924 W unknown:ViewManagerPropertyUpdater: Could not find generated setter for class com.facebook.react.views.progressbar.ReactProgressBarViewManager
12-17 17:19:12.617 25851 25934 I chromium: [1217/171912.617651:INFO:android_webview/browser/variations/variations_seed_loader.cc:67] Failed to open file for reading.: No such file or directory (2)
12-17 17:19:12.617 25851 25924 W unknown:ViewManagerPropertyUpdater: Could not find generated setter for class com.facebook.react.views.progressbar.ProgressBarShadowNode
12-17 17:19:12.625 25851 25924 W unknown:ViewManagerPropertyUpdater: Could not find generated setter for class com.facebook.react.views.scroll.ReactHorizontalScrollViewManager
12-17 17:19:12.634 25851 25924 W unknown:ViewManagerPropertyUpdater: Could not find generated setter for class com.facebook.react.views.image.ReactImageManager
12-17 17:19:12.643 25851 25924 W unknown:ViewManagerPropertyUpdater: Could not find generated setter for class com.facebook.react.views.text.ReactTextViewManager
12-17 17:19:12.644 25851 25924 W unknown:ViewManagerPropertyUpdater: Could not find generated setter for class com.facebook.react.views.text.ReactTextShadowNode
12-17 17:19:12.652 25851 25924 W unknown:ViewManagerPropertyUpdater: Could not find generated setter for class com.facebook.react.views.scroll.ReactHorizontalScrollContainerViewManager
12-17 17:19:12.658 25851 25924 W unknown:ViewManagerPropertyUpdater: Could not find generated setter for class com.facebook.react.views.unimplementedview.ReactUnimplementedViewManager
12-17 17:19:12.665 25851 25924 W unknown:ViewManagerPropertyUpdater: Could not find generated setter for class com.facebook.react.views.scroll.ReactScrollViewManager
12-17 17:19:12.672 25851 25924 W unknown:ViewManagerPropertyUpdater: Could not find generated setter for class com.facebook.react.views.view.ReactViewManager
12-17 17:19:12.678 25851 25925 I cr_LibraryLoader: Successfully loaded native library
12-17 17:19:12.679 25851 25924 W unknown:ViewManagerPropertyUpdater: Could not find generated setter for class com.facebook.react.views.drawer.ReactDrawerLayoutManager
12-17 17:19:12.686 25851 25924 W unknown:ViewManagerPropertyUpdater: Could not find generated setter for class com.facebook.react.views.switchview.ReactSwitchManager
12-17 17:19:12.686 25851 25925 I cr_CachingUmaRecorder: Flushed 16 samples from 16 histograms, 0 samples were dropped.
12-17 17:19:12.686 25851 25924 W unknown:ViewManagerPropertyUpdater: Could not find generated setter for class com.facebook.react.views.switchview.ReactSwitchShadowNode
12-17 17:19:12.692 25851 25924 W unknown:ViewManagerPropertyUpdater: Could not find generated setter for class com.facebook.react.views.text.ReactVirtualTextViewManager
12-17 17:19:12.692 25851 25924 W unknown:ViewManagerPropertyUpdater: Could not find generated setter for class com.facebook.react.views.text.ReactVirtualTextShadowNode
12-17 17:19:12.699 25851 25924 W unknown:ViewManagerPropertyUpdater: Could not find generated setter for class com.facebook.react.views.swiperefresh.SwipeRefreshLayoutManager
12-17 17:19:12.705 25851 25924 W unknown:ViewManagerPropertyUpdater: Could not find generated setter for class com.facebook.react.views.text.ReactRawTextManager
12-17 17:19:12.705 25851 25924 W unknown:ViewManagerPropertyUpdater: Could not find generated setter for class com.facebook.react.views.text.ReactRawTextShadowNode
12-17 17:19:12.709 25851 25924 W unknown:ViewManagerPropertyUpdater: Could not find generated setter for class com.facebook.react.views.textinput.ReactTextInputManager
12-17 17:19:12.711 25851 25924 W unknown:ViewManagerPropertyUpdater: Could not find generated setter for class com.facebook.react.views.textinput.ReactTextInputShadowNode
12-17 17:19:12.720 25851 25924 W unknown:ViewManagerPropertyUpdater: Could not find generated setter for class com.swmansion.gesturehandler.react.RNGestureHandlerRootViewManager
12-17 17:19:12.874 25851 25924 D Detox.RNMarker: RUN_JS_BUNDLE_END (/index.bundle?platform=android&dev=true&lazy=true&minify=false&app=com.detoxtest&modulesOnly=false&runModule=true&excludeSource=true&sourcePaths=url-server)
12-17 17:19:12.881 25851 25924 I ReactNativeJS: Running "DetoxTest" with {"rootTag":11,"initialProps":{},"fabric":true}
12-17 17:19:13.105 25851 25924 V AsyncStorageExpoMigration: No scoped database found
12-17 17:19:13.167 25851 25851 W UiControllerImpl: Waiting for: DYNAMIC_TASKS_HAVE_IDLED for 100 iterations.
12-17 17:19:13.418 25851 25851 D Detox.RNMarker: CONTENT_APPEARED (DetoxTest)
12-17 17:19:13.421 25851 25924 I ReactNativeJS: Store rehydrated successfully
12-17 17:19:13.598 25851 25924 D nativeloader: Load /data/app/~~3V1coSRBqt2RWy3bwvH4vQ==/com.detoxtest-LNngLjaKJZ7_I2LxVtXLtA==/base.apk!/lib/arm64-v8a/librnscreens.so using class loader ns clns-4 (caller=/data/app/~~3V1coSRBqt2RWy3bwvH4vQ==/com.detoxtest-LNngLjaKJZ7_I2LxVtXLtA==/base.apk!classes14.dex): ok
12-17 17:19:13.901 25851 25851 W UiControllerImpl: Waiting for: DYNAMIC_TASKS_HAVE_IDLED for 200 iterations.
12-17 17:19:13.946 25851 25851 D CompatibilityChangeReporter: Compat change id reported: 171228096; UID 10948; state: ENABLED
12-17 17:19:13.947 25851 25851 I com.detoxtest: hiddenapi: Accessing hidden field Landroid/widget/ScrollView;->mScroller:Landroid/widget/OverScroller; (runtime_flags=0, domain=platform, api=unsupported) from Lcom/facebook/react/views/scroll/ReactScrollView; (domain=app) using reflection: allowed
12-17 17:19:14.089 25851 25851 I ReactNative: [GESTURE HANDLER] Initialize gesture handler for root view com.facebook.react.runtime.ReactSurfaceView{1faa882 V.E...... ......ID 0,0-1080,2225 #b}
12-17 17:19:14.193 25851 25963 D nativeloader: Load /data/app/~~3V1coSRBqt2RWy3bwvH4vQ==/com.detoxtest-LNngLjaKJZ7_I2LxVtXLtA==/base.apk!/lib/arm64-v8a/libimagepipeline.so using class loader ns clns-4 (caller=/data/app/~~3V1coSRBqt2RWy3bwvH4vQ==/com.detoxtest-LNngLjaKJZ7_I2LxVtXLtA==/base.apk): ok
12-17 17:19:14.215 25851 25924 D Detox.RNMarker: REACT_BRIDGELESS_LOADING_END (null)
12-17 17:19:14.219 25851 25924 D nativeloader: Load /data/app/~~3V1coSRBqt2RWy3bwvH4vQ==/com.detoxtest-LNngLjaKJZ7_I2LxVtXLtA==/base.apk!/lib/arm64-v8a/libgesturehandler.so using class loader ns clns-4 (caller=/data/app/~~3V1coSRBqt2RWy3bwvH4vQ==/com.detoxtest-LNngLjaKJZ7_I2LxVtXLtA==/base.apk): ok
12-17 17:19:14.219 25851 25924 D jni_lib_merge: Entering merged library JNI_OnLoad.
12-17 17:19:14.219 25851 25924 D jni_lib_merge: Preparing 12 pre-merged libs (including stub)
12-17 17:19:14.219 25851 25924 D jni_lib_merge: Preparing to register libfabricjni_so.  onload_func: 0x74c6073948
12-17 17:19:14.219 25851 25924 D jni_lib_merge: Preparing to register libreact_devsupportjni_so.  onload_func: 0x74c62892a4
12-17 17:19:14.219 25851 25924 D jni_lib_merge: Preparing to register libreact_featureflagsjni_so.  onload_func: 0x74c6294f10
12-17 17:19:14.219 25851 25924 D jni_lib_merge: Preparing to register libreact_newarchdefaults_so.  onload_func: 0x74c62fdeac
12-17 17:19:14.219 25851 25924 D jni_lib_merge: Preparing to register libreactnativeblob_so.  onload_func: 0x74c64ee95c
12-17 17:19:14.219 25851 25924 D jni_lib_merge: Preparing to register libreactnativejni_so.  onload_func: 0x74c653c114
12-17 17:19:14.219 25851 25924 D jni_lib_merge: Preparing to register libreactnativejni_common_so.  onload_func: 0x74c654ca9c
12-17 17:19:14.219 25851 25924 D jni_lib_merge: Preparing to register librninstance_so.  onload_func: 0x74c6583250
12-17 17:19:14.219 25851 25924 D jni_lib_merge: Preparing to register libturbomodulejsijni_so.  onload_func: 0x74c669aa24
12-17 17:19:14.219 25851 25924 D jni_lib_merge: Preparing to register libuimanagerjni_so.  onload_func: 0x74c66b3a74
12-17 17:19:14.219 25851 25924 D jni_lib_merge: Preparing to register libyoga_so.  onload_func: 0x74c66c34f8
12-17 17:19:14.219 25851 25924 D jni_lib_merge: About to register 11 actual methods.
12-17 17:19:14.398 25851 25967 D ProfileInstaller: Installing profile for com.detoxtest
12-17 17:19:14.845 25851 25851 W UiControllerImpl: Waiting for: DYNAMIC_TASKS_HAVE_IDLED for 400 iterations.
12-17 17:19:15.663 25851 25851 W UiControllerImpl: Waiting for: DYNAMIC_TASKS_HAVE_IDLED for 500 iterations.
12-17 17:19:16.496 25851 25851 W UiControllerImpl: Waiting for: DYNAMIC_TASKS_HAVE_IDLED for 600 iterations.
12-17 17:19:17.320 25851 25851 W UiControllerImpl: Waiting for: DYNAMIC_TASKS_HAVE_IDLED for 700 iterations.
12-17 17:19:17.443 25851 25851 I Detox   : Wait is over: App is now idle!
12-17 17:19:17.444 25851 25880 I DetoxWSClient: Sending out action 'ready' (ID #-1000)
12-17 17:19:17.445 25851 25880 I DetoxDispatcher: Done with action 'isReady'
