--------- beginning of main
12-17 17:07:01.963 24414 24443 D DetoxWSClient: Received action 'invoke' (ID #19, params={"target":{"type":"Class","value":"com.wix.detox.espresso.EspressoDetox"},"method":"perform","args":[{"type":"Invocation","value":{"target":{"type":"Class","value":"com.wix.detox.espresso.DetoxMatcher"},"method":"matcherForTestId","args":["profile-tab",{"type":"boolean","value":false}]}},{"type":"Invocation","value":{"target":{"type":"Class","value":"com.wix.detox.espresso.DetoxViewActions"},"method":"click","args":[]}}]})
12-17 17:07:01.964 24414 24438 I DetoxDispatcher: Handling action 'invoke' (ID #19)...
12-17 17:07:01.965 24414 24438 D Detox   : class com.wix.detox.espresso.DetoxMatcher, matcherForTestId, [profile-tab, false]
12-17 17:07:01.967 24414 24438 D Detox   : class com.wix.detox.espresso.DetoxViewActions, click, []
12-17 17:07:01.968 24414 24438 D Detox   : class com.wix.detox.espresso.EspressoDetox, perform, [(view.getTag() is "profile-tab" and view has effective visibility <VISIBLE>), com.wix.detox.espresso.action.RNClickAction@2330af4]
12-17 17:07:01.984 24414 24414 I ViewInteraction: Performing 'com.wix.detox.espresso.action.detoxsingletap@9ca321d click' action on view (view.getTag() is "profile-tab" and view has effective visibility <VISIBLE>)
12-17 17:07:02.176 24414 24425 I OpenGLRenderer: Davey! duration=9223301468188ms; Flags=0, FrameTimelineVsyncId=2174206, IntendedVsync=70568666347283, Vsync=70568691347282, InputEventId=0, HandleInputStart=70568692894535, AnimationStart=70568692896827, PerformTraversalsStart=70568693679743, DrawStart=70568693925525, FrameDeadline=70568682013949, FrameInterval=70568692888493, FrameStartTime=8333333, SyncQueued=70568693953337, SyncStart=70568694069848, IssueDrawCommandsStart=70568694197244, SwapBuffers=70568695441254, FrameCompleted=9223372036854775807, DequeueBufferDuration=20312, QueueBufferDuration=504271, GpuCompleted=9223372036854775807, SwapBuffersCompleted=70568696414379, DisplayPresentTime=0, 
12-17 17:07:02.416 24414 24438 I DetoxWSClient: Sending out action 'invokeResult' (ID #19)
12-17 17:07:02.417 24414 24438 I DetoxDispatcher: Done with action 'invoke'
12-17 17:07:03.510 24414 24443 D DetoxWSClient: Received action 'invoke' (ID #20, params={"target":{"type":"Class","value":"com.wix.detox.espresso.EspressoDetox"},"method":"perform","args":[{"type":"Invocation","value":{"target":{"type":"Class","value":"com.wix.detox.espresso.DetoxMatcher"},"method":"matcherForTestId","args":["home-tab",{"type":"boolean","value":false}]}},{"type":"Invocation","value":{"target":{"type":"Class","value":"com.wix.detox.espresso.DetoxViewActions"},"method":"click","args":[]}}]})
12-17 17:07:03.512 24414 24438 I DetoxDispatcher: Handling action 'invoke' (ID #20)...
12-17 17:07:03.514 24414 24438 D Detox   : class com.wix.detox.espresso.DetoxMatcher, matcherForTestId, [home-tab, false]
12-17 17:07:03.517 24414 24438 D Detox   : class com.wix.detox.espresso.DetoxViewActions, click, []
12-17 17:07:03.518 24414 24438 D Detox   : class com.wix.detox.espresso.EspressoDetox, perform, [(view.getTag() is "home-tab" and view has effective visibility <VISIBLE>), com.wix.detox.espresso.action.RNClickAction@ce0c48c]
12-17 17:07:03.551 24414 24414 I ViewInteraction: Performing 'com.wix.detox.espresso.action.detoxsingletap@7de87d5 click' action on view (view.getTag() is "home-tab" and view has effective visibility <VISIBLE>)
12-17 17:07:03.602 24414 24425 I OpenGLRenderer: Davey! duration=9223301466745ms; Flags=0, FrameTimelineVsyncId=2174399, IntendedVsync=70570108366051, Vsync=70570108366051, InputEventId=-349268445, HandleInputStart=70570109385405, AnimationStart=70570109390562, PerformTraversalsStart=70570115252593, DrawStart=70570115835198, FrameDeadline=70570132366050, FrameInterval=70570109374051, FrameStartTime=8333333, SyncQueued=70570116207958, SyncStart=70570116632281, IssueDrawCommandsStart=70570117257333, SwapBuffers=70570121546136, FrameCompleted=9223372036854775807, DequeueBufferDuration=47969, QueueBufferDuration=1309115, GpuCompleted=9223372036854775807, SwapBuffersCompleted=70570123653063, DisplayPresentTime=0, 
12-17 17:07:03.691 24414 24653 I OpenGLRenderer: Davey! duration=9223301466662ms; Flags=0, FrameTimelineVsyncId=2174416, IntendedVsync=70570191946818, Vsync=70570191946818, InputEventId=0, HandleInputStart=70570193296924, AnimationStart=70570193299007, PerformTraversalsStart=70570211439218, DrawStart=70570212064582, FrameDeadline=70570215946817, FrameInterval=70570193292341, FrameStartTime=8333333, SyncQueued=70570213476093, SyncStart=70570213545780, IssueDrawCommandsStart=70570213697968, SwapBuffers=70570214331562, FrameCompleted=9223372036854775807, DequeueBufferDuration=14948, QueueBufferDuration=472240, GpuCompleted=9223372036854775807, SwapBuffersCompleted=70570215108124, DisplayPresentTime=0, 
12-17 17:07:04.286 24414 24438 I DetoxWSClient: Sending out action 'invokeResult' (ID #20)
12-17 17:07:04.287 24414 24438 I DetoxDispatcher: Done with action 'invoke'
12-17 17:07:05.305 24414 24443 D DetoxWSClient: Received action 'invoke' (ID #21, params={"target":{"type":"Class","value":"com.wix.detox.espresso.DetoxAssertion"},"method":"assertMatcher","args":[{"type":"Invocation","value":{"target":{"type":"Class","value":"androidx.test.espresso.Espresso"},"method":"onView","args":[{"type":"Invocation","value":{"target":{"type":"Class","value":"com.wix.detox.espresso.DetoxMatcher"},"method":"matcherForTestId","args":["home-tab-root",{"type":"boolean","value":false}]}}]}},{"type":"Invocation","value":{"target":{"type":"Class","value":"com.wix.detox.espresso.DetoxMatcher"},"method":"matcherForSufficientlyVisible","args":[{"type":"Integer","value":75}]}}]})
12-17 17:07:05.307 24414 24438 I DetoxDispatcher: Handling action 'invoke' (ID #21)...
12-17 17:07:05.309 24414 24438 D Detox   : class com.wix.detox.espresso.DetoxMatcher, matcherForTestId, [home-tab-root, false]
12-17 17:07:05.314 24414 24438 D Detox   : class androidx.test.espresso.Espresso, onView, [(view.getTag() is "home-tab-root" and view has effective visibility <VISIBLE>)]
12-17 17:07:05.319 24414 24438 D Detox   : class com.wix.detox.espresso.DetoxMatcher, matcherForSufficientlyVisible, [75]
12-17 17:07:05.323 24414 24438 D Detox   : class com.wix.detox.espresso.DetoxAssertion, assertMatcher, [androidx.test.espresso.ViewInteraction@a9529f0, (view has effective visibility <VISIBLE> and view.getGlobalVisibleRect() covers at least <75> percent of the view's area)]
12-17 17:07:05.352 24414 24414 I ViewInteraction: Checking 'MatchesViewAssertion(Detox){viewMatcher=(view has effective visibility <VISIBLE> and view.getGlobalVisibleRect() covers at least <75> percent of the view's area)}' assertion on view (view.getTag() is "home-tab-root" and view has effective visibility <VISIBLE>)
12-17 17:07:05.363 24414 24438 I DetoxWSClient: Sending out action 'invokeResult' (ID #21)
12-17 17:07:05.364 24414 24438 I DetoxDispatcher: Done with action 'invoke'
12-17 17:07:05.409 24414 24443 D DetoxWSClient: Received action 'invoke' (ID #22, params={"target":{"type":"Class","value":"com.wix.detox.espresso.DetoxAssertion"},"method":"assertMatcher","args":[{"type":"Invocation","value":{"target":{"type":"Class","value":"androidx.test.espresso.Espresso"},"method":"onView","args":[{"type":"Invocation","value":{"target":{"type":"Class","value":"com.wix.detox.espresso.DetoxMatcher"},"method":"matcherForTestId","args":["welcome-title",{"type":"boolean","value":false}]}}]}},{"type":"Invocation","value":{"target":{"type":"Class","value":"com.wix.detox.espresso.DetoxMatcher"},"method":"matcherForSufficientlyVisible","args":[{"type":"Integer","value":75}]}}]})
12-17 17:07:05.410 24414 24438 I DetoxDispatcher: Handling action 'invoke' (ID #22)...
12-17 17:07:05.412 24414 24438 D Detox   : class com.wix.detox.espresso.DetoxMatcher, matcherForTestId, [welcome-title, false]
12-17 17:07:05.416 24414 24438 D Detox   : class androidx.test.espresso.Espresso, onView, [(view.getTag() is "welcome-title" and view has effective visibility <VISIBLE>)]
12-17 17:07:05.421 24414 24438 D Detox   : class com.wix.detox.espresso.DetoxMatcher, matcherForSufficientlyVisible, [75]
12-17 17:07:05.424 24414 24438 D Detox   : class com.wix.detox.espresso.DetoxAssertion, assertMatcher, [androidx.test.espresso.ViewInteraction@3ea2b69, (view has effective visibility <VISIBLE> and view.getGlobalVisibleRect() covers at least <75> percent of the view's area)]
12-17 17:07:05.452 24414 24414 I ViewInteraction: Checking 'MatchesViewAssertion(Detox){viewMatcher=(view has effective visibility <VISIBLE> and view.getGlobalVisibleRect() covers at least <75> percent of the view's area)}' assertion on view (view.getTag() is "welcome-title" and view has effective visibility <VISIBLE>)
12-17 17:07:05.461 24414 24438 I DetoxWSClient: Sending out action 'invokeResult' (ID #22)
12-17 17:07:05.462 24414 24438 I DetoxDispatcher: Done with action 'invoke'
