--------- beginning of main
12-16 15:36:11.671 29545 29586 D DetoxWSClient: Received action 'invoke' (ID #38, params={"target":{"type":"Class","value":"com.wix.detox.espresso.DetoxAssertion"},"method":"assertMatcher","args":[{"type":"Invocation","value":{"target":{"type":"Class","value":"androidx.test.espresso.Espresso"},"method":"onView","args":[{"type":"Invocation","value":{"target":{"type":"Class","value":"com.wix.detox.espresso.DetoxMatcher"},"method":"matcherForTestId","args":["home-tab",{"type":"boolean","value":false}]}}]}},{"type":"Invocation","value":{"target":{"type":"Class","value":"com.wix.detox.espresso.DetoxMatcher"},"method":"matcherForSufficientlyVisible","args":[{"type":"Integer","value":75}]}}]})
12-16 15:36:11.672 29545 29577 I DetoxDispatcher: Handling action 'invoke' (ID #38)...
12-16 15:36:11.673 29545 29577 D Detox   : class com.wix.detox.espresso.DetoxMatcher, matcherForTestId, [home-tab, false]
12-16 15:36:11.673 29545 29577 D Detox   : class androidx.test.espresso.Espresso, onView, [(view.getTag() is "home-tab" and view has effective visibility <VISIBLE>)]
12-16 15:36:11.674 29545 29577 D Detox   : class com.wix.detox.espresso.DetoxMatcher, matcherForSufficientlyVisible, [75]
12-16 15:36:11.674 29545 29577 D Detox   : class com.wix.detox.espresso.DetoxAssertion, assertMatcher, [androidx.test.espresso.ViewInteraction@44cae26, (view has effective visibility <VISIBLE> and view.getGlobalVisibleRect() covers at least <75> percent of the view's area)]
12-16 15:36:11.682 29545 29545 I ViewInteraction: Checking 'MatchesViewAssertion(Detox){viewMatcher=(view has effective visibility <VISIBLE> and view.getGlobalVisibleRect() covers at least <75> percent of the view's area)}' assertion on view (view.getTag() is "home-tab" and view has effective visibility <VISIBLE>)
12-16 15:36:11.695 29545 29577 I DetoxWSClient: Sending out action 'invokeResult' (ID #38)
12-16 15:36:11.695 29545 29577 I DetoxDispatcher: Done with action 'invoke'
12-16 15:36:11.717 29545 29586 D DetoxWSClient: Received action 'invoke' (ID #39, params={"target":{"type":"Class","value":"com.wix.detox.espresso.DetoxAssertion"},"method":"assertMatcher","args":[{"type":"Invocation","value":{"target":{"type":"Class","value":"androidx.test.espresso.Espresso"},"method":"onView","args":[{"type":"Invocation","value":{"target":{"type":"Class","value":"com.wix.detox.espresso.DetoxMatcher"},"method":"matcherForTestId","args":["details-tab",{"type":"boolean","value":false}]}}]}},{"type":"Invocation","value":{"target":{"type":"Class","value":"com.wix.detox.espresso.DetoxMatcher"},"method":"matcherForSufficientlyVisible","args":[{"type":"Integer","value":75}]}}]})
12-16 15:36:11.719 29545 29577 I DetoxDispatcher: Handling action 'invoke' (ID #39)...
12-16 15:36:11.719 29545 29577 D Detox   : class com.wix.detox.espresso.DetoxMatcher, matcherForTestId, [details-tab, false]
12-16 15:36:11.720 29545 29577 D Detox   : class androidx.test.espresso.Espresso, onView, [(view.getTag() is "details-tab" and view has effective visibility <VISIBLE>)]
12-16 15:36:11.720 29545 29577 D Detox   : class com.wix.detox.espresso.DetoxMatcher, matcherForSufficientlyVisible, [75]
12-16 15:36:11.721 29545 29577 D Detox   : class com.wix.detox.espresso.DetoxAssertion, assertMatcher, [androidx.test.espresso.ViewInteraction@919ea67, (view has effective visibility <VISIBLE> and view.getGlobalVisibleRect() covers at least <75> percent of the view's area)]
12-16 15:36:12.004 29545 29545 I ViewInteraction: Checking 'MatchesViewAssertion(Detox){viewMatcher=(view has effective visibility <VISIBLE> and view.getGlobalVisibleRect() covers at least <75> percent of the view's area)}' assertion on view (view.getTag() is "details-tab" and view has effective visibility <VISIBLE>)
12-16 15:36:12.006 29545 29577 I DetoxWSClient: Sending out action 'invokeResult' (ID #39)
12-16 15:36:12.007 29545 29577 I DetoxDispatcher: Done with action 'invoke'
12-16 15:36:12.025 29545 29586 D DetoxWSClient: Received action 'invoke' (ID #40, params={"target":{"type":"Class","value":"com.wix.detox.espresso.DetoxAssertion"},"method":"assertMatcher","args":[{"type":"Invocation","value":{"target":{"type":"Class","value":"androidx.test.espresso.Espresso"},"method":"onView","args":[{"type":"Invocation","value":{"target":{"type":"Class","value":"com.wix.detox.espresso.DetoxMatcher"},"method":"matcherForTestId","args":["profile-tab",{"type":"boolean","value":false}]}}]}},{"type":"Invocation","value":{"target":{"type":"Class","value":"com.wix.detox.espresso.DetoxMatcher"},"method":"matcherForSufficientlyVisible","args":[{"type":"Integer","value":75}]}}]})
12-16 15:36:12.026 29545 29577 I DetoxDispatcher: Handling action 'invoke' (ID #40)...
12-16 15:36:12.026 29545 29577 D Detox   : class com.wix.detox.espresso.DetoxMatcher, matcherForTestId, [profile-tab, false]
12-16 15:36:12.043 29545 29577 D Detox   : class androidx.test.espresso.Espresso, onView, [(view.getTag() is "profile-tab" and view has effective visibility <VISIBLE>)]
12-16 15:36:12.044 29545 29577 D Detox   : class com.wix.detox.espresso.DetoxMatcher, matcherForSufficientlyVisible, [75]
12-16 15:36:12.045 29545 29577 D Detox   : class com.wix.detox.espresso.DetoxAssertion, assertMatcher, [androidx.test.espresso.ViewInteraction@eba75, (view has effective visibility <VISIBLE> and view.getGlobalVisibleRect() covers at least <75> percent of the view's area)]
12-16 15:36:12.061 29545 29545 I ViewInteraction: Checking 'MatchesViewAssertion(Detox){viewMatcher=(view has effective visibility <VISIBLE> and view.getGlobalVisibleRect() covers at least <75> percent of the view's area)}' assertion on view (view.getTag() is "profile-tab" and view has effective visibility <VISIBLE>)
12-16 15:36:12.065 29545 29577 I DetoxWSClient: Sending out action 'invokeResult' (ID #40)
12-16 15:36:12.066 29545 29577 I DetoxDispatcher: Done with action 'invoke'
12-16 15:36:12.072 29545 29586 D DetoxWSClient: Received action 'invoke' (ID #41, params={"target":{"type":"Class","value":"com.wix.detox.espresso.EspressoDetox"},"method":"perform","args":[{"type":"Invocation","value":{"target":{"type":"Class","value":"com.wix.detox.espresso.DetoxMatcher"},"method":"matcherForTestId","args":["details-tab",{"type":"boolean","value":false}]}},{"type":"Invocation","value":{"target":{"type":"Class","value":"com.wix.detox.espresso.DetoxViewActions"},"method":"click","args":[]}}]})
12-16 15:36:12.084 29545 29577 I DetoxDispatcher: Handling action 'invoke' (ID #41)...
12-16 15:36:12.085 29545 29577 D Detox   : class com.wix.detox.espresso.DetoxMatcher, matcherForTestId, [details-tab, false]
12-16 15:36:12.086 29545 29577 D Detox   : class com.wix.detox.espresso.DetoxViewActions, click, []
12-16 15:36:12.086 29545 29577 D Detox   : class com.wix.detox.espresso.EspressoDetox, perform, [(view.getTag() is "details-tab" and view has effective visibility <VISIBLE>), com.wix.detox.espresso.action.RNClickAction@e933a0a]
12-16 15:36:12.090 29545 29545 I ViewInteraction: Performing 'com.wix.detox.espresso.action.detoxsingletap@e1af27b click' action on view (view.getTag() is "details-tab" and view has effective visibility <VISIBLE>)
12-16 15:36:12.885 29545 29577 I DetoxWSClient: Sending out action 'invokeResult' (ID #41)
12-16 15:36:12.886 29545 29577 I DetoxDispatcher: Done with action 'invoke'
12-16 15:36:13.721 29545 29586 D DetoxWSClient: Received action 'invoke' (ID #42, params={"target":{"type":"Class","value":"com.wix.detox.espresso.DetoxAssertion"},"method":"assertMatcher","args":[{"type":"Invocation","value":{"target":{"type":"Class","value":"androidx.test.espresso.Espresso"},"method":"onView","args":[{"type":"Invocation","value":{"target":{"type":"Class","value":"com.wix.detox.espresso.DetoxMatcher"},"method":"matcherForTestId","args":["home-tab",{"type":"boolean","value":false}]}}]}},{"type":"Invocation","value":{"target":{"type":"Class","value":"com.wix.detox.espresso.DetoxMatcher"},"method":"matcherForSufficientlyVisible","args":[{"type":"Integer","value":75}]}}]})
12-16 15:36:13.723 29545 29577 I DetoxDispatcher: Handling action 'invoke' (ID #42)...
12-16 15:36:13.724 29545 29577 D Detox   : class com.wix.detox.espresso.DetoxMatcher, matcherForTestId, [home-tab, false]
12-16 15:36:13.725 29545 29577 D Detox   : class androidx.test.espresso.Espresso, onView, [(view.getTag() is "home-tab" and view has effective visibility <VISIBLE>)]
12-16 15:36:13.726 29545 29577 D Detox   : class com.wix.detox.espresso.DetoxMatcher, matcherForSufficientlyVisible, [75]
12-16 15:36:13.726 29545 29577 D Detox   : class com.wix.detox.espresso.DetoxAssertion, assertMatcher, [androidx.test.espresso.ViewInteraction@6e6ac09, (view has effective visibility <VISIBLE> and view.getGlobalVisibleRect() covers at least <75> percent of the view's area)]
12-16 15:36:13.730 29545 29545 I ViewInteraction: Checking 'MatchesViewAssertion(Detox){viewMatcher=(view has effective visibility <VISIBLE> and view.getGlobalVisibleRect() covers at least <75> percent of the view's area)}' assertion on view (view.getTag() is "home-tab" and view has effective visibility <VISIBLE>)
12-16 15:36:13.745 29545 29577 I DetoxWSClient: Sending out action 'invokeResult' (ID #42)
12-16 15:36:13.759 29545 29586 D DetoxWSClient: Received action 'invoke' (ID #43, params={"target":{"type":"Class","value":"com.wix.detox.espresso.DetoxAssertion"},"method":"assertMatcher","args":[{"type":"Invocation","value":{"target":{"type":"Class","value":"androidx.test.espresso.Espresso"},"method":"onView","args":[{"type":"Invocation","value":{"target":{"type":"Class","value":"com.wix.detox.espresso.DetoxMatcher"},"method":"matcherForTestId","args":["details-tab",{"type":"boolean","value":false}]}}]}},{"type":"Invocation","value":{"target":{"type":"Class","value":"com.wix.detox.espresso.DetoxMatcher"},"method":"matcherForSufficientlyVisible","args":[{"type":"Integer","value":75}]}}]})
12-16 15:36:13.759 29545 29577 I DetoxDispatcher: Done with action 'invoke'
12-16 15:36:13.759 29545 29577 I DetoxDispatcher: Handling action 'invoke' (ID #43)...
12-16 15:36:13.760 29545 29577 D Detox   : class com.wix.detox.espresso.DetoxMatcher, matcherForTestId, [details-tab, false]
12-16 15:36:13.761 29545 29577 D Detox   : class androidx.test.espresso.Espresso, onView, [(view.getTag() is "details-tab" and view has effective visibility <VISIBLE>)]
12-16 15:36:13.761 29545 29577 D Detox   : class com.wix.detox.espresso.DetoxMatcher, matcherForSufficientlyVisible, [75]
12-16 15:36:13.769 29545 29577 D Detox   : class com.wix.detox.espresso.DetoxAssertion, assertMatcher, [androidx.test.espresso.ViewInteraction@982e0e, (view has effective visibility <VISIBLE> and view.getGlobalVisibleRect() covers at least <75> percent of the view's area)]
12-16 15:36:13.778 29545 29545 I ViewInteraction: Checking 'MatchesViewAssertion(Detox){viewMatcher=(view has effective visibility <VISIBLE> and view.getGlobalVisibleRect() covers at least <75> percent of the view's area)}' assertion on view (view.getTag() is "details-tab" and view has effective visibility <VISIBLE>)
12-16 15:36:13.795 29545 29577 I DetoxWSClient: Sending out action 'invokeResult' (ID #43)
12-16 15:36:13.796 29545 29577 I DetoxDispatcher: Done with action 'invoke'
12-16 15:36:13.812 29545 29586 D DetoxWSClient: Received action 'invoke' (ID #44, params={"target":{"type":"Class","value":"com.wix.detox.espresso.DetoxAssertion"},"method":"assertMatcher","args":[{"type":"Invocation","value":{"target":{"type":"Class","value":"androidx.test.espresso.Espresso"},"method":"onView","args":[{"type":"Invocation","value":{"target":{"type":"Class","value":"com.wix.detox.espresso.DetoxMatcher"},"method":"matcherForTestId","args":["profile-tab",{"type":"boolean","value":false}]}}]}},{"type":"Invocation","value":{"target":{"type":"Class","value":"com.wix.detox.espresso.DetoxMatcher"},"method":"matcherForSufficientlyVisible","args":[{"type":"Integer","value":75}]}}]})
12-16 15:36:13.825 29545 29577 I DetoxDispatcher: Handling action 'invoke' (ID #44)...
12-16 15:36:13.825 29545 29577 D Detox   : class com.wix.detox.espresso.DetoxMatcher, matcherForTestId, [profile-tab, false]
12-16 15:36:13.826 29545 29577 D Detox   : class androidx.test.espresso.Espresso, onView, [(view.getTag() is "profile-tab" and view has effective visibility <VISIBLE>)]
12-16 15:36:13.827 29545 29577 D Detox   : class com.wix.detox.espresso.DetoxMatcher, matcherForSufficientlyVisible, [75]
12-16 15:36:13.830 29545 29577 D Detox   : class com.wix.detox.espresso.DetoxAssertion, assertMatcher, [androidx.test.espresso.ViewInteraction@ba8102f, (view has effective visibility <VISIBLE> and view.getGlobalVisibleRect() covers at least <75> percent of the view's area)]
12-16 15:36:13.839 29545 29545 I ViewInteraction: Checking 'MatchesViewAssertion(Detox){viewMatcher=(view has effective visibility <VISIBLE> and view.getGlobalVisibleRect() covers at least <75> percent of the view's area)}' assertion on view (view.getTag() is "profile-tab" and view has effective visibility <VISIBLE>)
12-16 15:36:13.844 29545 29577 I DetoxWSClient: Sending out action 'invokeResult' (ID #44)
12-16 15:36:13.845 29545 29577 I DetoxDispatcher: Done with action 'invoke'
12-16 15:36:15.215 29545 29586 D DetoxWSClient: Received action 'currentStatus' (ID #45, params={})
12-16 15:36:15.219 29545 29578 I DetoxDispatcher: Handling action 'currentStatus' (ID #45)...
12-16 15:36:15.244 29545 29578 I DetoxWSClient: Sending out action 'currentStatusResult' (ID #45)
12-16 15:36:15.244 29545 29578 I DetoxDispatcher: Done with action 'currentStatus'
