--------- beginning of main
12-17 17:05:34.692 23310 23344 D DetoxWSClient: Received action 'invoke' (ID #9, params={"target":{"type":"Class","value":"com.wix.detox.espresso.DetoxAssertion"},"method":"waitForAssertMatcher","args":[{"type":"Invocation","value":{"target":{"type":"Class","value":"androidx.test.espresso.Espresso"},"method":"onView","args":[{"type":"Invocation","value":{"target":{"type":"Class","value":"com.wix.detox.espresso.DetoxMatcher"},"method":"matcherForTestId","args":["home-tab-root",{"type":"boolean","value":false}]}}]}},{"type":"Invocation","value":{"target":{"type":"Class","value":"com.wix.detox.espresso.DetoxMatcher"},"method":"matcherForSufficientlyVisible","args":[{"type":"Integer","value":75}]}},{"type":"Double","value":15}]})
12-17 17:05:34.693 23310 23340 I DetoxDispatcher: Handling action 'invoke' (ID #9)...
12-17 17:05:34.696 23310 23340 D Detox   : class com.wix.detox.espresso.DetoxMatcher, matcherForTestId, [home-tab-root, false]
12-17 17:05:34.700 23310 23340 D Detox   : class androidx.test.espresso.Espresso, onView, [(view.getTag() is "home-tab-root" and view has effective visibility <VISIBLE>)]
12-17 17:05:34.706 23310 23340 D Detox   : class com.wix.detox.espresso.DetoxMatcher, matcherForSufficientlyVisible, [75]
12-17 17:05:34.709 23310 23340 D Detox   : class com.wix.detox.espresso.DetoxAssertion, waitForAssertMatcher, [androidx.test.espresso.ViewInteraction@ac5614e, (view has effective visibility <VISIBLE> and view.getGlobalVisibleRect() covers at least <75> percent of the view's area), 15.0]
12-17 17:05:34.741 23310 23310 I ViewInteraction: Checking 'MatchesViewAssertion(Detox){viewMatcher=(view has effective visibility <VISIBLE> and view.getGlobalVisibleRect() covers at least <75> percent of the view's area)}' assertion on view (view.getTag() is "home-tab-root" and view has effective visibility <VISIBLE>)
12-17 17:05:34.754 23310 23340 I DetoxWSClient: Sending out action 'invokeResult' (ID #9)
12-17 17:05:34.756 23310 23340 I DetoxDispatcher: Done with action 'invoke'
12-17 17:05:34.895 23310 23344 D DetoxWSClient: Received action 'invoke' (ID #10, params={"target":{"type":"Class","value":"com.wix.detox.espresso.DetoxAssertion"},"method":"assertMatcher","args":[{"type":"Invocation","value":{"target":{"type":"Class","value":"androidx.test.espresso.Espresso"},"method":"onView","args":[{"type":"Invocation","value":{"target":{"type":"Class","value":"com.wix.detox.espresso.DetoxMatcher"},"method":"matcherForTestId","args":["home-tab-root",{"type":"boolean","value":false}]}}]}},{"type":"Invocation","value":{"target":{"type":"Class","value":"com.wix.detox.espresso.DetoxMatcher"},"method":"matcherForSufficientlyVisible","args":[{"type":"Integer","value":75}]}}]})
12-17 17:05:34.899 23310 23340 I DetoxDispatcher: Handling action 'invoke' (ID #10)...
12-17 17:05:34.901 23310 23340 D Detox   : class com.wix.detox.espresso.DetoxMatcher, matcherForTestId, [home-tab-root, false]
12-17 17:05:34.903 23310 23340 D Detox   : class androidx.test.espresso.Espresso, onView, [(view.getTag() is "home-tab-root" and view has effective visibility <VISIBLE>)]
12-17 17:05:34.906 23310 23340 D Detox   : class com.wix.detox.espresso.DetoxMatcher, matcherForSufficientlyVisible, [75]
12-17 17:05:34.908 23310 23340 D Detox   : class com.wix.detox.espresso.DetoxAssertion, assertMatcher, [androidx.test.espresso.ViewInteraction@b1d3c05, (view has effective visibility <VISIBLE> and view.getGlobalVisibleRect() covers at least <75> percent of the view's area)]
12-17 17:05:34.925 23310 23310 I ViewInteraction: Checking 'MatchesViewAssertion(Detox){viewMatcher=(view has effective visibility <VISIBLE> and view.getGlobalVisibleRect() covers at least <75> percent of the view's area)}' assertion on view (view.getTag() is "home-tab-root" and view has effective visibility <VISIBLE>)
12-17 17:05:34.932 23310 23340 I DetoxWSClient: Sending out action 'invokeResult' (ID #10)
12-17 17:05:34.932 23310 23340 I DetoxDispatcher: Done with action 'invoke'
12-17 17:05:34.940 23310 23344 D DetoxWSClient: Received action 'invoke' (ID #11, params={"target":{"type":"Class","value":"com.wix.detox.espresso.EspressoDetox"},"method":"perform","args":[{"type":"Invocation","value":{"target":{"type":"Class","value":"com.wix.detox.espresso.DetoxMatcher"},"method":"matcherForTestId","args":["details-tab",{"type":"boolean","value":false}]}},{"type":"Invocation","value":{"target":{"type":"Class","value":"com.wix.detox.espresso.DetoxViewActions"},"method":"click","args":[]}}]})
12-17 17:05:34.940 23310 23340 I DetoxDispatcher: Handling action 'invoke' (ID #11)...
12-17 17:05:34.941 23310 23340 D Detox   : class com.wix.detox.espresso.DetoxMatcher, matcherForTestId, [details-tab, false]
12-17 17:05:34.941 23310 23340 D Detox   : class com.wix.detox.espresso.DetoxViewActions, click, []
12-17 17:05:34.942 23310 23340 D Detox   : class com.wix.detox.espresso.EspressoDetox, perform, [(view.getTag() is "details-tab" and view has effective visibility <VISIBLE>), com.wix.detox.espresso.action.RNClickAction@49a445a]
12-17 17:05:34.948 23310 23310 I ViewInteraction: Performing 'com.wix.detox.espresso.action.detoxsingletap@e1eb68b click' action on view (view.getTag() is "details-tab" and view has effective visibility <VISIBLE>)
12-17 17:05:35.131 23310 23350 I OpenGLRenderer: Davey! duration=9223301555222ms; Flags=0, FrameTimelineVsyncId=2165464, IntendedVsync=70481632437851, Vsync=70481632437851, InputEventId=0, HandleInputStart=70481633585758, AnimationStart=70481633587008, PerformTraversalsStart=70481650652166, DrawStart=70481651198989, FrameDeadline=70481648104517, FrameInterval=70481633581539, FrameStartTime=8333333, SyncQueued=70481653321177, SyncStart=70481653382427, IssueDrawCommandsStart=70481653486698, SwapBuffers=70481654723260, FrameCompleted=9223372036854775807, DequeueBufferDuration=16042, QueueBufferDuration=1250625, GpuCompleted=9223372036854775807, SwapBuffersCompleted=70481656284719, DisplayPresentTime=0, 
12-17 17:05:35.363 23310 23340 I DetoxWSClient: Sending out action 'invokeResult' (ID #11)
12-17 17:05:35.363 23310 23340 I DetoxDispatcher: Done with action 'invoke'
12-17 17:05:36.734 23310 23433 I OpenGLRenderer: Davey! duration=9223301553618ms; Flags=0, FrameTimelineVsyncId=2165674, IntendedVsync=70483235587325, Vsync=70483235587325, InputEventId=0, HandleInputStart=70483237252949, AnimationStart=70483237262220, PerformTraversalsStart=70483238306283, DrawStart=70483239363106, FrameDeadline=70483259587324, FrameInterval=70483237237324, FrameStartTime=8333333, SyncQueued=70483241017481, SyncStart=70483241262741, IssueDrawCommandsStart=70483241831231, SwapBuffers=70483247069304, FrameCompleted=9223372036854775807, DequeueBufferDuration=87396, QueueBufferDuration=2720104, GpuCompleted=9223372036854775807, SwapBuffersCompleted=70483251227742, DisplayPresentTime=0, 
12-17 17:05:36.874 23310 23344 D DetoxWSClient: Received action 'invoke' (ID #12, params={"target":{"type":"Class","value":"com.wix.detox.espresso.DetoxAssertion"},"method":"assertMatcher","args":[{"type":"Invocation","value":{"target":{"type":"Class","value":"androidx.test.espresso.Espresso"},"method":"onView","args":[{"type":"Invocation","value":{"target":{"type":"Class","value":"com.wix.detox.espresso.DetoxMatcher"},"method":"matcherForTestId","args":["details-screen-root",{"type":"boolean","value":false}]}}]}},{"type":"Invocation","value":{"target":{"type":"Class","value":"com.wix.detox.espresso.DetoxMatcher"},"method":"matcherForSufficientlyVisible","args":[{"type":"Integer","value":75}]}}]})
12-17 17:05:36.875 23310 23340 I DetoxDispatcher: Handling action 'invoke' (ID #12)...
12-17 17:05:36.876 23310 23340 D Detox   : class com.wix.detox.espresso.DetoxMatcher, matcherForTestId, [details-screen-root, false]
12-17 17:05:36.877 23310 23340 D Detox   : class androidx.test.espresso.Espresso, onView, [(view.getTag() is "details-screen-root" and view has effective visibility <VISIBLE>)]
12-17 17:05:36.879 23310 23340 D Detox   : class com.wix.detox.espresso.DetoxMatcher, matcherForSufficientlyVisible, [75]
12-17 17:05:36.880 23310 23340 D Detox   : class com.wix.detox.espresso.DetoxAssertion, assertMatcher, [androidx.test.espresso.ViewInteraction@208d504, (view has effective visibility <VISIBLE> and view.getGlobalVisibleRect() covers at least <75> percent of the view's area)]
12-17 17:05:36.977 23310 23310 I ViewInteraction: Checking 'MatchesViewAssertion(Detox){viewMatcher=(view has effective visibility <VISIBLE> and view.getGlobalVisibleRect() covers at least <75> percent of the view's area)}' assertion on view (view.getTag() is "details-screen-root" and view has effective visibility <VISIBLE>)
12-17 17:05:36.987 23310 23340 I DetoxWSClient: Sending out action 'invokeResult' (ID #12)
12-17 17:05:36.988 23310 23340 I DetoxDispatcher: Done with action 'invoke'
12-17 17:05:36.997 23310 23344 D DetoxWSClient: Received action 'invoke' (ID #13, params={"target":{"type":"Class","value":"com.wix.detox.espresso.DetoxAssertion"},"method":"assertMatcher","args":[{"type":"Invocation","value":{"target":{"type":"Class","value":"androidx.test.espresso.Espresso"},"method":"onView","args":[{"type":"Invocation","value":{"target":{"type":"Class","value":"com.wix.detox.espresso.DetoxMatcher"},"method":"matcherForTestId","args":["details-title",{"type":"boolean","value":false}]}}]}},{"type":"Invocation","value":{"target":{"type":"Class","value":"com.wix.detox.espresso.DetoxMatcher"},"method":"matcherForSufficientlyVisible","args":[{"type":"Integer","value":75}]}}]})
12-17 17:05:36.998 23310 23340 I DetoxDispatcher: Handling action 'invoke' (ID #13)...
12-17 17:05:36.999 23310 23340 D Detox   : class com.wix.detox.espresso.DetoxMatcher, matcherForTestId, [details-title, false]
12-17 17:05:37.001 23310 23340 D Detox   : class androidx.test.espresso.Espresso, onView, [(view.getTag() is "details-title" and view has effective visibility <VISIBLE>)]
12-17 17:05:37.003 23310 23340 D Detox   : class com.wix.detox.espresso.DetoxMatcher, matcherForSufficientlyVisible, [75]
12-17 17:05:37.005 23310 23340 D Detox   : class com.wix.detox.espresso.DetoxAssertion, assertMatcher, [androidx.test.espresso.ViewInteraction@e27dd22, (view has effective visibility <VISIBLE> and view.getGlobalVisibleRect() covers at least <75> percent of the view's area)]
12-17 17:05:37.015 23310 23310 I ViewInteraction: Checking 'MatchesViewAssertion(Detox){viewMatcher=(view has effective visibility <VISIBLE> and view.getGlobalVisibleRect() covers at least <75> percent of the view's area)}' assertion on view (view.getTag() is "details-title" and view has effective visibility <VISIBLE>)
12-17 17:05:37.022 23310 23340 I DetoxWSClient: Sending out action 'invokeResult' (ID #13)
12-17 17:05:37.022 23310 23340 I DetoxDispatcher: Done with action 'invoke'
