--------- beginning of main
12-17 17:05:44.663 23310 23344 D DetoxWSClient: Received action 'invoke' (ID #19, params={"target":{"type":"Class","value":"com.wix.detox.espresso.EspressoDetox"},"method":"perform","args":[{"type":"Invocation","value":{"target":{"type":"Class","value":"com.wix.detox.espresso.DetoxMatcher"},"method":"matcherForTestId","args":["profile-tab",{"type":"boolean","value":false}]}},{"type":"Invocation","value":{"target":{"type":"Class","value":"com.wix.detox.espresso.DetoxViewActions"},"method":"click","args":[]}}]})
12-17 17:05:44.666 23310 23340 I DetoxDispatcher: Handling action 'invoke' (ID #19)...
12-17 17:05:44.668 23310 23340 D Detox   : class com.wix.detox.espresso.DetoxMatcher, matcherForTestId, [profile-tab, false]
12-17 17:05:44.669 23310 23340 D Detox   : class com.wix.detox.espresso.DetoxViewActions, click, []
12-17 17:05:44.670 23310 23340 D Detox   : class com.wix.detox.espresso.EspressoDetox, perform, [(view.getTag() is "profile-tab" and view has effective visibility <VISIBLE>), com.wix.detox.espresso.action.RNClickAction@f51a83]
12-17 17:05:44.694 23310 23310 I ViewInteraction: Performing 'com.wix.detox.espresso.action.detoxsingletap@ac26400 click' action on view (view.getTag() is "profile-tab" and view has effective visibility <VISIBLE>)
12-17 17:05:44.844 23310 23350 I OpenGLRenderer: Davey! duration=9223301545520ms; Flags=1, FrameTimelineVsyncId=2166778, IntendedVsync=70491334362011, Vsync=70491342695344, InputEventId=0, HandleInputStart=70491344694851, AnimationStart=70491344697142, PerformTraversalsStart=70491345602090, DrawStart=70491364251519, FrameDeadline=70491350028677, FrameInterval=70491344689799, FrameStartTime=8333333, SyncQueued=70491364279748, SyncStart=70491364405634, IssueDrawCommandsStart=70491364541415, SwapBuffers=70491365891415, FrameCompleted=9223372036854775807, DequeueBufferDuration=18958, QueueBufferDuration=940677, GpuCompleted=9223372036854775807, SwapBuffersCompleted=70491367237353, DisplayPresentTime=0, 
12-17 17:05:44.862 23310 23350 I OpenGLRenderer: Davey! duration=9223301545503ms; Flags=0, FrameTimelineVsyncId=2166784, IntendedVsync=70491351011493, Vsync=70491376011492, InputEventId=0, HandleInputStart=70491378772823, AnimationStart=70491378775271, PerformTraversalsStart=70491379493083, DrawStart=70491379713396, FrameDeadline=70491375011492, FrameInterval=70491378767927, FrameStartTime=8333333, SyncQueued=70491379740219, SyncStart=70491379809854, IssueDrawCommandsStart=70491379936260, SwapBuffers=70491381171573, FrameCompleted=9223372036854775807, DequeueBufferDuration=18958, QueueBufferDuration=575104, GpuCompleted=9223372036854775807, SwapBuffersCompleted=70491382291729, DisplayPresentTime=0, 
12-17 17:05:45.009 23310 23581 I OpenGLRenderer: Davey! duration=9223301545336ms; Flags=0, FrameTimelineVsyncId=2166826, IntendedVsync=70491517696791, Vsync=70491517696791, InputEventId=0, HandleInputStart=70491518958305, AnimationStart=70491518964712, PerformTraversalsStart=70491522328254, DrawStart=70491522856587, FrameDeadline=70491541696790, FrameInterval=70491518943774, FrameStartTime=8333333, SyncQueued=70491522937420, SyncStart=70491523473931, IssueDrawCommandsStart=70491524030025, SwapBuffers=70491528165233, FrameCompleted=9223372036854775807, DequeueBufferDuration=49427, QueueBufferDuration=1340730, GpuCompleted=9223372036854775807, SwapBuffersCompleted=70491530375598, DisplayPresentTime=0, 
12-17 17:05:45.425 23310 23340 I DetoxWSClient: Sending out action 'invokeResult' (ID #19)
12-17 17:05:45.426 23310 23340 I DetoxDispatcher: Done with action 'invoke'
12-17 17:05:46.435 23310 23344 D DetoxWSClient: Received action 'invoke' (ID #20, params={"target":{"type":"Class","value":"com.wix.detox.espresso.EspressoDetox"},"method":"perform","args":[{"type":"Invocation","value":{"target":{"type":"Class","value":"com.wix.detox.espresso.DetoxMatcher"},"method":"matcherForTestId","args":["home-tab",{"type":"boolean","value":false}]}},{"type":"Invocation","value":{"target":{"type":"Class","value":"com.wix.detox.espresso.DetoxViewActions"},"method":"click","args":[]}}]})
12-17 17:05:46.436 23310 23340 I DetoxDispatcher: Handling action 'invoke' (ID #20)...
12-17 17:05:46.436 23310 23340 D Detox   : class com.wix.detox.espresso.DetoxMatcher, matcherForTestId, [home-tab, false]
12-17 17:05:46.437 23310 23340 D Detox   : class com.wix.detox.espresso.DetoxViewActions, click, []
12-17 17:05:46.438 23310 23340 D Detox   : class com.wix.detox.espresso.EspressoDetox, perform, [(view.getTag() is "home-tab" and view has effective visibility <VISIBLE>), com.wix.detox.espresso.action.RNClickAction@ee556fb]
12-17 17:05:46.450 23310 23310 I ViewInteraction: Performing 'com.wix.detox.espresso.action.detoxsingletap@948b318 click' action on view (view.getTag() is "home-tab" and view has effective visibility <VISIBLE>)
12-17 17:05:47.181 23310 23340 I DetoxWSClient: Sending out action 'invokeResult' (ID #20)
12-17 17:05:47.181 23310 23340 I DetoxDispatcher: Done with action 'invoke'
12-17 17:05:48.196 23310 23344 D DetoxWSClient: Received action 'invoke' (ID #21, params={"target":{"type":"Class","value":"com.wix.detox.espresso.DetoxAssertion"},"method":"assertMatcher","args":[{"type":"Invocation","value":{"target":{"type":"Class","value":"androidx.test.espresso.Espresso"},"method":"onView","args":[{"type":"Invocation","value":{"target":{"type":"Class","value":"com.wix.detox.espresso.DetoxMatcher"},"method":"matcherForTestId","args":["home-tab-root",{"type":"boolean","value":false}]}}]}},{"type":"Invocation","value":{"target":{"type":"Class","value":"com.wix.detox.espresso.DetoxMatcher"},"method":"matcherForSufficientlyVisible","args":[{"type":"Integer","value":75}]}}]})
12-17 17:05:48.197 23310 23340 I DetoxDispatcher: Handling action 'invoke' (ID #21)...
12-17 17:05:48.199 23310 23340 D Detox   : class com.wix.detox.espresso.DetoxMatcher, matcherForTestId, [home-tab-root, false]
12-17 17:05:48.203 23310 23340 D Detox   : class androidx.test.espresso.Espresso, onView, [(view.getTag() is "home-tab-root" and view has effective visibility <VISIBLE>)]
12-17 17:05:48.208 23310 23340 D Detox   : class com.wix.detox.espresso.DetoxMatcher, matcherForSufficientlyVisible, [75]
12-17 17:05:48.211 23310 23340 D Detox   : class com.wix.detox.espresso.DetoxAssertion, assertMatcher, [androidx.test.espresso.ViewInteraction@d158caf, (view has effective visibility <VISIBLE> and view.getGlobalVisibleRect() covers at least <75> percent of the view's area)]
12-17 17:05:48.240 23310 23310 I ViewInteraction: Checking 'MatchesViewAssertion(Detox){viewMatcher=(view has effective visibility <VISIBLE> and view.getGlobalVisibleRect() covers at least <75> percent of the view's area)}' assertion on view (view.getTag() is "home-tab-root" and view has effective visibility <VISIBLE>)
12-17 17:05:48.253 23310 23340 I DetoxWSClient: Sending out action 'invokeResult' (ID #21)
12-17 17:05:48.254 23310 23340 I DetoxDispatcher: Done with action 'invoke'
12-17 17:05:48.260 23310 23344 D DetoxWSClient: Received action 'invoke' (ID #22, params={"target":{"type":"Class","value":"com.wix.detox.espresso.DetoxAssertion"},"method":"assertMatcher","args":[{"type":"Invocation","value":{"target":{"type":"Class","value":"androidx.test.espresso.Espresso"},"method":"onView","args":[{"type":"Invocation","value":{"target":{"type":"Class","value":"com.wix.detox.espresso.DetoxMatcher"},"method":"matcherForTestId","args":["welcome-title",{"type":"boolean","value":false}]}}]}},{"type":"Invocation","value":{"target":{"type":"Class","value":"com.wix.detox.espresso.DetoxMatcher"},"method":"matcherForSufficientlyVisible","args":[{"type":"Integer","value":75}]}}]})
12-17 17:05:48.261 23310 23340 I DetoxDispatcher: Handling action 'invoke' (ID #22)...
12-17 17:05:48.262 23310 23340 D Detox   : class com.wix.detox.espresso.DetoxMatcher, matcherForTestId, [welcome-title, false]
12-17 17:05:48.264 23310 23340 D Detox   : class androidx.test.espresso.Espresso, onView, [(view.getTag() is "welcome-title" and view has effective visibility <VISIBLE>)]
12-17 17:05:48.266 23310 23340 D Detox   : class com.wix.detox.espresso.DetoxMatcher, matcherForSufficientlyVisible, [75]
12-17 17:05:48.267 23310 23340 D Detox   : class com.wix.detox.espresso.DetoxAssertion, assertMatcher, [androidx.test.espresso.ViewInteraction@16468bc, (view has effective visibility <VISIBLE> and view.getGlobalVisibleRect() covers at least <75> percent of the view's area)]
12-17 17:05:48.281 23310 23310 I ViewInteraction: Checking 'MatchesViewAssertion(Detox){viewMatcher=(view has effective visibility <VISIBLE> and view.getGlobalVisibleRect() covers at least <75> percent of the view's area)}' assertion on view (view.getTag() is "welcome-title" and view has effective visibility <VISIBLE>)
12-17 17:05:48.288 23310 23340 I DetoxWSClient: Sending out action 'invokeResult' (ID #22)
12-17 17:05:48.289 23310 23340 I DetoxDispatcher: Done with action 'invoke'
