--------- beginning of main
12-17 17:19:17.320 25851 25851 W UiControllerImpl: Waiting for: DYNAMIC_TASKS_HAVE_IDLED for 700 iterations.
12-17 17:19:17.443 25851 25851 I Detox   : Wait is over: App is now idle!
12-17 17:19:17.444 25851 25880 I DetoxWSClient: Sending out action 'ready' (ID #-1000)
12-17 17:19:17.445 25851 25880 I DetoxDispatcher: Done with action 'isReady'
12-17 17:19:17.576 25851 25884 D DetoxWSClient: Received action 'reactNativeReload' (ID #-1000, params={})
12-17 17:19:17.576 25851 25880 I DetoxDispatcher: Handling action 'reactNativeReload' (ID #-1000)...
12-17 17:19:17.596 25851 25880 I DetoxRNExt: Reloading React Native
12-17 17:19:17.597 25851 25880 D IdlingRegistry: Unregistering idling resources: [com.wix.detox.reactnative.idlingresources.timers.FabricTimersIdlingResource@6b47348]
12-17 17:19:17.599 25851 25880 D IdlingRegistry: Unregistering idling resources: [com.wix.detox.reactnative.idlingresources.StabilizedIdlingResource@4c8af06]
12-17 17:19:17.599 25851 25880 D IdlingRegistry: Unregistering idling resources: [com.wix.detox.reactnative.idlingresources.uimodule.fabric.FabricUIManagerIdlingResources@4a0393a]
12-17 17:19:17.600 25851 25880 D IdlingRegistry: Unregistering idling resources: [com.wix.detox.reactnative.idlingresources.animations.AnimatedModuleIdlingResource@68439eb]
12-17 17:19:17.600 25851 25880 D IdlingRegistry: Unregistering idling resources: [com.wix.detox.reactnative.idlingresources.network.NetworkIdlingResource@7a535e1]
12-17 17:19:17.605 25851 25908 W unknown:BridgelessReact: ReactHost{0}.getOrCreateReloadTask()
12-17 17:19:17.605 25851 25908 W unknown:BridgelessReact: ReactHost{0}.raiseSoftException(getOrCreateReloadTask()): Detox
12-17 17:19:17.605 25851 25908 E unknown:ReactHost: Unhandled SoftException
12-17 17:19:17.605 25851 25908 E unknown:ReactHost: com.facebook.react.bridge.ReactNoCrashSoftException: raiseSoftException(getOrCreateReloadTask()): Detox
12-17 17:19:17.605 25851 25908 E unknown:ReactHost: 	at com.facebook.react.runtime.ReactHostImpl.raiseSoftException(ReactHostImpl.java:1038)
12-17 17:19:17.605 25851 25908 E unknown:ReactHost: 	at com.facebook.react.runtime.ReactHostImpl.raiseSoftException(ReactHostImpl.java:1031)
12-17 17:19:17.605 25851 25908 E unknown:ReactHost: 	at com.facebook.react.runtime.ReactHostImpl.getOrCreateReloadTask(ReactHostImpl.java:1478)
12-17 17:19:17.605 25851 25908 E unknown:ReactHost: 	at com.facebook.react.runtime.ReactHostImpl.lambda$reload$5(ReactHostImpl.java:502)
12-17 17:19:17.605 25851 25908 E unknown:ReactHost: 	at com.facebook.react.runtime.ReactHostImpl.$r8$lambda$pnssLYpRgj-ac0gqivuqyD-9TKQ(Unknown Source:0)
12-17 17:19:17.605 25851 25908 E unknown:ReactHost: 	at com.facebook.react.runtime.ReactHostImpl$$ExternalSyntheticLambda0.call(D8$$SyntheticClass:0)
12-17 17:19:17.605 25851 25908 E unknown:ReactHost: 	at com.facebook.react.runtime.internal.bolts.Task$Companion.call$lambda$2(Task.kt:315)
12-17 17:19:17.605 25851 25908 E unknown:ReactHost: 	at com.facebook.react.runtime.internal.bolts.Task$Companion.$r8$lambda$MFqd_-X5KhHmu0hvNE2Bec_4mJM(Unknown Source:0)
12-17 17:19:17.605 25851 25908 E unknown:ReactHost: 	at com.facebook.react.runtime.internal.bolts.Task$Companion$$ExternalSyntheticLambda1.run(D8$$SyntheticClass:0)
12-17 17:19:17.605 25851 25908 E unknown:ReactHost: 	at java.util.concurrent.ThreadPoolExecutor.runWorker(ThreadPoolExecutor.java:1156)
12-17 17:19:17.605 25851 25908 E unknown:ReactHost: 	at java.util.concurrent.ThreadPoolExecutor$Worker.run(ThreadPoolExecutor.java:651)
12-17 17:19:17.605 25851 25908 E unknown:ReactHost: 	at java.lang.Thread.run(Thread.java:1119)
12-17 17:19:17.605 25851 25908 W unknown:BridgelessReact: ReactHost{0}.getOrCreateReloadTask(): Resetting createReactInstance task ref
12-17 17:19:17.606 25851 25851 W unknown:BridgelessReact: ReactHost{0}.getOrCreateReloadTask(): Starting React Native reload
12-17 17:19:17.606 25851 25851 W unknown:BridgelessReact: ReactHost{0}.getOrCreateReloadTask(): Calling ReactContext.onHostPause()
12-17 17:19:17.607 25851 25851 W unknown:BridgelessReact: ReactHost{0}.raiseSoftException(callWithExistingReactInstance(callFunctionOnModule("RCTDeviceEventEmitter", "emit"))): Execute: reactInstance is null. Dropping work.
12-17 17:19:17.608 25851 25851 E unknown:ReactHost: Unhandled SoftException
12-17 17:19:17.608 25851 25851 E unknown:ReactHost: com.facebook.react.bridge.ReactNoCrashSoftException: raiseSoftException(callWithExistingReactInstance(callFunctionOnModule("RCTDeviceEventEmitter", "emit"))): Execute: reactInstance is null. Dropping work.
12-17 17:19:17.608 25851 25851 E unknown:ReactHost: 	at com.facebook.react.runtime.ReactHostImpl.raiseSoftException(ReactHostImpl.java:1038)
12-17 17:19:17.608 25851 25851 E unknown:ReactHost: 	at com.facebook.react.runtime.ReactHostImpl.raiseSoftException(ReactHostImpl.java:1031)
12-17 17:19:17.608 25851 25851 E unknown:ReactHost: 	at com.facebook.react.runtime.ReactHostImpl.lambda$callWithExistingReactInstance$16(ReactHostImpl.java:1059)
12-17 17:19:17.608 25851 25851 E unknown:ReactHost: 	at com.facebook.react.runtime.ReactHostImpl.$r8$lambda$v_wsWn1AM15FUeMv5__nLvaLvTQ(Unknown Source:0)
12-17 17:19:17.608 25851 25851 E unknown:ReactHost: 	at com.facebook.react.runtime.ReactHostImpl$$ExternalSyntheticLambda16.then(D8$$SyntheticClass:0)
12-17 17:19:17.608 25851 25851 E unknown:ReactHost: 	at com.facebook.react.runtime.internal.bolts.Task$Companion.completeImmediately$lambda$3(Task.kt:356)
12-17 17:19:17.608 25851 25851 E unknown:ReactHost: 	at com.facebook.react.runtime.internal.bolts.Task$Companion.$r8$lambda$b7MTC0ufkn_2TjF4BGcNqGR9qK0(Unknown Source:0)
12-17 17:19:17.608 25851 25851 E unknown:ReactHost: 	at com.facebook.react.runtime.internal.bolts.Task$Companion$$ExternalSyntheticLambda3.run(D8$$SyntheticClass:0)
12-17 17:19:17.608 25851 25851 E unknown:ReactHost: 	at com.facebook.react.runtime.internal.bolts.Executors$ImmediateExecutor.execute(Executors.kt:41)
12-17 17:19:17.608 25851 25851 E unknown:ReactHost: 	at com.facebook.react.runtime.internal.bolts.Task$Companion.completeImmediately(Task.kt:354)
12-17 17:19:17.608 25851 25851 E unknown:ReactHost: 	at com.facebook.react.runtime.internal.bolts.Task$Companion.access$completeImmediately(Task.kt:250)
12-17 17:19:17.608 25851 25851 E unknown:ReactHost: 	at com.facebook.react.runtime.internal.bolts.Task.continueWith(Task.kt:132)
12-17 17:19:17.608 25851 25851 E unknown:ReactHost: 	at com.facebook.react.runtime.internal.bolts.Task.continueWith$default(Task.kt:117)
12-17 17:19:17.608 25851 25851 E unknown:ReactHost: 	at com.facebook.react.runtime.internal.bolts.Task.onSuccess$lambda$12(Task.kt:174)
12-17 17:19:17.608 25851 25851 E unknown:ReactHost: 	at com.facebook.react.runtime.internal.bolts.Task.$r8$lambda$l0wwo5AvbHxlwfI1R7CH_codxoo(Unknown Source:0)
12-17 17:19:17.608 25851 25851 E unknown:ReactHost: 	at com.facebook.react.runtime.internal.bolts.Task$$ExternalSyntheticLambda2.then(D8$$SyntheticClass:0)
12-17 17:19:17.608 25851 25851 E unknown:ReactHost: 	at com.facebook.react.runtime.internal.bolts.Task$Companion.completeAfterTask$lambda$5(Task.kt:390)
12-17 17:19:17.608 25851 25851 E unknown:ReactHost: 	at com.facebook.react.runtime.internal.bolts.Task$Companion.$r8$lambda$IPpysnehFwANEiW061YzapkMdoE(Unknown Source:0)
12-17 17:19:17.608 25851 25851 E unknown:ReactHost: 	at com.facebook.react.runtime.internal.bolts.Task$Companion$$ExternalSyntheticLambda4.run(D8$$SyntheticClass:0)
12-17 17:19:17.608 25851 25851 E unknown:ReactHost: 	at com.facebook.react.runtime.internal.bolts.Executors$ImmediateExecutor.execute(Executors.kt:41)
12-17 17:19:17.608 25851 25851 E unknown:ReactHost: 	at com.facebook.react.runtime.internal.bolts.Task$Companion.completeAfterTask(Task.kt:388)
12-17 17:19:17.608 25851 25851 E unknown:ReactHost: 	at com.facebook.react.runtime.internal.bolts.Task$Companion.access$completeAfterTask(Task.kt:250)
12-17 17:19:17.608 25851 25851 E unknown:ReactHost: 	at com.facebook.react.runtime.internal.bolts.Task.continueWithTask(Task.kt:156)
12-17 17:19:17.608 25851 25851 E unknown:ReactHost: 	at com.facebook.react.runtime.internal.bolts.Task.onSuccess(Task.kt:169)
12-17 17:19:17.608 25851 25851 E unknown:ReactHost: 	at com.facebook.react.runtime.ReactHostImpl.callWithExistingReactInstance(ReactHostImpl.java:1055)
12-17 17:19:17.608 25851 25851 E unknown:ReactHost: 	at com.facebook.react.runtime.ReactHostImpl.callFunctionOnModule(ReactHostImpl.java:912)
12-17 17:19:17.608 25851 25851 E unknown:ReactHost: 	at com.facebook.react.runtime.BridgelessReactContext.emitDeviceEvent(BridgelessReactContext.kt:132)
12-17 17:19:17.608 25851 25851 E unknown:ReactHost: 	at com.facebook.react.modules.appstate.AppStateModule.sendEvent(AppStateModule.kt:71)
12-17 17:19:17.608 25851 25851 E unknown:ReactHost: 	at com.facebook.react.modules.appstate.AppStateModule.sendAppStateChangeEvent(AppStateModule.kt:75)
12-17 17:19:17.608 25851 25851 E unknown:ReactHost: 	at com.facebook.react.modules.appstate.AppStateModule.onHostPause(AppStateModule.kt:48)
12-17 17:19:17.608 25851 25851 E unknown:ReactHost: 	at com.facebook.react.bridge.ReactContext.onHostPause(ReactContext.java:302)
12-17 17:19:17.608 25851 25851 E unknown:ReactHost: 	at com.facebook.react.runtime.ReactHostImpl.lambda$getOrCreateReloadTask$29(ReactHostImpl.java:1507)
12-17 17:19:17.608 25851 25851 E unknown:ReactHost: 	at com.facebook.react.runtime.ReactHostImpl.$r8$lambda$3_hO2W0xswhzVpHPxbwcWlR35dM(Unknown Source:0)
12-17 17:19:17.608 25851 25851 E unknown:ReactHost: 	at com.facebook.react.runtime.ReactHostImpl$$ExternalSyntheticLambda9.then(D8$$SyntheticClass:0)
12-17 17:19:17.608 25851 25851 E unknown:ReactHost: 	at com.facebook.react.runtime.internal.bolts.Task$Companion.completeAfterTask$lambda$5(Task.kt:390)
12-17 17:19:17.608 25851 25851 E unknown:ReactHost: 	at com.facebook.react.runtime.internal.bolts.Task$Companion.$r8$lambda$IPpysnehFwANEiW061YzapkMdoE(Unknown Source:0)
12-17 17:19:17.608 25851 25851 E unknown:ReactHost: 	at com.facebook.react.runtime.internal.bolts.Task$Companion$$ExternalSyntheticLambda4.run(D8$$SyntheticClass:0)
12-17 17:19:17.608 25851 25851 E unknown:ReactHost: 	at android.os.Handler.handleCallback(Handler.java:978)
12-17 17:19:17.608 25851 25851 E unknown:ReactHost: 	at android.os.Handler.dispatchMessage(Handler.java:104)
12-17 17:19:17.608 25851 25851 E unknown:ReactHost: 	at android.os.Looper.loopOnce(Looper.java:238)
12-17 17:19:17.608 25851 25851 E unknown:ReactHost: 	at android.os.Looper.loop(Looper.java:357)
12-17 17:19:17.608 25851 25851 E unknown:ReactHost: 	at android.app.ActivityThread.main(ActivityThread.java:8090)
12-17 17:19:17.608 25851 25851 E unknown:ReactHost: 	at java.lang.reflect.Method.invoke(Native Method)
12-17 17:19:17.608 25851 25851 E unknown:ReactHost: 	at com.android.internal.os.RuntimeInit$MethodAndArgsCaller.run(RuntimeInit.java:548)
12-17 17:19:17.608 25851 25851 E unknown:ReactHost: 	at com.android.internal.os.ZygoteInit.main(ZygoteInit.java:1026)
12-17 17:19:17.611 25851 25908 W unknown:BridgelessReact: ReactHost{0}.getOrCreateReloadTask(): Stopping all React Native surfaces
12-17 17:19:17.611 25851 25908 E unknown:SurfaceMountingManager: Stopping surface [11]
12-17 17:19:17.614 25851 25851 I ReactNative: [GESTURE HANDLER] Tearing down gesture handler registered for root view com.facebook.react.runtime.ReactSurfaceView{1faa882 V.E...... ........ 0,0-1080,2225 #b}
12-17 17:19:17.615 25851 25851 E unknown:SurfaceMountingManager: Surface [11] was stopped on SurfaceMountingManager.
12-17 17:19:17.627 25851 25851 W unknown:BridgelessReact: ReactHost{0}.getOrCreateReloadTask(): Removing memory pressure listener
12-17 17:19:17.627 25851 25851 W unknown:BridgelessReact: ReactHost{0}.getOrCreateReloadTask(): Resetting ReactContext ref
12-17 17:19:17.627 25851 25851 W unknown:BridgelessReact: ReactHost{0}.getOrCreateReloadTask(): Destroying ReactContext
12-17 17:19:17.627 25851 25851 W unknown:BridgelessReact: ReactHost{0}.getOrCreateReloadTask(): Calling DevSupportManager.onReactInstanceDestroyed(reactContext)
12-17 17:19:17.627 25851 25851 W unknown:ReactNative: Packager connection already open, nooping.
12-17 17:19:17.664 25851 25851 I com.detoxtest: Explicit concurrent copying GC freed 1825KB AllocSpace bytes, 1(20KB) LOS objects, 49% free, 8739KB/17MB, paused 64us,29us total 36.604ms
12-17 17:19:17.665 25851 25908 W unknown:BridgelessReact: ReactHost{0}.getOrCreateReloadTask(): Resetting ReactInstance ptr
12-17 17:19:17.665 25851 25908 W unknown:BridgelessReact: ReactHost{0}.getOrCreateReloadTask(): Destroying ReactInstance
12-17 17:19:17.672 25851 25908 E unknown:ReactNative: Tried to remove non-existent frame callback
12-17 17:19:17.675 25851 25908 W unknown:ReactNative: Tried to enqueue runnable on already finished thread: 'v_native... dropping Runnable.
12-17 17:19:17.675 25851 25908 W unknown:ReactNative: Tried to enqueue runnable on already finished thread: 'v_native... dropping Runnable.
12-17 17:19:17.675 25851 25908 W unknown:ReactNative: Tried to enqueue runnable on already finished thread: 'v_native... dropping Runnable.
12-17 17:19:17.675 25851 25908 W unknown:ReactNative: Tried to enqueue runnable on already finished thread: 'v_native... dropping Runnable.
12-17 17:19:17.676 25851 25908 W unknown:ReactNative: Tried to enqueue runnable on already finished thread: 'v_native... dropping Runnable.
12-17 17:19:17.676 25851 25908 W unknown:ReactNative: Tried to enqueue runnable on already finished thread: 'v_native... dropping Runnable.
12-17 17:19:17.676 25851 25908 W unknown:ReactNative: Tried to enqueue runnable on already finished thread: 'v_native... dropping Runnable.
12-17 17:19:17.676 25851 25908 W unknown:ReactNative: Tried to enqueue runnable on already finished thread: 'v_native... dropping Runnable.
12-17 17:19:17.676 25851 25908 W unknown:ReactNative: Tried to enqueue runnable on already finished thread: 'v_native... dropping Runnable.
12-17 17:19:17.676 25851 25908 W unknown:ReactNative: Tried to enqueue runnable on already finished thread: 'v_native... dropping Runnable.
12-17 17:19:17.676 25851 25908 W unknown:ReactNative: Tried to enqueue runnable on already finished thread: 'v_native... dropping Runnable.
12-17 17:19:17.676 25851 25908 W unknown:ReactNative: Tried to enqueue runnable on already finished thread: 'v_native... dropping Runnable.
12-17 17:19:17.676 25851 25908 W unknown:ReactNative: Tried to enqueue runnable on already finished thread: 'v_native... dropping Runnable.
12-17 17:19:17.677 25851 25908 W unknown:ReactNative: Tried to enqueue runnable on already finished thread: 'v_native... dropping Runnable.
12-17 17:19:17.677 25851 25908 W unknown:ReactNative: Tried to enqueue runnable on already finished thread: 'v_native... dropping Runnable.
12-17 17:19:17.677 25851 25908 W unknown:ReactNative: Tried to enqueue runnable on already finished thread: 'v_native... dropping Runnable.
12-17 17:19:17.677 25851 25908 W unknown:ReactNative: Tried to enqueue runnable on already finished thread: 'v_native... dropping Runnable.
12-17 17:19:17.677 25851 25908 W unknown:ReactNative: Tried to enqueue runnable on already finished thread: 'v_native... dropping Runnable.
12-17 17:19:17.677 25851 25908 W unknown:ReactNative: Tried to enqueue runnable on already finished thread: 'v_native... dropping Runnable.
12-17 17:19:17.677 25851 25908 W unknown:ReactNative: Tried to enqueue runnable on already finished thread: 'v_native... dropping Runnable.
12-17 17:19:17.677 25851 25908 W unknown:ReactNative: Tried to enqueue runnable on already finished thread: 'v_native... dropping Runnable.
12-17 17:19:17.677 25851 25908 W unknown:ReactNative: Tried to enqueue runnable on already finished thread: 'v_native... dropping Runnable.
12-17 17:19:17.680 25851 25908 W unknown:ReactNative: Tried to enqueue runnable on already finished thread: 'v_native... dropping Runnable.
12-17 17:19:17.680 25851 25908 W unknown:ReactNative: Tried to enqueue runnable on already finished thread: 'v_native... dropping Runnable.
12-17 17:19:17.687 25851 25912 I OpenGLRenderer: Davey! duration=9223300732659ms; Flags=0, FrameTimelineVsyncId=2181780, IntendedVsync=71304195585776, Vsync=71304195585776, InputEventId=0, HandleInputStart=71304196854888, AnimationStart=71304196858794, PerformTraversalsStart=71304196861555, DrawStart=71304209089108, FrameDeadline=71304219585775, FrameInterval=71304196846503, FrameStartTime=8333333, SyncQueued=71304209170619, SyncStart=71304209217129, IssueDrawCommandsStart=71304209256712, SwapBuffers=71304209619473, FrameCompleted=9223372036854775807, DequeueBufferDuration=12969, QueueBufferDuration=716198, GpuCompleted=9223372036854775807, SwapBuffersCompleted=71304210677338, DisplayPresentTime=0, 
12-17 17:19:17.711 25851 25908 W unknown:BridgelessReact: ReactHost{0}.getOrCreateReloadTask(): Resetting start task ref
12-17 17:19:17.711 25851 25908 W unknown:BridgelessReact: ReactHost{0}.getOrCreateReactInstanceTask()
12-17 17:19:17.711 25851 25908 W unknown:BridgelessReact: ReactHost{0}.getOrCreateReactInstanceTask(): Start
12-17 17:19:17.711 25851 25908 D Detox.RNMarker: REACT_BRIDGELESS_LOADING_START (null)
12-17 17:19:17.711 25851 25908 W unknown:BridgelessReact: ReactHost{0}.getJSBundleLoader()
12-17 17:19:17.711 25851 25908 W unknown:BridgelessReact: ReactHost{0}.isMetroRunning()
12-17 17:19:17.716 25851 25910 W unknown:BridgelessReact: ReactHost{0}.isMetroRunning(): Async result = true
12-17 17:19:17.716 25851 25908 W unknown:BridgelessReact: ReactHost{0}.loadJSBundleFromMetro()
12-17 17:19:17.717 25851 25908 D Detox.RNMarker: DOWNLOAD_START (null)
12-17 17:19:18.043 25851 25910 D Detox.RNMarker: DOWNLOAD_END ({"url":"http:\/\/localhost:8081\/index.bundle?platform=android&dev=true&lazy=true&minify=false&app=com.detoxtest&modulesOnly=false&runModule=true&excludeSource=true&sourcePaths=url-server","filesChangedCount":0})
12-17 17:19:18.043 25851 25910 W unknown:BridgelessReact: ReactHost{0}.loadJSBundleFromMetro(): Creating BundleLoader
12-17 17:19:18.044 25851 25908 W unknown:BridgelessReact: ReactHost{0}.getOrCreateReactContext(): Creating BridgelessReactContext
12-17 17:19:18.044 25851 25908 W unknown:BridgelessReact: ReactHost{0}.getOrCreateReactInstanceTask(): Creating ReactInstance
12-17 17:19:18.045 25851 25908 W unknown:ReactNative: Inspector connection already open, nooping.
12-17 17:19:18.078 25851 25908 W unknown:BridgelessReact: ReactHost{0}.getOrCreateReactInstanceTask(): Loading JS Bundle
12-17 17:19:18.078 25851 25908 W unknown:BridgelessReact: ReactHost{0}.getOrCreateReactInstanceTask(): Calling DevSupportManagerBase.onNewReactContextCreated(reactContext)
12-17 17:19:18.078 25851 25980 D Detox.RNMarker: RUN_JS_BUNDLE_START (/index.bundle?platform=android&dev=true&lazy=true&minify=false&app=com.detoxtest&modulesOnly=false&runModule=true&excludeSource=true&sourcePaths=url-server)
12-17 17:19:18.080 25851 25908 W unknown:BridgelessReact: ReactHost{0}.getOrCreateReloadTask(): Restarting previously running React Native Surfaces
12-17 17:19:18.080 25851 25908 W unknown:BridgelessReact: ReactHost{0}.getOrCreateReloadTask(): Resetting reload task ref
12-17 17:19:18.081 25851 25851 W unknown:ReactNative: Packager connection already open, nooping.
12-17 17:19:18.081 25851 25851 W unknown:BridgelessReact: ReactContext.onHostResume()
12-17 17:19:18.081 25851 25851 W unknown:BridgelessReact: ReactHost{0}.getOrCreateReactInstanceTask(): Executing ReactInstanceEventListeners
12-17 17:19:18.081 25851 25851 I DetoxRNLoading: Got new RN-context through listener
12-17 17:19:18.085 25851 25880 I DetoxRNIdleRes: Setting up Espresso Idling Resources for React Native
12-17 17:19:18.090 25851 25851 D DetoxRNHelpers: Native RN module resolution (class com.reactnativecommunity.asyncstorage.AsyncStorageModule): no registered module found
12-17 17:19:18.091 25851 25880 D IdlingRegistry: Registering idling resources: [com.wix.detox.reactnative.idlingresources.uimodule.fabric.FabricUIManagerIdlingResources@e249fbd]
12-17 17:19:18.091 25851 25880 D IdlingRegistry: Registering idling resources: [com.wix.detox.reactnative.idlingresources.animations.AnimatedModuleIdlingResource@771c9b2]
12-17 17:19:18.091 25851 25880 D IdlingRegistry: Registering idling resources: [com.wix.detox.reactnative.idlingresources.timers.FabricTimersIdlingResource@8934d03]
12-17 17:19:18.091 25851 25880 D IdlingRegistry: Registering idling resources: [com.wix.detox.reactnative.idlingresources.network.NetworkIdlingResource@b80e480]
12-17 17:19:18.091 25851 25880 D IdlingRegistry: Registering idling resources: [com.wix.detox.reactnative.idlingresources.StabilizedIdlingResource@6807ab9]
12-17 17:19:18.092 25851 25851 D DetoxRNHelpers: Native RN module resolution (class com.reactnativecommunity.asyncstorage.AsyncStorageModule): no registered module found
12-17 17:19:18.093 25851 25880 I DetoxWSClient: Sending out action 'ready' (ID #-1000)
12-17 17:19:18.094 25851 25880 I DetoxDispatcher: Done with action 'reactNativeReload'
12-17 17:19:18.102 25851 25884 D DetoxWSClient: Received action 'invoke' (ID #1, params={"target":{"type":"Class","value":"com.wix.detox.espresso.EspressoDetox"},"method":"setSynchronization","args":[{"type":"boolean","value":false}]})
12-17 17:19:18.104 25851 25880 I DetoxDispatcher: Handling action 'invoke' (ID #1)...
12-17 17:19:18.106 25851 25880 D Detox   : class com.wix.detox.espresso.EspressoDetox, setSynchronization, [false]
12-17 17:19:18.108 25851 25880 D IdlingRegistry: Unregistering idling resources: [com.wix.detox.reactnative.idlingresources.timers.FabricTimersIdlingResource@8934d03]
12-17 17:19:18.108 25851 25880 D IdlingRegistry: Unregistering idling resources: [com.wix.detox.reactnative.idlingresources.StabilizedIdlingResource@6807ab9]
12-17 17:19:18.108 25851 25880 D IdlingRegistry: Unregistering idling resources: [com.wix.detox.reactnative.idlingresources.uimodule.fabric.FabricUIManagerIdlingResources@e249fbd]
12-17 17:19:18.108 25851 25880 D IdlingRegistry: Unregistering idling resources: [com.wix.detox.reactnative.idlingresources.animations.AnimatedModuleIdlingResource@771c9b2]
12-17 17:19:18.108 25851 25880 D IdlingRegistry: Unregistering idling resources: [com.wix.detox.reactnative.idlingresources.network.NetworkIdlingResource@b80e480]
12-17 17:19:18.109 25851 25880 I DetoxWSClient: Sending out action 'invokeResult' (ID #1)
12-17 17:19:18.109 25851 25880 I DetoxDispatcher: Done with action 'invoke'
12-17 17:19:18.455 25851 25980 W [RNScreens]: InsetObserverProxy registers on new context while it has not been invalidated on the old one. Please report this as issue at https://github.com/software-mansion/react-native-screens/issues
12-17 17:19:18.455 25851 25980 W unknown:ViewManagerPropertyUpdater: Could not find generated setter for class com.th3rdwave.safeareacontext.SafeAreaProviderManager
12-17 17:19:18.457 25851 25980 W unknown:ViewManagerPropertyUpdater: Could not find generated setter for class com.facebook.react.uimanager.LayoutShadowNode
12-17 17:19:18.459 25851 25980 W unknown:ViewManagerPropertyUpdater: Could not find generated setter for class com.swmansion.rnscreens.SearchBarManager
12-17 17:19:18.460 25851 25980 W unknown:ViewManagerPropertyUpdater: Could not find generated setter for class com.swmansion.rnscreens.ScreenFooterManager
12-17 17:19:18.461 25851 25980 W unknown:ViewManagerPropertyUpdater: Could not find generated setter for class com.swmansion.rnscreens.gamma.tabs.TabScreenViewManager
12-17 17:19:18.461 25851 25980 W unknown:ViewManagerPropertyUpdater: Could not find generated setter for class com.swmansion.rnscreens.ScreenContainerViewManager
12-17 17:19:18.462 25851 25980 W unknown:ViewManagerPropertyUpdater: Could not find generated setter for class com.swmansion.rnscreens.gamma.tabs.TabsHostViewManager
12-17 17:19:18.463 25851 25980 W unknown:ViewManagerPropertyUpdater: Could not find generated setter for class com.swmansion.rnscreens.ModalScreenViewManager
12-17 17:19:18.464 25851 25980 W unknown:ViewManagerPropertyUpdater: Could not find generated setter for class com.swmansion.rnscreens.ScreenStackHeaderConfigViewManager
12-17 17:19:18.465 25851 25980 W unknown:ViewManagerPropertyUpdater: Could not find generated setter for class com.swmansion.rnscreens.ScreenContentWrapperManager
12-17 17:19:18.466 25851 25980 W unknown:ViewManagerPropertyUpdater: Could not find generated setter for class com.th3rdwave.safeareacontext.SafeAreaViewManager
12-17 17:19:18.467 25851 25980 W unknown:ViewManagerPropertyUpdater: Could not find generated setter for class com.th3rdwave.safeareacontext.SafeAreaViewShadowNode
12-17 17:19:18.467 25851 25980 W unknown:ViewManagerPropertyUpdater: Could not find generated setter for class com.swmansion.rnscreens.safearea.SafeAreaViewManager
12-17 17:19:18.468 25851 25980 W unknown:ViewManagerPropertyUpdater: Could not find generated setter for class com.swmansion.rnscreens.safearea.paper.SafeAreaViewShadowNode
12-17 17:19:18.469 25851 25980 W unknown:ViewManagerPropertyUpdater: Could not find generated setter for class com.swmansion.rnscreens.ScreenViewManager
12-17 17:19:18.469 25851 25980 W unknown:ViewManagerPropertyUpdater: Could not find generated setter for class com.swmansion.rnscreens.ScreenStackHeaderSubviewManager
12-17 17:19:18.470 25851 25980 W unknown:ViewManagerPropertyUpdater: Could not find generated setter for class com.swmansion.rnscreens.ScreenStackViewManager
12-17 17:19:18.529 25851 25980 W unknown:ViewManagerPropertyUpdater: Could not find generated setter for class com.facebook.react.views.debuggingoverlay.DebuggingOverlayManager
12-17 17:19:18.534 25851 25980 W unknown:ViewManagerPropertyUpdater: Could not find generated setter for class com.swmansion.gesturehandler.react.RNGestureHandlerButtonViewManager
12-17 17:19:18.539 25851 25980 W unknown:ViewManagerPropertyUpdater: Could not find generated setter for class com.facebook.react.views.safeareaview.ReactSafeAreaViewManager
12-17 17:19:18.539 25851 25980 W unknown:ViewManagerPropertyUpdater: Could not find generated setter for class com.facebook.react.views.safeareaview.ReactSafeAreaViewShadowNode
12-17 17:19:18.544 25851 25980 W unknown:ViewManagerPropertyUpdater: Could not find generated setter for class com.facebook.react.views.modal.ReactModalHostManager
12-17 17:19:18.551 25851 25980 W unknown:ViewManagerPropertyUpdater: Could not find generated setter for class com.facebook.react.views.text.frescosupport.FrescoBasedReactTextInlineImageViewManager
12-17 17:19:18.552 25851 25980 W unknown:ViewManagerPropertyUpdater: Could not find generated setter for class com.facebook.react.views.text.frescosupport.FrescoBasedReactTextInlineImageShadowNode
12-17 17:19:18.558 25851 25980 W unknown:ViewManagerPropertyUpdater: Could not find generated setter for class com.facebook.react.views.progressbar.ReactProgressBarViewManager
12-17 17:19:18.559 25851 25980 W unknown:ViewManagerPropertyUpdater: Could not find generated setter for class com.facebook.react.views.progressbar.ProgressBarShadowNode
12-17 17:19:18.563 25851 25980 W unknown:ViewManagerPropertyUpdater: Could not find generated setter for class com.facebook.react.views.scroll.ReactHorizontalScrollViewManager
12-17 17:19:18.570 25851 25980 W unknown:ViewManagerPropertyUpdater: Could not find generated setter for class com.facebook.react.views.image.ReactImageManager
12-17 17:19:18.576 25851 25980 W unknown:ViewManagerPropertyUpdater: Could not find generated setter for class com.facebook.react.views.text.ReactTextViewManager
12-17 17:19:18.577 25851 25980 W unknown:ViewManagerPropertyUpdater: Could not find generated setter for class com.facebook.react.views.text.ReactTextShadowNode
12-17 17:19:18.583 25851 25980 W unknown:ViewManagerPropertyUpdater: Could not find generated setter for class com.facebook.react.views.scroll.ReactHorizontalScrollContainerViewManager
12-17 17:19:18.588 25851 25980 W unknown:ViewManagerPropertyUpdater: Could not find generated setter for class com.facebook.react.views.unimplementedview.ReactUnimplementedViewManager
12-17 17:19:18.593 25851 25980 W unknown:ViewManagerPropertyUpdater: Could not find generated setter for class com.facebook.react.views.scroll.ReactScrollViewManager
12-17 17:19:18.600 25851 25980 W unknown:ViewManagerPropertyUpdater: Could not find generated setter for class com.facebook.react.views.view.ReactViewManager
12-17 17:19:18.605 25851 25980 W unknown:ViewManagerPropertyUpdater: Could not find generated setter for class com.facebook.react.views.drawer.ReactDrawerLayoutManager
12-17 17:19:18.611 25851 25980 W unknown:ViewManagerPropertyUpdater: Could not find generated setter for class com.facebook.react.views.switchview.ReactSwitchManager
12-17 17:19:18.611 25851 25980 W unknown:ViewManagerPropertyUpdater: Could not find generated setter for class com.facebook.react.views.switchview.ReactSwitchShadowNode
12-17 17:19:18.616 25851 25980 W unknown:ViewManagerPropertyUpdater: Could not find generated setter for class com.facebook.react.views.text.ReactVirtualTextViewManager
12-17 17:19:18.617 25851 25980 W unknown:ViewManagerPropertyUpdater: Could not find generated setter for class com.facebook.react.views.text.ReactVirtualTextShadowNode
12-17 17:19:18.621 25851 25980 W unknown:ViewManagerPropertyUpdater: Could not find generated setter for class com.facebook.react.views.swiperefresh.SwipeRefreshLayoutManager
12-17 17:19:18.626 25851 25980 W unknown:ViewManagerPropertyUpdater: Could not find generated setter for class com.facebook.react.views.text.ReactRawTextManager
12-17 17:19:18.626 25851 25980 W unknown:ViewManagerPropertyUpdater: Could not find generated setter for class com.facebook.react.views.text.ReactRawTextShadowNode
12-17 17:19:18.627 25851 25980 W unknown:ViewManagerPropertyUpdater: Could not find generated setter for class com.facebook.react.views.textinput.ReactTextInputManager
12-17 17:19:18.629 25851 25980 W unknown:ViewManagerPropertyUpdater: Could not find generated setter for class com.facebook.react.views.textinput.ReactTextInputShadowNode
12-17 17:19:18.635 25851 25980 W unknown:ViewManagerPropertyUpdater: Could not find generated setter for class com.swmansion.gesturehandler.react.RNGestureHandlerRootViewManager
12-17 17:19:18.763 25851 25980 D Detox.RNMarker: RUN_JS_BUNDLE_END (/index.bundle?platform=android&dev=true&lazy=true&minify=false&app=com.detoxtest&modulesOnly=false&runModule=true&excludeSource=true&sourcePaths=url-server)
12-17 17:19:18.765 25851 25980 I ReactNativeJS: Running "DetoxTest" with {"rootTag":21,"initialProps":{},"fabric":true}
12-17 17:19:19.302 25851 25980 I ReactNativeJS: Store rehydrated successfully
12-17 17:19:19.305 25851 25912 I OpenGLRenderer: Davey! duration=9223300731041ms; Flags=0, FrameTimelineVsyncId=2181981, IntendedVsync=71305813106097, Vsync=71305813106097, InputEventId=0, HandleInputStart=71305813835674, AnimationStart=71305813837133, PerformTraversalsStart=71305818650466, DrawStart=71305820166196, FrameDeadline=71305837106096, FrameInterval=71305813831872, FrameStartTime=8333333, SyncQueued=71305821161717, SyncStart=71305821306144, IssueDrawCommandsStart=71305821440467, SwapBuffers=71305823412082, FrameCompleted=9223372036854775807, DequeueBufferDuration=35833, QueueBufferDuration=878178, GpuCompleted=9223372036854775807, SwapBuffersCompleted=71305824849686, DisplayPresentTime=0, 
12-17 17:19:19.895 25851 25851 I ReactNative: [GESTURE HANDLER] Initialize gesture handler for root view com.facebook.react.runtime.ReactSurfaceView{1faa882 V.E...... ......ID 0,0-1080,2225 #15}
12-17 17:19:20.027 25851 25980 D Detox.RNMarker: REACT_BRIDGELESS_LOADING_END (null)
12-17 17:19:21.120 25851 25884 D DetoxWSClient: Received action 'invoke' (ID #2, params={"target":{"type":"Class","value":"com.wix.detox.espresso.EspressoDetox"},"method":"setSynchronization","args":[{"type":"boolean","value":true}]})
12-17 17:19:21.123 25851 25880 I DetoxDispatcher: Handling action 'invoke' (ID #2)...
12-17 17:19:21.125 25851 25880 D Detox   : class com.wix.detox.espresso.EspressoDetox, setSynchronization, [true]
12-17 17:19:21.128 25851 25880 I DetoxRNIdleRes: Setting up Espresso Idling Resources for React Native
12-17 17:19:21.149 25851 25880 D IdlingRegistry: Registering idling resources: [com.wix.detox.reactnative.idlingresources.uimodule.fabric.FabricUIManagerIdlingResources@a089976]
12-17 17:19:21.149 25851 25880 D IdlingRegistry: Registering idling resources: [com.wix.detox.reactnative.idlingresources.animations.AnimatedModuleIdlingResource@baf7b77]
12-17 17:19:21.149 25851 25880 D IdlingRegistry: Registering idling resources: [com.wix.detox.reactnative.idlingresources.timers.FabricTimersIdlingResource@66003e4]
12-17 17:19:21.149 25851 25880 D IdlingRegistry: Registering idling resources: [com.wix.detox.reactnative.idlingresources.network.NetworkIdlingResource@e69504d]
12-17 17:19:21.149 25851 25880 D IdlingRegistry: Registering idling resources: [com.wix.detox.reactnative.idlingresources.StabilizedIdlingResource@1dcd702]
12-17 17:19:21.161 25851 25880 I DetoxWSClient: Sending out action 'invokeResult' (ID #2)
12-17 17:19:21.162 25851 25880 I DetoxDispatcher: Done with action 'invoke'
12-17 17:19:21.177 25851 25884 D DetoxWSClient: Received action 'invoke' (ID #3, params={"target":{"type":"Class","value":"com.wix.detox.espresso.DetoxAssertion"},"method":"waitForAssertMatcher","args":[{"type":"Invocation","value":{"target":{"type":"Class","value":"androidx.test.espresso.Espresso"},"method":"onView","args":[{"type":"Invocation","value":{"target":{"type":"Class","value":"com.wix.detox.espresso.DetoxMatcher"},"method":"matcherForTestId","args":["login-root",{"type":"boolean","value":false}]}}]}},{"type":"Invocation","value":{"target":{"type":"Class","value":"com.wix.detox.espresso.DetoxMatcher"},"method":"matcherForSufficientlyVisible","args":[{"type":"Integer","value":75}]}},{"type":"Double","value":10}]})
12-17 17:19:21.177 25851 25880 I DetoxDispatcher: Handling action 'invoke' (ID #3)...
12-17 17:19:21.179 25851 25880 D Detox   : class com.wix.detox.espresso.DetoxMatcher, matcherForTestId, [login-root, false]
12-17 17:19:21.181 25851 25880 D Detox   : class androidx.test.espresso.Espresso, onView, [(view.getTag() is "login-root" and view has effective visibility <VISIBLE>)]
12-17 17:19:21.183 25851 25880 D Detox   : class com.wix.detox.espresso.DetoxMatcher, matcherForSufficientlyVisible, [75]
12-17 17:19:21.187 25851 25880 D Detox   : class com.wix.detox.espresso.DetoxAssertion, waitForAssertMatcher, [androidx.test.espresso.ViewInteraction@2165813, (view has effective visibility <VISIBLE> and view.getGlobalVisibleRect() covers at least <75> percent of the view's area), 10.0]
12-17 17:19:21.962 25851 25851 W UiControllerImpl: Waiting for: DYNAMIC_TASKS_HAVE_IDLED for 100 iterations.
12-17 17:19:22.787 25851 25851 W UiControllerImpl: Waiting for: DYNAMIC_TASKS_HAVE_IDLED for 200 iterations.
12-17 17:19:23.613 25851 25851 W UiControllerImpl: Waiting for: DYNAMIC_TASKS_HAVE_IDLED for 300 iterations.
12-17 17:19:24.437 25851 25851 W UiControllerImpl: Waiting for: DYNAMIC_TASKS_HAVE_IDLED for 400 iterations.
12-17 17:19:25.247 25851 25851 W UiControllerImpl: Waiting for: DYNAMIC_TASKS_HAVE_IDLED for 500 iterations.
12-17 17:19:26.079 25851 25851 W UiControllerImpl: Waiting for: DYNAMIC_TASKS_HAVE_IDLED for 600 iterations.
12-17 17:19:26.214 25851 25851 I ViewInteraction: Checking 'MatchesViewAssertion(Detox){viewMatcher=(view has effective visibility <VISIBLE> and view.getGlobalVisibleRect() covers at least <75> percent of the view's area)}' assertion on view (view.getTag() is "login-root" and view has effective visibility <VISIBLE>)
12-17 17:19:26.232 25851 25880 I DetoxWSClient: Sending out action 'invokeResult' (ID #3)
12-17 17:19:26.233 25851 25880 I DetoxDispatcher: Done with action 'invoke'
12-17 17:19:26.286 25851 25884 D DetoxWSClient: Received action 'invoke' (ID #4, params={"target":{"type":"Class","value":"com.wix.detox.espresso.EspressoDetox"},"method":"perform","args":[{"type":"Invocation","value":{"target":{"type":"Class","value":"com.wix.detox.espresso.DetoxMatcher"},"method":"matcherForTestId","args":["email-input",{"type":"boolean","value":false}]}},{"type":"Invocation","value":{"target":{"type":"Class","value":"androidx.test.espresso.action.ViewActions"},"method":"replaceText","args":["john@gmail.com"]}}]})
12-17 17:19:26.287 25851 25880 I DetoxDispatcher: Handling action 'invoke' (ID #4)...
12-17 17:19:26.288 25851 25880 D Detox   : class com.wix.detox.espresso.DetoxMatcher, matcherForTestId, [email-input, false]
12-17 17:19:26.289 25851 25880 D Detox   : class androidx.test.espresso.action.ViewActions, replaceText, [john@gmail.com]
12-17 17:19:26.290 25851 25880 D Detox   : class com.wix.detox.espresso.EspressoDetox, perform, [(view.getTag() is "email-input" and view has effective visibility <VISIBLE>), androidx.test.espresso.action.ReplaceTextAction@e1eb68b]
12-17 17:19:26.303 25851 25851 I ViewInteraction: Performing 'replace text(john@gmail.com)' action on view (view.getTag() is "email-input" and view has effective visibility <VISIBLE>)
12-17 17:19:26.328 25851 25880 I DetoxWSClient: Sending out action 'invokeResult' (ID #4)
12-17 17:19:26.329 25851 25880 I DetoxDispatcher: Done with action 'invoke'
12-17 17:19:26.337 25851 25884 D DetoxWSClient: Received action 'invoke' (ID #5, params={"target":{"type":"Class","value":"com.wix.detox.espresso.EspressoDetox"},"method":"perform","args":[{"type":"Invocation","value":{"target":{"type":"Class","value":"com.wix.detox.espresso.DetoxMatcher"},"method":"matcherForTestId","args":["password-input",{"type":"boolean","value":false}]}},{"type":"Invocation","value":{"target":{"type":"Class","value":"com.wix.detox.espresso.DetoxViewActions"},"method":"click","args":[]}}]})
12-17 17:19:26.337 25851 25880 I DetoxDispatcher: Handling action 'invoke' (ID #5)...
12-17 17:19:26.337 25851 25880 D Detox   : class com.wix.detox.espresso.DetoxMatcher, matcherForTestId, [password-input, false]
12-17 17:19:26.338 25851 25880 D Detox   : class com.wix.detox.espresso.DetoxViewActions, click, []
12-17 17:19:26.339 25851 25851 D CompatibilityChangeReporter: Compat change id reported: 163400105; UID 10948; state: ENABLED
12-17 17:19:26.340 25851 25880 I com.detoxtest: hiddenapi: Accessing hidden method Landroid/view/ViewConfiguration;->getDoubleTapMinTime()I (runtime_flags=0, domain=platform, api=unsupported) from Lcom/wix/detox/espresso/action/common/DetoxViewConfigurations; (domain=app) using reflection: allowed
12-17 17:19:26.341 25851 25880 D Detox   : class com.wix.detox.espresso.EspressoDetox, perform, [(view.getTag() is "password-input" and view has effective visibility <VISIBLE>), com.wix.detox.espresso.action.RNClickAction@9d34444]
12-17 17:19:26.342 25851 25851 I AssistStructure: Flattened final assist data: 2396 bytes, containing 1 windows, 12 views
12-17 17:19:26.347 25851 25912 I OpenGLRenderer: Davey! duration=9223300724023ms; Flags=0, FrameTimelineVsyncId=2182851, IntendedVsync=71312830789844, Vsync=71312847456510, InputEventId=0, HandleInputStart=71312854351480, AnimationStart=71312854353980, PerformTraversalsStart=71312855095282, DrawStart=71312863107991, FrameDeadline=71312846456510, FrameInterval=71312854345751, FrameStartTime=8333333, SyncQueued=71312864224970, SyncStart=71312864434502, IssueDrawCommandsStart=71312864829866, SwapBuffers=71312868026377, FrameCompleted=9223372036854775807, DequeueBufferDuration=44114, QueueBufferDuration=1063021, GpuCompleted=9223372036854775807, SwapBuffersCompleted=71312870031117, DisplayPresentTime=0, 
12-17 17:19:26.363 25851 25912 I OpenGLRenderer: Davey! duration=9223300723998ms; Flags=0, FrameTimelineVsyncId=2182853, IntendedVsync=71312855794952, Vsync=71312864128285, InputEventId=0, HandleInputStart=71312871214971, AnimationStart=71312871217263, PerformTraversalsStart=71312880181274, DrawStart=71312882814139, FrameDeadline=71312879794951, FrameInterval=71312871210440, FrameStartTime=8333333, SyncQueued=71312884292524, SyncStart=71312884389139, IssueDrawCommandsStart=71312884488670, SwapBuffers=71312885307056, FrameCompleted=9223372036854775807, DequeueBufferDuration=15364, QueueBufferDuration=685104, GpuCompleted=9223372036854775807, SwapBuffersCompleted=71312886323514, DisplayPresentTime=0, 
12-17 17:19:26.423 25851 25851 I ViewInteraction: Performing 'com.wix.detox.espresso.action.detoxsingletap@96af7ba click' action on view (view.getTag() is "password-input" and view has effective visibility <VISIBLE>)
12-17 17:19:26.471 25851 25851 D InputMethodManager: showSoftInput() view=com.facebook.react.views.textinput.ReactEditText{a452d65 VFED..CL. .F.P..ID 64,930-893,1081 #34 aid=1073741827} flags=0 reason=SHOW_SOFT_INPUT
12-17 17:19:26.482 25851 25851 I AssistStructure: Flattened final assist data: 2436 bytes, containing 1 windows, 12 views
12-17 17:19:26.511 25851 25851 D InputMethodManager: showSoftInput() view=com.facebook.react.views.textinput.ReactEditText{a452d65 VFED..CL. .F.P.... 64,930-893,1081 #34 aid=1073741827} flags=0 reason=SHOW_SOFT_INPUT
12-17 17:19:26.581 25851 25851 D InsetsController: show(ime(), fromIme=true)
12-17 17:19:26.585 25851 25851 D InsetsController: show(ime(), fromIme=true)
12-17 17:19:26.608 25851 25851 W unknown:ViewManagerPropertyUpdater: Could not find generated setter for class com.facebook.react.uimanager.RootViewManager
12-17 17:19:26.624 25851 25865 I OpenGLRenderer: Davey! duration=9223300723740ms; Flags=0, FrameTimelineVsyncId=2182896, IntendedVsync=71313114064024, Vsync=71313114064024, InputEventId=0, HandleInputStart=71313116684214, AnimationStart=71313116688485, PerformTraversalsStart=71313117316506, DrawStart=71313142648696, FrameDeadline=71313138064023, FrameInterval=71313116673329, FrameStartTime=8333333, SyncQueued=71313143846405, SyncStart=71313143906977, IssueDrawCommandsStart=71313144040207, SwapBuffers=71313144846300, FrameCompleted=9223372036854775807, DequeueBufferDuration=16614, QueueBufferDuration=516667, GpuCompleted=9223372036854775807, SwapBuffersCompleted=71313145691665, DisplayPresentTime=0, 
12-17 17:19:26.919 25851 25880 I DetoxWSClient: Sending out action 'invokeResult' (ID #5)
12-17 17:19:26.920 25851 25880 I DetoxDispatcher: Done with action 'invoke'
12-17 17:19:26.927 25851 25884 D DetoxWSClient: Received action 'invoke' (ID #6, params={"target":{"type":"Class","value":"com.wix.detox.espresso.EspressoDetox"},"method":"perform","args":[{"type":"Invocation","value":{"target":{"type":"Class","value":"com.wix.detox.espresso.DetoxMatcher"},"method":"matcherForTestId","args":["password-input",{"type":"boolean","value":false}]}},{"type":"Invocation","value":{"target":{"type":"Class","value":"androidx.test.espresso.action.ViewActions"},"method":"replaceText","args":["Password123!"]}}]})
12-17 17:19:26.929 25851 25880 I DetoxDispatcher: Handling action 'invoke' (ID #6)...
12-17 17:19:26.929 25851 25880 D Detox   : class com.wix.detox.espresso.DetoxMatcher, matcherForTestId, [password-input, false]
12-17 17:19:26.930 25851 25880 D Detox   : class androidx.test.espresso.action.ViewActions, replaceText, [Password123!]
12-17 17:19:26.930 25851 25880 D Detox   : class com.wix.detox.espresso.EspressoDetox, perform, [(view.getTag() is "password-input" and view has effective visibility <VISIBLE>), androidx.test.espresso.action.ReplaceTextAction@e74e4b1]
12-17 17:19:26.934 25851 25851 I ViewInteraction: Performing 'replace text(Password123!)' action on view (view.getTag() is "password-input" and view has effective visibility <VISIBLE>)
12-17 17:19:26.943 25851 25880 I DetoxWSClient: Sending out action 'invokeResult' (ID #6)
12-17 17:19:26.943 25851 25880 I DetoxDispatcher: Done with action 'invoke'
12-17 17:19:26.950 25851 25884 D DetoxWSClient: Received action 'invoke' (ID #7, params={"target":{"type":"Invocation","value":{"target":{"type":"Class","value":"com.wix.detox.uiautomator.UiAutomator"},"method":"uiDevice","args":[]}},"method":"pressBack","args":[]})
12-17 17:19:26.950 25851 25880 I DetoxDispatcher: Handling action 'invoke' (ID #7)...
12-17 17:19:26.950 25851 25880 D Detox   : class com.wix.detox.uiautomator.UiAutomator, uiDevice, []
12-17 17:19:26.956 25851 25912 I OpenGLRenderer: Davey! duration=9223300723390ms; Flags=0, FrameTimelineVsyncId=2182996, IntendedVsync=71313464125328, Vsync=71313464125328, InputEventId=0, HandleInputStart=71313471043052, AnimationStart=71313471044562, PerformTraversalsStart=71313471459666, DrawStart=71313474009823, FrameDeadline=71313479791994, FrameInterval=71313471039458, FrameStartTime=8333333, SyncQueued=71313474424146, SyncStart=71313474542896, IssueDrawCommandsStart=71313474656750, SwapBuffers=71313475459354, FrameCompleted=9223372036854775807, DequeueBufferDuration=17187, QueueBufferDuration=640521, GpuCompleted=9223372036854775807, SwapBuffersCompleted=71313476352375, DisplayPresentTime=0, 
12-17 17:19:26.979 25851 25851 D InsetsController: show(ime(), fromIme=true)
12-17 17:19:26.998 25851 25865 I OpenGLRenderer: Davey! duration=9223300723348ms; Flags=0, FrameTimelineVsyncId=2183006, IntendedVsync=71313505847763, Vsync=71313505847763, InputEventId=0, HandleInputStart=71313507462482, AnimationStart=71313507463472, PerformTraversalsStart=71313513770504, DrawStart=71313514282066, FrameDeadline=71313529847762, FrameInterval=71313507458993, FrameStartTime=8333333, SyncQueued=71313514657796, SyncStart=71313514763004, IssueDrawCommandsStart=71313515073577, SwapBuffers=71313517120504, FrameCompleted=9223372036854775807, DequeueBufferDuration=28542, QueueBufferDuration=1315521, GpuCompleted=9223372036854775807, SwapBuffersCompleted=71313518985661, DisplayPresentTime=0, 
12-17 17:19:27.539 25851 25880 I DetoxWSClient: Sending out action 'invokeResult' (ID #7)
12-17 17:19:27.539 25851 25880 I DetoxDispatcher: Done with action 'invoke'
12-17 17:19:27.541 25851 26026 I OpenGLRenderer: Davey! duration=9223300722807ms; Flags=0, FrameTimelineVsyncId=2183078, IntendedVsync=71314047582851, Vsync=71314047582851, InputEventId=-623392001, HandleInputStart=71314048244099, AnimationStart=71314048245453, PerformTraversalsStart=71314048501443, DrawStart=71314058954204, FrameDeadline=71314071582850, FrameInterval=71314048240818, FrameStartTime=8333333, SyncQueued=71314060261392, SyncStart=71314060332798, IssueDrawCommandsStart=71314060507277, SwapBuffers=71314061536913, FrameCompleted=9223372036854775807, DequeueBufferDuration=19166, QueueBufferDuration=561041, GpuCompleted=9223372036854775807, SwapBuffersCompleted=71314062498579, DisplayPresentTime=0, 
12-17 17:19:27.546 25851 25884 D DetoxWSClient: Received action 'invoke' (ID #8, params={"target":{"type":"Class","value":"com.wix.detox.espresso.EspressoDetox"},"method":"perform","args":[{"type":"Invocation","value":{"target":{"type":"Class","value":"com.wix.detox.espresso.DetoxMatcher"},"method":"matcherForTestId","args":["login-button",{"type":"boolean","value":false}]}},{"type":"Invocation","value":{"target":{"type":"Class","value":"com.wix.detox.espresso.DetoxViewActions"},"method":"click","args":[]}}]})
12-17 17:19:27.546 25851 25880 I DetoxDispatcher: Handling action 'invoke' (ID #8)...
12-17 17:19:27.546 25851 25880 D Detox   : class com.wix.detox.espresso.DetoxMatcher, matcherForTestId, [login-button, false]
12-17 17:19:27.547 25851 25880 D Detox   : class com.wix.detox.espresso.DetoxViewActions, click, []
12-17 17:19:27.547 25851 25880 D Detox   : class com.wix.detox.espresso.EspressoDetox, perform, [(view.getTag() is "login-button" and view has effective visibility <VISIBLE>), com.wix.detox.espresso.action.RNClickAction@dfe9715]
12-17 17:19:27.623 25851 25851 I ViewInteraction: Performing 'com.wix.detox.espresso.action.detoxsingletap@6acea2a click' action on view (view.getTag() is "login-button" and view has effective visibility <VISIBLE>)
12-17 17:19:27.706 25851 25980 I ReactNativeJS: Starting login process...
12-17 17:19:27.793 25851 25851 I ReactNative: [GESTURE HANDLER] Tearing down gesture handler registered for root view com.facebook.react.runtime.ReactSurfaceView{1faa882 V.E...... ......ID 0,0-1080,2225 #15}
12-17 17:19:27.809 25851 25851 I Detox   : Network is busy, with 1 in-flight calls
12-17 17:19:27.813 25851 25851 I Detox   : Network is busy, with 1 in-flight calls
12-17 17:19:27.821 25851 25851 I Detox   : Network is busy, with 1 in-flight calls
12-17 17:19:27.828 25851 25851 I Detox   : Network is busy, with 1 in-flight calls
12-17 17:19:27.837 25851 25851 I Detox   : Network is busy, with 1 in-flight calls
12-17 17:19:27.845 25851 25851 I Detox   : Network is busy, with 1 in-flight calls
12-17 17:19:27.853 25851 25851 I Detox   : Network is busy, with 1 in-flight calls
12-17 17:19:27.863 25851 25851 I Detox   : Network is busy, with 1 in-flight calls
12-17 17:19:27.870 25851 25851 I Detox   : Network is busy, with 1 in-flight calls
12-17 17:19:27.878 25851 25851 I Detox   : Network is busy, with 1 in-flight calls
12-17 17:19:27.887 25851 25851 I Detox   : Network is busy, with 1 in-flight calls
12-17 17:19:27.895 25851 25851 I Detox   : Network is busy, with 1 in-flight calls
12-17 17:19:27.904 25851 25851 I Detox   : Network is busy, with 1 in-flight calls
12-17 17:19:27.912 25851 25851 I Detox   : Network is busy, with 1 in-flight calls
12-17 17:19:27.920 25851 25851 I Detox   : Network is busy, with 1 in-flight calls
12-17 17:19:27.929 25851 25851 I Detox   : Network is busy, with 1 in-flight calls
12-17 17:19:27.937 25851 25851 I Detox   : Network is busy, with 1 in-flight calls
12-17 17:19:27.946 25851 25851 I Detox   : Network is busy, with 1 in-flight calls
12-17 17:19:27.954 25851 25851 I Detox   : Network is busy, with 1 in-flight calls
12-17 17:19:27.963 25851 25851 I Detox   : Network is busy, with 1 in-flight calls
12-17 17:19:27.970 25851 25851 I Detox   : Network is busy, with 1 in-flight calls
12-17 17:19:27.979 25851 25851 I Detox   : Network is busy, with 1 in-flight calls
12-17 17:19:27.987 25851 25851 I Detox   : Network is busy, with 1 in-flight calls
12-17 17:19:27.995 25851 25851 I Detox   : Network is busy, with 1 in-flight calls
12-17 17:19:28.003 25851 25851 I Detox   : Network is busy, with 1 in-flight calls
12-17 17:19:28.012 25851 25851 I Detox   : Network is busy, with 1 in-flight calls
12-17 17:19:28.021 25851 25851 I Detox   : Network is busy, with 1 in-flight calls
12-17 17:19:28.029 25851 25851 I Detox   : Network is busy, with 1 in-flight calls
12-17 17:19:28.038 25851 25851 I Detox   : Network is busy, with 1 in-flight calls
12-17 17:19:28.045 25851 25851 I Detox   : Network is busy, with 1 in-flight calls
12-17 17:19:28.054 25851 25851 I Detox   : Network is busy, with 1 in-flight calls
12-17 17:19:28.062 25851 25851 I Detox   : Network is busy, with 1 in-flight calls
12-17 17:19:28.071 25851 25851 I Detox   : Network is busy, with 1 in-flight calls
12-17 17:19:28.079 25851 25851 I Detox   : Network is busy, with 1 in-flight calls
12-17 17:19:28.088 25851 25851 I Detox   : Network is busy, with 1 in-flight calls
12-17 17:19:28.096 25851 25851 I Detox   : Network is busy, with 1 in-flight calls
12-17 17:19:28.104 25851 25851 I Detox   : Network is busy, with 1 in-flight calls
12-17 17:19:28.113 25851 25851 I Detox   : Network is busy, with 1 in-flight calls
12-17 17:19:28.120 25851 25851 I Detox   : Network is busy, with 1 in-flight calls
12-17 17:19:28.130 25851 25851 I Detox   : Network is busy, with 1 in-flight calls
12-17 17:19:28.137 25851 25851 I Detox   : Network is busy, with 1 in-flight calls
12-17 17:19:28.146 25851 25851 I Detox   : Network is busy, with 1 in-flight calls
12-17 17:19:28.154 25851 25851 I Detox   : Network is busy, with 1 in-flight calls
12-17 17:19:28.162 25851 25851 I Detox   : Network is busy, with 1 in-flight calls
12-17 17:19:28.171 25851 25851 I Detox   : Network is busy, with 1 in-flight calls
12-17 17:19:28.179 25851 25851 I Detox   : Network is busy, with 1 in-flight calls
12-17 17:19:28.188 25851 25851 I Detox   : Network is busy, with 1 in-flight calls
12-17 17:19:28.196 25851 25851 I Detox   : Network is busy, with 1 in-flight calls
12-17 17:19:28.204 25851 25851 I Detox   : Network is busy, with 1 in-flight calls
12-17 17:19:28.212 25851 25851 I Detox   : Network is busy, with 1 in-flight calls
12-17 17:19:28.221 25851 25851 I Detox   : Network is busy, with 1 in-flight calls
12-17 17:19:28.230 25851 25851 I Detox   : Network is busy, with 1 in-flight calls
12-17 17:19:28.238 25851 25851 I Detox   : Network is busy, with 1 in-flight calls
12-17 17:19:28.245 25851 25851 I Detox   : Network is busy, with 1 in-flight calls
12-17 17:19:28.253 25851 25851 I Detox   : Network is busy, with 1 in-flight calls
12-17 17:19:28.262 25851 25851 I Detox   : Network is busy, with 1 in-flight calls
12-17 17:19:28.270 25851 25851 I Detox   : Network is busy, with 1 in-flight calls
12-17 17:19:28.278 25851 25851 I Detox   : Network is busy, with 1 in-flight calls
12-17 17:19:28.287 25851 25851 I Detox   : Network is busy, with 1 in-flight calls
12-17 17:19:28.295 25851 25851 I Detox   : Network is busy, with 1 in-flight calls
12-17 17:19:28.304 25851 25851 I Detox   : Network is busy, with 1 in-flight calls
12-17 17:19:28.312 25851 25851 I Detox   : Network is busy, with 1 in-flight calls
12-17 17:19:28.320 25851 25851 I Detox   : Network is busy, with 1 in-flight calls
12-17 17:19:28.329 25851 25851 I Detox   : Network is busy, with 1 in-flight calls
12-17 17:19:28.337 25851 25851 I Detox   : Network is busy, with 1 in-flight calls
12-17 17:19:28.345 25851 25851 I Detox   : Network is busy, with 1 in-flight calls
12-17 17:19:28.354 25851 25851 I Detox   : Network is busy, with 1 in-flight calls
12-17 17:19:28.362 25851 25851 I Detox   : Network is busy, with 1 in-flight calls
12-17 17:19:28.371 25851 25851 I Detox   : Network is busy, with 1 in-flight calls
12-17 17:19:28.379 25851 25851 I Detox   : Network is busy, with 1 in-flight calls
12-17 17:19:28.387 25851 25851 I Detox   : Network is busy, with 1 in-flight calls
12-17 17:19:28.396 25851 25851 I Detox   : Network is busy, with 1 in-flight calls
12-17 17:19:28.404 25851 25851 I Detox   : Network is busy, with 1 in-flight calls
12-17 17:19:28.412 25851 25851 I Detox   : Network is busy, with 1 in-flight calls
12-17 17:19:28.420 25851 25851 I Detox   : Network is busy, with 1 in-flight calls
12-17 17:19:28.430 25851 25851 I Detox   : Network is busy, with 1 in-flight calls
12-17 17:19:28.438 25851 25851 I Detox   : Network is busy, with 1 in-flight calls
12-17 17:19:28.446 25851 25851 I Detox   : Network is busy, with 1 in-flight calls
12-17 17:19:28.454 25851 25851 I Detox   : Network is busy, with 1 in-flight calls
12-17 17:19:28.462 25851 25851 I Detox   : Network is busy, with 1 in-flight calls
12-17 17:19:28.470 25851 25851 I Detox   : Network is busy, with 1 in-flight calls
12-17 17:19:28.479 25851 25851 I Detox   : Network is busy, with 1 in-flight calls
12-17 17:19:28.487 25851 25851 I Detox   : Network is busy, with 1 in-flight calls
12-17 17:19:28.496 25851 25851 I Detox   : Network is busy, with 1 in-flight calls
12-17 17:19:28.505 25851 25851 I Detox   : Network is busy, with 1 in-flight calls
12-17 17:19:28.513 25851 25851 I Detox   : Network is busy, with 1 in-flight calls
12-17 17:19:28.521 25851 25851 I Detox   : Network is busy, with 1 in-flight calls
12-17 17:19:28.529 25851 25851 I Detox   : Network is busy, with 1 in-flight calls
12-17 17:19:28.537 25851 25851 I Detox   : Network is busy, with 1 in-flight calls
12-17 17:19:28.537 25851 25851 W UiControllerImpl: Waiting for: DYNAMIC_TASKS_HAVE_IDLED for 100 iterations.
12-17 17:19:28.546 25851 25851 I Detox   : Network is busy, with 1 in-flight calls
12-17 17:19:28.554 25851 25851 I Detox   : Network is busy, with 1 in-flight calls
12-17 17:19:28.562 25851 25851 I Detox   : Network is busy, with 1 in-flight calls
12-17 17:19:28.571 25851 25851 I Detox   : Network is busy, with 1 in-flight calls
12-17 17:19:28.580 25851 25851 I Detox   : Network is busy, with 1 in-flight calls
12-17 17:19:28.588 25851 25851 I Detox   : Network is busy, with 1 in-flight calls
12-17 17:19:28.597 25851 25851 I Detox   : Network is busy, with 1 in-flight calls
12-17 17:19:28.604 25851 25851 I Detox   : Network is busy, with 1 in-flight calls
12-17 17:19:28.613 25851 25851 I Detox   : Network is busy, with 1 in-flight calls
12-17 17:19:28.621 25851 25851 I Detox   : Network is busy, with 1 in-flight calls
12-17 17:19:28.630 25851 25851 I Detox   : Network is busy, with 1 in-flight calls
12-17 17:19:28.638 25851 25851 I Detox   : Network is busy, with 1 in-flight calls
12-17 17:19:28.646 25851 25851 I Detox   : Network is busy, with 1 in-flight calls
12-17 17:19:28.655 25851 25851 I Detox   : Network is busy, with 1 in-flight calls
12-17 17:19:28.663 25851 25851 I Detox   : Network is busy, with 1 in-flight calls
12-17 17:19:28.671 25851 25851 I Detox   : Network is busy, with 1 in-flight calls
12-17 17:19:28.680 25851 25851 I Detox   : Network is busy, with 1 in-flight calls
12-17 17:19:28.688 25851 25851 I Detox   : Network is busy, with 1 in-flight calls
12-17 17:19:28.696 25851 25851 I Detox   : Network is busy, with 1 in-flight calls
12-17 17:19:28.704 25851 25851 I Detox   : Network is busy, with 1 in-flight calls
12-17 17:19:28.713 25851 25851 I Detox   : Network is busy, with 1 in-flight calls
12-17 17:19:28.721 25851 25851 I Detox   : Network is busy, with 1 in-flight calls
12-17 17:19:28.735 25851 25980 I ReactNativeJS: ' Network check failed but continuing:', 'Aborted'
12-17 17:19:29.745 25851 25980 I ReactNativeJS: Creating John Doe mock user for successful login
12-17 17:19:29.756 25851 25980 I ReactNativeJS: 'Login Successful!', 'Welcome back!'
12-17 17:19:30.243 25851 25880 I DetoxWSClient: Sending out action 'invokeResult' (ID #8)
12-17 17:19:30.244 25851 25880 I DetoxDispatcher: Done with action 'invoke'
12-17 17:19:35.259 25851 25884 D DetoxWSClient: Received action 'invoke' (ID #9, params={"target":{"type":"Class","value":"com.wix.detox.espresso.DetoxAssertion"},"method":"waitForAssertMatcher","args":[{"type":"Invocation","value":{"target":{"type":"Class","value":"androidx.test.espresso.Espresso"},"method":"onView","args":[{"type":"Invocation","value":{"target":{"type":"Class","value":"com.wix.detox.espresso.DetoxMatcher"},"method":"matcherForTestId","args":["home-tab-root",{"type":"boolean","value":false}]}}]}},{"type":"Invocation","value":{"target":{"type":"Class","value":"com.wix.detox.espresso.DetoxMatcher"},"method":"matcherForSufficientlyVisible","args":[{"type":"Integer","value":75}]}},{"type":"Double","value":15}]})
12-17 17:19:35.260 25851 25880 I DetoxDispatcher: Handling action 'invoke' (ID #9)...
12-17 17:19:35.261 25851 25880 D Detox   : class com.wix.detox.espresso.DetoxMatcher, matcherForTestId, [home-tab-root, false]
12-17 17:19:35.262 25851 25880 D Detox   : class androidx.test.espresso.Espresso, onView, [(view.getTag() is "home-tab-root" and view has effective visibility <VISIBLE>)]
12-17 17:19:35.264 25851 25880 D Detox   : class com.wix.detox.espresso.DetoxMatcher, matcherForSufficientlyVisible, [75]
12-17 17:19:35.266 25851 25880 D Detox   : class com.wix.detox.espresso.DetoxAssertion, waitForAssertMatcher, [androidx.test.espresso.ViewInteraction@23a40d1, (view has effective visibility <VISIBLE> and view.getGlobalVisibleRect() covers at least <75> percent of the view's area), 15.0]
12-17 17:19:35.279 25851 25851 I ViewInteraction: Checking 'MatchesViewAssertion(Detox){viewMatcher=(view has effective visibility <VISIBLE> and view.getGlobalVisibleRect() covers at least <75> percent of the view's area)}' assertion on view (view.getTag() is "home-tab-root" and view has effective visibility <VISIBLE>)
12-17 17:19:35.286 25851 25880 I DetoxWSClient: Sending out action 'invokeResult' (ID #9)
12-17 17:19:35.287 25851 25880 I DetoxDispatcher: Done with action 'invoke'
12-17 17:19:35.293 25851 25884 D DetoxWSClient: Received action 'invoke' (ID #10, params={"target":{"type":"Class","value":"com.wix.detox.espresso.EspressoDetox"},"method":"perform","args":[{"type":"Invocation","value":{"target":{"type":"Class","value":"com.wix.detox.espresso.DetoxMatcher"},"method":"matcherForTestId","args":["profile-tab",{"type":"boolean","value":false}]}},{"type":"Invocation","value":{"target":{"type":"Class","value":"com.wix.detox.espresso.DetoxViewActions"},"method":"click","args":[]}}]})
12-17 17:19:35.294 25851 25880 I DetoxDispatcher: Handling action 'invoke' (ID #10)...
12-17 17:19:35.295 25851 25880 D Detox   : class com.wix.detox.espresso.DetoxMatcher, matcherForTestId, [profile-tab, false]
12-17 17:19:35.296 25851 25880 D Detox   : class com.wix.detox.espresso.DetoxViewActions, click, []
12-17 17:19:35.296 25851 25880 D Detox   : class com.wix.detox.espresso.EspressoDetox, perform, [(view.getTag() is "profile-tab" and view has effective visibility <VISIBLE>), com.wix.detox.espresso.action.RNClickAction@f006637]
12-17 17:19:35.304 25851 25851 I ViewInteraction: Performing 'com.wix.detox.espresso.action.detoxsingletap@7da77a4 click' action on view (view.getTag() is "profile-tab" and view has effective visibility <VISIBLE>)
12-17 17:19:36.011 25851 25880 I DetoxWSClient: Sending out action 'invokeResult' (ID #10)
12-17 17:19:36.012 25851 25880 I DetoxDispatcher: Done with action 'invoke'
12-17 17:19:36.022 25851 25884 D DetoxWSClient: Received action 'invoke' (ID #11, params={"target":{"type":"Class","value":"com.wix.detox.espresso.DetoxAssertion"},"method":"waitForAssertMatcher","args":[{"type":"Invocation","value":{"target":{"type":"Class","value":"androidx.test.espresso.Espresso"},"method":"onView","args":[{"type":"Invocation","value":{"target":{"type":"Class","value":"com.wix.detox.espresso.DetoxMatcher"},"method":"matcherForTestId","args":["profile-title",{"type":"boolean","value":false}]}}]}},{"type":"Invocation","value":{"target":{"type":"Class","value":"com.wix.detox.espresso.DetoxMatcher"},"method":"matcherForSufficientlyVisible","args":[{"type":"Integer","value":75}]}},{"type":"Double","value":5}]})
12-17 17:19:36.023 25851 25880 I DetoxDispatcher: Handling action 'invoke' (ID #11)...
12-17 17:19:36.024 25851 25880 D Detox   : class com.wix.detox.espresso.DetoxMatcher, matcherForTestId, [profile-title, false]
12-17 17:19:36.026 25851 25880 D Detox   : class androidx.test.espresso.Espresso, onView, [(view.getTag() is "profile-title" and view has effective visibility <VISIBLE>)]
12-17 17:19:36.030 25851 25880 D Detox   : class com.wix.detox.espresso.DetoxMatcher, matcherForSufficientlyVisible, [75]
12-17 17:19:36.032 25851 25880 D Detox   : class com.wix.detox.espresso.DetoxAssertion, waitForAssertMatcher, [androidx.test.espresso.ViewInteraction@b608158, (view has effective visibility <VISIBLE> and view.getGlobalVisibleRect() covers at least <75> percent of the view's area), 5.0]
12-17 17:19:36.051 25851 25851 I ViewInteraction: Checking 'MatchesViewAssertion(Detox){viewMatcher=(view has effective visibility <VISIBLE> and view.getGlobalVisibleRect() covers at least <75> percent of the view's area)}' assertion on view (view.getTag() is "profile-title" and view has effective visibility <VISIBLE>)
12-17 17:19:36.062 25851 25880 I DetoxWSClient: Sending out action 'invokeResult' (ID #11)
12-17 17:19:36.063 25851 25880 I DetoxDispatcher: Done with action 'invoke'
12-17 17:19:37.550 25851 25884 D DetoxWSClient: Received action 'invoke' (ID #12, params={"target":{"type":"Class","value":"com.wix.detox.espresso.DetoxAssertion"},"method":"assertMatcher","args":[{"type":"Invocation","value":{"target":{"type":"Class","value":"androidx.test.espresso.Espresso"},"method":"onView","args":[{"type":"Invocation","value":{"target":{"type":"Class","value":"com.wix.detox.espresso.DetoxMatcher"},"method":"matcherForTestId","args":["profile-user-name",{"type":"boolean","value":false}]}}]}},{"type":"Invocation","value":{"target":{"type":"Class","value":"com.wix.detox.espresso.DetoxMatcher"},"method":"matcherForText","args":["John Doe",{"type":"boolean","value":false}]}}]})
12-17 17:19:37.550 25851 25880 I DetoxDispatcher: Handling action 'invoke' (ID #12)...
12-17 17:19:37.551 25851 25880 D Detox   : class com.wix.detox.espresso.DetoxMatcher, matcherForTestId, [profile-user-name, false]
12-17 17:19:37.553 25851 25880 D Detox   : class androidx.test.espresso.Espresso, onView, [(view.getTag() is "profile-user-name" and view has effective visibility <VISIBLE>)]
12-17 17:19:37.556 25851 25880 D Detox   : class com.wix.detox.espresso.DetoxMatcher, matcherForText, [John Doe, false]
12-17 17:19:37.559 25851 25880 D Detox   : class com.wix.detox.espresso.DetoxAssertion, assertMatcher, [androidx.test.espresso.ViewInteraction@5f01396, (an instance of android.widget.TextView and view.getText() with or without transformation to match: is "John Doe" and view has effective visibility <VISIBLE>)]
12-17 17:19:37.575 25851 25851 I ViewInteraction: Checking 'MatchesViewAssertion(Detox){viewMatcher=(an instance of android.widget.TextView and view.getText() with or without transformation to match: is "John Doe" and view has effective visibility <VISIBLE>)}' assertion on view (view.getTag() is "profile-user-name" and view has effective visibility <VISIBLE>)
12-17 17:19:37.578 25851 25880 I DetoxWSClient: Sending out action 'invokeResult' (ID #12)
12-17 17:19:37.579 25851 25880 I DetoxDispatcher: Done with action 'invoke'
12-17 17:19:37.586 25851 25884 D DetoxWSClient: Received action 'invoke' (ID #13, params={"target":{"type":"Class","value":"com.wix.detox.espresso.DetoxAssertion"},"method":"assertMatcher","args":[{"type":"Invocation","value":{"target":{"type":"Class","value":"androidx.test.espresso.Espresso"},"method":"onView","args":[{"type":"Invocation","value":{"target":{"type":"Class","value":"com.wix.detox.espresso.DetoxMatcher"},"method":"matcherForText","args":[" Quick Edit Name",{"type":"boolean","value":false}]}}]}},{"type":"Invocation","value":{"target":{"type":"Class","value":"com.wix.detox.espresso.DetoxMatcher"},"method":"matcherForSufficientlyVisible","args":[{"type":"Integer","value":75}]}}]})
12-17 17:19:37.586 25851 25880 I DetoxDispatcher: Handling action 'invoke' (ID #13)...
12-17 17:19:37.587 25851 25880 D Detox   : class com.wix.detox.espresso.DetoxMatcher, matcherForText, [ Quick Edit Name, false]
12-17 17:19:37.589 25851 25880 D Detox   : class androidx.test.espresso.Espresso, onView, [(an instance of android.widget.TextView and view.getText() with or without transformation to match: is " Quick Edit Name" and view has effective visibility <VISIBLE>)]
12-17 17:19:37.591 25851 25880 D Detox   : class com.wix.detox.espresso.DetoxMatcher, matcherForSufficientlyVisible, [75]
12-17 17:19:37.592 25851 25880 D Detox   : class com.wix.detox.espresso.DetoxAssertion, assertMatcher, [androidx.test.espresso.ViewInteraction@85b04, (view has effective visibility <VISIBLE> and view.getGlobalVisibleRect() covers at least <75> percent of the view's area)]
12-17 17:19:37.604 25851 25851 I ViewInteraction: Checking 'MatchesViewAssertion(Detox){viewMatcher=(view has effective visibility <VISIBLE> and view.getGlobalVisibleRect() covers at least <75> percent of the view's area)}' assertion on view (an instance of android.widget.TextView and view.getText() with or without transformation to match: is " Quick Edit Name" and view has effective visibility <VISIBLE>)
12-17 17:19:37.610 25851 25880 I DetoxWSClient: Sending out action 'invokeResult' (ID #13)
12-17 17:19:37.611 25851 25880 I DetoxDispatcher: Done with action 'invoke'
12-17 17:19:37.619 25851 25884 D DetoxWSClient: Received action 'invoke' (ID #14, params={"target":{"type":"Class","value":"com.wix.detox.espresso.EspressoDetox"},"method":"perform","args":[{"type":"Invocation","value":{"target":{"type":"Class","value":"com.wix.detox.espresso.DetoxMatcher"},"method":"matcherForTestId","args":["inline-edit-button",{"type":"boolean","value":false}]}},{"type":"Invocation","value":{"target":{"type":"Class","value":"com.wix.detox.espresso.DetoxViewActions"},"method":"click","args":[]}}]})
12-17 17:19:37.620 25851 25880 I DetoxDispatcher: Handling action 'invoke' (ID #14)...
12-17 17:19:37.620 25851 25880 D Detox   : class com.wix.detox.espresso.DetoxMatcher, matcherForTestId, [inline-edit-button, false]
12-17 17:19:37.622 25851 25880 D Detox   : class com.wix.detox.espresso.DetoxViewActions, click, []
12-17 17:19:37.622 25851 25880 D Detox   : class com.wix.detox.espresso.EspressoDetox, perform, [(view.getTag() is "inline-edit-button" and view has effective visibility <VISIBLE>), com.wix.detox.espresso.action.RNClickAction@e91d322]
12-17 17:19:37.639 25851 25851 I ViewInteraction: Performing 'com.wix.detox.espresso.action.detoxsingletap@b771b3 click' action on view (view.getTag() is "inline-edit-button" and view has effective visibility <VISIBLE>)
12-17 17:19:37.732 25851 25864 I OpenGLRenderer: Davey! duration=9223300712613ms; Flags=0, FrameTimelineVsyncId=2184717, IntendedVsync=71324241283851, Vsync=71324241283851, InputEventId=0, HandleInputStart=71324242105323, AnimationStart=71324242106937, PerformTraversalsStart=71324253428136, DrawStart=71324253592459, FrameDeadline=71324256950517, FrameInterval=71324242100010, FrameStartTime=8333333, SyncQueued=71324253631053, SyncStart=71324253695480, IssueDrawCommandsStart=71324253835272, SwapBuffers=71324254863032, FrameCompleted=9223372036854775807, DequeueBufferDuration=18802, QueueBufferDuration=1079219, GpuCompleted=9223372036854775807, SwapBuffersCompleted=71324256342459, DisplayPresentTime=0, 
12-17 17:19:37.748 25851 25851 D InputMethodManager: showSoftInput() view=com.facebook.react.views.textinput.ReactEditText{c73d85 VFED..CL. .F....I. 0,0-0,0 #124 aid=1073741837} flags=0 reason=SHOW_SOFT_INPUT
12-17 17:19:37.794 25851 25851 I AssistStructure: Flattened final assist data: 4488 bytes, containing 1 windows, 25 views
12-17 17:19:37.954 25851 25851 D InsetsController: show(ime(), fromIme=true)
12-17 17:19:37.976 25851 25864 I OpenGLRenderer: Davey! duration=9223300712371ms; Flags=0, FrameTimelineVsyncId=2184759, IntendedVsync=71324483061599, Vsync=71324483061599, InputEventId=0, HandleInputStart=71324483465399, AnimationStart=71324483466701, PerformTraversalsStart=71324483675034, DrawStart=71324493999150, FrameDeadline=71324498728265, FrameInterval=71324483461857, FrameStartTime=8333333, SyncQueued=71324494700192, SyncStart=71324494762639, IssueDrawCommandsStart=71324494890712, SwapBuffers=71324495707900, FrameCompleted=9223372036854775807, DequeueBufferDuration=14479, QueueBufferDuration=601563, GpuCompleted=9223372036854775807, SwapBuffersCompleted=71324496621650, DisplayPresentTime=0, 
12-17 17:19:38.193 25851 25880 I DetoxWSClient: Sending out action 'invokeResult' (ID #14)
12-17 17:19:38.193 25851 25880 I DetoxDispatcher: Done with action 'invoke'
12-17 17:19:38.803 25851 25864 I OpenGLRenderer: Davey! duration=9223300711546ms; Flags=0, FrameTimelineVsyncId=2184922, IntendedVsync=71325308232403, Vsync=71325308232403, InputEventId=0, HandleInputStart=71325309739075, AnimationStart=71325309746158, PerformTraversalsStart=71325310630221, DrawStart=71325312787773, FrameDeadline=71325332232402, FrameInterval=71325309719075, FrameStartTime=8333333, SyncQueued=71325314739232, SyncStart=71325315130377, IssueDrawCommandsStart=71325315810117, SwapBuffers=71325320944180, FrameCompleted=9223372036854775807, DequeueBufferDuration=54062, QueueBufferDuration=1736823, GpuCompleted=9223372036854775807, SwapBuffersCompleted=71325323636837, DisplayPresentTime=0, 
12-17 17:19:39.923 25851 25884 D DetoxWSClient: Received action 'invoke' (ID #15, params={"target":{"type":"Class","value":"com.wix.detox.espresso.DetoxAssertion"},"method":"assertMatcher","args":[{"type":"Invocation","value":{"target":{"type":"Class","value":"androidx.test.espresso.Espresso"},"method":"onView","args":[{"type":"Invocation","value":{"target":{"type":"Class","value":"com.wix.detox.espresso.DetoxMatcher"},"method":"matcherForTestId","args":["inline-name-input",{"type":"boolean","value":false}]}}]}},{"type":"Invocation","value":{"target":{"type":"Class","value":"com.wix.detox.espresso.DetoxMatcher"},"method":"matcherForSufficientlyVisible","args":[{"type":"Integer","value":75}]}}]})
12-17 17:19:39.924 25851 25880 I DetoxDispatcher: Handling action 'invoke' (ID #15)...
12-17 17:19:39.926 25851 25880 D Detox   : class com.wix.detox.espresso.DetoxMatcher, matcherForTestId, [inline-name-input, false]
12-17 17:19:39.929 25851 25880 D Detox   : class androidx.test.espresso.Espresso, onView, [(view.getTag() is "inline-name-input" and view has effective visibility <VISIBLE>)]
12-17 17:19:39.933 25851 25880 D Detox   : class com.wix.detox.espresso.DetoxMatcher, matcherForSufficientlyVisible, [75]
12-17 17:19:39.935 25851 25880 D Detox   : class com.wix.detox.espresso.DetoxAssertion, assertMatcher, [androidx.test.espresso.ViewInteraction@6bc1654, (view has effective visibility <VISIBLE> and view.getGlobalVisibleRect() covers at least <75> percent of the view's area)]
12-17 17:19:39.962 25851 25851 I ViewInteraction: Checking 'MatchesViewAssertion(Detox){viewMatcher=(view has effective visibility <VISIBLE> and view.getGlobalVisibleRect() covers at least <75> percent of the view's area)}' assertion on view (view.getTag() is "inline-name-input" and view has effective visibility <VISIBLE>)
12-17 17:19:39.977 25851 25880 I DetoxWSClient: Sending out action 'invokeResult' (ID #15)
12-17 17:19:39.978 25851 25880 I DetoxDispatcher: Done with action 'invoke'
12-17 17:19:39.987 25851 25884 D DetoxWSClient: Received action 'invoke' (ID #16, params={"target":{"type":"Class","value":"com.wix.detox.espresso.EspressoDetox"},"method":"perform","args":[{"type":"Invocation","value":{"target":{"type":"Class","value":"com.wix.detox.espresso.DetoxMatcher"},"method":"matcherForTestId","args":["inline-name-input",{"type":"boolean","value":false}]}},{"type":"Invocation","value":{"target":{"type":"Class","value":"androidx.test.espresso.action.ViewActions"},"method":"replaceText","args":["Purvi"]}}]})
12-17 17:19:39.988 25851 25880 I DetoxDispatcher: Handling action 'invoke' (ID #16)...
12-17 17:19:39.989 25851 25880 D Detox   : class com.wix.detox.espresso.DetoxMatcher, matcherForTestId, [inline-name-input, false]
12-17 17:19:39.990 25851 25880 D Detox   : class androidx.test.espresso.action.ViewActions, replaceText, [Purvi]
12-17 17:19:39.991 25851 25880 D Detox   : class com.wix.detox.espresso.EspressoDetox, perform, [(view.getTag() is "inline-name-input" and view has effective visibility <VISIBLE>), androidx.test.espresso.action.ReplaceTextAction@597c6f2]
12-17 17:19:40.007 25851 25851 I ViewInteraction: Performing 'replace text(Purvi)' action on view (view.getTag() is "inline-name-input" and view has effective visibility <VISIBLE>)
12-17 17:19:40.032 25851 25880 I DetoxWSClient: Sending out action 'invokeResult' (ID #16)
12-17 17:19:40.032 25851 25880 I DetoxDispatcher: Done with action 'invoke'
12-17 17:19:40.071 25851 25851 D InsetsController: show(ime(), fromIme=true)
12-17 17:19:40.550 25851 25884 D DetoxWSClient: Received action 'invoke' (ID #17, params={"target":{"type":"Invocation","value":{"target":{"type":"Class","value":"com.wix.detox.uiautomator.UiAutomator"},"method":"uiDevice","args":[]}},"method":"pressBack","args":[]})
12-17 17:19:40.552 25851 25880 I DetoxDispatcher: Handling action 'invoke' (ID #17)...
12-17 17:19:40.553 25851 25880 D Detox   : class com.wix.detox.uiautomator.UiAutomator, uiDevice, []
12-17 17:19:40.621 25851 25864 I OpenGLRenderer: Davey! duration=9223300709729ms; Flags=0, FrameTimelineVsyncId=2185155, IntendedVsync=71327125179331, Vsync=71327125179331, InputEventId=0, HandleInputStart=71327126118422, AnimationStart=71327126124881, PerformTraversalsStart=71327127134048, DrawStart=71327129005089, FrameDeadline=71327140845997, FrameInterval=71327126105974, FrameStartTime=8333333, SyncQueued=71327130806756, SyncStart=71327131036965, IssueDrawCommandsStart=71327131725090, SwapBuffers=71327136099517, FrameCompleted=9223372036854775807, DequeueBufferDuration=63177, QueueBufferDuration=1736823, GpuCompleted=9223372036854775807, SwapBuffersCompleted=71327139251445, DisplayPresentTime=0, 
12-17 17:19:40.907 25851 25880 I DetoxWSClient: Sending out action 'invokeResult' (ID #17)
12-17 17:19:40.908 25851 25880 I DetoxDispatcher: Done with action 'invoke'
12-17 17:19:40.911 25851 25989 I OpenGLRenderer: Davey! duration=9223300709445ms; Flags=0, FrameTimelineVsyncId=2185193, IntendedVsync=71327408581004, Vsync=71327408581004, InputEventId=-1032916637, HandleInputStart=71327409228138, AnimationStart=71327409229701, PerformTraversalsStart=71327409628711, DrawStart=71327426072619, FrameDeadline=71327432581003, FrameInterval=71327409224284, FrameStartTime=8333333, SyncQueued=71327427259754, SyncStart=71327427657932, IssueDrawCommandsStart=71327427827827, SwapBuffers=71327429128869, FrameCompleted=9223372036854775807, DequeueBufferDuration=18646, QueueBufferDuration=520521, GpuCompleted=9223372036854775807, SwapBuffersCompleted=71327429971421, DisplayPresentTime=0, 
12-17 17:19:41.417 25851 25884 D DetoxWSClient: Received action 'invoke' (ID #18, params={"target":{"type":"Class","value":"com.wix.detox.espresso.EspressoDetox"},"method":"perform","args":[{"type":"Invocation","value":{"target":{"type":"Class","value":"com.wix.detox.espresso.DetoxMatcher"},"method":"matcherForTestId","args":["inline-save-button",{"type":"boolean","value":false}]}},{"type":"Invocation","value":{"target":{"type":"Class","value":"com.wix.detox.espresso.DetoxViewActions"},"method":"click","args":[]}}]})
12-17 17:19:41.418 25851 25880 I DetoxDispatcher: Handling action 'invoke' (ID #18)...
12-17 17:19:41.420 25851 25880 D Detox   : class com.wix.detox.espresso.DetoxMatcher, matcherForTestId, [inline-save-button, false]
12-17 17:19:41.423 25851 25880 D Detox   : class com.wix.detox.espresso.DetoxViewActions, click, []
12-17 17:19:41.425 25851 25880 D Detox   : class com.wix.detox.espresso.EspressoDetox, perform, [(view.getTag() is "inline-save-button" and view has effective visibility <VISIBLE>), com.wix.detox.espresso.action.RNClickAction@bf8f7d9]
12-17 17:19:41.465 25851 25851 I ViewInteraction: Performing 'com.wix.detox.espresso.action.detoxsingletap@f5bd59e click' action on view (view.getTag() is "inline-save-button" and view has effective visibility <VISIBLE>)
12-17 17:19:41.527 25851 25989 I OpenGLRenderer: Davey! duration=9223300708821ms; Flags=0, FrameTimelineVsyncId=2185318, IntendedVsync=71328033383810, Vsync=71328033383810, InputEventId=-564494011, HandleInputStart=71328038100857, AnimationStart=71328038104555, PerformTraversalsStart=71328041697576, DrawStart=71328042102003, FrameDeadline=71328057383809, FrameInterval=71328038094972, FrameStartTime=8333333, SyncQueued=71328042157524, SyncStart=71328042253045, IssueDrawCommandsStart=71328042461847, SwapBuffers=71328044440441, FrameCompleted=9223372036854775807, DequeueBufferDuration=28385, QueueBufferDuration=1038854, GpuCompleted=9223372036854775807, SwapBuffersCompleted=71328045938045, DisplayPresentTime=0, 
12-17 17:19:42.005 25851 25880 I DetoxWSClient: Sending out action 'invokeResult' (ID #18)
12-17 17:19:42.006 25851 25880 I DetoxDispatcher: Done with action 'invoke'
12-17 17:19:42.706 25851 25884 D DetoxWSClient: Received action 'invoke' (ID #19, params={"target":{"type":"Class","value":"com.wix.detox.espresso.DetoxAssertion"},"method":"assertMatcher","args":[{"type":"Invocation","value":{"target":{"type":"Class","value":"androidx.test.espresso.Espresso"},"method":"onView","args":[{"type":"Invocation","value":{"target":{"type":"Class","value":"com.wix.detox.espresso.DetoxMatcher"},"method":"matcherForText","args":["✅ CLICKED!",{"type":"boolean","value":false}]}}]}},{"type":"Invocation","value":{"target":{"type":"Class","value":"com.wix.detox.espresso.DetoxMatcher"},"method":"matcherForSufficientlyVisible","args":[{"type":"Integer","value":75}]}}]})
12-17 17:19:42.708 25851 25880 I DetoxDispatcher: Handling action 'invoke' (ID #19)...
12-17 17:19:42.709 25851 25880 D Detox   : class com.wix.detox.espresso.DetoxMatcher, matcherForText, [✅ CLICKED!, false]
12-17 17:19:42.711 25851 25880 D Detox   : class androidx.test.espresso.Espresso, onView, [(an instance of android.widget.TextView and view.getText() with or without transformation to match: is "✅ CLICKED!" and view has effective visibility <VISIBLE>)]
12-17 17:19:42.715 25851 25880 D Detox   : class com.wix.detox.espresso.DetoxMatcher, matcherForSufficientlyVisible, [75]
12-17 17:19:42.716 25851 25880 D Detox   : class com.wix.detox.espresso.DetoxAssertion, assertMatcher, [androidx.test.espresso.ViewInteraction@51af512, (view has effective visibility <VISIBLE> and view.getGlobalVisibleRect() covers at least <75> percent of the view's area)]
12-17 17:19:42.802 25851 25851 I ViewInteraction: Checking 'MatchesViewAssertion(Detox){viewMatcher=(view has effective visibility <VISIBLE> and view.getGlobalVisibleRect() covers at least <75> percent of the view's area)}' assertion on view (an instance of android.widget.TextView and view.getText() with or without transformation to match: is "✅ CLICKED!" and view has effective visibility <VISIBLE>)
12-17 17:19:42.807 25851 25880 I DetoxActionHandlers: Test exception
12-17 17:19:42.807 25851 25880 I DetoxActionHandlers: java.lang.reflect.InvocationTargetException
12-17 17:19:42.807 25851 25880 I DetoxActionHandlers: 	at java.lang.reflect.Method.invoke(Native Method)
12-17 17:19:42.807 25851 25880 I DetoxActionHandlers: 	at org.apache.commons.lang3.reflect.MethodUtils.invokeStaticMethod(MethodUtils.java:443)
12-17 17:19:42.807 25851 25880 I DetoxActionHandlers: 	at org.apache.commons.lang3.reflect.MethodUtils.invokeStaticMethod(MethodUtils.java:405)
12-17 17:19:42.807 25851 25880 I DetoxActionHandlers: 	at com.wix.invoke.types.ClassTarget.execute(ClassTarget.java:23)
12-17 17:19:42.807 25851 25880 I DetoxActionHandlers: 	at com.wix.invoke.types.Target.invoke(Target.java:59)
12-17 17:19:42.807 25851 25880 I DetoxActionHandlers: 	at com.wix.invoke.MethodInvocation.invoke(MethodInvocation.java:35)
12-17 17:19:42.807 25851 25880 I DetoxActionHandlers: 	at com.wix.invoke.MethodInvocation.invoke(MethodInvocation.java:26)
12-17 17:19:42.807 25851 25880 I DetoxActionHandlers: 	at com.wix.invoke.MethodInvocation.invoke(MethodInvocation.java:20)
12-17 17:19:42.807 25851 25880 I DetoxActionHandlers: 	at com.wix.detox.adapters.server.InvokeActionHandler.handle(DetoxActionHandlers.kt:54)
12-17 17:19:42.807 25851 25880 I DetoxActionHandlers: 	at com.wix.detox.adapters.server.ActionsExecutor.executeAction$lambda$2$lambda$1(DetoxActionsDispatcher.kt:76)
12-17 17:19:42.807 25851 25880 I DetoxActionHandlers: 	at com.wix.detox.adapters.server.ActionsExecutor.$r8$lambda$GVbB7LHtBHxNHGbgYnHJ6YrwCqs(Unknown Source:0)
12-17 17:19:42.807 25851 25880 I DetoxActionHandlers: 	at com.wix.detox.adapters.server.ActionsExecutor$$ExternalSyntheticLambda0.run(D8$$SyntheticClass:0)
12-17 17:19:42.807 25851 25880 I DetoxActionHandlers: 	at android.os.Handler.handleCallback(Handler.java:978)
12-17 17:19:42.807 25851 25880 I DetoxActionHandlers: 	at android.os.Handler.dispatchMessage(Handler.java:104)
12-17 17:19:42.807 25851 25880 I DetoxActionHandlers: 	at android.os.Looper.loopOnce(Looper.java:238)
12-17 17:19:42.807 25851 25880 I DetoxActionHandlers: 	at android.os.Looper.loop(Looper.java:357)
12-17 17:19:42.807 25851 25880 I DetoxActionHandlers: 	at com.wix.detox.adapters.server.ActionsExecutor._init_$lambda$0(DetoxActionsDispatcher.kt:62)
12-17 17:19:42.807 25851 25880 I DetoxActionHandlers: 	at com.wix.detox.adapters.server.ActionsExecutor.$r8$lambda$xlgL0CQim6vNM0wWEqM8JIDgZUE(Unknown Source:0)
12-17 17:19:42.807 25851 25880 I DetoxActionHandlers: 	at com.wix.detox.adapters.server.ActionsExecutor$$ExternalSyntheticLambda1.run(D8$$SyntheticClass:0)
12-17 17:19:42.807 25851 25880 I DetoxActionHandlers: 	at java.lang.Thread.run(Thread.java:1119)
12-17 17:19:42.807 25851 25880 I DetoxActionHandlers: Caused by: junit.framework.AssertionFailedError: '(view has effective visibility <VISIBLE> and view.getGlobalVisibleRect() covers at least <75> percent of the view's area)' doesn't match the selected view.
12-17 17:19:42.807 25851 25880 I DetoxActionHandlers: Expected: (view has effective visibility <VISIBLE> and view.getGlobalVisibleRect() covers at least <75> percent of the view's area)
12-17 17:19:42.807 25851 25880 I DetoxActionHandlers:      Got: was null
12-17 17:19:42.807 25851 25880 I DetoxActionHandlers: 
12-17 17:19:42.807 25851 25880 I DetoxActionHandlers: 	at androidx.test.espresso.matcher.ViewMatchers.assertThat(ViewMatchers.java:620)
12-17 17:19:42.807 25851 25880 I DetoxActionHandlers: 	at com.wix.detox.espresso.assertion.ViewAssertions$MatchesViewAssertion.check(ViewAssertions.java:51)
12-17 17:19:42.807 25851 25880 I DetoxActionHandlers: 	at androidx.test.espresso.ViewInteraction$SingleExecutionViewAssertion.check(ViewInteraction.java:488)
12-17 17:19:42.807 25851 25880 I DetoxActionHandlers: 	at androidx.test.espresso.ViewInteraction$2.call(ViewInteraction.java:346)
12-17 17:19:42.807 25851 25880 I DetoxActionHandlers: 	at androidx.test.espresso.ViewInteraction$2.call(ViewInteraction.java:319)
12-17 17:19:42.807 25851 25880 I DetoxActionHandlers: 	at java.util.concurrent.FutureTask.run(FutureTask.java:317)
12-17 17:19:42.807 25851 25880 I DetoxActionHandlers: 	at android.os.Handler.handleCallback(Handler.java:978)
12-17 17:19:42.807 25851 25880 I DetoxActionHandlers: 	at android.os.Handler.dispatchMessage(Handler.java:104)
12-17 17:19:42.807 25851 25880 I DetoxActionHandlers: 	at android.os.Looper.loopOnce(Looper.java:238)
12-17 17:19:42.807 25851 25880 I DetoxActionHandlers: 	at android.os.Looper.loop(Looper.java:357)
12-17 17:19:42.807 25851 25880 I DetoxActionHandlers: 	at android.app.ActivityThread.main(ActivityThread.java:8090)
12-17 17:19:42.807 25851 25880 I DetoxActionHandlers: 	at java.lang.reflect.Method.invoke(Native Method)
12-17 17:19:42.807 25851 25880 I DetoxActionHandlers: 	at com.android.internal.os.RuntimeInit$MethodAndArgsCaller.run(RuntimeInit.java:548)
12-17 17:19:42.807 25851 25880 I DetoxActionHandlers: 	at com.android.internal.os.ZygoteInit.main(ZygoteInit.java:1026)
12-17 17:19:42.808 25851 25880 I DetoxWSClient: Sending out action 'testFailed' (ID #19)
12-17 17:19:42.808 25851 25880 I DetoxDispatcher: Done with action 'invoke'
12-17 17:19:46.474 25851 25884 D DetoxWSClient: Received action 'invoke' (ID #20, params={"target":{"type":"Class","value":"com.wix.detox.espresso.DetoxAssertion"},"method":"assertMatcher","args":[{"type":"Invocation","value":{"target":{"type":"Class","value":"androidx.test.espresso.Espresso"},"method":"onView","args":[{"type":"Invocation","value":{"target":{"type":"Class","value":"com.wix.detox.espresso.DetoxMatcher"},"method":"matcherForTestId","args":["profile-user-name",{"type":"boolean","value":false}]}}]}},{"type":"Invocation","value":{"target":{"type":"Class","value":"com.wix.detox.espresso.DetoxMatcher"},"method":"matcherForText","args":["Purvi",{"type":"boolean","value":false}]}}]})
12-17 17:19:46.475 25851 25880 I DetoxDispatcher: Handling action 'invoke' (ID #20)...
12-17 17:19:46.476 25851 25880 D Detox   : class com.wix.detox.espresso.DetoxMatcher, matcherForTestId, [profile-user-name, false]
12-17 17:19:46.479 25851 25880 D Detox   : class androidx.test.espresso.Espresso, onView, [(view.getTag() is "profile-user-name" and view has effective visibility <VISIBLE>)]
12-17 17:19:46.483 25851 25880 D Detox   : class com.wix.detox.espresso.DetoxMatcher, matcherForText, [Purvi, false]
12-17 17:19:46.485 25851 25880 D Detox   : class com.wix.detox.espresso.DetoxAssertion, assertMatcher, [androidx.test.espresso.ViewInteraction@6792d1b, (an instance of android.widget.TextView and view.getText() with or without transformation to match: is "Purvi" and view has effective visibility <VISIBLE>)]
12-17 17:19:46.506 25851 25851 I ViewInteraction: Checking 'MatchesViewAssertion(Detox){viewMatcher=(an instance of android.widget.TextView and view.getText() with or without transformation to match: is "Purvi" and view has effective visibility <VISIBLE>)}' assertion on view (view.getTag() is "profile-user-name" and view has effective visibility <VISIBLE>)
12-17 17:19:46.511 25851 25880 I DetoxWSClient: Sending out action 'invokeResult' (ID #20)
12-17 17:19:46.512 25851 25880 I DetoxDispatcher: Done with action 'invoke'
